Archive member included to satisfy reference by file (symbol)

../../../simplelink/gcc/lib/nonos/Debug/libsimplelink.a(device.o)
                              obj//Debug/main.o (sl_Start)
../../../simplelink/gcc/lib/nonos/Debug/libsimplelink.a(driver.o)
                              ../../../simplelink/gcc/lib/nonos/Debug/libsimplelink.a(device.o) (g_SlDeviceStatus)
../../../simplelink/gcc/lib/nonos/Debug/libsimplelink.a(netapp.o)
                              obj//Debug/main.o (sl_NetAppMDNSUnRegisterService)
../../../simplelink/gcc/lib/nonos/Debug/libsimplelink.a(netcfg.o)
                              obj//Debug/main.o (sl_NetCfgSet)
../../../simplelink/gcc/lib/nonos/Debug/libsimplelink.a(nonos.o)
                              ../../../simplelink/gcc/lib/nonos/Debug/libsimplelink.a(driver.o) (g__SlNonOsCB)
../../../simplelink/gcc/lib/nonos/Debug/libsimplelink.a(socket.o)
                              obj//Debug/main.o (sl_Socket)
../../../simplelink/gcc/lib/nonos/Debug/libsimplelink.a(wlan.o)
                              obj//Debug/main.o (sl_WlanConnect)
../../../simplelink/gcc/lib/nonos/Debug/libsimplelink.a(cc_pal.o)
                              ../../../simplelink/gcc/lib/nonos/Debug/libsimplelink.a(device.o) (spi_Open)
../../../driverlib/gcc/lib/Debug/libdriver.a(gpio.o)
                              obj//Debug/pinmux.o (GPIODirModeSet)
../../../driverlib/gcc/lib/Debug/libdriver.a(interrupt.o)
                              obj//Debug/main.o (IntMasterEnable)
../../../driverlib/gcc/lib/Debug/libdriver.a(pin.o)
                              obj//Debug/pinmux.o (PinTypeUART)
../../../driverlib/gcc/lib/Debug/libdriver.a(prcm.o)
                              obj//Debug/pinmux.o (PRCMPeripheralClkEnable)
../../../driverlib/gcc/lib/Debug/libdriver.a(spi.o)
                              ../../../simplelink/gcc/lib/nonos/Debug/libsimplelink.a(cc_pal.o) (SPIEnable)
../../../driverlib/gcc/lib/Debug/libdriver.a(timer.o)
                              ../../../simplelink/gcc/lib/nonos/Debug/libsimplelink.a(cc_pal.o) (TimerEnable)
../../../driverlib/gcc/lib/Debug/libdriver.a(uart.o)
                              obj//Debug/uart_if.o (UARTConfigSetExpClk)
../../../driverlib/gcc/lib/Debug/libdriver.a(udma.o)
                              ../../../simplelink/gcc/lib/nonos/Debug/libsimplelink.a(cc_pal.o) (uDMAChannelEnable)
../../../driverlib/gcc/lib/Debug/libdriver.a(utils.o)
                              obj//Debug/main.o (UtilsDelay)
../../../driverlib/gcc/lib/Debug/libdriver.a(cpu.o)
                              ../../../driverlib/gcc/lib/Debug/libdriver.a(interrupt.o) (CPUcpsid)
../../../driverlib/gcc/lib/Debug/libdriver.a(flash.o)
                              ../../../driverlib/gcc/lib/Debug/libdriver.a(prcm.o) (FlashDisable)
/Applications/ARM/bin/../lib/gcc/arm-none-eabi/10.3.1/../../../../arm-none-eabi/lib/thumb/v7e-m/nofp/libc_nano.a(lib_a-malloc.o)
                              obj//Debug/uart_if.o (malloc)
/Applications/ARM/bin/../lib/gcc/arm-none-eabi/10.3.1/../../../../arm-none-eabi/lib/thumb/v7e-m/nofp/libc_nano.a(lib_a-memcpy-stub.o)
                              obj//Debug/main.o (memcpy)
/Applications/ARM/bin/../lib/gcc/arm-none-eabi/10.3.1/../../../../arm-none-eabi/lib/thumb/v7e-m/nofp/libc_nano.a(lib_a-memmove.o)
                              obj//Debug/uart_if.o (memmove)
/Applications/ARM/bin/../lib/gcc/arm-none-eabi/10.3.1/../../../../arm-none-eabi/lib/thumb/v7e-m/nofp/libc_nano.a(lib_a-memset.o)
                              obj//Debug/main.o (memset)
/Applications/ARM/bin/../lib/gcc/arm-none-eabi/10.3.1/../../../../arm-none-eabi/lib/thumb/v7e-m/nofp/libc_nano.a(lib_a-nano-freer.o)
                              /Applications/ARM/bin/../lib/gcc/arm-none-eabi/10.3.1/../../../../arm-none-eabi/lib/thumb/v7e-m/nofp/libc_nano.a(lib_a-malloc.o) (_free_r)
/Applications/ARM/bin/../lib/gcc/arm-none-eabi/10.3.1/../../../../arm-none-eabi/lib/thumb/v7e-m/nofp/libc_nano.a(lib_a-nano-mallocr.o)
                              /Applications/ARM/bin/../lib/gcc/arm-none-eabi/10.3.1/../../../../arm-none-eabi/lib/thumb/v7e-m/nofp/libc_nano.a(lib_a-malloc.o) (_malloc_r)
/Applications/ARM/bin/../lib/gcc/arm-none-eabi/10.3.1/../../../../arm-none-eabi/lib/thumb/v7e-m/nofp/libc_nano.a(lib_a-realloc.o)
                              obj//Debug/uart_if.o (realloc)
/Applications/ARM/bin/../lib/gcc/arm-none-eabi/10.3.1/../../../../arm-none-eabi/lib/thumb/v7e-m/nofp/libc_nano.a(lib_a-sbrkr.o)
                              /Applications/ARM/bin/../lib/gcc/arm-none-eabi/10.3.1/../../../../arm-none-eabi/lib/thumb/v7e-m/nofp/libc_nano.a(lib_a-nano-mallocr.o) (_sbrk_r)
/Applications/ARM/bin/../lib/gcc/arm-none-eabi/10.3.1/../../../../arm-none-eabi/lib/thumb/v7e-m/nofp/libc_nano.a(lib_a-strlen.o)
                              obj//Debug/main.o (strlen)
/Applications/ARM/bin/../lib/gcc/arm-none-eabi/10.3.1/../../../../arm-none-eabi/lib/thumb/v7e-m/nofp/libc_nano.a(lib_a-vsnprintf.o)
[...]
Memory Configuration

Name             Origin             Length             Attributes
SRAM             0x0000000020000000 0x0000000000040000 xrw
*default*        0x0000000000000000 0xffffffffffffffff

Linker script and memory map

                0x0000000000004000                BOOTLOADER_SIZE = 0x4000

.bootloader     0x0000000020000000     0x4000
                0x0000000020000000                _heap2 = .
                0x0000000020004000                . = (. + BOOTLOADER_SIZE)
 *fill*         0x0000000020000000     0x4000 
                0x0000000020004000                . = ALIGN (0x8)
                0x0000000020004000                _eheap2 = .

.text           0x0000000020004000     0x8078
                0x0000000020004000                _text = .
 *(.intvecs)
 .intvecs       0x0000000020004000      0x400 obj//Debug/startup_gcc.o
                0x0000000020004000                g_pfnVectors
 *(.text*)
 .text.SimpleLinkWlanEventHandler
                0x0000000020004400      0x130 obj//Debug/main.o
                0x0000000020004400                SimpleLinkWlanEventHandler
 .text.SimpleLinkHttpServerCallback
                0x0000000020004530       0x14 obj//Debug/main.o
                0x0000000020004530                SimpleLinkHttpServerCallback
 .text.SimpleLinkNetAppEventHandler
                0x0000000020004544       0x6c obj//Debug/main.o
                0x0000000020004544                SimpleLinkNetAppEventHandler
 .text.SimpleLinkGeneralEventHandler
                0x00000000200045b0       0x30 obj//Debug/main.o
                0x00000000200045b0                SimpleLinkGeneralEventHandler
 .text.SimpleLinkSockEventHandler
                0x00000000200045e0       0x12 obj//Debug/main.o
                0x00000000200045e0                SimpleLinkSockEventHandler
 *fill*         0x00000000200045f2        0x2 
 .text.InitializeAppVariables
                0x00000000200045f4       0x20 obj//Debug/main.o
 .text.ConfigureSimpleLinkToDefaultState
                0x0000000020004614      0x35c obj//Debug/main.o
 .text.WlanConnect
                0x0000000020004970       0xe4 obj//Debug/main.o
 .text.DisplayIP
                0x0000000020004a54       0xa4 obj//Debug/main.o
 .text.BsdTcpServer
                0x0000000020004af8      0x2fc obj//Debug/main.o
 .text.BoardInit
                0x0000000020004df4       0x16 obj//Debug/main.o
 *fill*         0x0000000020004e0a        0x2 
 .text.StartDeviceInP2P
                0x0000000020004e0c       0xf0 obj//Debug/main.o
                0x0000000020004e0c                StartDeviceInP2P
 .text.P2PConfiguration
                0x0000000020004efc      0x144 obj//Debug/main.o
                0x0000000020004efc                P2PConfiguration
 .text.DisplayBanner
                0x0000000020005040       0x3c obj//Debug/main.o
 .text.main     0x000000002000507c      0x150 obj//Debug/main.o
                0x000000002000507c                main
 .text.PinMuxConfig
                0x00000000200051cc       0x54 obj//Debug/pinmux.o
                0x00000000200051cc                PinMuxConfig
 .text.InitTerm
                0x0000000020005220       0x2c obj//Debug/uart_if.o
                0x0000000020005220                InitTerm
 .text.Message  0x000000002000524c       0x34 obj//Debug/uart_if.o
                0x000000002000524c                Message
 .text.Report   0x0000000020005280       0x98 obj//Debug/uart_if.o
                0x0000000020005280                Report
 .text.GPIO_IF_LedConfigure
                0x0000000020005318       0x68 obj//Debug/gpio_if.o
                0x0000000020005318                GPIO_IF_LedConfigure
 .text.GPIO_IF_LedOn
                0x0000000020005380       0xd4 obj//Debug/gpio_if.o
                0x0000000020005380                GPIO_IF_LedOn
 .text.GPIO_IF_LedOff
                0x0000000020005454       0xd4 obj//Debug/gpio_if.o
                0x0000000020005454                GPIO_IF_LedOff
 .text.GPIO_IF_GetPortNPin
                0x0000000020005528       0x48 obj//Debug/gpio_if.o
                0x0000000020005528                GPIO_IF_GetPortNPin
 .text.GPIO_IF_Set
                0x0000000020005570       0x3a obj//Debug/gpio_if.o
                0x0000000020005570                GPIO_IF_Set
 *fill*         0x00000000200055aa        0x2 
 .text.ResetISR
                0x00000000200055ac       0x5c obj//Debug/startup_gcc.o
                0x00000000200055ac                ResetISR
 .text.NmiSR    0x0000000020005608        0x6 obj//Debug/startup_gcc.o
 .text.FaultISR
                0x000000002000560e        0x6 obj//Debug/startup_gcc.o
 .text.BusFaultHandler
                0x0000000020005614        0x6 obj//Debug/startup_gcc.o
 .text.IntDefaultHandler
                0x000000002000561a        0x6 obj//Debug/startup_gcc.o
 .text._sbrk    0x0000000020005620       0x54 obj//Debug/startup_gcc.o
                0x0000000020005620                _sbrk
 .text._sl_GetStartResponseConvert
                0x0000000020005674       0x20 ../../../simplelink/gcc/lib/nonos/Debug/libsimplelink.a(device.o)
 .text.sl_Start
                0x0000000020005694      0x10c ../../../simplelink/gcc/lib/nonos/Debug/libsimplelink.a(device.o)
                0x0000000020005694                sl_Start
 .text._sl_HandleAsync_InitComplete
                0x00000000200057a0       0xb4 ../../../simplelink/gcc/lib/nonos/Debug/libsimplelink.a(device.o)
                0x00000000200057a0                _sl_HandleAsync_InitComplete
 .text._sl_HandleAsync_Stop
                0x0000000020005854       0x64 ../../../simplelink/gcc/lib/nonos/Debug/libsimplelink.a(device.o)
                0x0000000020005854                _sl_HandleAsync_Stop
 .text.sl_Stop  0x00000000200058b8       0xf4 ../../../simplelink/gcc/lib/nonos/Debug/libsimplelink.a(device.o)
                0x00000000200058b8                sl_Stop
 .text.sl_DevGet
                0x00000000200059ac       0xe0 ../../../simplelink/gcc/lib/nonos/Debug/libsimplelink.a(device.o)
                0x00000000200059ac                sl_DevGet
 .text._SlDrvDeviceEventHandler
                0x0000000020005a8c       0xaa ../../../simplelink/gcc/lib/nonos/Debug/libsimplelink.a(device.o)
                0x0000000020005a8c                _SlDrvDeviceEventHandler
 *fill*         0x0000000020005b36        0x2 
 .text._SlDrvHandleWlanEvents
                0x0000000020005b38       0x40 ../../../simplelink/gcc/lib/nonos/Debug/libsimplelink.a(driver.o)
                0x0000000020005b38                _SlDrvHandleWlanEvents
 .text._SlDrvHandleNetAppEvents
                0x0000000020005b78       0x3c ../../../simplelink/gcc/lib/nonos/Debug/libsimplelink.a(driver.o)
                0x0000000020005b78                _SlDrvHandleNetAppEvents
 .text._SlDrvHandleHttpServerEvents
                0x0000000020005bb4       0x40 ../../../simplelink/gcc/lib/nonos/Debug/libsimplelink.a(driver.o)
                0x0000000020005bb4                _SlDrvHandleHttpServerEvents
 .text._SlDrvProtectAsyncRespSetting
                0x0000000020005bf4       0x54 ../../../simplelink/gcc/lib/nonos/Debug/libsimplelink.a(driver.o)
                0x0000000020005bf4                _SlDrvProtectAsyncRespSetting
 .text._SlDrvDriverCBInit
                0x0000000020005c48      0x1d4 ../../../simplelink/gcc/lib/nonos/Debug/libsimplelink.a(driver.o)
                0x0000000020005c48                _SlDrvDriverCBInit
 .text._SlDrvDriverCBDeinit
                0x0000000020005e1c      0x14c ../../../simplelink/gcc/lib/nonos/Debug/libsimplelink.a(driver.o)
                0x0000000020005e1c                _SlDrvDriverCBDeinit
 .text._SlDrvRxIrqHandler
                0x0000000020005f68       0x68 ../../../simplelink/gcc/lib/nonos/Debug/libsimplelink.a(driver.o)
                0x0000000020005f68                _SlDrvRxIrqHandler
 .text._SlDrvCmdOp
                0x0000000020005fd0       0xcc ../../../simplelink/gcc/lib/nonos/Debug/libsimplelink.a(driver.o)
                0x0000000020005fd0                _SlDrvCmdOp
 .text._SlDrvDataReadOp
                0x000000002000609c      0x214 ../../../simplelink/gcc/lib/nonos/Debug/libsimplelink.a(driver.o)
                0x000000002000609c                _SlDrvDataReadOp
 .text._SlDrvMsgWrite
                0x00000000200062b0      0x1d8 ../../../simplelink/gcc/lib/nonos/Debug/libsimplelink.a(driver.o)
 .text._SlDrvMsgRead
                0x0000000020006488      0x5e0 ../../../simplelink/gcc/lib/nonos/Debug/libsimplelink.a(driver.o)
 .text._SlAsyncEventGenericHandler
                0x0000000020006a68       0xd8 ../../../simplelink/gcc/lib/nonos/Debug/libsimplelink.a(driver.o)
 .text._SlDrvMsgReadCmdCtx
                0x0000000020006b40      0x164 ../../../simplelink/gcc/lib/nonos/Debug/libsimplelink.a(driver.o)
 .text._SlDrvMsgReadSpawnCtx
                0x0000000020006ca4       0xfc ../../../simplelink/gcc/lib/nonos/Debug/libsimplelink.a(driver.o)
                0x0000000020006ca4                _SlDrvMsgReadSpawnCtx
 .text._SlDrvClassifyRxMsg
                0x0000000020006da0       0xd0 ../../../simplelink/gcc/lib/nonos/Debug/libsimplelink.a(driver.o)
 .text._SlDrvRxHdrRead
                0x0000000020006e70      0x2b0 ../../../simplelink/gcc/lib/nonos/Debug/libsimplelink.a(driver.o)
 .text._SlDrvBasicCmd
                0x0000000020007120       0x50 ../../../simplelink/gcc/lib/nonos/Debug/libsimplelink.a(driver.o)
                0x0000000020007120                _SlDrvBasicCmd
 .text._SlDrvCmdSend
                0x0000000020007170       0x74 ../../../simplelink/gcc/lib/nonos/Debug/libsimplelink.a(driver.o)
                0x0000000020007170                _SlDrvCmdSend
 .text._SlDrvWaitForPoolObj
                0x00000000200071e4      0x1a8 ../../../simplelink/gcc/lib/nonos/Debug/libsimplelink.a(driver.o)
                0x00000000200071e4                _SlDrvWaitForPoolObj
 .text._SlDrvReleasePoolObj
                0x000000002000738c      0x204 ../../../simplelink/gcc/lib/nonos/Debug/libsimplelink.a(driver.o)
                0x000000002000738c                _SlDrvReleasePoolObj
 .text._SlRemoveFromList
                0x0000000020007590       0xd0 ../../../simplelink/gcc/lib/nonos/Debug/libsimplelink.a(driver.o)
 .text._SlFindAndSetActiveObj
                0x0000000020007660      0x168 ../../../simplelink/gcc/lib/nonos/Debug/libsimplelink.a(driver.o)
 .text._SlDrvDispatchHttpServerEvents
                0x00000000200077c8       0x1a ../../../simplelink/gcc/lib/nonos/Debug/libsimplelink.a(driver.o)
                0x00000000200077c8                _SlDrvDispatchHttpServerEvents
 .text._SlDrvSyncObjSignal
                0x00000000200077e2       0x2c ../../../simplelink/gcc/lib/nonos/Debug/libsimplelink.a(driver.o)
                0x00000000200077e2                _SlDrvSyncObjSignal
 .text._SlDrvObjLockWaitForever
                0x000000002000780e       0x32 ../../../simplelink/gcc/lib/nonos/Debug/libsimplelink.a(driver.o)
                0x000000002000780e                _SlDrvObjLockWaitForever
 .text._SlDrvProtectionObjLockWaitForever
                0x0000000020007840       0x3c ../../../simplelink/gcc/lib/nonos/Debug/libsimplelink.a(driver.o)
                0x0000000020007840                _SlDrvProtectionObjLockWaitForever
 .text._SlDrvObjUnLock
                0x000000002000787c       0x2c ../../../simplelink/gcc/lib/nonos/Debug/libsimplelink.a(driver.o)
                0x000000002000787c                _SlDrvObjUnLock
 .text._SlDrvProtectionObjUnLock
                0x00000000200078a8       0x34 ../../../simplelink/gcc/lib/nonos/Debug/libsimplelink.a(driver.o)
                0x00000000200078a8                _SlDrvProtectionObjUnLock
 .text._SlDrvObjGlobalLockWaitForever
                0x00000000200078dc       0x38 ../../../simplelink/gcc/lib/nonos/Debug/libsimplelink.a(driver.o)
 .text._SlDrvGlobalObjUnLock
                0x0000000020007914       0x34 ../../../simplelink/gcc/lib/nonos/Debug/libsimplelink.a(driver.o)
                0x0000000020007914                _SlDrvGlobalObjUnLock
 .text._SlDrvMemZero
                0x0000000020007948       0x20 ../../../simplelink/gcc/lib/nonos/Debug/libsimplelink.a(driver.o)
                0x0000000020007948                _SlDrvMemZero
 .text._SlDrvResetCmdExt
                0x0000000020007968       0x18 ../../../simplelink/gcc/lib/nonos/Debug/libsimplelink.a(driver.o)
                0x0000000020007968                _SlDrvResetCmdExt
 .text._SlDrvSyncObjWaitForever
                0x0000000020007980       0x34 ../../../simplelink/gcc/lib/nonos/Debug/libsimplelink.a(driver.o)
                0x0000000020007980                _SlDrvSyncObjWaitForever
 .text._SlDrvSyncObjWaitTimeout
                0x00000000200079b4       0x54 ../../../simplelink/gcc/lib/nonos/Debug/libsimplelink.a(driver.o)
                0x00000000200079b4                _SlDrvSyncObjWaitTimeout
 .text._SlDriverHandleError
                0x0000000020007a08       0xa0 ../../../simplelink/gcc/lib/nonos/Debug/libsimplelink.a(driver.o)
                0x0000000020007a08                _SlDriverHandleError
 .text._SlDrvStartMeasureTimeout
                0x0000000020007aa8       0x30 ../../../simplelink/gcc/lib/nonos/Debug/libsimplelink.a(driver.o)
                0x0000000020007aa8                _SlDrvStartMeasureTimeout
 .text._SlDrvIsTimeoutExpired
                0x0000000020007ad8       0xa8 ../../../simplelink/gcc/lib/nonos/Debug/libsimplelink.a(driver.o)
                0x0000000020007ad8                _SlDrvIsTimeoutExpired
 .text.sl_NetAppMDNSRegisterUnregisterService
                0x0000000020007b80      0x184 ../../../simplelink/gcc/lib/nonos/Debug/libsimplelink.a(netapp.o)
                0x0000000020007b80                sl_NetAppMDNSRegisterUnregisterService
 .text.sl_NetAppMDNSUnRegisterService
                0x0000000020007d04       0x64 ../../../simplelink/gcc/lib/nonos/Debug/libsimplelink.a(netapp.o)
                0x0000000020007d04                sl_NetAppMDNSUnRegisterService
 .text._sl_HandleAsync_DnsGetHostByService
                0x0000000020007d68       0xd0 ../../../simplelink/gcc/lib/nonos/Debug/libsimplelink.a(netapp.o)
                0x0000000020007d68                _sl_HandleAsync_DnsGetHostByService
 .text._sl_HandleAsync_DnsGetHostByName
                0x0000000020007e38       0xb4 ../../../simplelink/gcc/lib/nonos/Debug/libsimplelink.a(netapp.o)
                0x0000000020007e38                _sl_HandleAsync_DnsGetHostByName
 .text.CopyPingResultsToReport
                0x0000000020007eec       0x44 ../../../simplelink/gcc/lib/nonos/Debug/libsimplelink.a(netapp.o)
 .text._sl_HandleAsync_PingResponse
                0x0000000020007f30       0xb0 ../../../simplelink/gcc/lib/nonos/Debug/libsimplelink.a(netapp.o)
                0x0000000020007f30                _sl_HandleAsync_PingResponse
 .text.sl_NetAppSet
                0x0000000020007fe0       0xa0 ../../../simplelink/gcc/lib/nonos/Debug/libsimplelink.a(netapp.o)
                0x0000000020007fe0                sl_NetAppSet
 .text._sl_NetAppSendTokenValue
                0x0000000020008080       0x7c ../../../simplelink/gcc/lib/nonos/Debug/libsimplelink.a(netapp.o)
                0x0000000020008080                _sl_NetAppSendTokenValue
 .text._SlDrvNetAppEventHandler
                0x00000000200080fc      0x188 ../../../simplelink/gcc/lib/nonos/Debug/libsimplelink.a(netapp.o)
                0x00000000200080fc                _SlDrvNetAppEventHandler
 .text.sl_NetCfgSet
                0x0000000020008284       0xa0 ../../../simplelink/gcc/lib/nonos/Debug/libsimplelink.a(netcfg.o)
                0x0000000020008284                sl_NetCfgSet
 .text.sl_NetCfgGet
                0x0000000020008324       0xec ../../../simplelink/gcc/lib/nonos/Debug/libsimplelink.a(netcfg.o)
                0x0000000020008324                sl_NetCfgGet
 .text._SlNonOsSemSet
                0x0000000020008410       0x1e ../../../simplelink/gcc/lib/nonos/Debug/libsimplelink.a(nonos.o)
                0x0000000020008410                _SlNonOsSemSet
 *fill*         0x000000002000842e        0x2 
 .text._SlNonOsSemGet
                0x0000000020008430       0xc4 ../../../simplelink/gcc/lib/nonos/Debug/libsimplelink.a(nonos.o)
                0x0000000020008430                _SlNonOsSemGet
 .text._SlNonOsSpawn
                0x00000000200084f4       0x68 ../../../simplelink/gcc/lib/nonos/Debug/libsimplelink.a(nonos.o)
                0x00000000200084f4                _SlNonOsSpawn
 .text._SlNonOsMainLoopTask
                0x000000002000855c       0x70 ../../../simplelink/gcc/lib/nonos/Debug/libsimplelink.a(nonos.o)
                0x000000002000855c                _SlNonOsMainLoopTask
 .text._sl_BuildAddress
                0x00000000200085cc       0x56 ../../../simplelink/gcc/lib/nonos/Debug/libsimplelink.a(socket.o)
 *fill*         0x0000000020008622        0x2 
 .text.sl_Socket
                0x0000000020008624       0x8c ../../../simplelink/gcc/lib/nonos/Debug/libsimplelink.a(socket.o)
                0x0000000020008624                sl_Socket
 .text.sl_Close
                0x00000000200086b0       0x6c ../../../simplelink/gcc/lib/nonos/Debug/libsimplelink.a(socket.o)
                0x00000000200086b0                sl_Close
 .text.sl_Bind  0x000000002000871c       0xb8 ../../../simplelink/gcc/lib/nonos/Debug/libsimplelink.a(socket.o)
                0x000000002000871c                sl_Bind
 .text._sl_HandleAsync_Connect
                0x00000000200087d4       0x9c ../../../simplelink/gcc/lib/nonos/Debug/libsimplelink.a(socket.o)
                0x00000000200087d4                _sl_HandleAsync_Connect
 .text.sl_Listen
                0x0000000020008870       0x78 ../../../simplelink/gcc/lib/nonos/Debug/libsimplelink.a(socket.o)
                0x0000000020008870                sl_Listen
 .text.sl_Accept
                0x00000000200088e8      0x1cc ../../../simplelink/gcc/lib/nonos/Debug/libsimplelink.a(socket.o)
                0x00000000200088e8                sl_Accept
 .text.sl_Htons
                0x0000000020008ab4       0x46 ../../../simplelink/gcc/lib/nonos/Debug/libsimplelink.a(socket.o)
                0x0000000020008ab4                sl_Htons
 *fill*         0x0000000020008afa        0x2 
 .text._sl_HandleAsync_Accept
                0x0000000020008afc       0x7c ../../../simplelink/gcc/lib/nonos/Debug/libsimplelink.a(socket.o)
                0x0000000020008afc                _sl_HandleAsync_Accept
 .text._sl_HandleAsync_Select
                0x0000000020008b78       0x6c ../../../simplelink/gcc/lib/nonos/Debug/libsimplelink.a(socket.o)
                0x0000000020008b78                _sl_HandleAsync_Select
 .text.sl_Recv  0x0000000020008be4       0xa8 ../../../simplelink/gcc/lib/nonos/Debug/libsimplelink.a(socket.o)
                0x0000000020008be4                sl_Recv
 .text.sl_SetSockOpt
                0x0000000020008c8c       0xa4 ../../../simplelink/gcc/lib/nonos/Debug/libsimplelink.a(socket.o)
                0x0000000020008c8c                sl_SetSockOpt
 .text.sl_WlanConnect
                0x0000000020008d30      0x2c4 ../../../simplelink/gcc/lib/nonos/Debug/libsimplelink.a(wlan.o)
                0x0000000020008d30                sl_WlanConnect
 .text.sl_WlanDisconnect
                0x0000000020008ff4       0x3c ../../../simplelink/gcc/lib/nonos/Debug/libsimplelink.a(wlan.o)
                0x0000000020008ff4                sl_WlanDisconnect
 .text.sl_WlanPolicySet
                0x0000000020009030       0x94 ../../../simplelink/gcc/lib/nonos/Debug/libsimplelink.a(wlan.o)
                0x0000000020009030                sl_WlanPolicySet
 .text.sl_WlanProfileDel
                0x00000000200090c4       0x6c ../../../simplelink/gcc/lib/nonos/Debug/libsimplelink.a(wlan.o)
                0x00000000200090c4                sl_WlanProfileDel
 .text.sl_WlanRxFilterSet
                0x0000000020009130       0x88 ../../../simplelink/gcc/lib/nonos/Debug/libsimplelink.a(wlan.o)
                0x0000000020009130                sl_WlanRxFilterSet
 .text.sl_WlanSetMode
                0x00000000200091b8       0x68 ../../../simplelink/gcc/lib/nonos/Debug/libsimplelink.a(wlan.o)
                0x00000000200091b8                sl_WlanSetMode
 .text.sl_WlanSet
                0x0000000020009220       0x98 ../../../simplelink/gcc/lib/nonos/Debug/libsimplelink.a(wlan.o)
                0x0000000020009220                sl_WlanSet
 .text.spi_Read_CPU
                0x00000000200092b8       0x88 ../../../simplelink/gcc/lib/nonos/Debug/libsimplelink.a(cc_pal.o)
 .text.spi_Write_CPU
                0x0000000020009340       0x84 ../../../simplelink/gcc/lib/nonos/Debug/libsimplelink.a(cc_pal.o)
 .text.DmaSpiSwIntHandler
                0x00000000200093c4       0x28 ../../../simplelink/gcc/lib/nonos/Debug/libsimplelink.a(cc_pal.o)
                0x00000000200093c4                DmaSpiSwIntHandler
 .text.SetupDMAReceive
                0x00000000200093ec       0x94 ../../../simplelink/gcc/lib/nonos/Debug/libsimplelink.a(cc_pal.o)
 .text.SetupDMASend
                0x0000000020009480       0x94 ../../../simplelink/gcc/lib/nonos/Debug/libsimplelink.a(cc_pal.o)
 .text.spi_Open
                0x0000000020009514      0x154 ../../../simplelink/gcc/lib/nonos/Debug/libsimplelink.a(cc_pal.o)
                0x0000000020009514                spi_Open
 .text.spi_Close
                0x0000000020009668       0x84 ../../../simplelink/gcc/lib/nonos/Debug/libsimplelink.a(cc_pal.o)
                0x0000000020009668                spi_Close
 .text.spi_Read
                0x00000000200096ec       0xf0 ../../../simplelink/gcc/lib/nonos/Debug/libsimplelink.a(cc_pal.o)
                0x00000000200096ec                spi_Read
 .text.spi_Write
                0x00000000200097dc       0x9c ../../../simplelink/gcc/lib/nonos/Debug/libsimplelink.a(cc_pal.o)
                0x00000000200097dc                spi_Write
 .text.NwpRegisterInterruptHandler
                0x0000000020009878       0x4a ../../../simplelink/gcc/lib/nonos/Debug/libsimplelink.a(cc_pal.o)
                0x0000000020009878                NwpRegisterInterruptHandler
 *fill*         0x00000000200098c2        0x2 
 .text.NwpMaskInterrupt
                0x00000000200098c4       0x18 ../../../simplelink/gcc/lib/nonos/Debug/libsimplelink.a(cc_pal.o)
                0x00000000200098c4                NwpMaskInterrupt
 .text.NwpUnMaskInterrupt
                0x00000000200098dc       0x18 ../../../simplelink/gcc/lib/nonos/Debug/libsimplelink.a(cc_pal.o)
                0x00000000200098dc                NwpUnMaskInterrupt
 .text.NwpPowerOnPreamble
                0x00000000200098f4       0x8c ../../../simplelink/gcc/lib/nonos/Debug/libsimplelink.a(cc_pal.o)
                0x00000000200098f4                NwpPowerOnPreamble
 .text.NwpPowerOn
                0x0000000020009980       0x3c ../../../simplelink/gcc/lib/nonos/Debug/libsimplelink.a(cc_pal.o)
                0x0000000020009980                NwpPowerOn
 .text.NwpPowerOff
                0x00000000200099bc       0x40 ../../../simplelink/gcc/lib/nonos/Debug/libsimplelink.a(cc_pal.o)
                0x00000000200099bc                NwpPowerOff
 .text.NwpPrePowerOffTimout0
                0x00000000200099fc       0x24 ../../../simplelink/gcc/lib/nonos/Debug/libsimplelink.a(cc_pal.o)
                0x00000000200099fc                NwpPrePowerOffTimout0
 .text.cc_UDMAChannelSelect
                0x0000000020009a20       0x28 ../../../simplelink/gcc/lib/nonos/Debug/libsimplelink.a(cc_pal.o)
 .text.cc_SetupTransfer
                0x0000000020009a48       0x4a ../../../simplelink/gcc/lib/nonos/Debug/libsimplelink.a(cc_pal.o)
 *fill*         0x0000000020009a92        0x2 
 .text.simplelink_timerA2_start
                0x0000000020009a94       0x40 ../../../simplelink/gcc/lib/nonos/Debug/libsimplelink.a(cc_pal.o)
                0x0000000020009a94                simplelink_timerA2_start
 .text.TimerGetCurrentTimestamp
                0x0000000020009ad4       0x28 ../../../simplelink/gcc/lib/nonos/Debug/libsimplelink.a(cc_pal.o)
                0x0000000020009ad4                TimerGetCurrentTimestamp
 .text.GPIODirModeSet
                0x0000000020009afc       0x46 ../../../driverlib/gcc/lib/Debug/libdriver.a(gpio.o)
                0x0000000020009afc                GPIODirModeSet
 .text.GPIOPinWrite
                0x0000000020009b42       0x2a ../../../driverlib/gcc/lib/Debug/libdriver.a(gpio.o)
                0x0000000020009b42                GPIOPinWrite
 .text.IntDefaultHandler
                0x0000000020009b6c        0x6 ../../../driverlib/gcc/lib/Debug/libdriver.a(interrupt.o)
 .text.IntMasterEnable
                0x0000000020009b72       0x10 ../../../driverlib/gcc/lib/Debug/libdriver.a(interrupt.o)
                0x0000000020009b72                IntMasterEnable
 *fill*         0x0000000020009b82        0x2 
 .text.IntRegister
                0x0000000020009b84       0x2c ../../../driverlib/gcc/lib/Debug/libdriver.a(interrupt.o)
                0x0000000020009b84                IntRegister
 .text.IntUnregister
                0x0000000020009bb0       0x2c ../../../driverlib/gcc/lib/Debug/libdriver.a(interrupt.o)
                0x0000000020009bb0                IntUnregister
 .text.IntPrioritySet
                0x0000000020009bdc       0x68 ../../../driverlib/gcc/lib/Debug/libdriver.a(interrupt.o)
                0x0000000020009bdc                IntPrioritySet
 .text.IntEnable
                0x0000000020009c44       0xbc ../../../driverlib/gcc/lib/Debug/libdriver.a(interrupt.o)
                0x0000000020009c44                IntEnable
 .text.IntDisable
                0x0000000020009d00       0xbc ../../../driverlib/gcc/lib/Debug/libdriver.a(interrupt.o)
                0x0000000020009d00                IntDisable
 .text.IntPendClear
                0x0000000020009dbc       0x68 ../../../driverlib/gcc/lib/Debug/libdriver.a(interrupt.o)
                0x0000000020009dbc                IntPendClear
 .text.PinModeSet
                0x0000000020009e24       0x48 ../../../driverlib/gcc/lib/Debug/libdriver.a(pin.o)
                0x0000000020009e24                PinModeSet
 .text.PinConfigSet
                0x0000000020009e6c       0x9c ../../../driverlib/gcc/lib/Debug/libdriver.a(pin.o)
                0x0000000020009e6c                PinConfigSet
 .text.PinTypeUART
                0x0000000020009f08       0x24 ../../../driverlib/gcc/lib/Debug/libdriver.a(pin.o)
                0x0000000020009f08                PinTypeUART
 .text.PinTypeGPIO
                0x0000000020009f2c       0x3a ../../../driverlib/gcc/lib/Debug/libdriver.a(pin.o)
                0x0000000020009f2c                PinTypeGPIO
 *fill*         0x0000000020009f66        0x2 
 .text.PRCMSysResetCauseGet
                0x0000000020009f68       0x3c ../../../driverlib/gcc/lib/Debug/libdriver.a(prcm.o)
                0x0000000020009f68                PRCMSysResetCauseGet
 .text.PRCMPeripheralClkEnable
                0x0000000020009fa4       0x5c ../../../driverlib/gcc/lib/Debug/libdriver.a(prcm.o)
                0x0000000020009fa4                PRCMPeripheralClkEnable
 .text.PRCMPeripheralClkDisable
                0x000000002000a000       0x48 ../../../driverlib/gcc/lib/Debug/libdriver.a(prcm.o)
                0x000000002000a000                PRCMPeripheralClkDisable
 .text.PRCMPeripheralClockGet
                0x000000002000a048       0xa8 ../../../driverlib/gcc/lib/Debug/libdriver.a(prcm.o)
                0x000000002000a048                PRCMPeripheralClockGet
 .text.PRCMPeripheralReset
                0x000000002000a0f0       0x8c ../../../driverlib/gcc/lib/Debug/libdriver.a(prcm.o)
                0x000000002000a0f0                PRCMPeripheralReset
 .text.PRCMPeripheralStatusGet
                0x000000002000a17c       0x40 ../../../driverlib/gcc/lib/Debug/libdriver.a(prcm.o)
                0x000000002000a17c                PRCMPeripheralStatusGet
 .text.PRCMCC3200MCUInit
                0x000000002000a1bc      0x1a0 ../../../driverlib/gcc/lib/Debug/libdriver.a(prcm.o)
                0x000000002000a1bc                PRCMCC3200MCUInit
 .text.PRCMHIBRegRead
                0x000000002000a35c       0x20 ../../../driverlib/gcc/lib/Debug/libdriver.a(prcm.o)
                0x000000002000a35c                PRCMHIBRegRead
 .text.PRCMHIBRegWrite
                0x000000002000a37c       0x20 ../../../driverlib/gcc/lib/Debug/libdriver.a(prcm.o)
                0x000000002000a37c                PRCMHIBRegWrite
 .text.SPIIntNumberGet
                0x000000002000a39c       0x58 ../../../driverlib/gcc/lib/Debug/libdriver.a(spi.o)
 .text.SPIDmaMaskGet
                0x000000002000a3f4       0x48 ../../../driverlib/gcc/lib/Debug/libdriver.a(spi.o)
 .text.SPIEnable
                0x000000002000a43c       0x26 ../../../driverlib/gcc/lib/Debug/libdriver.a(spi.o)
                0x000000002000a43c                SPIEnable
 .text.SPIDisable
                0x000000002000a462       0x26 ../../../driverlib/gcc/lib/Debug/libdriver.a(spi.o)
                0x000000002000a462                SPIDisable
 .text.SPIDmaEnable
                0x000000002000a488       0x2a ../../../driverlib/gcc/lib/Debug/libdriver.a(spi.o)
                0x000000002000a488                SPIDmaEnable
 .text.SPIDmaDisable
                0x000000002000a4b2       0x2a ../../../driverlib/gcc/lib/Debug/libdriver.a(spi.o)
                0x000000002000a4b2                SPIDmaDisable
 .text.SPIReset
                0x000000002000a4dc       0x3a ../../../driverlib/gcc/lib/Debug/libdriver.a(spi.o)
                0x000000002000a4dc                SPIReset
 *fill*         0x000000002000a516        0x2 
 .text.SPIConfigSetExpClk
                0x000000002000a518       0xb4 ../../../driverlib/gcc/lib/Debug/libdriver.a(spi.o)
                0x000000002000a518                SPIConfigSetExpClk
 .text.SPIFIFOEnable
                0x000000002000a5cc       0x2a ../../../driverlib/gcc/lib/Debug/libdriver.a(spi.o)
                0x000000002000a5cc                SPIFIFOEnable
 .text.SPIFIFODisable
                0x000000002000a5f6       0x2a ../../../driverlib/gcc/lib/Debug/libdriver.a(spi.o)
                0x000000002000a5f6                SPIFIFODisable
 .text.SPIFIFOLevelSet
                0x000000002000a620       0x42 ../../../driverlib/gcc/lib/Debug/libdriver.a(spi.o)
                0x000000002000a620                SPIFIFOLevelSet
 .text.SPIWordCountSet
                0x000000002000a662       0x30 ../../../driverlib/gcc/lib/Debug/libdriver.a(spi.o)
                0x000000002000a662                SPIWordCountSet
 .text.SPIIntUnregister
                0x000000002000a692       0x26 ../../../driverlib/gcc/lib/Debug/libdriver.a(spi.o)
                0x000000002000a692                SPIIntUnregister
 .text.SPIIntEnable
                0x000000002000a6b8       0x68 ../../../driverlib/gcc/lib/Debug/libdriver.a(spi.o)
                0x000000002000a6b8                SPIIntEnable
 .text.SPIIntClear
                0x000000002000a720       0x60 ../../../driverlib/gcc/lib/Debug/libdriver.a(spi.o)
                0x000000002000a720                SPIIntClear
 .text.SPICSEnable
                0x000000002000a780       0x26 ../../../driverlib/gcc/lib/Debug/libdriver.a(spi.o)
                0x000000002000a780                SPICSEnable
 .text.SPICSDisable
                0x000000002000a7a6       0x26 ../../../driverlib/gcc/lib/Debug/libdriver.a(spi.o)
                0x000000002000a7a6                SPICSDisable
 .text.TimerEnable
                0x000000002000a7cc       0x2a ../../../driverlib/gcc/lib/Debug/libdriver.a(timer.o)
                0x000000002000a7cc                TimerEnable
 *fill*         0x000000002000a7f6        0x2 
 .text.TimerConfigure
                0x000000002000a7f8       0x54 ../../../driverlib/gcc/lib/Debug/libdriver.a(timer.o)
                0x000000002000a7f8                TimerConfigure
 .text.TimerPrescaleSet
                0x000000002000a84c       0x3c ../../../driverlib/gcc/lib/Debug/libdriver.a(timer.o)
                0x000000002000a84c                TimerPrescaleSet
 .text.TimerLoadSet
                0x000000002000a888       0x3c ../../../driverlib/gcc/lib/Debug/libdriver.a(timer.o)
                0x000000002000a888                TimerLoadSet
 .text.TimerValueGet
                0x000000002000a8c4       0x28 ../../../driverlib/gcc/lib/Debug/libdriver.a(timer.o)
                0x000000002000a8c4                TimerValueGet
 .text.UARTConfigSetExpClk
                0x000000002000a8ec       0x92 ../../../driverlib/gcc/lib/Debug/libdriver.a(uart.o)
                0x000000002000a8ec                UARTConfigSetExpClk
 .text.UARTEnable
                0x000000002000a97e       0x36 ../../../driverlib/gcc/lib/Debug/libdriver.a(uart.o)
                0x000000002000a97e                UARTEnable
 .text.UARTDisable
                0x000000002000a9b4       0x46 ../../../driverlib/gcc/lib/Debug/libdriver.a(uart.o)
                0x000000002000a9b4                UARTDisable
 .text.UARTCharPut
                0x000000002000a9fa       0x2c ../../../driverlib/gcc/lib/Debug/libdriver.a(uart.o)
                0x000000002000a9fa                UARTCharPut
 *fill*         0x000000002000aa26        0x2 
 .text.uDMAChannelEnable
                0x000000002000aa28       0x24 ../../../driverlib/gcc/lib/Debug/libdriver.a(udma.o)
                0x000000002000aa28                uDMAChannelEnable
 .text.uDMAChannelAttributeEnable
                0x000000002000aa4c       0x7c ../../../driverlib/gcc/lib/Debug/libdriver.a(udma.o)
                0x000000002000aa4c                uDMAChannelAttributeEnable
 .text.uDMAChannelAttributeDisable
                0x000000002000aac8       0x7c ../../../driverlib/gcc/lib/Debug/libdriver.a(udma.o)
                0x000000002000aac8                uDMAChannelAttributeDisable
 .text.uDMAChannelControlSet
                0x000000002000ab44       0x48 ../../../driverlib/gcc/lib/Debug/libdriver.a(udma.o)
                0x000000002000ab44                uDMAChannelControlSet
 .text.uDMAChannelTransferSet
                0x000000002000ab8c      0x104 ../../../driverlib/gcc/lib/Debug/libdriver.a(udma.o)
                0x000000002000ab8c                uDMAChannelTransferSet
 .text.uDMAChannelAssign
                0x000000002000ac90       0x58 ../../../driverlib/gcc/lib/Debug/libdriver.a(udma.o)
                0x000000002000ac90                uDMAChannelAssign
 .text.UtilsDelay
                0x000000002000ace8        0xa ../../../driverlib/gcc/lib/Debug/libdriver.a(utils.o)
                0x000000002000ace8                UtilsDelay
 .text.CPUcpsie
                0x000000002000acf2       0x16 ../../../driverlib/gcc/lib/Debug/libdriver.a(cpu.o)
                0x000000002000acf2                CPUcpsie
 .text.malloc   0x000000002000ad08       0x10 /Applications/ARM/bin/../lib/gcc/arm-none-eabi/10.3.1/../../../../arm-none-eabi/lib/thumb/v7e-m/nofp/libc_nano.a(lib_a-malloc.o)
                0x000000002000ad08                malloc
 .text.free     0x000000002000ad18       0x10 /Applications/ARM/bin/../lib/gcc/arm-none-eabi/10.3.1/../../../../arm-none-eabi/lib/thumb/v7e-m/nofp/libc_nano.a(lib_a-malloc.o)
                0x000000002000ad18                free
 .text.memcpy   0x000000002000ad28       0x1c /Applications/ARM/bin/../lib/gcc/arm-none-eabi/10.3.1/../../../../arm-none-eabi/lib/thumb/v7e-m/nofp/libc_nano.a(lib_a-memcpy-stub.o)
                0x000000002000ad28                memcpy
 .text.memmove  0x000000002000ad44       0x34 /Applications/ARM/bin/../lib/gcc/arm-none-eabi/10.3.1/../../../../arm-none-eabi/lib/thumb/v7e-m/nofp/libc_nano.a(lib_a-memmove.o)
                0x000000002000ad44                memmove
 .text.memset   0x000000002000ad78       0x10 /Applications/ARM/bin/../lib/gcc/arm-none-eabi/10.3.1/../../../../arm-none-eabi/lib/thumb/v7e-m/nofp/libc_nano.a(lib_a-memset.o)
                0x000000002000ad78                memset
 .text._free_r  0x000000002000ad88       0x94 /Applications/ARM/bin/../lib/gcc/arm-none-eabi/10.3.1/../../../../arm-none-eabi/lib/thumb/v7e-m/nofp/libc_nano.a(lib_a-nano-freer.o)
                0x000000002000ad88                _free_r
 .text.sbrk_aligned
                0x000000002000ae1c       0x40 /Applications/ARM/bin/../lib/gcc/arm-none-eabi/10.3.1/../../../../arm-none-eabi/lib/thumb/v7e-m/nofp/libc_nano.a(lib_a-nano-mallocr.o)
 .text._malloc_r
                0x000000002000ae5c       0xe8 /Applications/ARM/bin/../lib/gcc/arm-none-eabi/10.3.1/../../../../arm-none-eabi/lib/thumb/v7e-m/nofp/libc_nano.a(lib_a-nano-mallocr.o)
                0x000000002000ae5c                _malloc_r
 .text.realloc  0x000000002000af44       0x10 /Applications/ARM/bin/../lib/gcc/arm-none-eabi/10.3.1/../../../../arm-none-eabi/lib/thumb/v7e-m/nofp/libc_nano.a(lib_a-realloc.o)
                0x000000002000af44                realloc
 .text._sbrk_r  0x000000002000af54       0x20 /Applications/ARM/bin/../lib/gcc/arm-none-eabi/10.3.1/../../../../arm-none-eabi/lib/thumb/v7e-m/nofp/libc_nano.a(lib_a-sbrkr.o)
                0x000000002000af54                _sbrk_r
 .text          0x000000002000af74       0x10 /Applications/ARM/bin/../lib/gcc/arm-none-eabi/10.3.1/../../../../arm-none-eabi/lib/thumb/v7e-m/nofp/libc_nano.a(lib_a-strlen.o)
                0x000000002000af74                strlen
 .text._vsnprintf_r
                0x000000002000af84       0x56 /Applications/ARM/bin/../lib/gcc/arm-none-eabi/10.3.1/../../../../arm-none-eabi/lib/thumb/v7e-m/nofp/libc_nano.a(lib_a-vsnprintf.o)
                0x000000002000af84                _vsnprintf_r
                0x000000002000af84                _vsniprintf_r
 *fill*         0x000000002000afda        0x2 
 .text.vsnprintf
                0x000000002000afdc       0x1c /Applications/ARM/bin/../lib/gcc/arm-none-eabi/10.3.1/../../../../arm-none-eabi/lib/thumb/v7e-m/nofp/libc_nano.a(lib_a-vsnprintf.o)
                0x000000002000afdc                vsnprintf
                0x000000002000afdc                vsniprintf
 .text.__malloc_lock
                0x000000002000aff8        0xc /Applications/ARM/bin/../lib/gcc/arm-none-eabi/10.3.1/../../../../arm-none-eabi/lib/thumb/v7e-m/nofp/libc_nano.a(lib_a-mlock.o)
                0x000000002000aff8                __malloc_lock
 .text.__malloc_unlock
                0x000000002000b004        0xc /Applications/ARM/bin/../lib/gcc/arm-none-eabi/10.3.1/../../../../arm-none-eabi/lib/thumb/v7e-m/nofp/libc_nano.a(lib_a-mlock.o)
                0x000000002000b004                __malloc_unlock
 .text._realloc_r
                0x000000002000b010       0x5e /Applications/ARM/bin/../lib/gcc/arm-none-eabi/10.3.1/../../../../arm-none-eabi/lib/thumb/v7e-m/nofp/libc_nano.a(lib_a-nano-reallocr.o)
                0x000000002000b010                _realloc_r
 .text.__ssputs_r
                0x000000002000b06e       0xb6 /Applications/ARM/bin/../lib/gcc/arm-none-eabi/10.3.1/../../../../arm-none-eabi/lib/thumb/v7e-m/nofp/libc_nano.a(lib_a-nano-svfprintf.o)
                0x000000002000b06e                __ssputs_r
 .text._svfprintf_r
                0x000000002000b124      0x200 /Applications/ARM/bin/../lib/gcc/arm-none-eabi/10.3.1/../../../../arm-none-eabi/lib/thumb/v7e-m/nofp/libc_nano.a(lib_a-nano-svfprintf.o)
                0x000000002000b124                _svfprintf_r
                0x000000002000b124                _svfiprintf_r
 .text._printf_common
                0x000000002000b324       0xda /Applications/ARM/bin/../lib/gcc/arm-none-eabi/10.3.1/../../../../arm-none-eabi/lib/thumb/v7e-m/nofp/libc_nano.a(lib_a-nano-vfprintf_i.o)
                0x000000002000b324                _printf_common
 *fill*         0x000000002000b3fe        0x2 
 .text._printf_i
                0x000000002000b400      0x24c /Applications/ARM/bin/../lib/gcc/arm-none-eabi/10.3.1/../../../../arm-none-eabi/lib/thumb/v7e-m/nofp/libc_nano.a(lib_a-nano-vfprintf_i.o)
                0x000000002000b400                _printf_i
 .text.__retarget_lock_acquire_recursive
                0x000000002000b64c        0x2 /Applications/ARM/bin/../lib/gcc/arm-none-eabi/10.3.1/../../../../arm-none-eabi/lib/thumb/v7e-m/nofp/libc_nano.a(lib_a-lock.o)
                0x000000002000b64c                __retarget_lock_acquire_recursive
 .text.__retarget_lock_release_recursive
                0x000000002000b64e        0x2 /Applications/ARM/bin/../lib/gcc/arm-none-eabi/10.3.1/../../../../arm-none-eabi/lib/thumb/v7e-m/nofp/libc_nano.a(lib_a-lock.o)
                0x000000002000b64e                __retarget_lock_release_recursive
 .text          0x000000002000b650       0xa0 /Applications/ARM/bin/../lib/gcc/arm-none-eabi/10.3.1/../../../../arm-none-eabi/lib/thumb/v7e-m/nofp/libc_nano.a(lib_a-memchr.o)
                0x000000002000b650                memchr
 .text._malloc_usable_size_r
                0x000000002000b6f0       0x10 /Applications/ARM/bin/../lib/gcc/arm-none-eabi/10.3.1/../../../../arm-none-eabi/lib/thumb/v7e-m/nofp/libc_nano.a(lib_a-nano-msizer.o)
                0x000000002000b6f0                _malloc_usable_size_r
 *(.rodata*)
 .rodata        0x000000002000b700      0x4a7 obj//Debug/main.o
 *fill*         0x000000002000bba7        0x1 
 .rodata.__FUNCTION__.6
                0x000000002000bba8       0x22 obj//Debug/main.o
 *fill*         0x000000002000bbca        0x2 
 .rodata.__FUNCTION__.5
                0x000000002000bbcc        0xc obj//Debug/main.o
 .rodata.__FUNCTION__.4
                0x000000002000bbd8        0xa obj//Debug/main.o
 *fill*         0x000000002000bbe2        0x2 
 .rodata.__FUNCTION__.3
                0x000000002000bbe4        0xd obj//Debug/main.o
 *fill*         0x000000002000bbf1        0x3 
 .rodata.__FUNCTION__.2
                0x000000002000bbf4       0x11 obj//Debug/main.o
 *fill*         0x000000002000bc05        0x3 
 .rodata.__FUNCTION__.1
                0x000000002000bc08       0x11 obj//Debug/main.o
 *fill*         0x000000002000bc19        0x3 
 .rodata.__FUNCTION__.0
                0x000000002000bc1c        0x5 obj//Debug/main.o
 *fill*         0x000000002000bc21        0x3 
 .rodata        0x000000002000bc24       0x2a obj//Debug/uart_if.o
 *fill*         0x000000002000bc4e        0x2 
 .rodata.StartResponseLUT
                0x000000002000bc50        0x8 ../../../simplelink/gcc/lib/nonos/Debug/libsimplelink.a(device.o)
 .rodata._SlStopCmdCtrl
                0x000000002000bc58        0x4 ../../../simplelink/gcc/lib/nonos/Debug/libsimplelink.a(device.o)
 .rodata._SlDeviceGetCmdCtrl
                0x000000002000bc5c        0x4 ../../../simplelink/gcc/lib/nonos/Debug/libsimplelink.a(device.o)
 .rodata.g_H2NSyncPattern
                0x000000002000bc60        0x8 ../../../simplelink/gcc/lib/nonos/Debug/libsimplelink.a(driver.o)
 .rodata.g_H2NCnysPattern
                0x000000002000bc68        0x8 ../../../simplelink/gcc/lib/nonos/Debug/libsimplelink.a(driver.o)
 .rodata._SlActionLookupTable
                0x000000002000bc70       0x38 ../../../simplelink/gcc/lib/nonos/Debug/libsimplelink.a(driver.o)
                0x000000002000bc70                _SlActionLookupTable
 .rodata.OpcodeTranslateTable
                0x000000002000bca8       0x3c ../../../simplelink/gcc/lib/nonos/Debug/libsimplelink.a(driver.o)
                0x000000002000bca8                OpcodeTranslateTable
 .rodata.RxMsgClassLUT
                0x000000002000bce4       0x20 ../../../simplelink/gcc/lib/nonos/Debug/libsimplelink.a(driver.o)
 .rodata._SlRegisterServiceCtrl
                0x000000002000bd04        0x4 ../../../simplelink/gcc/lib/nonos/Debug/libsimplelink.a(netapp.o)
 .rodata._SlNetAppSetCmdCtrl
                0x000000002000bd08        0x4 ../../../simplelink/gcc/lib/nonos/Debug/libsimplelink.a(netapp.o)
 .rodata._SlNetAppSendTokenValueCmdCtrl
                0x000000002000bd0c        0x4 ../../../simplelink/gcc/lib/nonos/Debug/libsimplelink.a(netapp.o)
                0x000000002000bd0c                _SlNetAppSendTokenValueCmdCtrl
 .rodata._SlNetCfgSetCmdCtrl
                0x000000002000bd10        0x4 ../../../simplelink/gcc/lib/nonos/Debug/libsimplelink.a(netcfg.o)
 .rodata._SlNetCfgGetCmdCtrl
                0x000000002000bd14        0x4 ../../../simplelink/gcc/lib/nonos/Debug/libsimplelink.a(netcfg.o)
 .rodata._SlSockSocketCmdCtrl
                0x000000002000bd18        0x4 ../../../simplelink/gcc/lib/nonos/Debug/libsimplelink.a(socket.o)
 .rodata._SlSockCloseCmdCtrl
                0x000000002000bd1c        0x4 ../../../simplelink/gcc/lib/nonos/Debug/libsimplelink.a(socket.o)
 .rodata._SlListenCmdCtrl
                0x000000002000bd20        0x4 ../../../simplelink/gcc/lib/nonos/Debug/libsimplelink.a(socket.o)
 .rodata._SlAcceptCmdCtrl
                0x000000002000bd24        0x4 ../../../simplelink/gcc/lib/nonos/Debug/libsimplelink.a(socket.o)
 .rodata._SlRecvCmdCtrl
                0x000000002000bd28        0x4 ../../../simplelink/gcc/lib/nonos/Debug/libsimplelink.a(socket.o)
 .rodata._SlSetSockOptCmdCtrl
                0x000000002000bd2c        0x4 ../../../simplelink/gcc/lib/nonos/Debug/libsimplelink.a(socket.o)
 .rodata._SlPolicySetCmdCtrl
                0x000000002000bd30        0x4 ../../../simplelink/gcc/lib/nonos/Debug/libsimplelink.a(wlan.o)
 .rodata._SlProfileDelCmdCtrl
                0x000000002000bd34        0x4 ../../../simplelink/gcc/lib/nonos/Debug/libsimplelink.a(wlan.o)
 .rodata._SlRxFilterSetCmdCtrl
                0x000000002000bd38        0x4 ../../../simplelink/gcc/lib/nonos/Debug/libsimplelink.a(wlan.o)
 .rodata._SlWlanSetModeCmdCtrl
                0x000000002000bd3c        0x4 ../../../simplelink/gcc/lib/nonos/Debug/libsimplelink.a(wlan.o)
 .rodata._SlWlanCfgSetCmdCtrl
                0x000000002000bd40        0x4 ../../../simplelink/gcc/lib/nonos/Debug/libsimplelink.a(wlan.o)
 .rodata.g_pulRegs
                0x000000002000bd44       0xd4 ../../../driverlib/gcc/lib/Debug/libdriver.a(interrupt.o)
 .rodata.g_pulEnRegs
                0x000000002000be18       0x18 ../../../driverlib/gcc/lib/Debug/libdriver.a(interrupt.o)
 .rodata.g_pulDisRegs
                0x000000002000be30       0x18 ../../../driverlib/gcc/lib/Debug/libdriver.a(interrupt.o)
 .rodata.g_pulUnpendRegs
                0x000000002000be48       0x18 ../../../driverlib/gcc/lib/Debug/libdriver.a(interrupt.o)
 .rodata.g_ulPinToPadMap
                0x000000002000be60      0x100 ../../../driverlib/gcc/lib/Debug/libdriver.a(pin.o)
 .rodata.PRCM_PeriphRegsList
                0x000000002000bf60       0xa8 ../../../driverlib/gcc/lib/Debug/libdriver.a(prcm.o)
 .rodata.g_ppulSPIIntMap
                0x000000002000c008       0x24 ../../../driverlib/gcc/lib/Debug/libdriver.a(spi.o)
 .rodata.g_ulSPIDmaMaskMap
                0x000000002000c02c       0x18 ../../../driverlib/gcc/lib/Debug/libdriver.a(spi.o)
 .rodata._svfprintf_r.str1.1
                0x000000002000c044       0x11 /Applications/ARM/bin/../lib/gcc/arm-none-eabi/10.3.1/../../../../arm-none-eabi/lib/thumb/v7e-m/nofp/libc_nano.a(lib_a-nano-svfprintf.o)
 .rodata._printf_i.str1.1
                0x000000002000c055       0x22 /Applications/ARM/bin/../lib/gcc/arm-none-eabi/10.3.1/../../../../arm-none-eabi/lib/thumb/v7e-m/nofp/libc_nano.a(lib_a-nano-vfprintf_i.o)
 *(.ARM.extab* .gnu.linkonce.armextab.*)
                0x000000002000c078                . = ALIGN (0x8)
 *fill*         0x000000002000c077        0x1 
                0x000000002000c078                _etext = .

.glue_7         0x000000002000c078        0x0
 .glue_7        0x000000002000c078        0x0 linker stubs

.glue_7t        0x000000002000c078        0x0
 .glue_7t       0x000000002000c078        0x0 linker stubs

.vfp11_veneer   0x000000002000c078        0x0
 .vfp11_veneer  0x000000002000c078        0x0 linker stubs

.v4_bx          0x000000002000c078        0x0
 .v4_bx         0x000000002000c078        0x0 linker stubs

.iplt           0x000000002000c078        0x0
 .iplt          0x000000002000c078        0x0 obj//Debug/main.o

.rel.dyn        0x000000002000c078        0x0
 .rel.iplt      0x000000002000c078        0x0 obj//Debug/main.o

.ARM            0x000000002000c078        0x0
                0x000000002000c078                __exidx_start = .
 *(.ARM.exidx*)
                0x000000002000c078                __exidx_end = .
                0x000000002000c078                __init_data = .

.data           0x000000002000c078       0x80
                0x000000002000c078                _data = .
 *(.data*)
 .data.ulReg    0x000000002000c078       0x14 obj//Debug/gpio_if.o
 .data.wlan_callbacks
                0x000000002000c08c        0x4 ../../../simplelink/gcc/lib/nonos/Debug/libsimplelink.a(driver.o)
 .data._impure_ptr
                0x000000002000c090        0x4 /Applications/ARM/bin/../lib/gcc/arm-none-eabi/10.3.1/../../../../arm-none-eabi/lib/thumb/v7e-m/nofp/libc_nano.a(lib_a-impure.o)
                0x000000002000c090                _impure_ptr
 .data.impure_data
                0x000000002000c094       0x60 /Applications/ARM/bin/../lib/gcc/arm-none-eabi/10.3.1/../../../../arm-none-eabi/lib/thumb/v7e-m/nofp/libc_nano.a(lib_a-impure.o)
                0x000000002000c0f8                . = ALIGN (0x8)
 *fill*         0x000000002000c0f4        0x4 
                0x000000002000c0f8                _edata = .

.igot.plt       0x000000002000c0f8        0x0
 .igot.plt      0x000000002000c0f8        0x0 obj//Debug/main.o

.bss            0x000000002000c0f8     0x17dd
                0x000000002000c0f8                _bss = .
 *(.bss*)
 .bss.uBuf      0x000000002000c0f8      0x578 obj//Debug/main.o
                0x000000002000c0f8                uBuf
 .bss.g_ulDeviceIp
                0x000000002000c670        0x4 obj//Debug/main.o
                0x000000002000c670                g_ulDeviceIp
 .bss.g_ulStatus
                0x000000002000c674        0x4 obj//Debug/main.o
                0x000000002000c674                g_ulStatus
 .bss.g_ulGatewayIP
                0x000000002000c678        0x4 obj//Debug/main.o
                0x000000002000c678                g_ulGatewayIP
 .bss.g_p2p_dev
                0x000000002000c67c       0x21 obj//Debug/main.o
                0x000000002000c67c                g_p2p_dev
 *fill*         0x000000002000c69d        0x3 
 .bss.__Errorlog
                0x000000002000c6a0        0x4 obj//Debug/uart_if.o
 .bss.g_uiLED1Port
                0x000000002000c6a4        0x4 obj//Debug/gpio_if.o
                0x000000002000c6a4                g_uiLED1Port
 .bss.g_uiLED2Port
                0x000000002000c6a8        0x4 obj//Debug/gpio_if.o
                0x000000002000c6a8                g_uiLED2Port
 .bss.g_uiLED3Port
                0x000000002000c6ac        0x4 obj//Debug/gpio_if.o
                0x000000002000c6ac                g_uiLED3Port
 .bss.g_ucLED1Pin
                0x000000002000c6b0        0x1 obj//Debug/gpio_if.o
                0x000000002000c6b0                g_ucLED1Pin
 .bss.g_ucLED2Pin
                0x000000002000c6b1        0x1 obj//Debug/gpio_if.o
                0x000000002000c6b1                g_ucLED2Pin
 .bss.g_ucLED3Pin
                0x000000002000c6b2        0x1 obj//Debug/gpio_if.o
                0x000000002000c6b2                g_ucLED3Pin
 *fill*         0x000000002000c6b3        0x1 
 .bss.heap_end  0x000000002000c6b4        0x4 obj//Debug/startup_gcc.o
 .bss.pui32Stack
                0x000000002000c6b8     0x1000 obj//Debug/startup_gcc.o
 .bss.g_SlDeviceStatus
                0x000000002000d6b8        0x2 ../../../simplelink/gcc/lib/nonos/Debug/libsimplelink.a(driver.o)
                0x000000002000d6b8                g_SlDeviceStatus
 *fill*         0x000000002000d6ba        0x2 
 .bss.g_StatMem
                0x000000002000d6bc      0x168 ../../../simplelink/gcc/lib/nonos/Debug/libsimplelink.a(driver.o)
 .bss.RxIrqCnt  0x000000002000d824        0x1 ../../../simplelink/gcc/lib/nonos/Debug/libsimplelink.a(driver.o)
                0x000000002000d824                RxIrqCnt
 .bss.g_bDeviceRestartIsRequired
                0x000000002000d825        0x1 ../../../simplelink/gcc/lib/nonos/Debug/libsimplelink.a(driver.o)
                0x000000002000d825                g_bDeviceRestartIsRequired
 *fill*         0x000000002000d826        0x2 
 .bss.g_pCB     0x000000002000d828        0x4 ../../../simplelink/gcc/lib/nonos/Debug/libsimplelink.a(driver.o)
                0x000000002000d828                g_pCB
 .bss.pPingCallBackFunc
                0x000000002000d82c        0x4 ../../../simplelink/gcc/lib/nonos/Debug/libsimplelink.a(driver.o)
                0x000000002000d82c                pPingCallBackFunc
 .bss.gFirstCmdMode
                0x000000002000d830        0x1 ../../../simplelink/gcc/lib/nonos/Debug/libsimplelink.a(driver.o)
 *fill*         0x000000002000d831        0x3 
 .bss.g__SlNonOsCB
                0x000000002000d834       0x3c ../../../simplelink/gcc/lib/nonos/Debug/libsimplelink.a(nonos.o)
                0x000000002000d834                g__SlNonOsCB
 .bss.g_SpiFd   0x000000002000d870        0x4 ../../../simplelink/gcc/lib/nonos/Debug/libsimplelink.a(cc_pal.o)
                0x000000002000d870                g_SpiFd
 .bss.g_ucDinDout
                0x000000002000d874       0x50 ../../../simplelink/gcc/lib/nonos/Debug/libsimplelink.a(cc_pal.o)
                0x000000002000d874                g_ucDinDout
 .bss.g_ucDMAEnabled
                0x000000002000d8c4        0x1 ../../../simplelink/gcc/lib/nonos/Debug/libsimplelink.a(cc_pal.o)
                0x000000002000d8c4                g_ucDMAEnabled
 .bss.g_cDummy  0x000000002000d8c5        0x1 ../../../simplelink/gcc/lib/nonos/Debug/libsimplelink.a(cc_pal.o)
                0x000000002000d8c5                g_cDummy
 *fill*         0x000000002000d8c6        0x2 
 .bss.__malloc_free_list
                0x000000002000d8c8        0x4 /Applications/ARM/bin/../lib/gcc/arm-none-eabi/10.3.1/../../../../arm-none-eabi/lib/thumb/v7e-m/nofp/libc_nano.a(lib_a-nano-mallocr.o)
                0x000000002000d8c8                __malloc_free_list
 .bss.__malloc_sbrk_start
                0x000000002000d8cc        0x4 /Applications/ARM/bin/../lib/gcc/arm-none-eabi/10.3.1/../../../../arm-none-eabi/lib/thumb/v7e-m/nofp/libc_nano.a(lib_a-nano-mallocr.o)
                0x000000002000d8cc                __malloc_sbrk_start
 .bss.errno     0x000000002000d8d0        0x4 /Applications/ARM/bin/../lib/gcc/arm-none-eabi/10.3.1/../../../../arm-none-eabi/lib/thumb/v7e-m/nofp/libc_nano.a(lib_a-reent.o)
                0x000000002000d8d0                errno
 .bss.__lock___malloc_recursive_mutex
                0x000000002000d8d4        0x1 /Applications/ARM/bin/../lib/gcc/arm-none-eabi/10.3.1/../../../../arm-none-eabi/lib/thumb/v7e-m/nofp/libc_nano.a(lib_a-lock.o)
                0x000000002000d8d4                __lock___malloc_recursive_mutex
 *(COMMON)
                0x000000002000d8d5                _ebss = .

.heap           0x000000002000d8d5    0x3232b
                0x000000002000d8d5                _heap = .
                0x000000002003fc00                . = (((((((. + LENGTH (SRAM)) - SIZEOF (.bss)) - SIZEOF (.data)) - SIZEOF (.ARM)) - SIZEOF (.text)) - SIZEOF (.bootloader)) - 0x400)
 *fill*         0x000000002000d8d5    0x3232b 
                0x000000002003fc00                . = ALIGN (0x400)
                0x000000002003fc00                _eheap = .
LOAD obj//Debug/main.o
LOAD obj//Debug/pinmux.o
LOAD obj//Debug/uart_if.o
LOAD obj//Debug/gpio_if.o
LOAD obj//Debug/startup_gcc.o
LOAD ../../../simplelink/gcc/lib/nonos/Debug/libsimplelink.a
LOAD ../../../driverlib/gcc/lib/Debug/libdriver.a
LOAD /Applications/ARM/bin/../lib/gcc/arm-none-eabi/10.3.1/../../../../arm-none-eabi/lib/thumb/v7e-m/nofp/libm.a
LOAD /Applications/ARM/bin/../lib/gcc/arm-none-eabi/10.3.1/../../../../arm-none-eabi/lib/thumb/v7e-m/nofp/libc_nano.a
LOAD /Applications/ARM/bin/../lib/gcc/arm-none-eabi/10.3.1/thumb/v7e-m/nofp/libgcc.a
LOAD /Applications/ARM/bin/../lib/gcc/arm-none-eabi/10.3.1/../../../../arm-none-eabi/lib/thumb/v7e-m/nofp/libnosys.a
OUTPUT(bin//Debug/p2p.elf elf32-littlearm)
LOAD linker stubs

.debug_info     0x0000000000000000     0xea02
 .debug_info    0x0000000000000000     0x1304 obj//Debug/main.o
 .debug_info    0x0000000000001304       0x46 obj//Debug/pinmux.o
 .debug_info    0x000000000000134a      0x2c4 obj//Debug/uart_if.o
 .debug_info    0x000000000000160e      0x408 obj//Debug/gpio_if.o
 .debug_info    0x0000000000001a16      0x1f9 obj//Debug/startup_gcc.o
 .debug_info    0x0000000000001c0f      0xfe1 ../../../simplelink/gcc/lib/nonos/Debug/libsimplelink.a(device.o)
 .debug_info    0x0000000000002bf0     0x23ec ../../../simplelink/gcc/lib/nonos/Debug/libsimplelink.a(driver.o)
 .debug_info    0x0000000000004fdc     0x1a66 ../../../simplelink/gcc/lib/nonos/Debug/libsimplelink.a(netapp.o)
 .debug_info    0x0000000000006a42      0x3d9 ../../../simplelink/gcc/lib/nonos/Debug/libsimplelink.a(netcfg.o)
 .debug_info    0x0000000000006e1b      0x6d3 ../../../simplelink/gcc/lib/nonos/Debug/libsimplelink.a(nonos.o)
 .debug_info    0x00000000000074ee     0x1bec ../../../simplelink/gcc/lib/nonos/Debug/libsimplelink.a(socket.o)
 .debug_info    0x00000000000090da     0x1c0e ../../../simplelink/gcc/lib/nonos/Debug/libsimplelink.a(wlan.o)
 .debug_info    0x000000000000ace8      0x6c6 ../../../simplelink/gcc/lib/nonos/Debug/libsimplelink.a(cc_pal.o)
 .debug_info    0x000000000000b3ae      0x3e6 ../../../driverlib/gcc/lib/Debug/libdriver.a(gpio.o)
 .debug_info    0x000000000000b794      0x3a2 ../../../driverlib/gcc/lib/Debug/libdriver.a(interrupt.o)
 .debug_info    0x000000000000bb36      0x422 ../../../driverlib/gcc/lib/Debug/libdriver.a(pin.o)
 .debug_info    0x000000000000bf58      0xac8 ../../../driverlib/gcc/lib/Debug/libdriver.a(prcm.o)
 .debug_info    0x000000000000ca20      0xa4b ../../../driverlib/gcc/lib/Debug/libdriver.a(spi.o)
 .debug_info    0x000000000000d46b      0x612 ../../../driverlib/gcc/lib/Debug/libdriver.a(timer.o)
 .debug_info    0x000000000000da7d      0x89d ../../../driverlib/gcc/lib/Debug/libdriver.a(uart.o)
 .debug_info    0x000000000000e31a      0x58d ../../../driverlib/gcc/lib/Debug/libdriver.a(udma.o)
 .debug_info    0x000000000000e8a7       0x52 ../../../driverlib/gcc/lib/Debug/libdriver.a(utils.o)
 .debug_info    0x000000000000e8f9      0x109 ../../../driverlib/gcc/lib/Debug/libdriver.a(cpu.o)

.debug_abbrev   0x0000000000000000     0x26ba
 .debug_abbrev  0x0000000000000000      0x303 obj//Debug/main.o
 .debug_abbrev  0x0000000000000303       0x39 obj//Debug/pinmux.o
 .debug_abbrev  0x000000000000033c      0x15d obj//Debug/uart_if.o
 .debug_abbrev  0x0000000000000499      0x14b obj//Debug/gpio_if.o
 .debug_abbrev  0x00000000000005e4      0x135 obj//Debug/startup_gcc.o
 .debug_abbrev  0x0000000000000719      0x2b0 ../../../simplelink/gcc/lib/nonos/Debug/libsimplelink.a(device.o)
 .debug_abbrev  0x00000000000009c9      0x36e ../../../simplelink/gcc/lib/nonos/Debug/libsimplelink.a(driver.o)
 .debug_abbrev  0x0000000000000d37      0x2f4 ../../../simplelink/gcc/lib/nonos/Debug/libsimplelink.a(netapp.o)
 .debug_abbrev  0x000000000000102b      0x159 ../../../simplelink/gcc/lib/nonos/Debug/libsimplelink.a(netcfg.o)
 .debug_abbrev  0x0000000000001184      0x1ae ../../../simplelink/gcc/lib/nonos/Debug/libsimplelink.a(nonos.o)
 .debug_abbrev  0x0000000000001332      0x311 ../../../simplelink/gcc/lib/nonos/Debug/libsimplelink.a(socket.o)
 .debug_abbrev  0x0000000000001643      0x287 ../../../simplelink/gcc/lib/nonos/Debug/libsimplelink.a(wlan.o)
 .debug_abbrev  0x00000000000018ca      0x1fb ../../../simplelink/gcc/lib/nonos/Debug/libsimplelink.a(cc_pal.o)
 .debug_abbrev  0x0000000000001ac5      0x12e ../../../driverlib/gcc/lib/Debug/libdriver.a(gpio.o)
 .debug_abbrev  0x0000000000001bf3      0x15d ../../../driverlib/gcc/lib/Debug/libdriver.a(interrupt.o)
 .debug_abbrev  0x0000000000001d50      0x120 ../../../driverlib/gcc/lib/Debug/libdriver.a(pin.o)
 .debug_abbrev  0x0000000000001e70      0x206 ../../../driverlib/gcc/lib/Debug/libdriver.a(prcm.o)
 .debug_abbrev  0x0000000000002076      0x161 ../../../driverlib/gcc/lib/Debug/libdriver.a(spi.o)
 .debug_abbrev  0x00000000000021d7       0xec ../../../driverlib/gcc/lib/Debug/libdriver.a(timer.o)
 .debug_abbrev  0x00000000000022c3      0x145 ../../../driverlib/gcc/lib/Debug/libdriver.a(uart.o)
 .debug_abbrev  0x0000000000002408      0x186 ../../../driverlib/gcc/lib/Debug/libdriver.a(udma.o)
 .debug_abbrev  0x000000000000258e       0x4c ../../../driverlib/gcc/lib/Debug/libdriver.a(utils.o)
 .debug_abbrev  0x00000000000025da       0xe0 ../../../driverlib/gcc/lib/Debug/libdriver.a(cpu.o)

.debug_aranges  0x0000000000000000      0xe90
 .debug_aranges
                0x0000000000000000       0x90 obj//Debug/main.o
 .debug_aranges
                0x0000000000000090       0x20 obj//Debug/pinmux.o
 .debug_aranges
                0x00000000000000b0       0x50 obj//Debug/uart_if.o
 .debug_aranges
                0x0000000000000100       0x68 obj//Debug/gpio_if.o
 .debug_aranges
                0x0000000000000168       0x48 obj//Debug/startup_gcc.o
 .debug_aranges
                0x00000000000001b0       0x78 ../../../simplelink/gcc/lib/nonos/Debug/libsimplelink.a(device.o)
 .debug_aranges
                0x0000000000000228      0x148 ../../../simplelink/gcc/lib/nonos/Debug/libsimplelink.a(driver.o)
 .debug_aranges
                0x0000000000000370       0xa8 ../../../simplelink/gcc/lib/nonos/Debug/libsimplelink.a(netapp.o)
 .debug_aranges
                0x0000000000000418       0x28 ../../../simplelink/gcc/lib/nonos/Debug/libsimplelink.a(netcfg.o)
 .debug_aranges
                0x0000000000000440       0x38 ../../../simplelink/gcc/lib/nonos/Debug/libsimplelink.a(nonos.o)
 .debug_aranges
                0x0000000000000478       0xe0 ../../../simplelink/gcc/lib/nonos/Debug/libsimplelink.a(socket.o)
 .debug_aranges
                0x0000000000000558       0xb0 ../../../simplelink/gcc/lib/nonos/Debug/libsimplelink.a(wlan.o)
 .debug_aranges
                0x0000000000000608       0xc0 ../../../simplelink/gcc/lib/nonos/Debug/libsimplelink.a(cc_pal.o)
 .debug_aranges
                0x00000000000006c8       0x90 ../../../driverlib/gcc/lib/Debug/libdriver.a(gpio.o)
 .debug_aranges
                0x0000000000000758       0x98 ../../../driverlib/gcc/lib/Debug/libdriver.a(interrupt.o)
 .debug_aranges
                0x00000000000007f0       0x90 ../../../driverlib/gcc/lib/Debug/libdriver.a(pin.o)
 .debug_aranges
                0x0000000000000880      0x1b8 ../../../driverlib/gcc/lib/Debug/libdriver.a(prcm.o)
 .debug_aranges
                0x0000000000000a38      0x100 ../../../driverlib/gcc/lib/Debug/libdriver.a(spi.o)
 .debug_aranges
                0x0000000000000b38       0xd8 ../../../driverlib/gcc/lib/Debug/libdriver.a(timer.o)
 .debug_aranges
                0x0000000000000c10      0x140 ../../../driverlib/gcc/lib/Debug/libdriver.a(uart.o)
 .debug_aranges
                0x0000000000000d50       0xd8 ../../../driverlib/gcc/lib/Debug/libdriver.a(udma.o)
 .debug_aranges
                0x0000000000000e28       0x20 ../../../driverlib/gcc/lib/Debug/libdriver.a(utils.o)
 .debug_aranges
                0x0000000000000e48       0x48 ../../../driverlib/gcc/lib/Debug/libdriver.a(cpu.o)

.debug_ranges   0x0000000000000000      0xd50
 .debug_ranges  0x0000000000000000       0x98 obj//Debug/main.o
 .debug_ranges  0x0000000000000098       0x10 obj//Debug/pinmux.o
 .debug_ranges  0x00000000000000a8       0x40 obj//Debug/uart_if.o
 .debug_ranges  0x00000000000000e8       0x58 obj//Debug/gpio_if.o
 .debug_ranges  0x0000000000000140       0x38 obj//Debug/startup_gcc.o
 .debug_ranges  0x0000000000000178       0x68 ../../../simplelink/gcc/lib/nonos/Debug/libsimplelink.a(device.o)
 .debug_ranges  0x00000000000001e0      0x150 ../../../simplelink/gcc/lib/nonos/Debug/libsimplelink.a(driver.o)
 .debug_ranges  0x0000000000000330       0x98 ../../../simplelink/gcc/lib/nonos/Debug/libsimplelink.a(netapp.o)
 .debug_ranges  0x00000000000003c8       0x18 ../../../simplelink/gcc/lib/nonos/Debug/libsimplelink.a(netcfg.o)
 .debug_ranges  0x00000000000003e0       0x28 ../../../simplelink/gcc/lib/nonos/Debug/libsimplelink.a(nonos.o)
 .debug_ranges  0x0000000000000408       0xd0 ../../../simplelink/gcc/lib/nonos/Debug/libsimplelink.a(socket.o)
 .debug_ranges  0x00000000000004d8       0xa0 ../../../simplelink/gcc/lib/nonos/Debug/libsimplelink.a(wlan.o)
 .debug_ranges  0x0000000000000578       0xb0 ../../../simplelink/gcc/lib/nonos/Debug/libsimplelink.a(cc_pal.o)
 .debug_ranges  0x0000000000000628       0x80 ../../../driverlib/gcc/lib/Debug/libdriver.a(gpio.o)
 .debug_ranges  0x00000000000006a8       0x88 ../../../driverlib/gcc/lib/Debug/libdriver.a(interrupt.o)
 .debug_ranges  0x0000000000000730       0x80 ../../../driverlib/gcc/lib/Debug/libdriver.a(pin.o)
 .debug_ranges  0x00000000000007b0      0x1a8 ../../../driverlib/gcc/lib/Debug/libdriver.a(prcm.o)
 .debug_ranges  0x0000000000000958       0xf0 ../../../driverlib/gcc/lib/Debug/libdriver.a(spi.o)
 .debug_ranges  0x0000000000000a48       0xc8 ../../../driverlib/gcc/lib/Debug/libdriver.a(timer.o)
 .debug_ranges  0x0000000000000b10      0x130 ../../../driverlib/gcc/lib/Debug/libdriver.a(uart.o)
 .debug_ranges  0x0000000000000c40       0xc8 ../../../driverlib/gcc/lib/Debug/libdriver.a(udma.o)
 .debug_ranges  0x0000000000000d08       0x10 ../../../driverlib/gcc/lib/Debug/libdriver.a(utils.o)
 .debug_ranges  0x0000000000000d18       0x38 ../../../driverlib/gcc/lib/Debug/libdriver.a(cpu.o)

.debug_line     0x0000000000000000     0x7249
 .debug_line    0x0000000000000000      0x713 obj//Debug/main.o
 .debug_line    0x0000000000000713       0x4a obj//Debug/pinmux.o
 .debug_line    0x000000000000075d      0x263 obj//Debug/uart_if.o
 .debug_line    0x00000000000009c0      0x1d3 obj//Debug/gpio_if.o
 .debug_line    0x0000000000000b93      0x18c obj//Debug/startup_gcc.o
 .debug_line    0x0000000000000d1f      0x4b2 ../../../simplelink/gcc/lib/nonos/Debug/libsimplelink.a(device.o)
 .debug_line    0x00000000000011d1     0x12a2 ../../../simplelink/gcc/lib/nonos/Debug/libsimplelink.a(driver.o)
 .debug_line    0x0000000000002473      0x7cc ../../../simplelink/gcc/lib/nonos/Debug/libsimplelink.a(netapp.o)
 .debug_line    0x0000000000002c3f      0x156 ../../../simplelink/gcc/lib/nonos/Debug/libsimplelink.a(netcfg.o)
 .debug_line    0x0000000000002d95      0x1d7 ../../../simplelink/gcc/lib/nonos/Debug/libsimplelink.a(nonos.o)
 .debug_line    0x0000000000002f6c      0xa45 ../../../simplelink/gcc/lib/nonos/Debug/libsimplelink.a(socket.o)
 .debug_line    0x00000000000039b1      0x8cf ../../../simplelink/gcc/lib/nonos/Debug/libsimplelink.a(wlan.o)
 .debug_line    0x0000000000004280      0x586 ../../../simplelink/gcc/lib/nonos/Debug/libsimplelink.a(cc_pal.o)
 .debug_line    0x0000000000004806      0x381 ../../../driverlib/gcc/lib/Debug/libdriver.a(gpio.o)
 .debug_line    0x0000000000004b87      0x379 ../../../driverlib/gcc/lib/Debug/libdriver.a(interrupt.o)
 .debug_line    0x0000000000004f00      0x26f ../../../driverlib/gcc/lib/Debug/libdriver.a(pin.o)
 .debug_line    0x000000000000516f      0x940 ../../../driverlib/gcc/lib/Debug/libdriver.a(prcm.o)
 .debug_line    0x0000000000005aaf      0x6de ../../../driverlib/gcc/lib/Debug/libdriver.a(spi.o)
 .debug_line    0x000000000000618d      0x500 ../../../driverlib/gcc/lib/Debug/libdriver.a(timer.o)
 .debug_line    0x000000000000668d      0x5b3 ../../../driverlib/gcc/lib/Debug/libdriver.a(uart.o)
 .debug_line    0x0000000000006c40      0x4fa ../../../driverlib/gcc/lib/Debug/libdriver.a(udma.o)
 .debug_line    0x000000000000713a       0x43 ../../../driverlib/gcc/lib/Debug/libdriver.a(utils.o)
 .debug_line    0x000000000000717d       0xcc ../../../driverlib/gcc/lib/Debug/libdriver.a(cpu.o)

.debug_str      0x0000000000000000     0x5ae2
 .debug_str     0x0000000000000000     0x1018 obj//Debug/main.o
                                       0x1125 (size before relaxing)
 .debug_str     0x0000000000001018       0x19 obj//Debug/pinmux.o
                                        0x111 (size before relaxing)
 .debug_str     0x0000000000001031       0xdf obj//Debug/uart_if.o
                                        0x264 (size before relaxing)
 .debug_str     0x0000000000001110      0x19f obj//Debug/gpio_if.o
                                        0x41c (size before relaxing)
 .debug_str     0x00000000000012af       0xcf obj//Debug/startup_gcc.o
                                        0x248 (size before relaxing)
 .debug_str     0x000000000000137e      0x89e ../../../simplelink/gcc/lib/nonos/Debug/libsimplelink.a(device.o)
                                        0xdb7 (size before relaxing)
 .debug_str     0x0000000000001c1c      0x93d ../../../simplelink/gcc/lib/nonos/Debug/libsimplelink.a(driver.o)
                                       0x17f0 (size before relaxing)
 .debug_str     0x0000000000002559      0x95e ../../../simplelink/gcc/lib/nonos/Debug/libsimplelink.a(netapp.o)
                                       0x12fd (size before relaxing)
 .debug_str     0x0000000000002eb7       0x9d ../../../simplelink/gcc/lib/nonos/Debug/libsimplelink.a(netcfg.o)
                                        0x43c (size before relaxing)
 .debug_str     0x0000000000002f54       0x8e ../../../simplelink/gcc/lib/nonos/Debug/libsimplelink.a(nonos.o)
                                        0x5e7 (size before relaxing)
 .debug_str     0x0000000000002fe2      0x5db ../../../simplelink/gcc/lib/nonos/Debug/libsimplelink.a(socket.o)
                                        0xe3d (size before relaxing)
 .debug_str     0x00000000000035bd      0xd1d ../../../simplelink/gcc/lib/nonos/Debug/libsimplelink.a(wlan.o)
                                       0x1095 (size before relaxing)
 .debug_str     0x00000000000042da      0x33f ../../../simplelink/gcc/lib/nonos/Debug/libsimplelink.a(cc_pal.o)
                                        0x4c4 (size before relaxing)
 .debug_str     0x0000000000004619      0x18e ../../../driverlib/gcc/lib/Debug/libdriver.a(gpio.o)
                                        0x274 (size before relaxing)
 .debug_str     0x00000000000047a7      0x17f ../../../driverlib/gcc/lib/Debug/libdriver.a(interrupt.o)
                                        0x2d5 (size before relaxing)
 .debug_str     0x0000000000004926      0x10d ../../../driverlib/gcc/lib/Debug/libdriver.a(pin.o)
                                        0x239 (size before relaxing)
 .debug_str     0x0000000000004a33      0x608 ../../../driverlib/gcc/lib/Debug/libdriver.a(prcm.o)
                                        0x75c (size before relaxing)
 .debug_str     0x000000000000503b      0x2bc ../../../driverlib/gcc/lib/Debug/libdriver.a(spi.o)
                                        0x45a (size before relaxing)
 .debug_str     0x00000000000052f7      0x1b5 ../../../driverlib/gcc/lib/Debug/libdriver.a(timer.o)
                                        0x2ea (size before relaxing)
 .debug_str     0x00000000000054ac      0x2d4 ../../../driverlib/gcc/lib/Debug/libdriver.a(uart.o)
                                        0x462 (size before relaxing)
 .debug_str     0x0000000000005780      0x2f0 ../../../driverlib/gcc/lib/Debug/libdriver.a(udma.o)
                                        0x418 (size before relaxing)
 .debug_str     0x0000000000005a70       0x16 ../../../driverlib/gcc/lib/Debug/libdriver.a(utils.o)
                                        0x106 (size before relaxing)
 .debug_str     0x0000000000005a86       0x5c ../../../driverlib/gcc/lib/Debug/libdriver.a(cpu.o)
                                        0x144 (size before relaxing)

.comment        0x0000000000000000       0x49
 .comment       0x0000000000000000       0x49 obj//Debug/main.o
                                         0x4a (size before relaxing)
 .comment       0x0000000000000049       0x4a obj//Debug/pinmux.o
 .comment       0x0000000000000049       0x4a obj//Debug/uart_if.o
 .comment       0x0000000000000049       0x4a obj//Debug/gpio_if.o
 .comment       0x0000000000000049       0x4a obj//Debug/startup_gcc.o
 .comment       0x0000000000000049       0x4a ../../../simplelink/gcc/lib/nonos/Debug/libsimplelink.a(device.o)
 .comment       0x0000000000000049       0x4a ../../../simplelink/gcc/lib/nonos/Debug/libsimplelink.a(driver.o)
 .comment       0x0000000000000049       0x4a ../../../simplelink/gcc/lib/nonos/Debug/libsimplelink.a(netapp.o)
 .comment       0x0000000000000049       0x4a ../../../simplelink/gcc/lib/nonos/Debug/libsimplelink.a(netcfg.o)
 .comment       0x0000000000000049       0x4a ../../../simplelink/gcc/lib/nonos/Debug/libsimplelink.a(nonos.o)
 .comment       0x0000000000000049       0x4a ../../../simplelink/gcc/lib/nonos/Debug/libsimplelink.a(socket.o)
 .comment       0x0000000000000049       0x4a ../../../simplelink/gcc/lib/nonos/Debug/libsimplelink.a(wlan.o)
 .comment       0x0000000000000049       0x4a ../../../simplelink/gcc/lib/nonos/Debug/libsimplelink.a(cc_pal.o)
 .comment       0x0000000000000049       0x4a ../../../driverlib/gcc/lib/Debug/libdriver.a(gpio.o)
 .comment       0x0000000000000049       0x4a ../../../driverlib/gcc/lib/Debug/libdriver.a(interrupt.o)
 .comment       0x0000000000000049       0x4a ../../../driverlib/gcc/lib/Debug/libdriver.a(pin.o)
 .comment       0x0000000000000049       0x4a ../../../driverlib/gcc/lib/Debug/libdriver.a(prcm.o)
 .comment       0x0000000000000049       0x4a ../../../driverlib/gcc/lib/Debug/libdriver.a(spi.o)
 .comment       0x0000000000000049       0x4a ../../../driverlib/gcc/lib/Debug/libdriver.a(timer.o)
 .comment       0x0000000000000049       0x4a ../../../driverlib/gcc/lib/Debug/libdriver.a(uart.o)
 .comment       0x0000000000000049       0x4a ../../../driverlib/gcc/lib/Debug/libdriver.a(udma.o)
 .comment       0x0000000000000049       0x4a ../../../driverlib/gcc/lib/Debug/libdriver.a(utils.o)
 .comment       0x0000000000000049       0x4a ../../../driverlib/gcc/lib/Debug/libdriver.a(cpu.o)

.ARM.attributes
                0x0000000000000000       0x2c
 .ARM.attributes
                0x0000000000000000       0x2e obj//Debug/main.o
 .ARM.attributes
                0x000000000000002e       0x2e obj//Debug/pinmux.o
 .ARM.attributes
                0x000000000000005c       0x2e obj//Debug/uart_if.o
 .ARM.attributes
                0x000000000000008a       0x2e obj//Debug/gpio_if.o
 .ARM.attributes
                0x00000000000000b8       0x2e obj//Debug/startup_gcc.o
 .ARM.attributes
                0x00000000000000e6       0x2e ../../../simplelink/gcc/lib/nonos/Debug/libsimplelink.a(device.o)
 .ARM.attributes
                0x0000000000000114       0x2e ../../../simplelink/gcc/lib/nonos/Debug/libsimplelink.a(driver.o)
 .ARM.attributes
                0x0000000000000142       0x2e ../../../simplelink/gcc/lib/nonos/Debug/libsimplelink.a(netapp.o)
 .ARM.attributes
                0x0000000000000170       0x2e ../../../simplelink/gcc/lib/nonos/Debug/libsimplelink.a(netcfg.o)
 .ARM.attributes
                0x000000000000019e       0x2e ../../../simplelink/gcc/lib/nonos/Debug/libsimplelink.a(nonos.o)
 .ARM.attributes
                0x00000000000001cc       0x2e ../../../simplelink/gcc/lib/nonos/Debug/libsimplelink.a(socket.o)
 .ARM.attributes
                0x00000000000001fa       0x2e ../../../simplelink/gcc/lib/nonos/Debug/libsimplelink.a(wlan.o)
 .ARM.attributes
                0x0000000000000228       0x2e ../../../simplelink/gcc/lib/nonos/Debug/libsimplelink.a(cc_pal.o)
 .ARM.attributes
                0x0000000000000256       0x2e ../../../driverlib/gcc/lib/Debug/libdriver.a(gpio.o)
 .ARM.attributes
                0x0000000000000284       0x2e ../../../driverlib/gcc/lib/Debug/libdriver.a(interrupt.o)
 .ARM.attributes
                0x00000000000002b2       0x2e ../../../driverlib/gcc/lib/Debug/libdriver.a(pin.o)
 .ARM.attributes
                0x00000000000002e0       0x2e ../../../driverlib/gcc/lib/Debug/libdriver.a(prcm.o)
 .ARM.attributes
                0x000000000000030e       0x2e ../../../driverlib/gcc/lib/Debug/libdriver.a(spi.o)
 .ARM.attributes
                0x000000000000033c       0x2e ../../../driverlib/gcc/lib/Debug/libdriver.a(timer.o)
 .ARM.attributes
                0x000000000000036a       0x2e ../../../driverlib/gcc/lib/Debug/libdriver.a(uart.o)
 .ARM.attributes
                0x0000000000000398       0x2e ../../../driverlib/gcc/lib/Debug/libdriver.a(udma.o)
 .ARM.attributes
                0x00000000000003c6       0x2e ../../../driverlib/gcc/lib/Debug/libdriver.a(utils.o)
 .ARM.attributes
                0x00000000000003f4       0x2e ../../../driverlib/gcc/lib/Debug/libdriver.a(cpu.o)
 .ARM.attributes
                0x0000000000000422       0x2e /Applications/ARM/bin/../lib/gcc/arm-none-eabi/10.3.1/../../../../arm-none-eabi/lib/thumb/v7e-m/nofp/libc_nano.a(lib_a-malloc.o)
 .ARM.attributes
                0x0000000000000450       0x2e /Applications/ARM/bin/../lib/gcc/arm-none-eabi/10.3.1/../../../../arm-none-eabi/lib/thumb/v7e-m/nofp/libc_nano.a(lib_a-memcpy-stub.o)
 .ARM.attributes
                0x000000000000047e       0x2e /Applications/ARM/bin/../lib/gcc/arm-none-eabi/10.3.1/../../../../arm-none-eabi/lib/thumb/v7e-m/nofp/libc_nano.a(lib_a-memmove.o)
 .ARM.attributes
                0x00000000000004ac       0x2e /Applications/ARM/bin/../lib/gcc/arm-none-eabi/10.3.1/../../../../arm-none-eabi/lib/thumb/v7e-m/nofp/libc_nano.a(lib_a-memset.o)
 .ARM.attributes
                0x00000000000004da       0x2e /Applications/ARM/bin/../lib/gcc/arm-none-eabi/10.3.1/../../../../arm-none-eabi/lib/thumb/v7e-m/nofp/libc_nano.a(lib_a-nano-freer.o)
 .ARM.attributes
                0x0000000000000508       0x2e /Applications/ARM/bin/../lib/gcc/arm-none-eabi/10.3.1/../../../../arm-none-eabi/lib/thumb/v7e-m/nofp/libc_nano.a(lib_a-nano-mallocr.o)
 .ARM.attributes
                0x0000000000000536       0x2e /Applications/ARM/bin/../lib/gcc/arm-none-eabi/10.3.1/../../../../arm-none-eabi/lib/thumb/v7e-m/nofp/libc_nano.a(lib_a-realloc.o)
 .ARM.attributes
                0x0000000000000564       0x2e /Applications/ARM/bin/../lib/gcc/arm-none-eabi/10.3.1/../../../../arm-none-eabi/lib/thumb/v7e-m/nofp/libc_nano.a(lib_a-sbrkr.o)
 .ARM.attributes
                0x0000000000000592       0x17 /Applications/ARM/bin/../lib/gcc/arm-none-eabi/10.3.1/../../../../arm-none-eabi/lib/thumb/v7e-m/nofp/libc_nano.a(lib_a-strlen.o)
 .ARM.attributes
                0x00000000000005a9       0x2e /Applications/ARM/bin/../lib/gcc/arm-none-eabi/10.3.1/../../../../arm-none-eabi/lib/thumb/v7e-m/nofp/libc_nano.a(lib_a-vsnprintf.o)
 .ARM.attributes
                0x00000000000005d7       0x2e /Applications/ARM/bin/../lib/gcc/arm-none-eabi/10.3.1/../../../../arm-none-eabi/lib/thumb/v7e-m/nofp/libc_nano.a(lib_a-impure.o)
 .ARM.attributes
                0x0000000000000605       0x2e /Applications/ARM/bin/../lib/gcc/arm-none-eabi/10.3.1/../../../../arm-none-eabi/lib/thumb/v7e-m/nofp/libc_nano.a(lib_a-mlock.o)
 .ARM.attributes
                0x0000000000000633       0x2e /Applications/ARM/bin/../lib/gcc/arm-none-eabi/10.3.1/../../../../arm-none-eabi/lib/thumb/v7e-m/nofp/libc_nano.a(lib_a-nano-reallocr.o)
 .ARM.attributes
                0x0000000000000661       0x2e /Applications/ARM/bin/../lib/gcc/arm-none-eabi/10.3.1/../../../../arm-none-eabi/lib/thumb/v7e-m/nofp/libc_nano.a(lib_a-nano-svfprintf.o)
 .ARM.attributes
                0x000000000000068f       0x2e /Applications/ARM/bin/../lib/gcc/arm-none-eabi/10.3.1/../../../../arm-none-eabi/lib/thumb/v7e-m/nofp/libc_nano.a(lib_a-nano-vfprintf_i.o)
 .ARM.attributes
                0x00000000000006bd       0x2e /Applications/ARM/bin/../lib/gcc/arm-none-eabi/10.3.1/../../../../arm-none-eabi/lib/thumb/v7e-m/nofp/libc_nano.a(lib_a-reent.o)
 .ARM.attributes
                0x00000000000006eb       0x2e /Applications/ARM/bin/../lib/gcc/arm-none-eabi/10.3.1/../../../../arm-none-eabi/lib/thumb/v7e-m/nofp/libc_nano.a(lib_a-lock.o)
 .ARM.attributes
                0x0000000000000719       0x1c /Applications/ARM/bin/../lib/gcc/arm-none-eabi/10.3.1/../../../../arm-none-eabi/lib/thumb/v7e-m/nofp/libc_nano.a(lib_a-memchr.o)
 .ARM.attributes
                0x0000000000000735       0x2e /Applications/ARM/bin/../lib/gcc/arm-none-eabi/10.3.1/../../../../arm-none-eabi/lib/thumb/v7e-m/nofp/libc_nano.a(lib_a-nano-msizer.o)

.debug_frame    0x0000000000000000     0x3ef4
 .debug_frame   0x0000000000000000      0x23c obj//Debug/main.o
 .debug_frame   0x000000000000023c       0x2c obj//Debug/pinmux.o
 .debug_frame   0x0000000000000268      0x12c obj//Debug/uart_if.o
 .debug_frame   0x0000000000000394      0x180 obj//Debug/gpio_if.o
 .debug_frame   0x0000000000000514       0xbc obj//Debug/startup_gcc.o
 .debug_frame   0x00000000000005d0      0x1c4 ../../../simplelink/gcc/lib/nonos/Debug/libsimplelink.a(device.o)
 .debug_frame   0x0000000000000794      0x57c ../../../simplelink/gcc/lib/nonos/Debug/libsimplelink.a(driver.o)
 .debug_frame   0x0000000000000d10      0x2a4 ../../../simplelink/gcc/lib/nonos/Debug/libsimplelink.a(netapp.o)
 .debug_frame   0x0000000000000fb4       0x58 ../../../simplelink/gcc/lib/nonos/Debug/libsimplelink.a(netcfg.o)
 .debug_frame   0x000000000000100c       0xa8 ../../../simplelink/gcc/lib/nonos/Debug/libsimplelink.a(nonos.o)
 .debug_frame   0x00000000000010b4      0x3b0 ../../../simplelink/gcc/lib/nonos/Debug/libsimplelink.a(socket.o)
 .debug_frame   0x0000000000001464      0x2a8 ../../../simplelink/gcc/lib/nonos/Debug/libsimplelink.a(wlan.o)
 .debug_frame   0x000000000000170c      0x2d0 ../../../simplelink/gcc/lib/nonos/Debug/libsimplelink.a(cc_pal.o)
 .debug_frame   0x00000000000019dc      0x260 ../../../driverlib/gcc/lib/Debug/libdriver.a(gpio.o)
 .debug_frame   0x0000000000001c3c      0x258 ../../../driverlib/gcc/lib/Debug/libdriver.a(interrupt.o)
 .debug_frame   0x0000000000001e94      0x244 ../../../driverlib/gcc/lib/Debug/libdriver.a(pin.o)
 .debug_frame   0x00000000000020d8      0x7a4 ../../../driverlib/gcc/lib/Debug/libdriver.a(prcm.o)
 .debug_frame   0x000000000000287c      0x480 ../../../driverlib/gcc/lib/Debug/libdriver.a(spi.o)
 .debug_frame   0x0000000000002cfc      0x3c8 ../../../driverlib/gcc/lib/Debug/libdriver.a(timer.o)
 .debug_frame   0x00000000000030c4      0x5cc ../../../driverlib/gcc/lib/Debug/libdriver.a(uart.o)
 .debug_frame   0x0000000000003690      0x390 ../../../driverlib/gcc/lib/Debug/libdriver.a(udma.o)
 .debug_frame   0x0000000000003a20       0x20 ../../../driverlib/gcc/lib/Debug/libdriver.a(utils.o)
 .debug_frame   0x0000000000003a40       0x70 ../../../driverlib/gcc/lib/Debug/libdriver.a(cpu.o)
 .debug_frame   0x0000000000003ab0       0x30 /Applications/ARM/bin/../lib/gcc/arm-none-eabi/10.3.1/../../../../arm-none-eabi/lib/thumb/v7e-m/nofp/libc_nano.a(lib_a-malloc.o)
 .debug_frame   0x0000000000003ae0       0x28 /Applications/ARM/bin/../lib/gcc/arm-none-eabi/10.3.1/../../../../arm-none-eabi/lib/thumb/v7e-m/nofp/libc_nano.a(lib_a-memcpy-stub.o)
 .debug_frame   0x0000000000003b08       0x28 /Applications/ARM/bin/../lib/gcc/arm-none-eabi/10.3.1/../../../../arm-none-eabi/lib/thumb/v7e-m/nofp/libc_nano.a(lib_a-memmove.o)
 .debug_frame   0x0000000000003b30       0x20 /Applications/ARM/bin/../lib/gcc/arm-none-eabi/10.3.1/../../../../arm-none-eabi/lib/thumb/v7e-m/nofp/libc_nano.a(lib_a-memset.o)
 .debug_frame   0x0000000000003b50       0x38 /Applications/ARM/bin/../lib/gcc/arm-none-eabi/10.3.1/../../../../arm-none-eabi/lib/thumb/v7e-m/nofp/libc_nano.a(lib_a-nano-freer.o)
 .debug_frame   0x0000000000003b88       0x4c /Applications/ARM/bin/../lib/gcc/arm-none-eabi/10.3.1/../../../../arm-none-eabi/lib/thumb/v7e-m/nofp/libc_nano.a(lib_a-nano-mallocr.o)
 .debug_frame   0x0000000000003bd4       0x20 /Applications/ARM/bin/../lib/gcc/arm-none-eabi/10.3.1/../../../../arm-none-eabi/lib/thumb/v7e-m/nofp/libc_nano.a(lib_a-realloc.o)
 .debug_frame   0x0000000000003bf4       0x2c /Applications/ARM/bin/../lib/gcc/arm-none-eabi/10.3.1/../../../../arm-none-eabi/lib/thumb/v7e-m/nofp/libc_nano.a(lib_a-sbrkr.o)
 .debug_frame   0x0000000000003c20       0x4c /Applications/ARM/bin/../lib/gcc/arm-none-eabi/10.3.1/../../../../arm-none-eabi/lib/thumb/v7e-m/nofp/libc_nano.a(lib_a-vsnprintf.o)
 .debug_frame   0x0000000000003c6c       0x30 /Applications/ARM/bin/../lib/gcc/arm-none-eabi/10.3.1/../../../../arm-none-eabi/lib/thumb/v7e-m/nofp/libc_nano.a(lib_a-mlock.o)
 .debug_frame   0x0000000000003c9c       0x3c /Applications/ARM/bin/../lib/gcc/arm-none-eabi/10.3.1/../../../../arm-none-eabi/lib/thumb/v7e-m/nofp/libc_nano.a(lib_a-nano-reallocr.o)
 .debug_frame   0x0000000000003cd8       0x90 /Applications/ARM/bin/../lib/gcc/arm-none-eabi/10.3.1/../../../../arm-none-eabi/lib/thumb/v7e-m/nofp/libc_nano.a(lib_a-nano-svfprintf.o)
 .debug_frame   0x0000000000003d68       0x60 /Applications/ARM/bin/../lib/gcc/arm-none-eabi/10.3.1/../../../../arm-none-eabi/lib/thumb/v7e-m/nofp/libc_nano.a(lib_a-nano-vfprintf_i.o)
 .debug_frame   0x0000000000003dc8       0x5c /Applications/ARM/bin/../lib/gcc/arm-none-eabi/10.3.1/../../../../arm-none-eabi/lib/thumb/v7e-m/nofp/libc_nano.a(lib_a-reent.o)
 .debug_frame   0x0000000000003e24       0xb0 /Applications/ARM/bin/../lib/gcc/arm-none-eabi/10.3.1/../../../../arm-none-eabi/lib/thumb/v7e-m/nofp/libc_nano.a(lib_a-lock.o)
 .debug_frame   0x0000000000003ed4       0x20 /Applications/ARM/bin/../lib/gcc/arm-none-eabi/10.3.1/../../../../arm-none-eabi/lib/thumb/v7e-m/nofp/libc_nano.a(lib_a-nano-msizer.o)
