Archive member included to satisfy reference by file (symbol)

../../../driverlib/gcc/lib/Release/libdriver.a(interrupt.o)
                              obj//Release/main.o (IntEnable)
../../../driverlib/gcc/lib/Release/libdriver.a(prcm.o)
                              obj//Release/main.o (PRCMPeripheralClkEnable)
../../../driverlib/gcc/lib/Release/libdriver.a(systick.o)
                              obj//Release/main.o (SysTickEnable)
../../../driverlib/gcc/lib/Release/libdriver.a(utils.o)
                              ../../../driverlib/gcc/lib/Release/libdriver.a(prcm.o) (UtilsDelay)
../../../driverlib/gcc/lib/Release/libdriver.a(cpu.o)
                              ../../../driverlib/gcc/lib/Release/libdriver.a(interrupt.o) (CPUcpsid)
../../../driverlib/gcc/lib/Release/libdriver.a(flash.o)
                              ../../../driverlib/gcc/lib/Release/libdriver.a(prcm.o) (FlashDisable)
/Applications/ARM/bin/../lib/gcc/arm-none-eabi/10.3.1/../../../../arm-none-eabi/lib/thumb/v7e-m/nofp/libc_nano.a(lib_a-malloc.o)
                              obj//Release/main.o (malloc)
/Applications/ARM/bin/../lib/gcc/arm-none-eabi/10.3.1/../../../../arm-none-eabi/lib/thumb/v7e-m/nofp/libc_nano.a(lib_a-memcmp.o)
                              obj//Release/main.o (memcmp)
/Applications/ARM/bin/../lib/gcc/arm-none-eabi/10.3.1/../../../../arm-none-eabi/lib/thumb/v7e-m/nofp/libc_nano.a(lib_a-memcpy-stub.o)
                              obj//Release/startup_gcc.o (memcpy)
/Applications/ARM/bin/../lib/gcc/arm-none-eabi/10.3.1/../../../../arm-none-eabi/lib/thumb/v7e-m/nofp/libc_nano.a(lib_a-memmove.o)
                              obj//Release/uart_if.o (memmove)
/Applications/ARM/bin/../lib/gcc/arm-none-eabi/10.3.1/../../../../arm-none-eabi/lib/thumb/v7e-m/nofp/libc_nano.a(lib_a-memset.o)
                              obj//Release/main.o (memset)
/Applications/ARM/bin/../lib/gcc/arm-none-eabi/10.3.1/../../../../arm-none-eabi/lib/thumb/v7e-m/nofp/libc_nano.a(lib_a-nano-freer.o)
                              /Applications/ARM/bin/../lib/gcc/arm-none-eabi/10.3.1/../../../../arm-none-eabi/lib/thumb/v7e-m/nofp/libc_nano.a(lib_a-malloc.o) (_free_r)
/Applications/ARM/bin/../lib/gcc/arm-none-eabi/10.3.1/../../../../arm-none-eabi/lib/thumb/v7e-m/nofp/libc_nano.a(lib_a-nano-mallocr.o)
                              /Applications/ARM/bin/../lib/gcc/arm-none-eabi/10.3.1/../../../../arm-none-eabi/lib/thumb/v7e-m/nofp/libc_nano.a(lib_a-malloc.o) (_malloc_r)
/Applications/ARM/bin/../lib/gcc/arm-none-eabi/10.3.1/../../../../arm-none-eabi/lib/thumb/v7e-m/nofp/libc_nano.a(lib_a-realloc.o)
                              obj//Release/uart_if.o (realloc)
/Applications/ARM/bin/../lib/gcc/arm-none-eabi/10.3.1/../../../../arm-none-eabi/lib/thumb/v7e-m/nofp/libc_nano.a(lib_a-sbrkr.o)
                              /Applications/ARM/bin/../lib/gcc/arm-none-eabi/10.3.1/../../../../arm-none-eabi/lib/thumb/v7e-m/nofp/libc_nano.a(lib_a-nano-mallocr.o) (_sbrk_r)
/Applications/ARM/bin/../lib/gcc/arm-none-eabi/10.3.1/../../../../arm-none-eabi/lib/thumb/v7e-m/nofp/libc_nano.a(lib_a-strlen.o)
                              obj//Release/uart_if.o (strlen)
/Applications/ARM/bin/../lib/gcc/arm-none-eabi/10.3.1/../../../../arm-none-eabi/lib/thumb/v7e-m/nofp/libc_nano.a(lib_a-vsnprintf.o)
                              obj//Release/uart_if.o (vsnprintf)
/Applications/ARM/bin/../lib/gcc/arm-none-eabi/10.3.1/../../../../arm-none-eabi/lib/thumb/v7e-m/nofp/libc_nano.a(lib_a-impure.o)
                              /Applications/ARM/bin/../lib/gcc/arm-none-eabi/10.3.1/../../../../arm-none-eabi/lib/thumb/v7e-m/nofp/libc_nano.a(lib_a-malloc.o) (_impure_ptr)
/Applications/ARM/bin/../lib/gcc/arm-none-eabi/10.3.1/../../../../arm-none-eabi/lib/thumb/v7e-m/nofp/libc_nano.a(lib_a-mlock.o)
                              /Applications/ARM/bin/../lib/gcc/arm-none-eabi/10.3.1/../../../../arm-none-eabi/lib/thumb/v7e-m/nofp/libc_nano.a(lib_a-nano-freer.o) (__malloc_lock)
/Applications/ARM/bin/../lib/gcc/arm-none-eabi/10.3.1/../../../../arm-none-eabi/lib/thumb/v7e-m/nofp/libc_nano.a(lib_a-nano-reallocr.o)
                              /Applications/ARM/bin/../lib/gcc/arm-none-eabi/10.3.1/../../../../arm-none-eabi/lib/thumb/v7e-m/nofp/libc_nano.a(lib_a-realloc.o) (_realloc_r)
/Applications/ARM/bin/../lib/gcc/arm-none-eabi/10.3.1/../../../../arm-none-eabi/lib/thumb/v7e-m/nofp/libc_nano.a(lib_a-nano-svfprintf.o)
                              /Applications/ARM/bin/../lib/gcc/arm-none-eabi/10.3.1/../../../../arm-none-eabi/lib/thumb/v7e-m/nofp/libc_nano.a(lib_a-vsnprintf.o) (_svfprintf_r)
/Applications/ARM/bin/../lib/gcc/arm-none-eabi/10.3.1/../../../../arm-none-eabi/lib/thumb/v7e-m/nofp/libc_nano.a(lib_a-nano-vfprintf_i.o)
                              /Applications/ARM/bin/../lib/gcc/arm-none-eabi/10.3.1/../../../../arm-none-eabi/lib/thumb/v7e-m/nofp/libc_nano.a(lib_a-nano-svfprintf.o) (_printf_i)
/Applications/ARM/bin/../lib/gcc/arm-none-eabi/10.3.1/../../../../arm-none-eabi/lib/thumb/v7e-m/nofp/libc_nano.a(lib_a-reent.o)
                              /Applications/ARM/bin/../lib/gcc/arm-none-eabi/10.3.1/../../../../arm-none-eabi/lib/thumb/v7e-m/nofp/libc_nano.a(lib_a-sbrkr.o) (errno)
/Applications/ARM/bin/../lib/gcc/arm-none-eabi/10.3.1/../../../../arm-none-eabi/lib/thumb/v7e-m/nofp/libc_nano.a(lib_a-lock.o)
                              /Applications/ARM/bin/../lib/gcc/arm-none-eabi/10.3.1/../../../../arm-none-eabi/lib/thumb/v7e-m/nofp/libc_nano.a(lib_a-mlock.o) (__retarget_lock_acquire_recursive)
/Applications/ARM/bin/../lib/gcc/arm-none-eabi/10.3.1/../../../../arm-none-eabi/lib/thumb/v7e-m/nofp/libc_nano.a(lib_a-memchr.o)
                              /Applications/ARM/bin/../lib/gcc/arm-none-eabi/10.3.1/../../../../arm-none-eabi/lib/thumb/v7e-m/nofp/libc_nano.a(lib_a-nano-svfprintf.o) (memchr)
/Applications/ARM/bin/../lib/gcc/arm-none-eabi/10.3.1/../../../../arm-none-eabi/lib/thumb/v7e-m/nofp/libc_nano.a(lib_a-nano-msizer.o)
                              /Applications/ARM/bin/../lib/gcc/arm-none-eabi/10.3.1/../../../../arm-none-eabi/lib/thumb/v7e-m/nofp/libc_nano.a(lib_a-nano-reallocr.o) (_malloc_usable_size_r)
/Applications/ARM/bin/../lib/gcc/arm-none-eabi/10.3.1/thumb/v7e-m/nofp/libgcc.a(_aeabi_ldivmod.o)
                              ../../../driverlib/gcc/lib/Release/libdriver.a(prcm.o) (__aeabi_ldivmod)
/Applications/ARM/bin/../lib/gcc/arm-none-eabi/10.3.1/thumb/v7e-m/nofp/libgcc.a(_aeabi_uldivmod.o)
                              ../../../driverlib/gcc/lib/Release/libdriver.a(prcm.o) (__aeabi_uldivmod)
/Applications/ARM/bin/../lib/gcc/arm-none-eabi/10.3.1/thumb/v7e-m/nofp/libgcc.a(_udivmoddi4.o)
                              /Applications/ARM/bin/../lib/gcc/arm-none-eabi/10.3.1/thumb/v7e-m/nofp/libgcc.a(_aeabi_ldivmod.o) (__udivmoddi4)
/Applications/ARM/bin/../lib/gcc/arm-none-eabi/10.3.1/thumb/v7e-m/nofp/libgcc.a(_dvmd_tls.o)
                              /Applications/ARM/bin/../lib/gcc/arm-none-eabi/10.3.1/thumb/v7e-m/nofp/libgcc.a(_aeabi_ldivmod.o) (__aeabi_ldiv0)

Discarded input sections

 .text          0x0000000000000000        0x0 obj//Release/main.o
 .data          0x0000000000000000        0x0 obj//Release/main.o
 .bss           0x0000000000000000        0x0 obj//Release/main.o
 .text          0x0000000000000000        0x0 obj//Release/pinmux.o
 .data          0x0000000000000000        0x0 obj//Release/pinmux.o
 .bss           0x0000000000000000        0x0 obj//Release/pinmux.o
 .text          0x0000000000000000        0x0 obj//Release/uart_if.o
 .data          0x0000000000000000        0x0 obj//Release/uart_if.o
 .bss           0x0000000000000000        0x0 obj//Release/uart_if.o
 .rodata.ClearTerm.str1.1
                0x0000000000000000        0x6 obj//Release/uart_if.o
 .text.ClearTerm
                0x0000000000000000        0xc obj//Release/uart_if.o
 .text.Error    0x0000000000000000       0x34 obj//Release/uart_if.o
 .text.TrimSpace
                0x0000000000000000       0x4c obj//Release/uart_if.o
 .rodata.GetCmd.str1.1
                0x0000000000000000        0x3 obj//Release/uart_if.o
 .text.GetCmd   0x0000000000000000       0x9c obj//Release/uart_if.o
 .data.ilen     0x0000000000000000        0x4 obj//Release/uart_if.o
 .text          0x0000000000000000        0x0 obj//Release/udma_if.o
 .data          0x0000000000000000        0x0 obj//Release/udma_if.o
 .bss           0x0000000000000000        0x0 obj//Release/udma_if.o
 .text.UDMAChannelSelect
                0x0000000000000000       0x30 obj//Release/udma_if.o
 .text.UDMAStartTransfer
                0x0000000000000000        0xa obj//Release/udma_if.o
 .text.UDMAStopTransfer
                0x0000000000000000        0xa obj//Release/udma_if.o
 .text.UDMADeInit
                0x0000000000000000       0x24 obj//Release/udma_if.o
 .text.UDMASetupAutoMemTransfer
                0x0000000000000000       0x22 obj//Release/udma_if.o
 .text.UDMASetupPingPongTransfer
                0x0000000000000000       0x48 obj//Release/udma_if.o
 .text          0x0000000000000000        0x0 obj//Release/startup_gcc.o
 .data          0x0000000000000000        0x0 obj//Release/startup_gcc.o
 .bss           0x0000000000000000        0x0 obj//Release/startup_gcc.o
 .text          0x0000000000000000        0x0 ../../../driverlib/gcc/lib/Release/libdriver.a(interrupt.o)
 .data          0x0000000000000000        0x0 ../../../driverlib/gcc/lib/Release/libdriver.a(interrupt.o)
 .bss           0x0000000000000000        0x0 ../../../driverlib/gcc/lib/Release/libdriver.a(interrupt.o)
 .text.IntDefaultHandler
                0x0000000000000000        0x2 ../../../driverlib/gcc/lib/Release/libdriver.a(interrupt.o)
 .text.IntMasterEnable
                0x0000000000000000        0xa ../../../driverlib/gcc/lib/Release/libdriver.a(interrupt.o)
 .text.IntMasterDisable
                0x0000000000000000        0xa ../../../driverlib/gcc/lib/Release/libdriver.a(interrupt.o)
 .text.IntVTableBaseSet
                0x0000000000000000        0xa ../../../driverlib/gcc/lib/Release/libdriver.a(interrupt.o)
 .text.IntUnregister
                0x0000000000000000       0x14 ../../../driverlib/gcc/lib/Release/libdriver.a(interrupt.o)
 .text.IntPriorityGroupingSet
                0x0000000000000000       0x1c ../../../driverlib/gcc/lib/Release/libdriver.a(interrupt.o)
 .text.IntPriorityGroupingGet
                0x0000000000000000       0x24 ../../../driverlib/gcc/lib/Release/libdriver.a(interrupt.o)
 .text.IntPrioritySet
                0x0000000000000000       0x28 ../../../driverlib/gcc/lib/Release/libdriver.a(interrupt.o)
 .text.IntPriorityGet
                0x0000000000000000       0x1c ../../../driverlib/gcc/lib/Release/libdriver.a(interrupt.o)
 .text.IntDisable
                0x0000000000000000       0x74 ../../../driverlib/gcc/lib/Release/libdriver.a(interrupt.o)
 .text.IntPendSet
                0x0000000000000000       0x60 ../../../driverlib/gcc/lib/Release/libdriver.a(interrupt.o)
 .text.IntPendClear
                0x0000000000000000       0x48 ../../../driverlib/gcc/lib/Release/libdriver.a(interrupt.o)
 .text.IntPriorityMaskSet
                0x0000000000000000        0x4 ../../../driverlib/gcc/lib/Release/libdriver.a(interrupt.o)
 .text.IntPriorityMaskGet
                0x0000000000000000        0x4 ../../../driverlib/gcc/lib/Release/libdriver.a(interrupt.o)
 .rodata.g_pulDisRegs
                0x0000000000000000       0x18 ../../../driverlib/gcc/lib/Release/libdriver.a(interrupt.o)
 .rodata.g_pulPendRegs
                0x0000000000000000       0x18 ../../../driverlib/gcc/lib/Release/libdriver.a(interrupt.o)
 .rodata.g_pulPriority
                0x0000000000000000       0x20 ../../../driverlib/gcc/lib/Release/libdriver.a(interrupt.o)
 .rodata.g_pulRegs
                0x0000000000000000       0xd4 ../../../driverlib/gcc/lib/Release/libdriver.a(interrupt.o)
 .rodata.g_pulUnpendRegs
                0x0000000000000000       0x18 ../../../driverlib/gcc/lib/Release/libdriver.a(interrupt.o)
 .text          0x0000000000000000        0x0 ../../../driverlib/gcc/lib/Release/libdriver.a(prcm.o)
 .data          0x0000000000000000        0x0 ../../../driverlib/gcc/lib/Release/libdriver.a(prcm.o)
 .bss           0x0000000000000000        0x0 ../../../driverlib/gcc/lib/Release/libdriver.a(prcm.o)
 .text.IsRTCUsed
                0x0000000000000000       0x18 ../../../driverlib/gcc/lib/Release/libdriver.a(prcm.o)
 .text.PRCMMCUReset
                0x0000000000000000       0x14 ../../../driverlib/gcc/lib/Release/libdriver.a(prcm.o)
 .text.PRCMPeripheralClockGet
                0x0000000000000000       0x4c ../../../driverlib/gcc/lib/Release/libdriver.a(prcm.o)
 .text.PRCMPeripheralStatusGet
                0x0000000000000000       0x1c ../../../driverlib/gcc/lib/Release/libdriver.a(prcm.o)
 .text.PRCMI2SClockFreqSet
                0x0000000000000000       0x24 ../../../driverlib/gcc/lib/Release/libdriver.a(prcm.o)
 .text.PRCMLPDSRestoreInfoSet
                0x0000000000000000       0x10 ../../../driverlib/gcc/lib/Release/libdriver.a(prcm.o)
 .text.PRCMLPDSEnter
                0x0000000000000000       0x44 ../../../driverlib/gcc/lib/Release/libdriver.a(prcm.o)
 .text.PRCMLPDSEnterKeepDebugIf
                0x0000000000000000       0x34 ../../../driverlib/gcc/lib/Release/libdriver.a(prcm.o)
 .text.PRCMLPDSWakeupSourceEnable
                0x0000000000000000       0x14 ../../../driverlib/gcc/lib/Release/libdriver.a(prcm.o)
 .text.PRCMLPDSWakeupSourceDisable
                0x0000000000000000       0x10 ../../../driverlib/gcc/lib/Release/libdriver.a(prcm.o)
 .text.PRCMLPDSWakeupCauseGet
                0x0000000000000000        0xc ../../../driverlib/gcc/lib/Release/libdriver.a(prcm.o)
 .text.PRCMLPDSIntervalSet
                0x0000000000000000       0x14 ../../../driverlib/gcc/lib/Release/libdriver.a(prcm.o)
 .text.PRCMLPDSWakeUpGPIOSelect
                0x0000000000000000       0x28 ../../../driverlib/gcc/lib/Release/libdriver.a(prcm.o)
 .text.PRCMSleepEnter
                0x0000000000000000        0x4 ../../../driverlib/gcc/lib/Release/libdriver.a(prcm.o)
 .text.PRCMSRAMRetentionEnable
                0x0000000000000000       0x14 ../../../driverlib/gcc/lib/Release/libdriver.a(prcm.o)
 .text.PRCMSRAMRetentionDisable
                0x0000000000000000       0x18 ../../../driverlib/gcc/lib/Release/libdriver.a(prcm.o)
 .text.PRCMHibernateWakeupSourceEnable
                0x0000000000000000       0x4c ../../../driverlib/gcc/lib/Release/libdriver.a(prcm.o)
 .text.PRCMHibernateWakeupSourceDisable
                0x0000000000000000       0x50 ../../../driverlib/gcc/lib/Release/libdriver.a(prcm.o)
 .text.PRCMHibernateWakeupCauseGet
                0x0000000000000000       0x1c ../../../driverlib/gcc/lib/Release/libdriver.a(prcm.o)
 .text.PRCMHibernateIntervalSet
                0x0000000000000000       0x58 ../../../driverlib/gcc/lib/Release/libdriver.a(prcm.o)
 .text.PRCMHibernateWakeUpGPIOSelect
                0x0000000000000000       0x54 ../../../driverlib/gcc/lib/Release/libdriver.a(prcm.o)
 .text.PRCMHibernateEnter
                0x0000000000000000       0x1c ../../../driverlib/gcc/lib/Release/libdriver.a(prcm.o)
 .text.PRCMSlowClkCtrGet
                0x0000000000000000       0x34 ../../../driverlib/gcc/lib/Release/libdriver.a(prcm.o)
 .text.PRCMSlowClkCtrFastGet
                0x0000000000000000       0x10 ../../../driverlib/gcc/lib/Release/libdriver.a(prcm.o)
 .text.PRCMSlowClkCtrMatchSet
                0x0000000000000000       0x28 ../../../driverlib/gcc/lib/Release/libdriver.a(prcm.o)
 .text.PRCMSlowClkCtrMatchGet
                0x0000000000000000       0x28 ../../../driverlib/gcc/lib/Release/libdriver.a(prcm.o)
 .text.PRCMOCRRegisterWrite
                0x0000000000000000       0x14 ../../../driverlib/gcc/lib/Release/libdriver.a(prcm.o)
 .text.PRCMOCRRegisterRead
                0x0000000000000000       0x18 ../../../driverlib/gcc/lib/Release/libdriver.a(prcm.o)
 .text.PRCMIntRegister
                0x0000000000000000       0x14 ../../../driverlib/gcc/lib/Release/libdriver.a(prcm.o)
 .text.PRCMIntUnregister
                0x0000000000000000       0x12 ../../../driverlib/gcc/lib/Release/libdriver.a(prcm.o)
 .text.PRCMIntEnable
                0x0000000000000000       0x40 ../../../driverlib/gcc/lib/Release/libdriver.a(prcm.o)
 .text.PRCMIntDisable
                0x0000000000000000       0x40 ../../../driverlib/gcc/lib/Release/libdriver.a(prcm.o)
 .text.PRCMIntStatus
                0x0000000000000000        0xc ../../../driverlib/gcc/lib/Release/libdriver.a(prcm.o)
 .text.PRCMRTCInUseSet
                0x0000000000000000       0x1c ../../../driverlib/gcc/lib/Release/libdriver.a(prcm.o)
 .text.PRCMRTCInUseGet
                0x0000000000000000        0xe ../../../driverlib/gcc/lib/Release/libdriver.a(prcm.o)
 .text.PRCMRTCSet
                0x0000000000000000       0x5c ../../../driverlib/gcc/lib/Release/libdriver.a(prcm.o)
 .text.PRCMRTCGet
                0x0000000000000000       0x64 ../../../driverlib/gcc/lib/Release/libdriver.a(prcm.o)
 .text.PRCMRTCMatchSet
                0x0000000000000000       0x5c ../../../driverlib/gcc/lib/Release/libdriver.a(prcm.o)
 .text.PRCMRTCMatchGet
                0x0000000000000000       0x68 ../../../driverlib/gcc/lib/Release/libdriver.a(prcm.o)
 .text.PRCMHIBRegRead
                0x0000000000000000       0x10 ../../../driverlib/gcc/lib/Release/libdriver.a(prcm.o)
 .text.PRCMHIBRegWrite
                0x0000000000000000        0xa ../../../driverlib/gcc/lib/Release/libdriver.a(prcm.o)
 .text.PRCMCameraFreqSet
                0x0000000000000000       0x28 ../../../driverlib/gcc/lib/Release/libdriver.a(prcm.o)
 .text          0x0000000000000000        0x0 ../../../driverlib/gcc/lib/Release/libdriver.a(systick.o)
 .data          0x0000000000000000        0x0 ../../../driverlib/gcc/lib/Release/libdriver.a(systick.o)
 .bss           0x0000000000000000        0x0 ../../../driverlib/gcc/lib/Release/libdriver.a(systick.o)
 .text.SysTickDisable
                0x0000000000000000        0xe ../../../driverlib/gcc/lib/Release/libdriver.a(systick.o)
 .text.SysTickIntUnregister
                0x0000000000000000       0x12 ../../../driverlib/gcc/lib/Release/libdriver.a(systick.o)
 .text.SysTickIntEnable
                0x0000000000000000        0xe ../../../driverlib/gcc/lib/Release/libdriver.a(systick.o)
 .text.SysTickIntDisable
                0x0000000000000000        0xe ../../../driverlib/gcc/lib/Release/libdriver.a(systick.o)
 .text.SysTickPeriodGet
                0x0000000000000000        0xa ../../../driverlib/gcc/lib/Release/libdriver.a(systick.o)
 .text.SysTickValueGet
                0x0000000000000000        0x8 ../../../driverlib/gcc/lib/Release/libdriver.a(systick.o)
 .text          0x0000000000000000        0x0 ../../../driverlib/gcc/lib/Release/libdriver.a(utils.o)
 .data          0x0000000000000000        0x0 ../../../driverlib/gcc/lib/Release/libdriver.a(utils.o)
 .bss           0x0000000000000000        0x0 ../../../driverlib/gcc/lib/Release/libdriver.a(utils.o)
 .text          0x0000000000000000        0x0 ../../../driverlib/gcc/lib/Release/libdriver.a(cpu.o)
 .data          0x0000000000000000        0x0 ../../../driverlib/gcc/lib/Release/libdriver.a(cpu.o)
 .bss           0x0000000000000000        0x0 ../../../driverlib/gcc/lib/Release/libdriver.a(cpu.o)
 .text.CPUcpsid
                0x0000000000000000       0x10 ../../../driverlib/gcc/lib/Release/libdriver.a(cpu.o)
 .text.CPUprimask
                0x0000000000000000        0x6 ../../../driverlib/gcc/lib/Release/libdriver.a(cpu.o)
 .text.CPUcpsie
                0x0000000000000000       0x10 ../../../driverlib/gcc/lib/Release/libdriver.a(cpu.o)
 .text.CPUwfi   0x0000000000000000        0xc ../../../driverlib/gcc/lib/Release/libdriver.a(cpu.o)
 .text.CPUbasepriSet
                0x0000000000000000        0xe ../../../driverlib/gcc/lib/Release/libdriver.a(cpu.o)
 .text.CPUbasepriGet
                0x0000000000000000        0x6 ../../../driverlib/gcc/lib/Release/libdriver.a(cpu.o)
 .debug_info    0x0000000000000000      0x121 ../../../driverlib/gcc/lib/Release/libdriver.a(cpu.o)
 .debug_abbrev  0x0000000000000000       0xe6 ../../../driverlib/gcc/lib/Release/libdriver.a(cpu.o)
 .debug_loc     0x0000000000000000       0x54 ../../../driverlib/gcc/lib/Release/libdriver.a(cpu.o)
 .debug_aranges
                0x0000000000000000       0x48 ../../../driverlib/gcc/lib/Release/libdriver.a(cpu.o)
 .debug_ranges  0x0000000000000000       0x38 ../../../driverlib/gcc/lib/Release/libdriver.a(cpu.o)
 .debug_line    0x0000000000000000       0xc2 ../../../driverlib/gcc/lib/Release/libdriver.a(cpu.o)
 .debug_str     0x0000000000000000      0x144 ../../../driverlib/gcc/lib/Release/libdriver.a(cpu.o)
 .comment       0x0000000000000000       0x4a ../../../driverlib/gcc/lib/Release/libdriver.a(cpu.o)
 .debug_frame   0x0000000000000000       0x70 ../../../driverlib/gcc/lib/Release/libdriver.a(cpu.o)
 .ARM.attributes
                0x0000000000000000       0x2e ../../../driverlib/gcc/lib/Release/libdriver.a(cpu.o)
 .text          0x0000000000000000        0x0 ../../../driverlib/gcc/lib/Release/libdriver.a(flash.o)
 .data          0x0000000000000000        0x0 ../../../driverlib/gcc/lib/Release/libdriver.a(flash.o)
 .bss           0x0000000000000000        0x0 ../../../driverlib/gcc/lib/Release/libdriver.a(flash.o)
 .text.FlashDisable
                0x0000000000000000       0x48 ../../../driverlib/gcc/lib/Release/libdriver.a(flash.o)
 .text.FlashErase
                0x0000000000000000       0x30 ../../../driverlib/gcc/lib/Release/libdriver.a(flash.o)
 .text.FlashEraseNonBlocking
                0x0000000000000000       0x18 ../../../driverlib/gcc/lib/Release/libdriver.a(flash.o)
 .text.FlashMassErase
                0x0000000000000000       0x2c ../../../driverlib/gcc/lib/Release/libdriver.a(flash.o)
 .text.FlashMassEraseNonBlocking
                0x0000000000000000       0x18 ../../../driverlib/gcc/lib/Release/libdriver.a(flash.o)
 .text.FlashProgram
                0x0000000000000000       0x60 ../../../driverlib/gcc/lib/Release/libdriver.a(flash.o)
 .text.FlashProgramNonBlocking
                0x0000000000000000       0x5c ../../../driverlib/gcc/lib/Release/libdriver.a(flash.o)
 .text.FlashProtectGet
                0x0000000000000000       0x44 ../../../driverlib/gcc/lib/Release/libdriver.a(flash.o)
 .text.FlashIntRegister
                0x0000000000000000       0x14 ../../../driverlib/gcc/lib/Release/libdriver.a(flash.o)
 .text.FlashIntUnregister
                0x0000000000000000       0x12 ../../../driverlib/gcc/lib/Release/libdriver.a(flash.o)
 .text.FlashIntEnable
                0x0000000000000000       0x10 ../../../driverlib/gcc/lib/Release/libdriver.a(flash.o)
 .text.FlashIntDisable
                0x0000000000000000       0x10 ../../../driverlib/gcc/lib/Release/libdriver.a(flash.o)
 .text.FlashIntStatus
                0x0000000000000000       0x10 ../../../driverlib/gcc/lib/Release/libdriver.a(flash.o)
 .text.FlashIntClear
                0x0000000000000000        0xc ../../../driverlib/gcc/lib/Release/libdriver.a(flash.o)
 .rodata.g_pulFMPPERegs
                0x0000000000000000       0x40 ../../../driverlib/gcc/lib/Release/libdriver.a(flash.o)
 .rodata.g_pulFMPRERegs
                0x0000000000000000       0x40 ../../../driverlib/gcc/lib/Release/libdriver.a(flash.o)
 .debug_info    0x0000000000000000      0x432 ../../../driverlib/gcc/lib/Release/libdriver.a(flash.o)
 .debug_abbrev  0x0000000000000000      0x1c6 ../../../driverlib/gcc/lib/Release/libdriver.a(flash.o)
 .debug_loc     0x0000000000000000      0x295 ../../../driverlib/gcc/lib/Release/libdriver.a(flash.o)
 .debug_aranges
                0x0000000000000000       0x88 ../../../driverlib/gcc/lib/Release/libdriver.a(flash.o)
 .debug_ranges  0x0000000000000000       0x78 ../../../driverlib/gcc/lib/Release/libdriver.a(flash.o)
 .debug_line    0x0000000000000000      0x465 ../../../driverlib/gcc/lib/Release/libdriver.a(flash.o)
 .debug_str     0x0000000000000000      0x2f2 ../../../driverlib/gcc/lib/Release/libdriver.a(flash.o)
 .comment       0x0000000000000000       0x4a ../../../driverlib/gcc/lib/Release/libdriver.a(flash.o)
 .debug_frame   0x0000000000000000      0x13c ../../../driverlib/gcc/lib/Release/libdriver.a(flash.o)
 .ARM.attributes
                0x0000000000000000       0x2e ../../../driverlib/gcc/lib/Release/libdriver.a(flash.o)
 .text          0x0000000000000000        0x0 /Applications/ARM/bin/../lib/gcc/arm-none-eabi/10.3.1/../../../../arm-none-eabi/lib/thumb/v7e-m/nofp/libc_nano.a(lib_a-malloc.o)
 .data          0x0000000000000000        0x0 /Applications/ARM/bin/../lib/gcc/arm-none-eabi/10.3.1/../../../../arm-none-eabi/lib/thumb/v7e-m/nofp/libc_nano.a(lib_a-malloc.o)
 .bss           0x0000000000000000        0x0 /Applications/ARM/bin/../lib/gcc/arm-none-eabi/10.3.1/../../../../arm-none-eabi/lib/thumb/v7e-m/nofp/libc_nano.a(lib_a-malloc.o)
 .text          0x0000000000000000        0x0 /Applications/ARM/bin/../lib/gcc/arm-none-eabi/10.3.1/../../../../arm-none-eabi/lib/thumb/v7e-m/nofp/libc_nano.a(lib_a-memcmp.o)
 .data          0x0000000000000000        0x0 /Applications/ARM/bin/../lib/gcc/arm-none-eabi/10.3.1/../../../../arm-none-eabi/lib/thumb/v7e-m/nofp/libc_nano.a(lib_a-memcmp.o)
 .bss           0x0000000000000000        0x0 /Applications/ARM/bin/../lib/gcc/arm-none-eabi/10.3.1/../../../../arm-none-eabi/lib/thumb/v7e-m/nofp/libc_nano.a(lib_a-memcmp.o)
 .text          0x0000000000000000        0x0 /Applications/ARM/bin/../lib/gcc/arm-none-eabi/10.3.1/../../../../arm-none-eabi/lib/thumb/v7e-m/nofp/libc_nano.a(lib_a-memcpy-stub.o)
 .data          0x0000000000000000        0x0 /Applications/ARM/bin/../lib/gcc/arm-none-eabi/10.3.1/../../../../arm-none-eabi/lib/thumb/v7e-m/nofp/libc_nano.a(lib_a-memcpy-stub.o)
 .bss           0x0000000000000000        0x0 /Applications/ARM/bin/../lib/gcc/arm-none-eabi/10.3.1/../../../../arm-none-eabi/lib/thumb/v7e-m/nofp/libc_nano.a(lib_a-memcpy-stub.o)
 .text          0x0000000000000000        0x0 /Applications/ARM/bin/../lib/gcc/arm-none-eabi/10.3.1/../../../../arm-none-eabi/lib/thumb/v7e-m/nofp/libc_nano.a(lib_a-memmove.o)
 .data          0x0000000000000000        0x0 /Applications/ARM/bin/../lib/gcc/arm-none-eabi/10.3.1/../../../../arm-none-eabi/lib/thumb/v7e-m/nofp/libc_nano.a(lib_a-memmove.o)
 .bss           0x0000000000000000        0x0 /Applications/ARM/bin/../lib/gcc/arm-none-eabi/10.3.1/../../../../arm-none-eabi/lib/thumb/v7e-m/nofp/libc_nano.a(lib_a-memmove.o)
 .text          0x0000000000000000        0x0 /Applications/ARM/bin/../lib/gcc/arm-none-eabi/10.3.1/../../../../arm-none-eabi/lib/thumb/v7e-m/nofp/libc_nano.a(lib_a-memset.o)
 .data          0x0000000000000000        0x0 /Applications/ARM/bin/../lib/gcc/arm-none-eabi/10.3.1/../../../../arm-none-eabi/lib/thumb/v7e-m/nofp/libc_nano.a(lib_a-memset.o)
 .bss           0x0000000000000000        0x0 /Applications/ARM/bin/../lib/gcc/arm-none-eabi/10.3.1/../../../../arm-none-eabi/lib/thumb/v7e-m/nofp/libc_nano.a(lib_a-memset.o)
 .text          0x0000000000000000        0x0 /Applications/ARM/bin/../lib/gcc/arm-none-eabi/10.3.1/../../../../arm-none-eabi/lib/thumb/v7e-m/nofp/libc_nano.a(lib_a-nano-freer.o)
 .data          0x0000000000000000        0x0 /Applications/ARM/bin/../lib/gcc/arm-none-eabi/10.3.1/../../../../arm-none-eabi/lib/thumb/v7e-m/nofp/libc_nano.a(lib_a-nano-freer.o)
 .bss           0x0000000000000000        0x0 /Applications/ARM/bin/../lib/gcc/arm-none-eabi/10.3.1/../../../../arm-none-eabi/lib/thumb/v7e-m/nofp/libc_nano.a(lib_a-nano-freer.o)
 .text          0x0000000000000000        0x0 /Applications/ARM/bin/../lib/gcc/arm-none-eabi/10.3.1/../../../../arm-none-eabi/lib/thumb/v7e-m/nofp/libc_nano.a(lib_a-nano-mallocr.o)
 .data          0x0000000000000000        0x0 /Applications/ARM/bin/../lib/gcc/arm-none-eabi/10.3.1/../../../../arm-none-eabi/lib/thumb/v7e-m/nofp/libc_nano.a(lib_a-nano-mallocr.o)
 .bss           0x0000000000000000        0x0 /Applications/ARM/bin/../lib/gcc/arm-none-eabi/10.3.1/../../../../arm-none-eabi/lib/thumb/v7e-m/nofp/libc_nano.a(lib_a-nano-mallocr.o)
 .text          0x0000000000000000        0x0 /Applications/ARM/bin/../lib/gcc/arm-none-eabi/10.3.1/../../../../arm-none-eabi/lib/thumb/v7e-m/nofp/libc_nano.a(lib_a-realloc.o)
 .data          0x0000000000000000        0x0 /Applications/ARM/bin/../lib/gcc/arm-none-eabi/10.3.1/../../../../arm-none-eabi/lib/thumb/v7e-m/nofp/libc_nano.a(lib_a-realloc.o)
 .bss           0x0000000000000000        0x0 /Applications/ARM/bin/../lib/gcc/arm-none-eabi/10.3.1/../../../../arm-none-eabi/lib/thumb/v7e-m/nofp/libc_nano.a(lib_a-realloc.o)
 .text          0x0000000000000000        0x0 /Applications/ARM/bin/../lib/gcc/arm-none-eabi/10.3.1/../../../../arm-none-eabi/lib/thumb/v7e-m/nofp/libc_nano.a(lib_a-sbrkr.o)
 .data          0x0000000000000000        0x0 /Applications/ARM/bin/../lib/gcc/arm-none-eabi/10.3.1/../../../../arm-none-eabi/lib/thumb/v7e-m/nofp/libc_nano.a(lib_a-sbrkr.o)
 .bss           0x0000000000000000        0x0 /Applications/ARM/bin/../lib/gcc/arm-none-eabi/10.3.1/../../../../arm-none-eabi/lib/thumb/v7e-m/nofp/libc_nano.a(lib_a-sbrkr.o)
 .text          0x0000000000000000       0x10 /Applications/ARM/bin/../lib/gcc/arm-none-eabi/10.3.1/../../../../arm-none-eabi/lib/thumb/v7e-m/nofp/libc_nano.a(lib_a-strlen.o)
 .data          0x0000000000000000        0x0 /Applications/ARM/bin/../lib/gcc/arm-none-eabi/10.3.1/../../../../arm-none-eabi/lib/thumb/v7e-m/nofp/libc_nano.a(lib_a-strlen.o)
 .bss           0x0000000000000000        0x0 /Applications/ARM/bin/../lib/gcc/arm-none-eabi/10.3.1/../../../../arm-none-eabi/lib/thumb/v7e-m/nofp/libc_nano.a(lib_a-strlen.o)
 .ARM.attributes
                0x0000000000000000       0x17 /Applications/ARM/bin/../lib/gcc/arm-none-eabi/10.3.1/../../../../arm-none-eabi/lib/thumb/v7e-m/nofp/libc_nano.a(lib_a-strlen.o)
 .text          0x0000000000000000        0x0 /Applications/ARM/bin/../lib/gcc/arm-none-eabi/10.3.1/../../../../arm-none-eabi/lib/thumb/v7e-m/nofp/libc_nano.a(lib_a-vsnprintf.o)
 .data          0x0000000000000000        0x0 /Applications/ARM/bin/../lib/gcc/arm-none-eabi/10.3.1/../../../../arm-none-eabi/lib/thumb/v7e-m/nofp/libc_nano.a(lib_a-vsnprintf.o)
 .bss           0x0000000000000000        0x0 /Applications/ARM/bin/../lib/gcc/arm-none-eabi/10.3.1/../../../../arm-none-eabi/lib/thumb/v7e-m/nofp/libc_nano.a(lib_a-vsnprintf.o)
 .text          0x0000000000000000        0x0 /Applications/ARM/bin/../lib/gcc/arm-none-eabi/10.3.1/../../../../arm-none-eabi/lib/thumb/v7e-m/nofp/libc_nano.a(lib_a-impure.o)
 .data          0x0000000000000000        0x0 /Applications/ARM/bin/../lib/gcc/arm-none-eabi/10.3.1/../../../../arm-none-eabi/lib/thumb/v7e-m/nofp/libc_nano.a(lib_a-impure.o)
 .bss           0x0000000000000000        0x0 /Applications/ARM/bin/../lib/gcc/arm-none-eabi/10.3.1/../../../../arm-none-eabi/lib/thumb/v7e-m/nofp/libc_nano.a(lib_a-impure.o)
 .rodata._global_impure_ptr
                0x0000000000000000        0x4 /Applications/ARM/bin/../lib/gcc/arm-none-eabi/10.3.1/../../../../arm-none-eabi/lib/thumb/v7e-m/nofp/libc_nano.a(lib_a-impure.o)
 .text          0x0000000000000000        0x0 /Applications/ARM/bin/../lib/gcc/arm-none-eabi/10.3.1/../../../../arm-none-eabi/lib/thumb/v7e-m/nofp/libc_nano.a(lib_a-mlock.o)
 .data          0x0000000000000000        0x0 /Applications/ARM/bin/../lib/gcc/arm-none-eabi/10.3.1/../../../../arm-none-eabi/lib/thumb/v7e-m/nofp/libc_nano.a(lib_a-mlock.o)
 .bss           0x0000000000000000        0x0 /Applications/ARM/bin/../lib/gcc/arm-none-eabi/10.3.1/../../../../arm-none-eabi/lib/thumb/v7e-m/nofp/libc_nano.a(lib_a-mlock.o)
 .text          0x0000000000000000        0x0 /Applications/ARM/bin/../lib/gcc/arm-none-eabi/10.3.1/../../../../arm-none-eabi/lib/thumb/v7e-m/nofp/libc_nano.a(lib_a-nano-reallocr.o)
 .data          0x0000000000000000        0x0 /Applications/ARM/bin/../lib/gcc/arm-none-eabi/10.3.1/../../../../arm-none-eabi/lib/thumb/v7e-m/nofp/libc_nano.a(lib_a-nano-reallocr.o)
 .bss           0x0000000000000000        0x0 /Applications/ARM/bin/../lib/gcc/arm-none-eabi/10.3.1/../../../../arm-none-eabi/lib/thumb/v7e-m/nofp/libc_nano.a(lib_a-nano-reallocr.o)
 .text          0x0000000000000000        0x0 /Applications/ARM/bin/../lib/gcc/arm-none-eabi/10.3.1/../../../../arm-none-eabi/lib/thumb/v7e-m/nofp/libc_nano.a(lib_a-nano-svfprintf.o)
 .data          0x0000000000000000        0x0 /Applications/ARM/bin/../lib/gcc/arm-none-eabi/10.3.1/../../../../arm-none-eabi/lib/thumb/v7e-m/nofp/libc_nano.a(lib_a-nano-svfprintf.o)
 .bss           0x0000000000000000        0x0 /Applications/ARM/bin/../lib/gcc/arm-none-eabi/10.3.1/../../../../arm-none-eabi/lib/thumb/v7e-m/nofp/libc_nano.a(lib_a-nano-svfprintf.o)
 .text.__ssprint_r
                0x0000000000000000       0xf6 /Applications/ARM/bin/../lib/gcc/arm-none-eabi/10.3.1/../../../../arm-none-eabi/lib/thumb/v7e-m/nofp/libc_nano.a(lib_a-nano-svfprintf.o)
 .text          0x0000000000000000        0x0 /Applications/ARM/bin/../lib/gcc/arm-none-eabi/10.3.1/../../../../arm-none-eabi/lib/thumb/v7e-m/nofp/libc_nano.a(lib_a-nano-vfprintf_i.o)
 .data          0x0000000000000000        0x0 /Applications/ARM/bin/../lib/gcc/arm-none-eabi/10.3.1/../../../../arm-none-eabi/lib/thumb/v7e-m/nofp/libc_nano.a(lib_a-nano-vfprintf_i.o)
 .bss           0x0000000000000000        0x0 /Applications/ARM/bin/../lib/gcc/arm-none-eabi/10.3.1/../../../../arm-none-eabi/lib/thumb/v7e-m/nofp/libc_nano.a(lib_a-nano-vfprintf_i.o)
 .text          0x0000000000000000        0x0 /Applications/ARM/bin/../lib/gcc/arm-none-eabi/10.3.1/../../../../arm-none-eabi/lib/thumb/v7e-m/nofp/libc_nano.a(lib_a-reent.o)
 .data          0x0000000000000000        0x0 /Applications/ARM/bin/../lib/gcc/arm-none-eabi/10.3.1/../../../../arm-none-eabi/lib/thumb/v7e-m/nofp/libc_nano.a(lib_a-reent.o)
 .bss           0x0000000000000000        0x0 /Applications/ARM/bin/../lib/gcc/arm-none-eabi/10.3.1/../../../../arm-none-eabi/lib/thumb/v7e-m/nofp/libc_nano.a(lib_a-reent.o)
 .text.cleanup_glue
                0x0000000000000000       0x1a /Applications/ARM/bin/../lib/gcc/arm-none-eabi/10.3.1/../../../../arm-none-eabi/lib/thumb/v7e-m/nofp/libc_nano.a(lib_a-reent.o)
 .text._reclaim_reent
                0x0000000000000000       0xb8 /Applications/ARM/bin/../lib/gcc/arm-none-eabi/10.3.1/../../../../arm-none-eabi/lib/thumb/v7e-m/nofp/libc_nano.a(lib_a-reent.o)
 .text          0x0000000000000000        0x0 /Applications/ARM/bin/../lib/gcc/arm-none-eabi/10.3.1/../../../../arm-none-eabi/lib/thumb/v7e-m/nofp/libc_nano.a(lib_a-lock.o)
 .data          0x0000000000000000        0x0 /Applications/ARM/bin/../lib/gcc/arm-none-eabi/10.3.1/../../../../arm-none-eabi/lib/thumb/v7e-m/nofp/libc_nano.a(lib_a-lock.o)
 .bss           0x0000000000000000        0x0 /Applications/ARM/bin/../lib/gcc/arm-none-eabi/10.3.1/../../../../arm-none-eabi/lib/thumb/v7e-m/nofp/libc_nano.a(lib_a-lock.o)
 .text.__retarget_lock_init
                0x0000000000000000        0x2 /Applications/ARM/bin/../lib/gcc/arm-none-eabi/10.3.1/../../../../arm-none-eabi/lib/thumb/v7e-m/nofp/libc_nano.a(lib_a-lock.o)
 .text.__retarget_lock_init_recursive
                0x0000000000000000        0x2 /Applications/ARM/bin/../lib/gcc/arm-none-eabi/10.3.1/../../../../arm-none-eabi/lib/thumb/v7e-m/nofp/libc_nano.a(lib_a-lock.o)
 .text.__retarget_lock_close
                0x0000000000000000        0x2 /Applications/ARM/bin/../lib/gcc/arm-none-eabi/10.3.1/../../../../arm-none-eabi/lib/thumb/v7e-m/nofp/libc_nano.a(lib_a-lock.o)
 .text.__retarget_lock_close_recursive
                0x0000000000000000        0x2 /Applications/ARM/bin/../lib/gcc/arm-none-eabi/10.3.1/../../../../arm-none-eabi/lib/thumb/v7e-m/nofp/libc_nano.a(lib_a-lock.o)
 .text.__retarget_lock_acquire
                0x0000000000000000        0x2 /Applications/ARM/bin/../lib/gcc/arm-none-eabi/10.3.1/../../../../arm-none-eabi/lib/thumb/v7e-m/nofp/libc_nano.a(lib_a-lock.o)
 .text.__retarget_lock_try_acquire
                0x0000000000000000        0x4 /Applications/ARM/bin/../lib/gcc/arm-none-eabi/10.3.1/../../../../arm-none-eabi/lib/thumb/v7e-m/nofp/libc_nano.a(lib_a-lock.o)
 .text.__retarget_lock_try_acquire_recursive
                0x0000000000000000        0x4 /Applications/ARM/bin/../lib/gcc/arm-none-eabi/10.3.1/../../../../arm-none-eabi/lib/thumb/v7e-m/nofp/libc_nano.a(lib_a-lock.o)
 .text.__retarget_lock_release
                0x0000000000000000        0x2 /Applications/ARM/bin/../lib/gcc/arm-none-eabi/10.3.1/../../../../arm-none-eabi/lib/thumb/v7e-m/nofp/libc_nano.a(lib_a-lock.o)
 .bss.__lock___arc4random_mutex
                0x0000000000000000        0x1 /Applications/ARM/bin/../lib/gcc/arm-none-eabi/10.3.1/../../../../arm-none-eabi/lib/thumb/v7e-m/nofp/libc_nano.a(lib_a-lock.o)
 .bss.__lock___at_quick_exit_mutex
                0x0000000000000000        0x1 /Applications/ARM/bin/../lib/gcc/arm-none-eabi/10.3.1/../../../../arm-none-eabi/lib/thumb/v7e-m/nofp/libc_nano.a(lib_a-lock.o)
 .bss.__lock___atexit_recursive_mutex
                0x0000000000000000        0x1 /Applications/ARM/bin/../lib/gcc/arm-none-eabi/10.3.1/../../../../arm-none-eabi/lib/thumb/v7e-m/nofp/libc_nano.a(lib_a-lock.o)
 .bss.__lock___dd_hash_mutex
                0x0000000000000000        0x1 /Applications/ARM/bin/../lib/gcc/arm-none-eabi/10.3.1/../../../../arm-none-eabi/lib/thumb/v7e-m/nofp/libc_nano.a(lib_a-lock.o)
 .bss.__lock___env_recursive_mutex
                0x0000000000000000        0x1 /Applications/ARM/bin/../lib/gcc/arm-none-eabi/10.3.1/../../../../arm-none-eabi/lib/thumb/v7e-m/nofp/libc_nano.a(lib_a-lock.o)
 .bss.__lock___sfp_recursive_mutex
                0x0000000000000000        0x1 /Applications/ARM/bin/../lib/gcc/arm-none-eabi/10.3.1/../../../../arm-none-eabi/lib/thumb/v7e-m/nofp/libc_nano.a(lib_a-lock.o)
 .bss.__lock___sinit_recursive_mutex
                0x0000000000000000        0x1 /Applications/ARM/bin/../lib/gcc/arm-none-eabi/10.3.1/../../../../arm-none-eabi/lib/thumb/v7e-m/nofp/libc_nano.a(lib_a-lock.o)
 .bss.__lock___tz_mutex
                0x0000000000000000        0x1 /Applications/ARM/bin/../lib/gcc/arm-none-eabi/10.3.1/../../../../arm-none-eabi/lib/thumb/v7e-m/nofp/libc_nano.a(lib_a-lock.o)
 .data          0x0000000000000000        0x0 /Applications/ARM/bin/../lib/gcc/arm-none-eabi/10.3.1/../../../../arm-none-eabi/lib/thumb/v7e-m/nofp/libc_nano.a(lib_a-memchr.o)
 .bss           0x0000000000000000        0x0 /Applications/ARM/bin/../lib/gcc/arm-none-eabi/10.3.1/../../../../arm-none-eabi/lib/thumb/v7e-m/nofp/libc_nano.a(lib_a-memchr.o)
 .text          0x0000000000000000        0x0 /Applications/ARM/bin/../lib/gcc/arm-none-eabi/10.3.1/../../../../arm-none-eabi/lib/thumb/v7e-m/nofp/libc_nano.a(lib_a-nano-msizer.o)
 .data          0x0000000000000000        0x0 /Applications/ARM/bin/../lib/gcc/arm-none-eabi/10.3.1/../../../../arm-none-eabi/lib/thumb/v7e-m/nofp/libc_nano.a(lib_a-nano-msizer.o)
 .bss           0x0000000000000000        0x0 /Applications/ARM/bin/../lib/gcc/arm-none-eabi/10.3.1/../../../../arm-none-eabi/lib/thumb/v7e-m/nofp/libc_nano.a(lib_a-nano-msizer.o)
 .text          0x0000000000000000       0xa0 /Applications/ARM/bin/../lib/gcc/arm-none-eabi/10.3.1/thumb/v7e-m/nofp/libgcc.a(_aeabi_ldivmod.o)
 .data          0x0000000000000000        0x0 /Applications/ARM/bin/../lib/gcc/arm-none-eabi/10.3.1/thumb/v7e-m/nofp/libgcc.a(_aeabi_ldivmod.o)
 .bss           0x0000000000000000        0x0 /Applications/ARM/bin/../lib/gcc/arm-none-eabi/10.3.1/thumb/v7e-m/nofp/libgcc.a(_aeabi_ldivmod.o)
 .debug_frame   0x0000000000000000       0x44 /Applications/ARM/bin/../lib/gcc/arm-none-eabi/10.3.1/thumb/v7e-m/nofp/libgcc.a(_aeabi_ldivmod.o)
 .ARM.attributes
                0x0000000000000000       0x1e /Applications/ARM/bin/../lib/gcc/arm-none-eabi/10.3.1/thumb/v7e-m/nofp/libgcc.a(_aeabi_ldivmod.o)
 .text          0x0000000000000000       0x30 /Applications/ARM/bin/../lib/gcc/arm-none-eabi/10.3.1/thumb/v7e-m/nofp/libgcc.a(_aeabi_uldivmod.o)
 .data          0x0000000000000000        0x0 /Applications/ARM/bin/../lib/gcc/arm-none-eabi/10.3.1/thumb/v7e-m/nofp/libgcc.a(_aeabi_uldivmod.o)
 .bss           0x0000000000000000        0x0 /Applications/ARM/bin/../lib/gcc/arm-none-eabi/10.3.1/thumb/v7e-m/nofp/libgcc.a(_aeabi_uldivmod.o)
 .debug_frame   0x0000000000000000       0x2c /Applications/ARM/bin/../lib/gcc/arm-none-eabi/10.3.1/thumb/v7e-m/nofp/libgcc.a(_aeabi_uldivmod.o)
 .ARM.attributes
                0x0000000000000000       0x1e /Applications/ARM/bin/../lib/gcc/arm-none-eabi/10.3.1/thumb/v7e-m/nofp/libgcc.a(_aeabi_uldivmod.o)
 .text          0x0000000000000000      0x2d0 /Applications/ARM/bin/../lib/gcc/arm-none-eabi/10.3.1/thumb/v7e-m/nofp/libgcc.a(_udivmoddi4.o)
 .data          0x0000000000000000        0x0 /Applications/ARM/bin/../lib/gcc/arm-none-eabi/10.3.1/thumb/v7e-m/nofp/libgcc.a(_udivmoddi4.o)
 .bss           0x0000000000000000        0x0 /Applications/ARM/bin/../lib/gcc/arm-none-eabi/10.3.1/thumb/v7e-m/nofp/libgcc.a(_udivmoddi4.o)
 .ARM.extab     0x0000000000000000        0x0 /Applications/ARM/bin/../lib/gcc/arm-none-eabi/10.3.1/thumb/v7e-m/nofp/libgcc.a(_udivmoddi4.o)
 .ARM.exidx     0x0000000000000000        0x8 /Applications/ARM/bin/../lib/gcc/arm-none-eabi/10.3.1/thumb/v7e-m/nofp/libgcc.a(_udivmoddi4.o)
 .debug_frame   0x0000000000000000       0x34 /Applications/ARM/bin/../lib/gcc/arm-none-eabi/10.3.1/thumb/v7e-m/nofp/libgcc.a(_udivmoddi4.o)
 .ARM.attributes
                0x0000000000000000       0x2e /Applications/ARM/bin/../lib/gcc/arm-none-eabi/10.3.1/thumb/v7e-m/nofp/libgcc.a(_udivmoddi4.o)
 .text          0x0000000000000000        0x4 /Applications/ARM/bin/../lib/gcc/arm-none-eabi/10.3.1/thumb/v7e-m/nofp/libgcc.a(_dvmd_tls.o)
 .data          0x0000000000000000        0x0 /Applications/ARM/bin/../lib/gcc/arm-none-eabi/10.3.1/thumb/v7e-m/nofp/libgcc.a(_dvmd_tls.o)
 .bss           0x0000000000000000        0x0 /Applications/ARM/bin/../lib/gcc/arm-none-eabi/10.3.1/thumb/v7e-m/nofp/libgcc.a(_dvmd_tls.o)
 .ARM.attributes
                0x0000000000000000       0x1e /Applications/ARM/bin/../lib/gcc/arm-none-eabi/10.3.1/thumb/v7e-m/nofp/libgcc.a(_dvmd_tls.o)

Memory Configuration

Name             Origin             Length             Attributes
SRAM             0x0000000020000000 0x0000000000040000 xrw
*default*        0x0000000000000000 0xffffffffffffffff

Linker script and memory map

                0x0000000000004000                BOOTLOADER_SIZE = 0x4000

.bootloader     0x0000000020000000     0x4000
                0x0000000020000000                _heap2 = .
                0x0000000020004000                . = (. + BOOTLOADER_SIZE)
 *fill*         0x0000000020000000     0x4000 
                0x0000000020004000                . = ALIGN (0x8)
                0x0000000020004000                _eheap2 = .

.text           0x0000000020004000     0x1ca8
                0x0000000020004000                _text = .
 *(.intvecs)
 .intvecs       0x0000000020004000      0x400 obj//Release/startup_gcc.o
                0x0000000020004000                g_pfnVectors
 *(.text*)
 .text.UART0IntHandler
                0x0000000020004400      0x11c obj//Release/main.o
                0x0000000020004400                UART0IntHandler
 .text.SysTickHandler
                0x000000002000451c       0x28 obj//Release/main.o
                0x000000002000451c                SysTickHandler
 .text.StartAndCompleteSWTransfer
                0x0000000020004544       0x5c obj//Release/main.o
                0x0000000020004544                StartAndCompleteSWTransfer
 .text.InitSWTransfer
                0x00000000200045a0       0x90 obj//Release/main.o
                0x00000000200045a0                InitSWTransfer
 .text.InitUART0Transfer
                0x0000000020004630      0x118 obj//Release/main.o
                0x0000000020004630                InitUART0Transfer
 .text.DisplayBanner
                0x0000000020004748       0x3c obj//Release/main.o
                0x0000000020004748                DisplayBanner
 .text.InitSGTransfer
                0x0000000020004784      0x10c obj//Release/main.o
                0x0000000020004784                InitSGTransfer
 .text.startup.main
                0x0000000020004890      0x100 obj//Release/main.o
                0x0000000020004890                main
 .text.PinMuxConfig
                0x0000000020004990       0x28 obj//Release/pinmux.o
                0x0000000020004990                PinMuxConfig
 .text.Message.part.0
                0x00000000200049b8       0x20 obj//Release/uart_if.o
 .text.InitTerm
                0x00000000200049d8       0x30 obj//Release/uart_if.o
                0x00000000200049d8                InitTerm
 .text.Message  0x0000000020004a08        0x8 obj//Release/uart_if.o
                0x0000000020004a08                Message
 .text.Report   0x0000000020004a10       0x68 obj//Release/uart_if.o
                0x0000000020004a10                Report
 .text.DmaSwIntHandler
                0x0000000020004a78       0x24 obj//Release/udma_if.o
                0x0000000020004a78                DmaSwIntHandler
 .text.DmaErrorIntHandler
                0x0000000020004a9c       0x16 obj//Release/udma_if.o
                0x0000000020004a9c                DmaErrorIntHandler
 *fill*         0x0000000020004ab2        0x2 
 .text.UDMAInit
                0x0000000020004ab4       0x80 obj//Release/udma_if.o
                0x0000000020004ab4                UDMAInit
 .text.UDMASetupTransfer
                0x0000000020004b34       0x5a obj//Release/udma_if.o
                0x0000000020004b34                UDMASetupTransfer
 .text.NmiSR    0x0000000020004b8e        0x2 obj//Release/startup_gcc.o
 .text.FaultISR
                0x0000000020004b90        0x2 obj//Release/startup_gcc.o
 .text.BusFaultHandler
                0x0000000020004b92        0x2 obj//Release/startup_gcc.o
 .text.IntDefaultHandler
                0x0000000020004b94        0x2 obj//Release/startup_gcc.o
 *fill*         0x0000000020004b96        0x2 
 .text.ResetISR
                0x0000000020004b98       0x4c obj//Release/startup_gcc.o
                0x0000000020004b98                ResetISR
 .text._sbrk    0x0000000020004be4       0x28 obj//Release/startup_gcc.o
                0x0000000020004be4                _sbrk
 .text.IntRegister
                0x0000000020004c0c        0xe ../../../driverlib/gcc/lib/Release/libdriver.a(interrupt.o)
                0x0000000020004c0c                IntRegister
 *fill*         0x0000000020004c1a        0x2 
 .text.IntEnable
                0x0000000020004c1c       0x74 ../../../driverlib/gcc/lib/Release/libdriver.a(interrupt.o)
                0x0000000020004c1c                IntEnable
 .text.PRCMPeripheralReset.part.0
                0x0000000020004c90       0x3c ../../../driverlib/gcc/lib/Release/libdriver.a(prcm.o)
 .text.PRCMSysResetCauseGet
                0x0000000020004ccc       0x2c ../../../driverlib/gcc/lib/Release/libdriver.a(prcm.o)
                0x0000000020004ccc                PRCMSysResetCauseGet
 .text.PRCMPeripheralClkEnable
                0x0000000020004cf8       0x2c ../../../driverlib/gcc/lib/Release/libdriver.a(prcm.o)
                0x0000000020004cf8                PRCMPeripheralClkEnable
 .text.PRCMPeripheralClkDisable
                0x0000000020004d24       0x1c ../../../driverlib/gcc/lib/Release/libdriver.a(prcm.o)
                0x0000000020004d24                PRCMPeripheralClkDisable
 .text.PRCMPeripheralReset
                0x0000000020004d40        0xa ../../../driverlib/gcc/lib/Release/libdriver.a(prcm.o)
                0x0000000020004d40                PRCMPeripheralReset
 *fill*         0x0000000020004d4a        0x2 
 .text.PRCMCC3200MCUInit
                0x0000000020004d4c      0x144 ../../../driverlib/gcc/lib/Release/libdriver.a(prcm.o)
                0x0000000020004d4c                PRCMCC3200MCUInit
 .text.SysTickEnable
                0x0000000020004e90        0xe ../../../driverlib/gcc/lib/Release/libdriver.a(systick.o)
                0x0000000020004e90                SysTickEnable
 .text.SysTickIntRegister
                0x0000000020004e9e       0x18 ../../../driverlib/gcc/lib/Release/libdriver.a(systick.o)
                0x0000000020004e9e                SysTickIntRegister
 .text.SysTickPeriodSet
                0x0000000020004eb6        0xa ../../../driverlib/gcc/lib/Release/libdriver.a(systick.o)
                0x0000000020004eb6                SysTickPeriodSet
 .text.UtilsDelay
                0x0000000020004ec0        0x8 ../../../driverlib/gcc/lib/Release/libdriver.a(utils.o)
                0x0000000020004ec0                UtilsDelay
 .text.malloc   0x0000000020004ec8       0x10 /Applications/ARM/bin/../lib/gcc/arm-none-eabi/10.3.1/../../../../arm-none-eabi/lib/thumb/v7e-m/nofp/libc_nano.a(lib_a-malloc.o)
                0x0000000020004ec8                malloc
 .text.free     0x0000000020004ed8       0x10 /Applications/ARM/bin/../lib/gcc/arm-none-eabi/10.3.1/../../../../arm-none-eabi/lib/thumb/v7e-m/nofp/libc_nano.a(lib_a-malloc.o)
                0x0000000020004ed8                free
 .text.memcmp   0x0000000020004ee8       0x20 /Applications/ARM/bin/../lib/gcc/arm-none-eabi/10.3.1/../../../../arm-none-eabi/lib/thumb/v7e-m/nofp/libc_nano.a(lib_a-memcmp.o)
                0x0000000020004ee8                memcmp
 .text.memcpy   0x0000000020004f08       0x1c /Applications/ARM/bin/../lib/gcc/arm-none-eabi/10.3.1/../../../../arm-none-eabi/lib/thumb/v7e-m/nofp/libc_nano.a(lib_a-memcpy-stub.o)
                0x0000000020004f08                memcpy
 .text.memmove  0x0000000020004f24       0x34 /Applications/ARM/bin/../lib/gcc/arm-none-eabi/10.3.1/../../../../arm-none-eabi/lib/thumb/v7e-m/nofp/libc_nano.a(lib_a-memmove.o)
                0x0000000020004f24                memmove
 .text.memset   0x0000000020004f58       0x10 /Applications/ARM/bin/../lib/gcc/arm-none-eabi/10.3.1/../../../../arm-none-eabi/lib/thumb/v7e-m/nofp/libc_nano.a(lib_a-memset.o)
                0x0000000020004f58                memset
 .text._free_r  0x0000000020004f68       0x94 /Applications/ARM/bin/../lib/gcc/arm-none-eabi/10.3.1/../../../../arm-none-eabi/lib/thumb/v7e-m/nofp/libc_nano.a(lib_a-nano-freer.o)
                0x0000000020004f68                _free_r
 .text.sbrk_aligned
                0x0000000020004ffc       0x40 /Applications/ARM/bin/../lib/gcc/arm-none-eabi/10.3.1/../../../../arm-none-eabi/lib/thumb/v7e-m/nofp/libc_nano.a(lib_a-nano-mallocr.o)
 .text._malloc_r
                0x000000002000503c       0xe8 /Applications/ARM/bin/../lib/gcc/arm-none-eabi/10.3.1/../../../../arm-none-eabi/lib/thumb/v7e-m/nofp/libc_nano.a(lib_a-nano-mallocr.o)
                0x000000002000503c                _malloc_r
 .text.realloc  0x0000000020005124       0x10 /Applications/ARM/bin/../lib/gcc/arm-none-eabi/10.3.1/../../../../arm-none-eabi/lib/thumb/v7e-m/nofp/libc_nano.a(lib_a-realloc.o)
                0x0000000020005124                realloc
 .text._sbrk_r  0x0000000020005134       0x20 /Applications/ARM/bin/../lib/gcc/arm-none-eabi/10.3.1/../../../../arm-none-eabi/lib/thumb/v7e-m/nofp/libc_nano.a(lib_a-sbrkr.o)
                0x0000000020005134                _sbrk_r
 .text._vsnprintf_r
                0x0000000020005154       0x56 /Applications/ARM/bin/../lib/gcc/arm-none-eabi/10.3.1/../../../../arm-none-eabi/lib/thumb/v7e-m/nofp/libc_nano.a(lib_a-vsnprintf.o)
                0x0000000020005154                _vsnprintf_r
                0x0000000020005154                _vsniprintf_r
 *fill*         0x00000000200051aa        0x2 
 .text.vsnprintf
                0x00000000200051ac       0x1c /Applications/ARM/bin/../lib/gcc/arm-none-eabi/10.3.1/../../../../arm-none-eabi/lib/thumb/v7e-m/nofp/libc_nano.a(lib_a-vsnprintf.o)
                0x00000000200051ac                vsnprintf
                0x00000000200051ac                vsniprintf
 .text.__malloc_lock
                0x00000000200051c8        0xc /Applications/ARM/bin/../lib/gcc/arm-none-eabi/10.3.1/../../../../arm-none-eabi/lib/thumb/v7e-m/nofp/libc_nano.a(lib_a-mlock.o)
                0x00000000200051c8                __malloc_lock
 .text.__malloc_unlock
                0x00000000200051d4        0xc /Applications/ARM/bin/../lib/gcc/arm-none-eabi/10.3.1/../../../../arm-none-eabi/lib/thumb/v7e-m/nofp/libc_nano.a(lib_a-mlock.o)
                0x00000000200051d4                __malloc_unlock
 .text._realloc_r
                0x00000000200051e0       0x5e /Applications/ARM/bin/../lib/gcc/arm-none-eabi/10.3.1/../../../../arm-none-eabi/lib/thumb/v7e-m/nofp/libc_nano.a(lib_a-nano-reallocr.o)
                0x00000000200051e0                _realloc_r
 .text.__ssputs_r
                0x000000002000523e       0xb6 /Applications/ARM/bin/../lib/gcc/arm-none-eabi/10.3.1/../../../../arm-none-eabi/lib/thumb/v7e-m/nofp/libc_nano.a(lib_a-nano-svfprintf.o)
                0x000000002000523e                __ssputs_r
 .text._svfprintf_r
                0x00000000200052f4      0x200 /Applications/ARM/bin/../lib/gcc/arm-none-eabi/10.3.1/../../../../arm-none-eabi/lib/thumb/v7e-m/nofp/libc_nano.a(lib_a-nano-svfprintf.o)
                0x00000000200052f4                _svfprintf_r
                0x00000000200052f4                _svfiprintf_r
 .text._printf_common
                0x00000000200054f4       0xda /Applications/ARM/bin/../lib/gcc/arm-none-eabi/10.3.1/../../../../arm-none-eabi/lib/thumb/v7e-m/nofp/libc_nano.a(lib_a-nano-vfprintf_i.o)
                0x00000000200054f4                _printf_common
 *fill*         0x00000000200055ce        0x2 
 .text._printf_i
                0x00000000200055d0      0x24c /Applications/ARM/bin/../lib/gcc/arm-none-eabi/10.3.1/../../../../arm-none-eabi/lib/thumb/v7e-m/nofp/libc_nano.a(lib_a-nano-vfprintf_i.o)
                0x00000000200055d0                _printf_i
 .text.__retarget_lock_acquire_recursive
                0x000000002000581c        0x2 /Applications/ARM/bin/../lib/gcc/arm-none-eabi/10.3.1/../../../../arm-none-eabi/lib/thumb/v7e-m/nofp/libc_nano.a(lib_a-lock.o)
                0x000000002000581c                __retarget_lock_acquire_recursive
 .text.__retarget_lock_release_recursive
                0x000000002000581e        0x2 /Applications/ARM/bin/../lib/gcc/arm-none-eabi/10.3.1/../../../../arm-none-eabi/lib/thumb/v7e-m/nofp/libc_nano.a(lib_a-lock.o)
                0x000000002000581e                __retarget_lock_release_recursive
 .text          0x0000000020005820       0xa0 /Applications/ARM/bin/../lib/gcc/arm-none-eabi/10.3.1/../../../../arm-none-eabi/lib/thumb/v7e-m/nofp/libc_nano.a(lib_a-memchr.o)
                0x0000000020005820                memchr
 .text._malloc_usable_size_r
                0x00000000200058c0       0x10 /Applications/ARM/bin/../lib/gcc/arm-none-eabi/10.3.1/../../../../arm-none-eabi/lib/thumb/v7e-m/nofp/libc_nano.a(lib_a-nano-msizer.o)
                0x00000000200058c0                _malloc_usable_size_r
 *(.rodata*)
 .rodata.StartAndCompleteSWTransfer.str1.1
                0x00000000200058d0       0x44 obj//Release/main.o
 .rodata.InitSWTransfer.str1.1
                0x0000000020005914       0x92 obj//Release/main.o
 .rodata.DisplayBanner.str1.1
                0x00000000200059a6       0x71 obj//Release/main.o
 .rodata.InitSGTransfer.str1.1
                0x0000000020005a17       0xa0 obj//Release/main.o
 .rodata.main.str1.1
                0x0000000020005ab7       0xde obj//Release/main.o
                                         0xe1 (size before relaxing)
 .rodata.Report.str1.1
                0x0000000020005b95       0x1e obj//Release/uart_if.o
 *fill*         0x0000000020005bb3        0x1 
 .rodata.g_pulEnRegs
                0x0000000020005bb4       0x18 ../../../driverlib/gcc/lib/Release/libdriver.a(interrupt.o)
 .rodata.PRCM_PeriphRegsList
                0x0000000020005bcc       0xa8 ../../../driverlib/gcc/lib/Release/libdriver.a(prcm.o)
 .rodata._svfprintf_r.str1.1
                0x0000000020005c74       0x11 /Applications/ARM/bin/../lib/gcc/arm-none-eabi/10.3.1/../../../../arm-none-eabi/lib/thumb/v7e-m/nofp/libc_nano.a(lib_a-nano-svfprintf.o)
 .rodata._printf_i.str1.1
                0x0000000020005c85       0x22 /Applications/ARM/bin/../lib/gcc/arm-none-eabi/10.3.1/../../../../arm-none-eabi/lib/thumb/v7e-m/nofp/libc_nano.a(lib_a-nano-vfprintf_i.o)
 *(.ARM.extab* .gnu.linkonce.armextab.*)
                0x0000000020005ca8                . = ALIGN (0x8)
 *fill*         0x0000000020005ca7        0x1 
                0x0000000020005ca8                _etext = .

.glue_7         0x0000000020005ca8        0x0
 .glue_7        0x0000000020005ca8        0x0 linker stubs

.glue_7t        0x0000000020005ca8        0x0
 .glue_7t       0x0000000020005ca8        0x0 linker stubs

.vfp11_veneer   0x0000000020005ca8        0x0
 .vfp11_veneer  0x0000000020005ca8        0x0 linker stubs

.v4_bx          0x0000000020005ca8        0x0
 .v4_bx         0x0000000020005ca8        0x0 linker stubs

.iplt           0x0000000020005ca8        0x0
 .iplt          0x0000000020005ca8        0x0 obj//Release/main.o

.rel.dyn        0x0000000020005ca8        0x0
 .rel.iplt      0x0000000020005ca8        0x0 obj//Release/main.o

.ARM            0x0000000020005ca8        0x0
                0x0000000020005ca8                __exidx_start = .
 *(.ARM.exidx*)
                0x0000000020005ca8                __exidx_end = .
                0x0000000020005ca8                __init_data = .

.data           0x0000000020005ca8       0x68
                0x0000000020005ca8                _data = .
 *(.data*)
 .data._impure_ptr
                0x0000000020005ca8        0x4 /Applications/ARM/bin/../lib/gcc/arm-none-eabi/10.3.1/../../../../arm-none-eabi/lib/thumb/v7e-m/nofp/libc_nano.a(lib_a-impure.o)
                0x0000000020005ca8                _impure_ptr
 .data.impure_data
                0x0000000020005cac       0x60 /Applications/ARM/bin/../lib/gcc/arm-none-eabi/10.3.1/../../../../arm-none-eabi/lib/thumb/v7e-m/nofp/libc_nano.a(lib_a-impure.o)
                0x0000000020005d10                . = ALIGN (0x8)
 *fill*         0x0000000020005d0c        0x4 
                0x0000000020005d10                _edata = .

.igot.plt       0x0000000020005d10        0x0
 .igot.plt      0x0000000020005d10        0x0 obj//Release/main.o

.bss            0x0000000020006000     0x3c15
                0x0000000020006000                _bss = .
 *(.bss*)
 .bss.Done      0x0000000020006000        0x4 obj//Release/main.o
                0x0000000020006000                Done
 .bss.TaskList  0x0000000020006004       0x20 obj//Release/main.o
 .bss.UARTDone  0x0000000020006024        0x4 obj//Release/main.o
                0x0000000020006024                UARTDone
 .bss.g_ucRxBufA
                0x0000000020006028      0x100 obj//Release/main.o
 .bss.g_ucRxBufB
                0x0000000020006128      0x100 obj//Release/main.o
 .bss.g_ucTxBuf
                0x0000000020006228      0x100 obj//Release/main.o
 .bss.g_ulDstBuf
                0x0000000020006328     0x1000 obj//Release/main.o
 .bss.g_ulRxBufACount
                0x0000000020007328        0x4 obj//Release/main.o
 .bss.g_ulRxBufBCount
                0x000000002000732c        0x4 obj//Release/main.o
 .bss.g_ulSeconds
                0x0000000020007330        0x4 obj//Release/main.o
 .bss.g_ulSrcBuf
                0x0000000020007334     0x1000 obj//Release/main.o
 .bss.g_ulTxCount
                0x0000000020008334        0x4 obj//Release/main.o
 .bss.uiCount   0x0000000020008338        0x4 obj//Release/main.o
                0x0000000020008338                uiCount
 .bss.ulBytesTransferred
                0x000000002000833c      0x190 obj//Release/main.o
                0x000000002000833c                ulBytesTransferred
 .bss.ulTickCount.2
                0x00000000200084cc        0x4 obj//Release/main.o
 .bss.__Errorlog
                0x00000000200084d0        0x4 obj//Release/uart_if.o
 .bss.gfpAppCallbackHndl
                0x00000000200084d4      0x100 obj//Release/udma_if.o
                0x00000000200084d4                gfpAppCallbackHndl
 *fill*         0x00000000200085d4      0x22c 
 .bss.gpCtlTbl  0x0000000020008800      0x400 obj//Release/udma_if.o
                0x0000000020008800                gpCtlTbl
 .bss.iDone     0x0000000020008c00        0x1 obj//Release/udma_if.o
                0x0000000020008c00                iDone
 *fill*         0x0000000020008c01        0x3 
 .bss.heap_end  0x0000000020008c04        0x4 obj//Release/startup_gcc.o
 .bss.pui32Stack
                0x0000000020008c08     0x1000 obj//Release/startup_gcc.o
 .bss.__malloc_free_list
                0x0000000020009c08        0x4 /Applications/ARM/bin/../lib/gcc/arm-none-eabi/10.3.1/../../../../arm-none-eabi/lib/thumb/v7e-m/nofp/libc_nano.a(lib_a-nano-mallocr.o)
                0x0000000020009c08                __malloc_free_list
 .bss.__malloc_sbrk_start
                0x0000000020009c0c        0x4 /Applications/ARM/bin/../lib/gcc/arm-none-eabi/10.3.1/../../../../arm-none-eabi/lib/thumb/v7e-m/nofp/libc_nano.a(lib_a-nano-mallocr.o)
                0x0000000020009c0c                __malloc_sbrk_start
 .bss.errno     0x0000000020009c10        0x4 /Applications/ARM/bin/../lib/gcc/arm-none-eabi/10.3.1/../../../../arm-none-eabi/lib/thumb/v7e-m/nofp/libc_nano.a(lib_a-reent.o)
                0x0000000020009c10                errno
 .bss.__lock___malloc_recursive_mutex
                0x0000000020009c14        0x1 /Applications/ARM/bin/../lib/gcc/arm-none-eabi/10.3.1/../../../../arm-none-eabi/lib/thumb/v7e-m/nofp/libc_nano.a(lib_a-lock.o)
                0x0000000020009c14                __lock___malloc_recursive_mutex
 *(COMMON)
                0x0000000020009c15                _ebss = .

.heap           0x0000000020009c15    0x363eb
                0x0000000020009c15                _heap = .
                0x000000002003fef0                . = (((((((. + LENGTH (SRAM)) - SIZEOF (.bss)) - SIZEOF (.data)) - SIZEOF (.ARM)) - SIZEOF (.text)) - SIZEOF (.bootloader)) - 0x400)
 *fill*         0x0000000020009c15    0x362db 
                0x0000000020040000                . = ALIGN (0x400)
 *fill*         0x000000002003fef0      0x110 
                0x0000000020040000                _eheap = .
LOAD obj//Release/main.o
LOAD obj//Release/pinmux.o
LOAD obj//Release/uart_if.o
LOAD obj//Release/udma_if.o
LOAD obj//Release/startup_gcc.o
LOAD ../../../driverlib/gcc/lib/Release/libdriver.a
LOAD /Applications/ARM/bin/../lib/gcc/arm-none-eabi/10.3.1/../../../../arm-none-eabi/lib/thumb/v7e-m/nofp/libm.a
LOAD /Applications/ARM/bin/../lib/gcc/arm-none-eabi/10.3.1/../../../../arm-none-eabi/lib/thumb/v7e-m/nofp/libc_nano.a
LOAD /Applications/ARM/bin/../lib/gcc/arm-none-eabi/10.3.1/thumb/v7e-m/nofp/libgcc.a
LOAD /Applications/ARM/bin/../lib/gcc/arm-none-eabi/10.3.1/../../../../arm-none-eabi/lib/thumb/v7e-m/nofp/libnosys.a
OUTPUT(bin//Release/udma.elf elf32-littlearm)
LOAD linker stubs

.debug_info     0x0000000000000000     0x3c01
 .debug_info    0x0000000000000000      0xcd7 obj//Release/main.o
 .debug_info    0x0000000000000cd7       0x95 obj//Release/pinmux.o
 .debug_info    0x0000000000000d6c      0x5ff obj//Release/uart_if.o
 .debug_info    0x000000000000136b      0x695 obj//Release/udma_if.o
 .debug_info    0x0000000000001a00      0x226 obj//Release/startup_gcc.o
 .debug_info    0x0000000000001c26      0x443 ../../../driverlib/gcc/lib/Release/libdriver.a(interrupt.o)
 .debug_info    0x0000000000002069     0x19ec ../../../driverlib/gcc/lib/Release/libdriver.a(prcm.o)
 .debug_info    0x0000000000003a55      0x15a ../../../driverlib/gcc/lib/Release/libdriver.a(systick.o)
 .debug_info    0x0000000000003baf       0x52 ../../../driverlib/gcc/lib/Release/libdriver.a(utils.o)

.debug_abbrev   0x0000000000000000      0xff4
 .debug_abbrev  0x0000000000000000      0x33b obj//Release/main.o
 .debug_abbrev  0x000000000000033b       0x7e obj//Release/pinmux.o
 .debug_abbrev  0x00000000000003b9      0x277 obj//Release/uart_if.o
 .debug_abbrev  0x0000000000000630      0x232 obj//Release/udma_if.o
 .debug_abbrev  0x0000000000000862      0x187 obj//Release/startup_gcc.o
 .debug_abbrev  0x00000000000009e9      0x198 ../../../driverlib/gcc/lib/Release/libdriver.a(interrupt.o)
 .debug_abbrev  0x0000000000000b81      0x33e ../../../driverlib/gcc/lib/Release/libdriver.a(prcm.o)
 .debug_abbrev  0x0000000000000ebf       0xe9 ../../../driverlib/gcc/lib/Release/libdriver.a(systick.o)
 .debug_abbrev  0x0000000000000fa8       0x4c ../../../driverlib/gcc/lib/Release/libdriver.a(utils.o)

.debug_loc      0x0000000000000000     0x1f93
 .debug_loc     0x0000000000000000      0x366 obj//Release/main.o
 .debug_loc     0x0000000000000366      0x352 obj//Release/uart_if.o
 .debug_loc     0x00000000000006b8      0x395 obj//Release/udma_if.o
 .debug_loc     0x0000000000000a4d       0x47 obj//Release/startup_gcc.o
 .debug_loc     0x0000000000000a94      0x21a ../../../driverlib/gcc/lib/Release/libdriver.a(interrupt.o)
 .debug_loc     0x0000000000000cae     0x128f ../../../driverlib/gcc/lib/Release/libdriver.a(prcm.o)
 .debug_loc     0x0000000000001f3d       0x56 ../../../driverlib/gcc/lib/Release/libdriver.a(systick.o)

.debug_aranges  0x0000000000000000      0x430
 .debug_aranges
                0x0000000000000000       0x58 obj//Release/main.o
 .debug_aranges
                0x0000000000000058       0x20 obj//Release/pinmux.o
 .debug_aranges
                0x0000000000000078       0x58 obj//Release/uart_if.o
 .debug_aranges
                0x00000000000000d0       0x68 obj//Release/udma_if.o
 .debug_aranges
                0x0000000000000138       0x48 obj//Release/startup_gcc.o
 .debug_aranges
                0x0000000000000180       0x98 ../../../driverlib/gcc/lib/Release/libdriver.a(interrupt.o)
 .debug_aranges
                0x0000000000000218      0x198 ../../../driverlib/gcc/lib/Release/libdriver.a(prcm.o)
 .debug_aranges
                0x00000000000003b0       0x60 ../../../driverlib/gcc/lib/Release/libdriver.a(systick.o)
 .debug_aranges
                0x0000000000000410       0x20 ../../../driverlib/gcc/lib/Release/libdriver.a(utils.o)

.debug_ranges   0x0000000000000000      0x768
 .debug_ranges  0x0000000000000000       0x60 obj//Release/main.o
 .debug_ranges  0x0000000000000060       0x10 obj//Release/pinmux.o
 .debug_ranges  0x0000000000000070       0x48 obj//Release/uart_if.o
 .debug_ranges  0x00000000000000b8       0x58 obj//Release/udma_if.o
 .debug_ranges  0x0000000000000110       0x38 obj//Release/startup_gcc.o
 .debug_ranges  0x0000000000000148       0x88 ../../../driverlib/gcc/lib/Release/libdriver.a(interrupt.o)
 .debug_ranges  0x00000000000001d0      0x538 ../../../driverlib/gcc/lib/Release/libdriver.a(prcm.o)
 .debug_ranges  0x0000000000000708       0x50 ../../../driverlib/gcc/lib/Release/libdriver.a(systick.o)
 .debug_ranges  0x0000000000000758       0x10 ../../../driverlib/gcc/lib/Release/libdriver.a(utils.o)

.debug_line     0x0000000000000000     0x2497
 .debug_line    0x0000000000000000      0x59b obj//Release/main.o
 .debug_line    0x000000000000059b       0x71 obj//Release/pinmux.o
 .debug_line    0x000000000000060c      0x3d9 obj//Release/uart_if.o
 .debug_line    0x00000000000009e5      0x23c obj//Release/udma_if.o
 .debug_line    0x0000000000000c21      0x1f1 obj//Release/startup_gcc.o
 .debug_line    0x0000000000000e12      0x42f ../../../driverlib/gcc/lib/Release/libdriver.a(interrupt.o)
 .debug_line    0x0000000000001241     0x10c1 ../../../driverlib/gcc/lib/Release/libdriver.a(prcm.o)
 .debug_line    0x0000000000002302      0x153 ../../../driverlib/gcc/lib/Release/libdriver.a(systick.o)
 .debug_line    0x0000000000002455       0x42 ../../../driverlib/gcc/lib/Release/libdriver.a(utils.o)

.debug_str      0x0000000000000000      0xff4
 .debug_str     0x0000000000000000      0x422 obj//Release/main.o
                                        0x478 (size before relaxing)
 .debug_str     0x0000000000000422        0xc obj//Release/pinmux.o
                                        0x12a (size before relaxing)
 .debug_str     0x000000000000042e       0xfd obj//Release/uart_if.o
                                        0x29b (size before relaxing)
 .debug_str     0x000000000000052b      0x15f obj//Release/udma_if.o
                                        0x395 (size before relaxing)
 .debug_str     0x000000000000068a       0xe0 obj//Release/startup_gcc.o
                                        0x266 (size before relaxing)
 .debug_str     0x000000000000076a      0x1f4 ../../../driverlib/gcc/lib/Release/libdriver.a(interrupt.o)
                                        0x303 (size before relaxing)
 .debug_str     0x000000000000095e      0x605 ../../../driverlib/gcc/lib/Release/libdriver.a(prcm.o)
                                        0x7bb (size before relaxing)
 .debug_str     0x0000000000000f63       0x7e ../../../driverlib/gcc/lib/Release/libdriver.a(systick.o)
                                        0x1cb (size before relaxing)
 .debug_str     0x0000000000000fe1       0x13 ../../../driverlib/gcc/lib/Release/libdriver.a(utils.o)
                                        0x106 (size before relaxing)

.comment        0x0000000000000000       0x49
 .comment       0x0000000000000000       0x49 obj//Release/main.o
                                         0x4a (size before relaxing)
 .comment       0x0000000000000049       0x4a obj//Release/pinmux.o
 .comment       0x0000000000000049       0x4a obj//Release/uart_if.o
 .comment       0x0000000000000049       0x4a obj//Release/udma_if.o
 .comment       0x0000000000000049       0x4a obj//Release/startup_gcc.o
 .comment       0x0000000000000049       0x4a ../../../driverlib/gcc/lib/Release/libdriver.a(interrupt.o)
 .comment       0x0000000000000049       0x4a ../../../driverlib/gcc/lib/Release/libdriver.a(prcm.o)
 .comment       0x0000000000000049       0x4a ../../../driverlib/gcc/lib/Release/libdriver.a(systick.o)
 .comment       0x0000000000000049       0x4a ../../../driverlib/gcc/lib/Release/libdriver.a(utils.o)

.ARM.attributes
                0x0000000000000000       0x2c
 .ARM.attributes
                0x0000000000000000       0x2e obj//Release/main.o
 .ARM.attributes
                0x000000000000002e       0x2e obj//Release/pinmux.o
 .ARM.attributes
                0x000000000000005c       0x2e obj//Release/uart_if.o
 .ARM.attributes
                0x000000000000008a       0x2e obj//Release/udma_if.o
 .ARM.attributes
                0x00000000000000b8       0x2e obj//Release/startup_gcc.o
 .ARM.attributes
                0x00000000000000e6       0x2e ../../../driverlib/gcc/lib/Release/libdriver.a(interrupt.o)
 .ARM.attributes
                0x0000000000000114       0x2e ../../../driverlib/gcc/lib/Release/libdriver.a(prcm.o)
 .ARM.attributes
                0x0000000000000142       0x2e ../../../driverlib/gcc/lib/Release/libdriver.a(systick.o)
 .ARM.attributes
                0x0000000000000170       0x2e ../../../driverlib/gcc/lib/Release/libdriver.a(utils.o)
 .ARM.attributes
                0x000000000000019e       0x2e /Applications/ARM/bin/../lib/gcc/arm-none-eabi/10.3.1/../../../../arm-none-eabi/lib/thumb/v7e-m/nofp/libc_nano.a(lib_a-malloc.o)
 .ARM.attributes
                0x00000000000001cc       0x2e /Applications/ARM/bin/../lib/gcc/arm-none-eabi/10.3.1/../../../../arm-none-eabi/lib/thumb/v7e-m/nofp/libc_nano.a(lib_a-memcmp.o)
 .ARM.attributes
                0x00000000000001fa       0x2e /Applications/ARM/bin/../lib/gcc/arm-none-eabi/10.3.1/../../../../arm-none-eabi/lib/thumb/v7e-m/nofp/libc_nano.a(lib_a-memcpy-stub.o)
 .ARM.attributes
                0x0000000000000228       0x2e /Applications/ARM/bin/../lib/gcc/arm-none-eabi/10.3.1/../../../../arm-none-eabi/lib/thumb/v7e-m/nofp/libc_nano.a(lib_a-memmove.o)
 .ARM.attributes
                0x0000000000000256       0x2e /Applications/ARM/bin/../lib/gcc/arm-none-eabi/10.3.1/../../../../arm-none-eabi/lib/thumb/v7e-m/nofp/libc_nano.a(lib_a-memset.o)
 .ARM.attributes
                0x0000000000000284       0x2e /Applications/ARM/bin/../lib/gcc/arm-none-eabi/10.3.1/../../../../arm-none-eabi/lib/thumb/v7e-m/nofp/libc_nano.a(lib_a-nano-freer.o)
 .ARM.attributes
                0x00000000000002b2       0x2e /Applications/ARM/bin/../lib/gcc/arm-none-eabi/10.3.1/../../../../arm-none-eabi/lib/thumb/v7e-m/nofp/libc_nano.a(lib_a-nano-mallocr.o)
 .ARM.attributes
                0x00000000000002e0       0x2e /Applications/ARM/bin/../lib/gcc/arm-none-eabi/10.3.1/../../../../arm-none-eabi/lib/thumb/v7e-m/nofp/libc_nano.a(lib_a-realloc.o)
 .ARM.attributes
                0x000000000000030e       0x2e /Applications/ARM/bin/../lib/gcc/arm-none-eabi/10.3.1/../../../../arm-none-eabi/lib/thumb/v7e-m/nofp/libc_nano.a(lib_a-sbrkr.o)
 .ARM.attributes
                0x000000000000033c       0x2e /Applications/ARM/bin/../lib/gcc/arm-none-eabi/10.3.1/../../../../arm-none-eabi/lib/thumb/v7e-m/nofp/libc_nano.a(lib_a-vsnprintf.o)
 .ARM.attributes
                0x000000000000036a       0x2e /Applications/ARM/bin/../lib/gcc/arm-none-eabi/10.3.1/../../../../arm-none-eabi/lib/thumb/v7e-m/nofp/libc_nano.a(lib_a-impure.o)
 .ARM.attributes
                0x0000000000000398       0x2e /Applications/ARM/bin/../lib/gcc/arm-none-eabi/10.3.1/../../../../arm-none-eabi/lib/thumb/v7e-m/nofp/libc_nano.a(lib_a-mlock.o)
 .ARM.attributes
                0x00000000000003c6       0x2e /Applications/ARM/bin/../lib/gcc/arm-none-eabi/10.3.1/../../../../arm-none-eabi/lib/thumb/v7e-m/nofp/libc_nano.a(lib_a-nano-reallocr.o)
 .ARM.attributes
                0x00000000000003f4       0x2e /Applications/ARM/bin/../lib/gcc/arm-none-eabi/10.3.1/../../../../arm-none-eabi/lib/thumb/v7e-m/nofp/libc_nano.a(lib_a-nano-svfprintf.o)
 .ARM.attributes
                0x0000000000000422       0x2e /Applications/ARM/bin/../lib/gcc/arm-none-eabi/10.3.1/../../../../arm-none-eabi/lib/thumb/v7e-m/nofp/libc_nano.a(lib_a-nano-vfprintf_i.o)
 .ARM.attributes
                0x0000000000000450       0x2e /Applications/ARM/bin/../lib/gcc/arm-none-eabi/10.3.1/../../../../arm-none-eabi/lib/thumb/v7e-m/nofp/libc_nano.a(lib_a-reent.o)
 .ARM.attributes
                0x000000000000047e       0x2e /Applications/ARM/bin/../lib/gcc/arm-none-eabi/10.3.1/../../../../arm-none-eabi/lib/thumb/v7e-m/nofp/libc_nano.a(lib_a-lock.o)
 .ARM.attributes
                0x00000000000004ac       0x1c /Applications/ARM/bin/../lib/gcc/arm-none-eabi/10.3.1/../../../../arm-none-eabi/lib/thumb/v7e-m/nofp/libc_nano.a(lib_a-memchr.o)
 .ARM.attributes
                0x00000000000004c8       0x2e /Applications/ARM/bin/../lib/gcc/arm-none-eabi/10.3.1/../../../../arm-none-eabi/lib/thumb/v7e-m/nofp/libc_nano.a(lib_a-nano-msizer.o)

.debug_frame    0x0000000000000000      0xf44
 .debug_frame   0x0000000000000000      0x140 obj//Release/main.o
 .debug_frame   0x0000000000000140       0x2c obj//Release/pinmux.o
 .debug_frame   0x000000000000016c      0x128 obj//Release/uart_if.o
 .debug_frame   0x0000000000000294      0x138 obj//Release/udma_if.o
 .debug_frame   0x00000000000003cc       0x7c obj//Release/startup_gcc.o
 .debug_frame   0x0000000000000448      0x128 ../../../driverlib/gcc/lib/Release/libdriver.a(interrupt.o)
 .debug_frame   0x0000000000000570      0x4a0 ../../../driverlib/gcc/lib/Release/libdriver.a(prcm.o)
 .debug_frame   0x0000000000000a10       0xa8 ../../../driverlib/gcc/lib/Release/libdriver.a(systick.o)
 .debug_frame   0x0000000000000ab8       0x20 ../../../driverlib/gcc/lib/Release/libdriver.a(utils.o)
 .debug_frame   0x0000000000000ad8       0x30 /Applications/ARM/bin/../lib/gcc/arm-none-eabi/10.3.1/../../../../arm-none-eabi/lib/thumb/v7e-m/nofp/libc_nano.a(lib_a-malloc.o)
 .debug_frame   0x0000000000000b08       0x28 /Applications/ARM/bin/../lib/gcc/arm-none-eabi/10.3.1/../../../../arm-none-eabi/lib/thumb/v7e-m/nofp/libc_nano.a(lib_a-memcmp.o)
 .debug_frame   0x0000000000000b30       0x28 /Applications/ARM/bin/../lib/gcc/arm-none-eabi/10.3.1/../../../../arm-none-eabi/lib/thumb/v7e-m/nofp/libc_nano.a(lib_a-memcpy-stub.o)
 .debug_frame   0x0000000000000b58       0x28 /Applications/ARM/bin/../lib/gcc/arm-none-eabi/10.3.1/../../../../arm-none-eabi/lib/thumb/v7e-m/nofp/libc_nano.a(lib_a-memmove.o)
 .debug_frame   0x0000000000000b80       0x20 /Applications/ARM/bin/../lib/gcc/arm-none-eabi/10.3.1/../../../../arm-none-eabi/lib/thumb/v7e-m/nofp/libc_nano.a(lib_a-memset.o)
 .debug_frame   0x0000000000000ba0       0x38 /Applications/ARM/bin/../lib/gcc/arm-none-eabi/10.3.1/../../../../arm-none-eabi/lib/thumb/v7e-m/nofp/libc_nano.a(lib_a-nano-freer.o)
 .debug_frame   0x0000000000000bd8       0x4c /Applications/ARM/bin/../lib/gcc/arm-none-eabi/10.3.1/../../../../arm-none-eabi/lib/thumb/v7e-m/nofp/libc_nano.a(lib_a-nano-mallocr.o)
 .debug_frame   0x0000000000000c24       0x20 /Applications/ARM/bin/../lib/gcc/arm-none-eabi/10.3.1/../../../../arm-none-eabi/lib/thumb/v7e-m/nofp/libc_nano.a(lib_a-realloc.o)
 .debug_frame   0x0000000000000c44       0x2c /Applications/ARM/bin/../lib/gcc/arm-none-eabi/10.3.1/../../../../arm-none-eabi/lib/thumb/v7e-m/nofp/libc_nano.a(lib_a-sbrkr.o)
 .debug_frame   0x0000000000000c70       0x4c /Applications/ARM/bin/../lib/gcc/arm-none-eabi/10.3.1/../../../../arm-none-eabi/lib/thumb/v7e-m/nofp/libc_nano.a(lib_a-vsnprintf.o)
 .debug_frame   0x0000000000000cbc       0x30 /Applications/ARM/bin/../lib/gcc/arm-none-eabi/10.3.1/../../../../arm-none-eabi/lib/thumb/v7e-m/nofp/libc_nano.a(lib_a-mlock.o)
 .debug_frame   0x0000000000000cec       0x3c /Applications/ARM/bin/../lib/gcc/arm-none-eabi/10.3.1/../../../../arm-none-eabi/lib/thumb/v7e-m/nofp/libc_nano.a(lib_a-nano-reallocr.o)
 .debug_frame   0x0000000000000d28       0x90 /Applications/ARM/bin/../lib/gcc/arm-none-eabi/10.3.1/../../../../arm-none-eabi/lib/thumb/v7e-m/nofp/libc_nano.a(lib_a-nano-svfprintf.o)
 .debug_frame   0x0000000000000db8       0x60 /Applications/ARM/bin/../lib/gcc/arm-none-eabi/10.3.1/../../../../arm-none-eabi/lib/thumb/v7e-m/nofp/libc_nano.a(lib_a-nano-vfprintf_i.o)
 .debug_frame   0x0000000000000e18       0x5c /Applications/ARM/bin/../lib/gcc/arm-none-eabi/10.3.1/../../../../arm-none-eabi/lib/thumb/v7e-m/nofp/libc_nano.a(lib_a-reent.o)
 .debug_frame   0x0000000000000e74       0xb0 /Applications/ARM/bin/../lib/gcc/arm-none-eabi/10.3.1/../../../../arm-none-eabi/lib/thumb/v7e-m/nofp/libc_nano.a(lib_a-lock.o)
 .debug_frame   0x0000000000000f24       0x20 /Applications/ARM/bin/../lib/gcc/arm-none-eabi/10.3.1/../../../../arm-none-eabi/lib/thumb/v7e-m/nofp/libc_nano.a(lib_a-nano-msizer.o)
