Archive member included to satisfy reference by file (symbol)

../../../driverlib/gcc/lib/Debug/libdriver.a(interrupt.o)
                              obj//Debug/main.o (IntMasterEnable)
../../../driverlib/gcc/lib/Debug/libdriver.a(pin.o)
                              obj//Debug/pinmux.o (PinTypeUART)
../../../driverlib/gcc/lib/Debug/libdriver.a(prcm.o)
                              obj//Debug/main.o (PRCMPeripheralClkEnable)
../../../driverlib/gcc/lib/Debug/libdriver.a(timer.o)
                              obj//Debug/timer_if.o (TimerEnable)
../../../driverlib/gcc/lib/Debug/libdriver.a(uart.o)
                              obj//Debug/uart_if.o (UARTConfigSetExpClk)
../../../driverlib/gcc/lib/Debug/libdriver.a(utils.o)
                              obj//Debug/main.o (UtilsDelay)
../../../driverlib/gcc/lib/Debug/libdriver.a(wdt.o)
                              obj//Debug/wdt_if.o (WatchdogEnable)
../../../driverlib/gcc/lib/Debug/libdriver.a(cpu.o)
                              ../../../driverlib/gcc/lib/Debug/libdriver.a(interrupt.o) (CPUcpsid)
../../../driverlib/gcc/lib/Debug/libdriver.a(flash.o)
                              ../../../driverlib/gcc/lib/Debug/libdriver.a(prcm.o) (FlashDisable)
/Applications/ARM/bin/../lib/gcc/arm-none-eabi/10.3.1/../../../../arm-none-eabi/lib/thumb/v7e-m/nofp/libc_nano.a(lib_a-malloc.o)
                              obj//Debug/uart_if.o (malloc)
/Applications/ARM/bin/../lib/gcc/arm-none-eabi/10.3.1/../../../../arm-none-eabi/lib/thumb/v7e-m/nofp/libc_nano.a(lib_a-memmove.o)
                              obj//Debug/uart_if.o (memmove)
/Applications/ARM/bin/../lib/gcc/arm-none-eabi/10.3.1/../../../../arm-none-eabi/lib/thumb/v7e-m/nofp/libc_nano.a(lib_a-nano-freer.o)
                              /Applications/ARM/bin/../lib/gcc/arm-none-eabi/10.3.1/../../../../arm-none-eabi/lib/thumb/v7e-m/nofp/libc_nano.a(lib_a-malloc.o) (_free_r)
/Applications/ARM/bin/../lib/gcc/arm-none-eabi/10.3.1/../../../../arm-none-eabi/lib/thumb/v7e-m/nofp/libc_nano.a(lib_a-nano-mallocr.o)
                              /Applications/ARM/bin/../lib/gcc/arm-none-eabi/10.3.1/../../../../arm-none-eabi/lib/thumb/v7e-m/nofp/libc_nano.a(lib_a-malloc.o) (_malloc_r)
/Applications/ARM/bin/../lib/gcc/arm-none-eabi/10.3.1/../../../../arm-none-eabi/lib/thumb/v7e-m/nofp/libc_nano.a(lib_a-realloc.o)
                              obj//Debug/uart_if.o (realloc)
/Applications/ARM/bin/../lib/gcc/arm-none-eabi/10.3.1/../../../../arm-none-eabi/lib/thumb/v7e-m/nofp/libc_nano.a(lib_a-sbrkr.o)
                              /Applications/ARM/bin/../lib/gcc/arm-none-eabi/10.3.1/../../../../arm-none-eabi/lib/thumb/v7e-m/nofp/libc_nano.a(lib_a-nano-mallocr.o) (_sbrk_r)
/Applications/ARM/bin/../lib/gcc/arm-none-eabi/10.3.1/../../../../arm-none-eabi/lib/thumb/v7e-m/nofp/libc_nano.a(lib_a-strlen.o)
                              obj//Debug/uart_if.o (strlen)
/Applications/ARM/bin/../lib/gcc/arm-none-eabi/10.3.1/../../../../arm-none-eabi/lib/thumb/v7e-m/nofp/libc_nano.a(lib_a-vsnprintf.o)
                              obj//Debug/uart_if.o (vsnprintf)
/Applications/ARM/bin/../lib/gcc/arm-none-eabi/10.3.1/../../../../arm-none-eabi/lib/thumb/v7e-m/nofp/libc_nano.a(lib_a-impure.o)
                              /Applications/ARM/bin/../lib/gcc/arm-none-eabi/10.3.1/../../../../arm-none-eabi/lib/thumb/v7e-m/nofp/libc_nano.a(lib_a-malloc.o) (_impure_ptr)
/Applications/ARM/bin/../lib/gcc/arm-none-eabi/10.3.1/../../../../arm-none-eabi/lib/thumb/v7e-m/nofp/libc_nano.a(lib_a-mlock.o)
                              /Applications/ARM/bin/../lib/gcc/arm-none-eabi/10.3.1/../../../../arm-none-eabi/lib/thumb/v7e-m/nofp/libc_nano.a(lib_a-nano-freer.o) (__malloc_lock)
/Applications/ARM/bin/../lib/gcc/arm-none-eabi/10.3.1/../../../../arm-none-eabi/lib/thumb/v7e-m/nofp/libc_nano.a(lib_a-nano-reallocr.o)
                              /Applications/ARM/bin/../lib/gcc/arm-none-eabi/10.3.1/../../../../arm-none-eabi/lib/thumb/v7e-m/nofp/libc_nano.a(lib_a-realloc.o) (_realloc_r)
/Applications/ARM/bin/../lib/gcc/arm-none-eabi/10.3.1/../../../../arm-none-eabi/lib/thumb/v7e-m/nofp/libc_nano.a(lib_a-nano-svfprintf.o)
                              /Applications/ARM/bin/../lib/gcc/arm-none-eabi/10.3.1/../../../../arm-none-eabi/lib/thumb/v7e-m/nofp/libc_nano.a(lib_a-vsnprintf.o) (_svfprintf_r)
/Applications/ARM/bin/../lib/gcc/arm-none-eabi/10.3.1/../../../../arm-none-eabi/lib/thumb/v7e-m/nofp/libc_nano.a(lib_a-nano-vfprintf_i.o)
                              /Applications/ARM/bin/../lib/gcc/arm-none-eabi/10.3.1/../../../../arm-none-eabi/lib/thumb/v7e-m/nofp/libc_nano.a(lib_a-nano-svfprintf.o) (_printf_i)
/Applications/ARM/bin/../lib/gcc/arm-none-eabi/10.3.1/../../../../arm-none-eabi/lib/thumb/v7e-m/nofp/libc_nano.a(lib_a-reent.o)
                              /Applications/ARM/bin/../lib/gcc/arm-none-eabi/10.3.1/../../../../arm-none-eabi/lib/thumb/v7e-m/nofp/libc_nano.a(lib_a-sbrkr.o) (errno)
/Applications/ARM/bin/../lib/gcc/arm-none-eabi/10.3.1/../../../../arm-none-eabi/lib/thumb/v7e-m/nofp/libc_nano.a(lib_a-lock.o)
                              /Applications/ARM/bin/../lib/gcc/arm-none-eabi/10.3.1/../../../../arm-none-eabi/lib/thumb/v7e-m/nofp/libc_nano.a(lib_a-mlock.o) (__retarget_lock_acquire_recursive)
/Applications/ARM/bin/../lib/gcc/arm-none-eabi/10.3.1/../../../../arm-none-eabi/lib/thumb/v7e-m/nofp/libc_nano.a(lib_a-memchr.o)
                              /Applications/ARM/bin/../lib/gcc/arm-none-eabi/10.3.1/../../../../arm-none-eabi/lib/thumb/v7e-m/nofp/libc_nano.a(lib_a-nano-svfprintf.o) (memchr)
/Applications/ARM/bin/../lib/gcc/arm-none-eabi/10.3.1/../../../../arm-none-eabi/lib/thumb/v7e-m/nofp/libc_nano.a(lib_a-memcpy-stub.o)
                              /Applications/ARM/bin/../lib/gcc/arm-none-eabi/10.3.1/../../../../arm-none-eabi/lib/thumb/v7e-m/nofp/libc_nano.a(lib_a-nano-reallocr.o) (memcpy)
/Applications/ARM/bin/../lib/gcc/arm-none-eabi/10.3.1/../../../../arm-none-eabi/lib/thumb/v7e-m/nofp/libc_nano.a(lib_a-nano-msizer.o)
                              /Applications/ARM/bin/../lib/gcc/arm-none-eabi/10.3.1/../../../../arm-none-eabi/lib/thumb/v7e-m/nofp/libc_nano.a(lib_a-nano-reallocr.o) (_malloc_usable_size_r)
/Applications/ARM/bin/../lib/gcc/arm-none-eabi/10.3.1/thumb/v7e-m/nofp/libgcc.a(_aeabi_uldivmod.o)
                              ../../../driverlib/gcc/lib/Debug/libdriver.a(prcm.o) (__aeabi_uldivmod)
/Applications/ARM/bin/../lib/gcc/arm-none-eabi/10.3.1/thumb/v7e-m/nofp/libgcc.a(_udivmoddi4.o)
                              /Applications/ARM/bin/../lib/gcc/arm-none-eabi/10.3.1/thumb/v7e-m/nofp/libgcc.a(_aeabi_uldivmod.o) (__udivmoddi4)
/Applications/ARM/bin/../lib/gcc/arm-none-eabi/10.3.1/thumb/v7e-m/nofp/libgcc.a(_dvmd_tls.o)
                              /Applications/ARM/bin/../lib/gcc/arm-none-eabi/10.3.1/thumb/v7e-m/nofp/libgcc.a(_aeabi_uldivmod.o) (__aeabi_ldiv0)

Discarded input sections

 .text          0x0000000000000000        0x0 obj//Debug/main.o
 .data          0x0000000000000000        0x0 obj//Debug/main.o
 .bss           0x0000000000000000        0x0 obj//Debug/main.o
 .text          0x0000000000000000        0x0 obj//Debug/pinmux.o
 .data          0x0000000000000000        0x0 obj//Debug/pinmux.o
 .bss           0x0000000000000000        0x0 obj//Debug/pinmux.o
 .text          0x0000000000000000        0x0 obj//Debug/timer_if.o
 .data          0x0000000000000000        0x0 obj//Debug/timer_if.o
 .bss           0x0000000000000000        0x0 obj//Debug/timer_if.o
 .text.Timer_IF_InterruptClear
                0x0000000000000000       0x22 obj//Debug/timer_if.o
 .text.Timer_IF_ReLoad
                0x0000000000000000       0x2c obj//Debug/timer_if.o
 .text.Timer_IF_GetCount
                0x0000000000000000       0x20 obj//Debug/timer_if.o
 .text          0x0000000000000000        0x0 obj//Debug/wdt_if.o
 .data          0x0000000000000000        0x0 obj//Debug/wdt_if.o
 .bss           0x0000000000000000        0x0 obj//Debug/wdt_if.o
 .text          0x0000000000000000        0x0 obj//Debug/uart_if.o
 .data          0x0000000000000000        0x0 obj//Debug/uart_if.o
 .bss           0x0000000000000000        0x0 obj//Debug/uart_if.o
 .data.ilen     0x0000000000000000        0x4 obj//Debug/uart_if.o
 .text.ClearTerm
                0x0000000000000000       0x14 obj//Debug/uart_if.o
 .text.Error    0x0000000000000000       0x58 obj//Debug/uart_if.o
 .text.GetCmd   0x0000000000000000       0xb8 obj//Debug/uart_if.o
 .text.TrimSpace
                0x0000000000000000       0x8e obj//Debug/uart_if.o
 .text          0x0000000000000000        0x0 obj//Debug/startup_gcc.o
 .data          0x0000000000000000        0x0 obj//Debug/startup_gcc.o
 .bss           0x0000000000000000        0x0 obj//Debug/startup_gcc.o
 .text          0x0000000000000000        0x0 ../../../driverlib/gcc/lib/Debug/libdriver.a(interrupt.o)
 .data          0x0000000000000000        0x0 ../../../driverlib/gcc/lib/Debug/libdriver.a(interrupt.o)
 .bss           0x0000000000000000        0x0 ../../../driverlib/gcc/lib/Debug/libdriver.a(interrupt.o)
 .rodata.g_pulPriority
                0x0000000000000000       0x20 ../../../driverlib/gcc/lib/Debug/libdriver.a(interrupt.o)
 .rodata.g_pulPendRegs
                0x0000000000000000       0x18 ../../../driverlib/gcc/lib/Debug/libdriver.a(interrupt.o)
 .rodata.g_pulUnpendRegs
                0x0000000000000000       0x18 ../../../driverlib/gcc/lib/Debug/libdriver.a(interrupt.o)
 .text.IntMasterDisable
                0x0000000000000000       0x10 ../../../driverlib/gcc/lib/Debug/libdriver.a(interrupt.o)
 .text.IntVTableBaseSet
                0x0000000000000000       0x1c ../../../driverlib/gcc/lib/Debug/libdriver.a(interrupt.o)
 .text.IntPriorityGroupingSet
                0x0000000000000000       0x30 ../../../driverlib/gcc/lib/Debug/libdriver.a(interrupt.o)
 .text.IntPriorityGroupingGet
                0x0000000000000000       0x48 ../../../driverlib/gcc/lib/Debug/libdriver.a(interrupt.o)
 .text.IntPriorityGet
                0x0000000000000000       0x30 ../../../driverlib/gcc/lib/Debug/libdriver.a(interrupt.o)
 .text.IntPendSet
                0x0000000000000000       0x9c ../../../driverlib/gcc/lib/Debug/libdriver.a(interrupt.o)
 .text.IntPendClear
                0x0000000000000000       0x68 ../../../driverlib/gcc/lib/Debug/libdriver.a(interrupt.o)
 .text.IntPriorityMaskSet
                0x0000000000000000       0x16 ../../../driverlib/gcc/lib/Debug/libdriver.a(interrupt.o)
 .text.IntPriorityMaskGet
                0x0000000000000000        0xe ../../../driverlib/gcc/lib/Debug/libdriver.a(interrupt.o)
 .text          0x0000000000000000        0x0 ../../../driverlib/gcc/lib/Debug/libdriver.a(pin.o)
 .data          0x0000000000000000        0x0 ../../../driverlib/gcc/lib/Debug/libdriver.a(pin.o)
 .bss           0x0000000000000000        0x0 ../../../driverlib/gcc/lib/Debug/libdriver.a(pin.o)
 .text.PinModeGet
                0x0000000000000000       0x3c ../../../driverlib/gcc/lib/Debug/libdriver.a(pin.o)
 .text.PinDirModeSet
                0x0000000000000000       0x44 ../../../driverlib/gcc/lib/Debug/libdriver.a(pin.o)
 .text.PinDirModeGet
                0x0000000000000000       0x3c ../../../driverlib/gcc/lib/Debug/libdriver.a(pin.o)
 .text.PinConfigGet
                0x0000000000000000       0x50 ../../../driverlib/gcc/lib/Debug/libdriver.a(pin.o)
 .text.PinTypeI2C
                0x0000000000000000       0x26 ../../../driverlib/gcc/lib/Debug/libdriver.a(pin.o)
 .text.PinTypeSPI
                0x0000000000000000       0x24 ../../../driverlib/gcc/lib/Debug/libdriver.a(pin.o)
 .text.PinTypeI2S
                0x0000000000000000       0x24 ../../../driverlib/gcc/lib/Debug/libdriver.a(pin.o)
 .text.PinTypeTimer
                0x0000000000000000       0x24 ../../../driverlib/gcc/lib/Debug/libdriver.a(pin.o)
 .text.PinTypeCamera
                0x0000000000000000       0x24 ../../../driverlib/gcc/lib/Debug/libdriver.a(pin.o)
 .text.PinTypeGPIO
                0x0000000000000000       0x3a ../../../driverlib/gcc/lib/Debug/libdriver.a(pin.o)
 .text.PinTypeADC
                0x0000000000000000       0x1e ../../../driverlib/gcc/lib/Debug/libdriver.a(pin.o)
 .text.PinTypeSDHost
                0x0000000000000000       0x24 ../../../driverlib/gcc/lib/Debug/libdriver.a(pin.o)
 .text          0x0000000000000000        0x0 ../../../driverlib/gcc/lib/Debug/libdriver.a(prcm.o)
 .data          0x0000000000000000        0x0 ../../../driverlib/gcc/lib/Debug/libdriver.a(prcm.o)
 .bss           0x0000000000000000        0x0 ../../../driverlib/gcc/lib/Debug/libdriver.a(prcm.o)
 .text.RTCUseSet
                0x0000000000000000       0x30 ../../../driverlib/gcc/lib/Debug/libdriver.a(prcm.o)
 .text.IsRTCUsed
                0x0000000000000000       0x30 ../../../driverlib/gcc/lib/Debug/libdriver.a(prcm.o)
 .text.RTCU16MSecRegRead
                0x0000000000000000       0x28 ../../../driverlib/gcc/lib/Debug/libdriver.a(prcm.o)
 .text.RTCU16MSecRegWrite
                0x0000000000000000       0x40 ../../../driverlib/gcc/lib/Debug/libdriver.a(prcm.o)
 .text.RTCU32SecRegRead
                0x0000000000000000       0x14 ../../../driverlib/gcc/lib/Debug/libdriver.a(prcm.o)
 .text.RTCU32SecRegWrite
                0x0000000000000000       0x1c ../../../driverlib/gcc/lib/Debug/libdriver.a(prcm.o)
 .text.PRCMMCUReset
                0x0000000000000000       0x28 ../../../driverlib/gcc/lib/Debug/libdriver.a(prcm.o)
 .text.PRCMPeripheralStatusGet
                0x0000000000000000       0x40 ../../../driverlib/gcc/lib/Debug/libdriver.a(prcm.o)
 .text.PRCMI2SClockFreqSet
                0x0000000000000000       0x60 ../../../driverlib/gcc/lib/Debug/libdriver.a(prcm.o)
 .text.PRCMLPDSRestoreInfoSet
                0x0000000000000000       0x28 ../../../driverlib/gcc/lib/Debug/libdriver.a(prcm.o)
 .text.PRCMLPDSEnter
                0x0000000000000000       0x50 ../../../driverlib/gcc/lib/Debug/libdriver.a(prcm.o)
 .text.PRCMLPDSEnterKeepDebugIf
                0x0000000000000000       0x40 ../../../driverlib/gcc/lib/Debug/libdriver.a(prcm.o)
 .text.PRCMLPDSWakeupSourceEnable
                0x0000000000000000       0x30 ../../../driverlib/gcc/lib/Debug/libdriver.a(prcm.o)
 .text.PRCMLPDSWakeupSourceDisable
                0x0000000000000000       0x24 ../../../driverlib/gcc/lib/Debug/libdriver.a(prcm.o)
 .text.PRCMLPDSWakeupCauseGet
                0x0000000000000000       0x14 ../../../driverlib/gcc/lib/Debug/libdriver.a(prcm.o)
 .text.PRCMLPDSIntervalSet
                0x0000000000000000       0x34 ../../../driverlib/gcc/lib/Debug/libdriver.a(prcm.o)
 .text.PRCMLPDSWakeUpGPIOSelect
                0x0000000000000000       0x2c ../../../driverlib/gcc/lib/Debug/libdriver.a(prcm.o)
 .text.PRCMSRAMRetentionEnable
                0x0000000000000000       0x2c ../../../driverlib/gcc/lib/Debug/libdriver.a(prcm.o)
 .text.PRCMSRAMRetentionDisable
                0x0000000000000000       0x34 ../../../driverlib/gcc/lib/Debug/libdriver.a(prcm.o)
 .text.PRCMHibernateWakeupSourceEnable
                0x0000000000000000       0x50 ../../../driverlib/gcc/lib/Debug/libdriver.a(prcm.o)
 .text.PRCMHibernateWakeupSourceDisable
                0x0000000000000000       0x54 ../../../driverlib/gcc/lib/Debug/libdriver.a(prcm.o)
 .text.PRCMHibernateWakeupCauseGet
                0x0000000000000000       0x1c ../../../driverlib/gcc/lib/Debug/libdriver.a(prcm.o)
 .text.PRCMHibernateIntervalSet
                0x0000000000000000       0xb4 ../../../driverlib/gcc/lib/Debug/libdriver.a(prcm.o)
 .text.PRCMHibernateWakeUpGPIOSelect
                0x0000000000000000       0x74 ../../../driverlib/gcc/lib/Debug/libdriver.a(prcm.o)
 .text.PRCMHibernateEnter
                0x0000000000000000       0x14 ../../../driverlib/gcc/lib/Debug/libdriver.a(prcm.o)
 .text.PRCMSlowClkCtrGet
                0x0000000000000000       0x70 ../../../driverlib/gcc/lib/Debug/libdriver.a(prcm.o)
 .text.PRCMSlowClkCtrFastGet
                0x0000000000000000       0x60 ../../../driverlib/gcc/lib/Debug/libdriver.a(prcm.o)
 .text.PRCMSlowClkCtrMatchSet
                0x0000000000000000       0x40 ../../../driverlib/gcc/lib/Debug/libdriver.a(prcm.o)
 .text.PRCMSlowClkCtrMatchGet
                0x0000000000000000       0x64 ../../../driverlib/gcc/lib/Debug/libdriver.a(prcm.o)
 .text.PRCMOCRRegisterWrite
                0x0000000000000000       0x28 ../../../driverlib/gcc/lib/Debug/libdriver.a(prcm.o)
 .text.PRCMOCRRegisterRead
                0x0000000000000000       0x28 ../../../driverlib/gcc/lib/Debug/libdriver.a(prcm.o)
 .text.PRCMIntRegister
                0x0000000000000000       0x1e ../../../driverlib/gcc/lib/Debug/libdriver.a(prcm.o)
 .text.PRCMIntUnregister
                0x0000000000000000       0x14 ../../../driverlib/gcc/lib/Debug/libdriver.a(prcm.o)
 .text.PRCMIntEnable
                0x0000000000000000       0x48 ../../../driverlib/gcc/lib/Debug/libdriver.a(prcm.o)
 .text.PRCMIntDisable
                0x0000000000000000       0x48 ../../../driverlib/gcc/lib/Debug/libdriver.a(prcm.o)
 .text.PRCMIntStatus
                0x0000000000000000       0x14 ../../../driverlib/gcc/lib/Debug/libdriver.a(prcm.o)
 .text.PRCMRTCInUseSet
                0x0000000000000000        0xc ../../../driverlib/gcc/lib/Debug/libdriver.a(prcm.o)
 .text.PRCMRTCInUseGet
                0x0000000000000000       0x18 ../../../driverlib/gcc/lib/Debug/libdriver.a(prcm.o)
 .text.PRCMRTCSet
                0x0000000000000000       0xb2 ../../../driverlib/gcc/lib/Debug/libdriver.a(prcm.o)
 .text.PRCMRTCGet
                0x0000000000000000       0xba ../../../driverlib/gcc/lib/Debug/libdriver.a(prcm.o)
 .text.PRCMRTCMatchSet
                0x0000000000000000       0xf8 ../../../driverlib/gcc/lib/Debug/libdriver.a(prcm.o)
 .text.PRCMRTCMatchGet
                0x0000000000000000       0xbc ../../../driverlib/gcc/lib/Debug/libdriver.a(prcm.o)
 .text.PRCMCameraFreqSet
                0x0000000000000000       0x50 ../../../driverlib/gcc/lib/Debug/libdriver.a(prcm.o)
 .text          0x0000000000000000        0x0 ../../../driverlib/gcc/lib/Debug/libdriver.a(timer.o)
 .data          0x0000000000000000        0x0 ../../../driverlib/gcc/lib/Debug/libdriver.a(timer.o)
 .bss           0x0000000000000000        0x0 ../../../driverlib/gcc/lib/Debug/libdriver.a(timer.o)
 .text.TimerControlLevel
                0x0000000000000000       0x46 ../../../driverlib/gcc/lib/Debug/libdriver.a(timer.o)
 .text.TimerControlEvent
                0x0000000000000000       0x3e ../../../driverlib/gcc/lib/Debug/libdriver.a(timer.o)
 .text.TimerControlStall
                0x0000000000000000       0x46 ../../../driverlib/gcc/lib/Debug/libdriver.a(timer.o)
 .text.TimerPrescaleGet
                0x0000000000000000       0x28 ../../../driverlib/gcc/lib/Debug/libdriver.a(timer.o)
 .text.TimerPrescaleMatchSet
                0x0000000000000000       0x3c ../../../driverlib/gcc/lib/Debug/libdriver.a(timer.o)
 .text.TimerPrescaleMatchGet
                0x0000000000000000       0x28 ../../../driverlib/gcc/lib/Debug/libdriver.a(timer.o)
 .text.TimerLoadGet
                0x0000000000000000       0x28 ../../../driverlib/gcc/lib/Debug/libdriver.a(timer.o)
 .text.TimerValueGet
                0x0000000000000000       0x28 ../../../driverlib/gcc/lib/Debug/libdriver.a(timer.o)
 .text.TimerValueSet
                0x0000000000000000       0x32 ../../../driverlib/gcc/lib/Debug/libdriver.a(timer.o)
 .text.TimerMatchSet
                0x0000000000000000       0x3c ../../../driverlib/gcc/lib/Debug/libdriver.a(timer.o)
 .text.TimerMatchGet
                0x0000000000000000       0x28 ../../../driverlib/gcc/lib/Debug/libdriver.a(timer.o)
 .text.TimerIntStatus
                0x0000000000000000       0x2a ../../../driverlib/gcc/lib/Debug/libdriver.a(timer.o)
 .text.TimerDMAEventSet
                0x0000000000000000       0x1e ../../../driverlib/gcc/lib/Debug/libdriver.a(timer.o)
 .text.TimerDMAEventGet
                0x0000000000000000       0x18 ../../../driverlib/gcc/lib/Debug/libdriver.a(timer.o)
 .text          0x0000000000000000        0x0 ../../../driverlib/gcc/lib/Debug/libdriver.a(uart.o)
 .data          0x0000000000000000        0x0 ../../../driverlib/gcc/lib/Debug/libdriver.a(uart.o)
 .bss           0x0000000000000000        0x0 ../../../driverlib/gcc/lib/Debug/libdriver.a(uart.o)
 .rodata.g_ppulUARTIntMap
                0x0000000000000000       0x10 ../../../driverlib/gcc/lib/Debug/libdriver.a(uart.o)
 .text.UARTIntNumberGet
                0x0000000000000000       0x48 ../../../driverlib/gcc/lib/Debug/libdriver.a(uart.o)
 .text.UARTParityModeSet
                0x0000000000000000       0x2a ../../../driverlib/gcc/lib/Debug/libdriver.a(uart.o)
 .text.UARTParityModeGet
                0x0000000000000000       0x1c ../../../driverlib/gcc/lib/Debug/libdriver.a(uart.o)
 .text.UARTFIFOLevelSet
                0x0000000000000000       0x24 ../../../driverlib/gcc/lib/Debug/libdriver.a(uart.o)
 .text.UARTFIFOLevelGet
                0x0000000000000000       0x32 ../../../driverlib/gcc/lib/Debug/libdriver.a(uart.o)
 .text.UARTConfigGetExpClk
                0x0000000000000000       0x62 ../../../driverlib/gcc/lib/Debug/libdriver.a(uart.o)
 .text.UARTFIFOEnable
                0x0000000000000000       0x22 ../../../driverlib/gcc/lib/Debug/libdriver.a(uart.o)
 .text.UARTFIFODisable
                0x0000000000000000       0x22 ../../../driverlib/gcc/lib/Debug/libdriver.a(uart.o)
 .text.UARTModemControlSet
                0x0000000000000000       0x32 ../../../driverlib/gcc/lib/Debug/libdriver.a(uart.o)
 .text.UARTModemControlClear
                0x0000000000000000       0x34 ../../../driverlib/gcc/lib/Debug/libdriver.a(uart.o)
 .text.UARTModemControlGet
                0x0000000000000000       0x1c ../../../driverlib/gcc/lib/Debug/libdriver.a(uart.o)
 .text.UARTModemStatusGet
                0x0000000000000000       0x1c ../../../driverlib/gcc/lib/Debug/libdriver.a(uart.o)
 .text.UARTFlowControlSet
                0x0000000000000000       0x2a ../../../driverlib/gcc/lib/Debug/libdriver.a(uart.o)
 .text.UARTFlowControlGet
                0x0000000000000000       0x1c ../../../driverlib/gcc/lib/Debug/libdriver.a(uart.o)
 .text.UARTTxIntModeSet
                0x0000000000000000       0x2a ../../../driverlib/gcc/lib/Debug/libdriver.a(uart.o)
 .text.UARTTxIntModeGet
                0x0000000000000000       0x1c ../../../driverlib/gcc/lib/Debug/libdriver.a(uart.o)
 .text.UARTCharsAvail
                0x0000000000000000       0x26 ../../../driverlib/gcc/lib/Debug/libdriver.a(uart.o)
 .text.UARTSpaceAvail
                0x0000000000000000       0x26 ../../../driverlib/gcc/lib/Debug/libdriver.a(uart.o)
 .text.UARTCharGetNonBlocking
                0x0000000000000000       0x2a ../../../driverlib/gcc/lib/Debug/libdriver.a(uart.o)
 .text.UARTCharGet
                0x0000000000000000       0x26 ../../../driverlib/gcc/lib/Debug/libdriver.a(uart.o)
 .text.UARTCharPutNonBlocking
                0x0000000000000000       0x30 ../../../driverlib/gcc/lib/Debug/libdriver.a(uart.o)
 .text.UARTBreakCtl
                0x0000000000000000       0x38 ../../../driverlib/gcc/lib/Debug/libdriver.a(uart.o)
 .text.UARTBusy
                0x0000000000000000       0x26 ../../../driverlib/gcc/lib/Debug/libdriver.a(uart.o)
 .text.UARTIntRegister
                0x0000000000000000       0x2a ../../../driverlib/gcc/lib/Debug/libdriver.a(uart.o)
 .text.UARTIntUnregister
                0x0000000000000000       0x26 ../../../driverlib/gcc/lib/Debug/libdriver.a(uart.o)
 .text.UARTIntEnable
                0x0000000000000000       0x26 ../../../driverlib/gcc/lib/Debug/libdriver.a(uart.o)
 .text.UARTIntDisable
                0x0000000000000000       0x26 ../../../driverlib/gcc/lib/Debug/libdriver.a(uart.o)
 .text.UARTIntStatus
                0x0000000000000000       0x2a ../../../driverlib/gcc/lib/Debug/libdriver.a(uart.o)
 .text.UARTIntClear
                0x0000000000000000       0x1e ../../../driverlib/gcc/lib/Debug/libdriver.a(uart.o)
 .text.UARTDMAEnable
                0x0000000000000000       0x26 ../../../driverlib/gcc/lib/Debug/libdriver.a(uart.o)
 .text.UARTDMADisable
                0x0000000000000000       0x26 ../../../driverlib/gcc/lib/Debug/libdriver.a(uart.o)
 .text.UARTRxErrorGet
                0x0000000000000000       0x1c ../../../driverlib/gcc/lib/Debug/libdriver.a(uart.o)
 .text.UARTRxErrorClear
                0x0000000000000000       0x1c ../../../driverlib/gcc/lib/Debug/libdriver.a(uart.o)
 .text          0x0000000000000000        0x0 ../../../driverlib/gcc/lib/Debug/libdriver.a(utils.o)
 .data          0x0000000000000000        0x0 ../../../driverlib/gcc/lib/Debug/libdriver.a(utils.o)
 .bss           0x0000000000000000        0x0 ../../../driverlib/gcc/lib/Debug/libdriver.a(utils.o)
 .text          0x0000000000000000        0x0 ../../../driverlib/gcc/lib/Debug/libdriver.a(wdt.o)
 .data          0x0000000000000000        0x0 ../../../driverlib/gcc/lib/Debug/libdriver.a(wdt.o)
 .bss           0x0000000000000000        0x0 ../../../driverlib/gcc/lib/Debug/libdriver.a(wdt.o)
 .text.WatchdogRunning
                0x0000000000000000       0x20 ../../../driverlib/gcc/lib/Debug/libdriver.a(wdt.o)
 .text.WatchdogLock
                0x0000000000000000       0x1e ../../../driverlib/gcc/lib/Debug/libdriver.a(wdt.o)
 .text.WatchdogLockState
                0x0000000000000000       0x24 ../../../driverlib/gcc/lib/Debug/libdriver.a(wdt.o)
 .text.WatchdogReloadGet
                0x0000000000000000       0x16 ../../../driverlib/gcc/lib/Debug/libdriver.a(wdt.o)
 .text.WatchdogValueGet
                0x0000000000000000       0x18 ../../../driverlib/gcc/lib/Debug/libdriver.a(wdt.o)
 .text.WatchdogIntStatus
                0x0000000000000000       0x2a ../../../driverlib/gcc/lib/Debug/libdriver.a(wdt.o)
 .text.WatchdogStallEnable
                0x0000000000000000       0x26 ../../../driverlib/gcc/lib/Debug/libdriver.a(wdt.o)
 .text          0x0000000000000000        0x0 ../../../driverlib/gcc/lib/Debug/libdriver.a(cpu.o)
 .data          0x0000000000000000        0x0 ../../../driverlib/gcc/lib/Debug/libdriver.a(cpu.o)
 .bss           0x0000000000000000        0x0 ../../../driverlib/gcc/lib/Debug/libdriver.a(cpu.o)
 .text.CPUcpsid
                0x0000000000000000       0x16 ../../../driverlib/gcc/lib/Debug/libdriver.a(cpu.o)
 .text.CPUprimask
                0x0000000000000000        0xc ../../../driverlib/gcc/lib/Debug/libdriver.a(cpu.o)
 .text.CPUbasepriSet
                0x0000000000000000       0x10 ../../../driverlib/gcc/lib/Debug/libdriver.a(cpu.o)
 .text.CPUbasepriGet
                0x0000000000000000        0xc ../../../driverlib/gcc/lib/Debug/libdriver.a(cpu.o)
 .text          0x0000000000000000        0x0 ../../../driverlib/gcc/lib/Debug/libdriver.a(flash.o)
 .data          0x0000000000000000        0x0 ../../../driverlib/gcc/lib/Debug/libdriver.a(flash.o)
 .bss           0x0000000000000000        0x0 ../../../driverlib/gcc/lib/Debug/libdriver.a(flash.o)
 .rodata.g_pulFMPPERegs
                0x0000000000000000       0x40 ../../../driverlib/gcc/lib/Debug/libdriver.a(flash.o)
 .rodata.g_pulFMPRERegs
                0x0000000000000000       0x40 ../../../driverlib/gcc/lib/Debug/libdriver.a(flash.o)
 .text.FlashDisable
                0x0000000000000000       0x50 ../../../driverlib/gcc/lib/Debug/libdriver.a(flash.o)
 .text.FlashErase
                0x0000000000000000       0x60 ../../../driverlib/gcc/lib/Debug/libdriver.a(flash.o)
 .text.FlashEraseNonBlocking
                0x0000000000000000       0x38 ../../../driverlib/gcc/lib/Debug/libdriver.a(flash.o)
 .text.FlashMassErase
                0x0000000000000000       0x50 ../../../driverlib/gcc/lib/Debug/libdriver.a(flash.o)
 .text.FlashMassEraseNonBlocking
                0x0000000000000000       0x28 ../../../driverlib/gcc/lib/Debug/libdriver.a(flash.o)
 .text.FlashProgram
                0x0000000000000000       0xb4 ../../../driverlib/gcc/lib/Debug/libdriver.a(flash.o)
 .text.FlashProgramNonBlocking
                0x0000000000000000       0xa4 ../../../driverlib/gcc/lib/Debug/libdriver.a(flash.o)
 .text.FlashProtectGet
                0x0000000000000000       0x78 ../../../driverlib/gcc/lib/Debug/libdriver.a(flash.o)
 .text.FlashIntRegister
                0x0000000000000000       0x1e ../../../driverlib/gcc/lib/Debug/libdriver.a(flash.o)
 .text.FlashIntUnregister
                0x0000000000000000       0x14 ../../../driverlib/gcc/lib/Debug/libdriver.a(flash.o)
 .text.FlashIntEnable
                0x0000000000000000       0x24 ../../../driverlib/gcc/lib/Debug/libdriver.a(flash.o)
 .text.FlashIntDisable
                0x0000000000000000       0x24 ../../../driverlib/gcc/lib/Debug/libdriver.a(flash.o)
 .text.FlashIntStatus
                0x0000000000000000       0x2c ../../../driverlib/gcc/lib/Debug/libdriver.a(flash.o)
 .text.FlashIntClear
                0x0000000000000000       0x1c ../../../driverlib/gcc/lib/Debug/libdriver.a(flash.o)
 .debug_info    0x0000000000000000      0x325 ../../../driverlib/gcc/lib/Debug/libdriver.a(flash.o)
 .debug_abbrev  0x0000000000000000      0x1b1 ../../../driverlib/gcc/lib/Debug/libdriver.a(flash.o)
 .debug_aranges
                0x0000000000000000       0x88 ../../../driverlib/gcc/lib/Debug/libdriver.a(flash.o)
 .debug_ranges  0x0000000000000000       0x78 ../../../driverlib/gcc/lib/Debug/libdriver.a(flash.o)
 .debug_line    0x0000000000000000      0x367 ../../../driverlib/gcc/lib/Debug/libdriver.a(flash.o)
 .debug_str     0x0000000000000000      0x2b8 ../../../driverlib/gcc/lib/Debug/libdriver.a(flash.o)
 .comment       0x0000000000000000       0x4a ../../../driverlib/gcc/lib/Debug/libdriver.a(flash.o)
 .debug_frame   0x0000000000000000      0x214 ../../../driverlib/gcc/lib/Debug/libdriver.a(flash.o)
 .ARM.attributes
                0x0000000000000000       0x2e ../../../driverlib/gcc/lib/Debug/libdriver.a(flash.o)
 .text          0x0000000000000000        0x0 /Applications/ARM/bin/../lib/gcc/arm-none-eabi/10.3.1/../../../../arm-none-eabi/lib/thumb/v7e-m/nofp/libc_nano.a(lib_a-malloc.o)
 .data          0x0000000000000000        0x0 /Applications/ARM/bin/../lib/gcc/arm-none-eabi/10.3.1/../../../../arm-none-eabi/lib/thumb/v7e-m/nofp/libc_nano.a(lib_a-malloc.o)
 .bss           0x0000000000000000        0x0 /Applications/ARM/bin/../lib/gcc/arm-none-eabi/10.3.1/../../../../arm-none-eabi/lib/thumb/v7e-m/nofp/libc_nano.a(lib_a-malloc.o)
 .text          0x0000000000000000        0x0 /Applications/ARM/bin/../lib/gcc/arm-none-eabi/10.3.1/../../../../arm-none-eabi/lib/thumb/v7e-m/nofp/libc_nano.a(lib_a-memmove.o)
 .data          0x0000000000000000        0x0 /Applications/ARM/bin/../lib/gcc/arm-none-eabi/10.3.1/../../../../arm-none-eabi/lib/thumb/v7e-m/nofp/libc_nano.a(lib_a-memmove.o)
 .bss           0x0000000000000000        0x0 /Applications/ARM/bin/../lib/gcc/arm-none-eabi/10.3.1/../../../../arm-none-eabi/lib/thumb/v7e-m/nofp/libc_nano.a(lib_a-memmove.o)
 .text          0x0000000000000000        0x0 /Applications/ARM/bin/../lib/gcc/arm-none-eabi/10.3.1/../../../../arm-none-eabi/lib/thumb/v7e-m/nofp/libc_nano.a(lib_a-nano-freer.o)
 .data          0x0000000000000000        0x0 /Applications/ARM/bin/../lib/gcc/arm-none-eabi/10.3.1/../../../../arm-none-eabi/lib/thumb/v7e-m/nofp/libc_nano.a(lib_a-nano-freer.o)
 .bss           0x0000000000000000        0x0 /Applications/ARM/bin/../lib/gcc/arm-none-eabi/10.3.1/../../../../arm-none-eabi/lib/thumb/v7e-m/nofp/libc_nano.a(lib_a-nano-freer.o)
 .text          0x0000000000000000        0x0 /Applications/ARM/bin/../lib/gcc/arm-none-eabi/10.3.1/../../../../arm-none-eabi/lib/thumb/v7e-m/nofp/libc_nano.a(lib_a-nano-mallocr.o)
 .data          0x0000000000000000        0x0 /Applications/ARM/bin/../lib/gcc/arm-none-eabi/10.3.1/../../../../arm-none-eabi/lib/thumb/v7e-m/nofp/libc_nano.a(lib_a-nano-mallocr.o)
 .bss           0x0000000000000000        0x0 /Applications/ARM/bin/../lib/gcc/arm-none-eabi/10.3.1/../../../../arm-none-eabi/lib/thumb/v7e-m/nofp/libc_nano.a(lib_a-nano-mallocr.o)
 .text          0x0000000000000000        0x0 /Applications/ARM/bin/../lib/gcc/arm-none-eabi/10.3.1/../../../../arm-none-eabi/lib/thumb/v7e-m/nofp/libc_nano.a(lib_a-realloc.o)
 .data          0x0000000000000000        0x0 /Applications/ARM/bin/../lib/gcc/arm-none-eabi/10.3.1/../../../../arm-none-eabi/lib/thumb/v7e-m/nofp/libc_nano.a(lib_a-realloc.o)
 .bss           0x0000000000000000        0x0 /Applications/ARM/bin/../lib/gcc/arm-none-eabi/10.3.1/../../../../arm-none-eabi/lib/thumb/v7e-m/nofp/libc_nano.a(lib_a-realloc.o)
 .text          0x0000000000000000        0x0 /Applications/ARM/bin/../lib/gcc/arm-none-eabi/10.3.1/../../../../arm-none-eabi/lib/thumb/v7e-m/nofp/libc_nano.a(lib_a-sbrkr.o)
 .data          0x0000000000000000        0x0 /Applications/ARM/bin/../lib/gcc/arm-none-eabi/10.3.1/../../../../arm-none-eabi/lib/thumb/v7e-m/nofp/libc_nano.a(lib_a-sbrkr.o)
 .bss           0x0000000000000000        0x0 /Applications/ARM/bin/../lib/gcc/arm-none-eabi/10.3.1/../../../../arm-none-eabi/lib/thumb/v7e-m/nofp/libc_nano.a(lib_a-sbrkr.o)
 .text          0x0000000000000000       0x10 /Applications/ARM/bin/../lib/gcc/arm-none-eabi/10.3.1/../../../../arm-none-eabi/lib/thumb/v7e-m/nofp/libc_nano.a(lib_a-strlen.o)
 .data          0x0000000000000000        0x0 /Applications/ARM/bin/../lib/gcc/arm-none-eabi/10.3.1/../../../../arm-none-eabi/lib/thumb/v7e-m/nofp/libc_nano.a(lib_a-strlen.o)
 .bss           0x0000000000000000        0x0 /Applications/ARM/bin/../lib/gcc/arm-none-eabi/10.3.1/../../../../arm-none-eabi/lib/thumb/v7e-m/nofp/libc_nano.a(lib_a-strlen.o)
 .ARM.attributes
                0x0000000000000000       0x17 /Applications/ARM/bin/../lib/gcc/arm-none-eabi/10.3.1/../../../../arm-none-eabi/lib/thumb/v7e-m/nofp/libc_nano.a(lib_a-strlen.o)
 .text          0x0000000000000000        0x0 /Applications/ARM/bin/../lib/gcc/arm-none-eabi/10.3.1/../../../../arm-none-eabi/lib/thumb/v7e-m/nofp/libc_nano.a(lib_a-vsnprintf.o)
 .data          0x0000000000000000        0x0 /Applications/ARM/bin/../lib/gcc/arm-none-eabi/10.3.1/../../../../arm-none-eabi/lib/thumb/v7e-m/nofp/libc_nano.a(lib_a-vsnprintf.o)
 .bss           0x0000000000000000        0x0 /Applications/ARM/bin/../lib/gcc/arm-none-eabi/10.3.1/../../../../arm-none-eabi/lib/thumb/v7e-m/nofp/libc_nano.a(lib_a-vsnprintf.o)
 .text          0x0000000000000000        0x0 /Applications/ARM/bin/../lib/gcc/arm-none-eabi/10.3.1/../../../../arm-none-eabi/lib/thumb/v7e-m/nofp/libc_nano.a(lib_a-impure.o)
 .data          0x0000000000000000        0x0 /Applications/ARM/bin/../lib/gcc/arm-none-eabi/10.3.1/../../../../arm-none-eabi/lib/thumb/v7e-m/nofp/libc_nano.a(lib_a-impure.o)
 .bss           0x0000000000000000        0x0 /Applications/ARM/bin/../lib/gcc/arm-none-eabi/10.3.1/../../../../arm-none-eabi/lib/thumb/v7e-m/nofp/libc_nano.a(lib_a-impure.o)
 .rodata._global_impure_ptr
                0x0000000000000000        0x4 /Applications/ARM/bin/../lib/gcc/arm-none-eabi/10.3.1/../../../../arm-none-eabi/lib/thumb/v7e-m/nofp/libc_nano.a(lib_a-impure.o)
 .text          0x0000000000000000        0x0 /Applications/ARM/bin/../lib/gcc/arm-none-eabi/10.3.1/../../../../arm-none-eabi/lib/thumb/v7e-m/nofp/libc_nano.a(lib_a-mlock.o)
 .data          0x0000000000000000        0x0 /Applications/ARM/bin/../lib/gcc/arm-none-eabi/10.3.1/../../../../arm-none-eabi/lib/thumb/v7e-m/nofp/libc_nano.a(lib_a-mlock.o)
 .bss           0x0000000000000000        0x0 /Applications/ARM/bin/../lib/gcc/arm-none-eabi/10.3.1/../../../../arm-none-eabi/lib/thumb/v7e-m/nofp/libc_nano.a(lib_a-mlock.o)
 .text          0x0000000000000000        0x0 /Applications/ARM/bin/../lib/gcc/arm-none-eabi/10.3.1/../../../../arm-none-eabi/lib/thumb/v7e-m/nofp/libc_nano.a(lib_a-nano-reallocr.o)
 .data          0x0000000000000000        0x0 /Applications/ARM/bin/../lib/gcc/arm-none-eabi/10.3.1/../../../../arm-none-eabi/lib/thumb/v7e-m/nofp/libc_nano.a(lib_a-nano-reallocr.o)
 .bss           0x0000000000000000        0x0 /Applications/ARM/bin/../lib/gcc/arm-none-eabi/10.3.1/../../../../arm-none-eabi/lib/thumb/v7e-m/nofp/libc_nano.a(lib_a-nano-reallocr.o)
 .text          0x0000000000000000        0x0 /Applications/ARM/bin/../lib/gcc/arm-none-eabi/10.3.1/../../../../arm-none-eabi/lib/thumb/v7e-m/nofp/libc_nano.a(lib_a-nano-svfprintf.o)
 .data          0x0000000000000000        0x0 /Applications/ARM/bin/../lib/gcc/arm-none-eabi/10.3.1/../../../../arm-none-eabi/lib/thumb/v7e-m/nofp/libc_nano.a(lib_a-nano-svfprintf.o)
 .bss           0x0000000000000000        0x0 /Applications/ARM/bin/../lib/gcc/arm-none-eabi/10.3.1/../../../../arm-none-eabi/lib/thumb/v7e-m/nofp/libc_nano.a(lib_a-nano-svfprintf.o)
 .text.__ssprint_r
                0x0000000000000000       0xf6 /Applications/ARM/bin/../lib/gcc/arm-none-eabi/10.3.1/../../../../arm-none-eabi/lib/thumb/v7e-m/nofp/libc_nano.a(lib_a-nano-svfprintf.o)
 .text          0x0000000000000000        0x0 /Applications/ARM/bin/../lib/gcc/arm-none-eabi/10.3.1/../../../../arm-none-eabi/lib/thumb/v7e-m/nofp/libc_nano.a(lib_a-nano-vfprintf_i.o)
 .data          0x0000000000000000        0x0 /Applications/ARM/bin/../lib/gcc/arm-none-eabi/10.3.1/../../../../arm-none-eabi/lib/thumb/v7e-m/nofp/libc_nano.a(lib_a-nano-vfprintf_i.o)
 .bss           0x0000000000000000        0x0 /Applications/ARM/bin/../lib/gcc/arm-none-eabi/10.3.1/../../../../arm-none-eabi/lib/thumb/v7e-m/nofp/libc_nano.a(lib_a-nano-vfprintf_i.o)
 .text          0x0000000000000000        0x0 /Applications/ARM/bin/../lib/gcc/arm-none-eabi/10.3.1/../../../../arm-none-eabi/lib/thumb/v7e-m/nofp/libc_nano.a(lib_a-reent.o)
 .data          0x0000000000000000        0x0 /Applications/ARM/bin/../lib/gcc/arm-none-eabi/10.3.1/../../../../arm-none-eabi/lib/thumb/v7e-m/nofp/libc_nano.a(lib_a-reent.o)
 .bss           0x0000000000000000        0x0 /Applications/ARM/bin/../lib/gcc/arm-none-eabi/10.3.1/../../../../arm-none-eabi/lib/thumb/v7e-m/nofp/libc_nano.a(lib_a-reent.o)
 .text.cleanup_glue
                0x0000000000000000       0x1a /Applications/ARM/bin/../lib/gcc/arm-none-eabi/10.3.1/../../../../arm-none-eabi/lib/thumb/v7e-m/nofp/libc_nano.a(lib_a-reent.o)
 .text._reclaim_reent
                0x0000000000000000       0xb8 /Applications/ARM/bin/../lib/gcc/arm-none-eabi/10.3.1/../../../../arm-none-eabi/lib/thumb/v7e-m/nofp/libc_nano.a(lib_a-reent.o)
 .text          0x0000000000000000        0x0 /Applications/ARM/bin/../lib/gcc/arm-none-eabi/10.3.1/../../../../arm-none-eabi/lib/thumb/v7e-m/nofp/libc_nano.a(lib_a-lock.o)
 .data          0x0000000000000000        0x0 /Applications/ARM/bin/../lib/gcc/arm-none-eabi/10.3.1/../../../../arm-none-eabi/lib/thumb/v7e-m/nofp/libc_nano.a(lib_a-lock.o)
 .bss           0x0000000000000000        0x0 /Applications/ARM/bin/../lib/gcc/arm-none-eabi/10.3.1/../../../../arm-none-eabi/lib/thumb/v7e-m/nofp/libc_nano.a(lib_a-lock.o)
 .text.__retarget_lock_init
                0x0000000000000000        0x2 /Applications/ARM/bin/../lib/gcc/arm-none-eabi/10.3.1/../../../../arm-none-eabi/lib/thumb/v7e-m/nofp/libc_nano.a(lib_a-lock.o)
 .text.__retarget_lock_init_recursive
                0x0000000000000000        0x2 /Applications/ARM/bin/../lib/gcc/arm-none-eabi/10.3.1/../../../../arm-none-eabi/lib/thumb/v7e-m/nofp/libc_nano.a(lib_a-lock.o)
 .text.__retarget_lock_close
                0x0000000000000000        0x2 /Applications/ARM/bin/../lib/gcc/arm-none-eabi/10.3.1/../../../../arm-none-eabi/lib/thumb/v7e-m/nofp/libc_nano.a(lib_a-lock.o)
 .text.__retarget_lock_close_recursive
                0x0000000000000000        0x2 /Applications/ARM/bin/../lib/gcc/arm-none-eabi/10.3.1/../../../../arm-none-eabi/lib/thumb/v7e-m/nofp/libc_nano.a(lib_a-lock.o)
 .text.__retarget_lock_acquire
                0x0000000000000000        0x2 /Applications/ARM/bin/../lib/gcc/arm-none-eabi/10.3.1/../../../../arm-none-eabi/lib/thumb/v7e-m/nofp/libc_nano.a(lib_a-lock.o)
 .text.__retarget_lock_try_acquire
                0x0000000000000000        0x4 /Applications/ARM/bin/../lib/gcc/arm-none-eabi/10.3.1/../../../../arm-none-eabi/lib/thumb/v7e-m/nofp/libc_nano.a(lib_a-lock.o)
 .text.__retarget_lock_try_acquire_recursive
                0x0000000000000000        0x4 /Applications/ARM/bin/../lib/gcc/arm-none-eabi/10.3.1/../../../../arm-none-eabi/lib/thumb/v7e-m/nofp/libc_nano.a(lib_a-lock.o)
 .text.__retarget_lock_release
                0x0000000000000000        0x2 /Applications/ARM/bin/../lib/gcc/arm-none-eabi/10.3.1/../../../../arm-none-eabi/lib/thumb/v7e-m/nofp/libc_nano.a(lib_a-lock.o)
 .bss.__lock___arc4random_mutex
                0x0000000000000000        0x1 /Applications/ARM/bin/../lib/gcc/arm-none-eabi/10.3.1/../../../../arm-none-eabi/lib/thumb/v7e-m/nofp/libc_nano.a(lib_a-lock.o)
 .bss.__lock___at_quick_exit_mutex
                0x0000000000000000        0x1 /Applications/ARM/bin/../lib/gcc/arm-none-eabi/10.3.1/../../../../arm-none-eabi/lib/thumb/v7e-m/nofp/libc_nano.a(lib_a-lock.o)
 .bss.__lock___atexit_recursive_mutex
                0x0000000000000000        0x1 /Applications/ARM/bin/../lib/gcc/arm-none-eabi/10.3.1/../../../../arm-none-eabi/lib/thumb/v7e-m/nofp/libc_nano.a(lib_a-lock.o)
 .bss.__lock___dd_hash_mutex
                0x0000000000000000        0x1 /Applications/ARM/bin/../lib/gcc/arm-none-eabi/10.3.1/../../../../arm-none-eabi/lib/thumb/v7e-m/nofp/libc_nano.a(lib_a-lock.o)
 .bss.__lock___env_recursive_mutex
                0x0000000000000000        0x1 /Applications/ARM/bin/../lib/gcc/arm-none-eabi/10.3.1/../../../../arm-none-eabi/lib/thumb/v7e-m/nofp/libc_nano.a(lib_a-lock.o)
 .bss.__lock___sfp_recursive_mutex
                0x0000000000000000        0x1 /Applications/ARM/bin/../lib/gcc/arm-none-eabi/10.3.1/../../../../arm-none-eabi/lib/thumb/v7e-m/nofp/libc_nano.a(lib_a-lock.o)
 .bss.__lock___sinit_recursive_mutex
                0x0000000000000000        0x1 /Applications/ARM/bin/../lib/gcc/arm-none-eabi/10.3.1/../../../../arm-none-eabi/lib/thumb/v7e-m/nofp/libc_nano.a(lib_a-lock.o)
 .bss.__lock___tz_mutex
                0x0000000000000000        0x1 /Applications/ARM/bin/../lib/gcc/arm-none-eabi/10.3.1/../../../../arm-none-eabi/lib/thumb/v7e-m/nofp/libc_nano.a(lib_a-lock.o)
 .data          0x0000000000000000        0x0 /Applications/ARM/bin/../lib/gcc/arm-none-eabi/10.3.1/../../../../arm-none-eabi/lib/thumb/v7e-m/nofp/libc_nano.a(lib_a-memchr.o)
 .bss           0x0000000000000000        0x0 /Applications/ARM/bin/../lib/gcc/arm-none-eabi/10.3.1/../../../../arm-none-eabi/lib/thumb/v7e-m/nofp/libc_nano.a(lib_a-memchr.o)
 .text          0x0000000000000000        0x0 /Applications/ARM/bin/../lib/gcc/arm-none-eabi/10.3.1/../../../../arm-none-eabi/lib/thumb/v7e-m/nofp/libc_nano.a(lib_a-memcpy-stub.o)
 .data          0x0000000000000000        0x0 /Applications/ARM/bin/../lib/gcc/arm-none-eabi/10.3.1/../../../../arm-none-eabi/lib/thumb/v7e-m/nofp/libc_nano.a(lib_a-memcpy-stub.o)
 .bss           0x0000000000000000        0x0 /Applications/ARM/bin/../lib/gcc/arm-none-eabi/10.3.1/../../../../arm-none-eabi/lib/thumb/v7e-m/nofp/libc_nano.a(lib_a-memcpy-stub.o)
 .text          0x0000000000000000        0x0 /Applications/ARM/bin/../lib/gcc/arm-none-eabi/10.3.1/../../../../arm-none-eabi/lib/thumb/v7e-m/nofp/libc_nano.a(lib_a-nano-msizer.o)
 .data          0x0000000000000000        0x0 /Applications/ARM/bin/../lib/gcc/arm-none-eabi/10.3.1/../../../../arm-none-eabi/lib/thumb/v7e-m/nofp/libc_nano.a(lib_a-nano-msizer.o)
 .bss           0x0000000000000000        0x0 /Applications/ARM/bin/../lib/gcc/arm-none-eabi/10.3.1/../../../../arm-none-eabi/lib/thumb/v7e-m/nofp/libc_nano.a(lib_a-nano-msizer.o)
 .text          0x0000000000000000       0x30 /Applications/ARM/bin/../lib/gcc/arm-none-eabi/10.3.1/thumb/v7e-m/nofp/libgcc.a(_aeabi_uldivmod.o)
 .data          0x0000000000000000        0x0 /Applications/ARM/bin/../lib/gcc/arm-none-eabi/10.3.1/thumb/v7e-m/nofp/libgcc.a(_aeabi_uldivmod.o)
 .bss           0x0000000000000000        0x0 /Applications/ARM/bin/../lib/gcc/arm-none-eabi/10.3.1/thumb/v7e-m/nofp/libgcc.a(_aeabi_uldivmod.o)
 .debug_frame   0x0000000000000000       0x2c /Applications/ARM/bin/../lib/gcc/arm-none-eabi/10.3.1/thumb/v7e-m/nofp/libgcc.a(_aeabi_uldivmod.o)
 .ARM.attributes
                0x0000000000000000       0x1e /Applications/ARM/bin/../lib/gcc/arm-none-eabi/10.3.1/thumb/v7e-m/nofp/libgcc.a(_aeabi_uldivmod.o)
 .text          0x0000000000000000      0x2d0 /Applications/ARM/bin/../lib/gcc/arm-none-eabi/10.3.1/thumb/v7e-m/nofp/libgcc.a(_udivmoddi4.o)
 .data          0x0000000000000000        0x0 /Applications/ARM/bin/../lib/gcc/arm-none-eabi/10.3.1/thumb/v7e-m/nofp/libgcc.a(_udivmoddi4.o)
 .bss           0x0000000000000000        0x0 /Applications/ARM/bin/../lib/gcc/arm-none-eabi/10.3.1/thumb/v7e-m/nofp/libgcc.a(_udivmoddi4.o)
 .ARM.extab     0x0000000000000000        0x0 /Applications/ARM/bin/../lib/gcc/arm-none-eabi/10.3.1/thumb/v7e-m/nofp/libgcc.a(_udivmoddi4.o)
 .ARM.exidx     0x0000000000000000        0x8 /Applications/ARM/bin/../lib/gcc/arm-none-eabi/10.3.1/thumb/v7e-m/nofp/libgcc.a(_udivmoddi4.o)
 .debug_frame   0x0000000000000000       0x34 /Applications/ARM/bin/../lib/gcc/arm-none-eabi/10.3.1/thumb/v7e-m/nofp/libgcc.a(_udivmoddi4.o)
 .ARM.attributes
                0x0000000000000000       0x2e /Applications/ARM/bin/../lib/gcc/arm-none-eabi/10.3.1/thumb/v7e-m/nofp/libgcc.a(_udivmoddi4.o)
 .text          0x0000000000000000        0x4 /Applications/ARM/bin/../lib/gcc/arm-none-eabi/10.3.1/thumb/v7e-m/nofp/libgcc.a(_dvmd_tls.o)
 .data          0x0000000000000000        0x0 /Applications/ARM/bin/../lib/gcc/arm-none-eabi/10.3.1/thumb/v7e-m/nofp/libgcc.a(_dvmd_tls.o)
 .bss           0x0000000000000000        0x0 /Applications/ARM/bin/../lib/gcc/arm-none-eabi/10.3.1/thumb/v7e-m/nofp/libgcc.a(_dvmd_tls.o)
 .ARM.attributes
                0x0000000000000000       0x1e /Applications/ARM/bin/../lib/gcc/arm-none-eabi/10.3.1/thumb/v7e-m/nofp/libgcc.a(_dvmd_tls.o)

Memory Configuration

Name             Origin             Length             Attributes
SRAM             0x0000000020000000 0x0000000000040000 xrw
*default*        0x0000000000000000 0xffffffffffffffff

Linker script and memory map

                0x0000000000004000                BOOTLOADER_SIZE = 0x4000

.bootloader     0x0000000020000000     0x4000
                0x0000000020000000                _heap2 = .
                0x0000000020004000                . = (. + BOOTLOADER_SIZE)
 *fill*         0x0000000020000000     0x4000 
                0x0000000020004000                . = ALIGN (0x8)
                0x0000000020004000                _eheap2 = .

.text           0x0000000020004000     0x2430
                0x0000000020004000                _text = .
 *(.intvecs)
 .intvecs       0x0000000020004000      0x400 obj//Debug/startup_gcc.o
                0x0000000020004000                g_pfnVectors
 *(.text*)
 .text.AppWDTCallBackHandler
                0x0000000020004400       0x1c obj//Debug/main.o
                0x0000000020004400                AppWDTCallBackHandler
 .text.AppGPTCallBackHandler
                0x000000002000441c       0x20 obj//Debug/main.o
                0x000000002000441c                AppGPTCallBackHandler
 .text.PerformPRCMSleepWDTWakeup
                0x000000002000443c       0x5c obj//Debug/main.o
 .text.PerformPRCMSleepGPTWakeup
                0x0000000020004498       0x9c obj//Debug/main.o
 .text.DisplayBanner
                0x0000000020004534       0x3c obj//Debug/main.o
 .text.BoardInit
                0x0000000020004570       0x16 obj//Debug/main.o
 *fill*         0x0000000020004586        0x2 
 .text.main     0x0000000020004588       0x38 obj//Debug/main.o
                0x0000000020004588                main
 .text.PinMuxConfig
                0x00000000200045c0       0x20 obj//Debug/pinmux.o
                0x00000000200045c0                PinMuxConfig
 .text.GetPeripheralIntNum
                0x00000000200045e0       0xc0 obj//Debug/timer_if.o
 .text.Timer_IF_Init
                0x00000000200046a0       0x36 obj//Debug/timer_if.o
                0x00000000200046a0                Timer_IF_Init
 .text.Timer_IF_IntSetup
                0x00000000200046d6       0x5c obj//Debug/timer_if.o
                0x00000000200046d6                Timer_IF_IntSetup
 *fill*         0x0000000020004732        0x2 
 .text.Timer_IF_Start
                0x0000000020004734       0x34 obj//Debug/timer_if.o
                0x0000000020004734                Timer_IF_Start
 .text.Timer_IF_Stop
                0x0000000020004768       0x1a obj//Debug/timer_if.o
                0x0000000020004768                Timer_IF_Stop
 .text.Timer_IF_DeInit
                0x0000000020004782       0x24 obj//Debug/timer_if.o
                0x0000000020004782                Timer_IF_DeInit
 .text.WDT_IF_Init
                0x00000000200047a6       0x4c obj//Debug/wdt_if.o
                0x00000000200047a6                WDT_IF_Init
 .text.WDT_IF_DeInit
                0x00000000200047f2       0x28 obj//Debug/wdt_if.o
                0x00000000200047f2                WDT_IF_DeInit
 *fill*         0x000000002000481a        0x2 
 .text.InitTerm
                0x000000002000481c       0x2c obj//Debug/uart_if.o
                0x000000002000481c                InitTerm
 .text.Message  0x0000000020004848       0x34 obj//Debug/uart_if.o
                0x0000000020004848                Message
 .text.Report   0x000000002000487c       0x98 obj//Debug/uart_if.o
                0x000000002000487c                Report
 .text.ResetISR
                0x0000000020004914       0x5c obj//Debug/startup_gcc.o
                0x0000000020004914                ResetISR
 .text.NmiSR    0x0000000020004970        0x6 obj//Debug/startup_gcc.o
 .text.FaultISR
                0x0000000020004976        0x6 obj//Debug/startup_gcc.o
 .text.BusFaultHandler
                0x000000002000497c        0x6 obj//Debug/startup_gcc.o
 .text.IntDefaultHandler
                0x0000000020004982        0x6 obj//Debug/startup_gcc.o
 .text._sbrk    0x0000000020004988       0x54 obj//Debug/startup_gcc.o
                0x0000000020004988                _sbrk
 .text.IntDefaultHandler
                0x00000000200049dc        0x6 ../../../driverlib/gcc/lib/Debug/libdriver.a(interrupt.o)
 .text.IntMasterEnable
                0x00000000200049e2       0x10 ../../../driverlib/gcc/lib/Debug/libdriver.a(interrupt.o)
                0x00000000200049e2                IntMasterEnable
 *fill*         0x00000000200049f2        0x2 
 .text.IntRegister
                0x00000000200049f4       0x2c ../../../driverlib/gcc/lib/Debug/libdriver.a(interrupt.o)
                0x00000000200049f4                IntRegister
 .text.IntUnregister
                0x0000000020004a20       0x2c ../../../driverlib/gcc/lib/Debug/libdriver.a(interrupt.o)
                0x0000000020004a20                IntUnregister
 .text.IntPrioritySet
                0x0000000020004a4c       0x68 ../../../driverlib/gcc/lib/Debug/libdriver.a(interrupt.o)
                0x0000000020004a4c                IntPrioritySet
 .text.IntEnable
                0x0000000020004ab4       0xbc ../../../driverlib/gcc/lib/Debug/libdriver.a(interrupt.o)
                0x0000000020004ab4                IntEnable
 .text.IntDisable
                0x0000000020004b70       0xbc ../../../driverlib/gcc/lib/Debug/libdriver.a(interrupt.o)
                0x0000000020004b70                IntDisable
 .text.PinModeSet
                0x0000000020004c2c       0x48 ../../../driverlib/gcc/lib/Debug/libdriver.a(pin.o)
                0x0000000020004c2c                PinModeSet
 .text.PinConfigSet
                0x0000000020004c74       0x9c ../../../driverlib/gcc/lib/Debug/libdriver.a(pin.o)
                0x0000000020004c74                PinConfigSet
 .text.PinTypeUART
                0x0000000020004d10       0x24 ../../../driverlib/gcc/lib/Debug/libdriver.a(pin.o)
                0x0000000020004d10                PinTypeUART
 .text.PRCMSysResetCauseGet
                0x0000000020004d34       0x3c ../../../driverlib/gcc/lib/Debug/libdriver.a(prcm.o)
                0x0000000020004d34                PRCMSysResetCauseGet
 .text.PRCMPeripheralClkEnable
                0x0000000020004d70       0x5c ../../../driverlib/gcc/lib/Debug/libdriver.a(prcm.o)
                0x0000000020004d70                PRCMPeripheralClkEnable
 .text.PRCMPeripheralClkDisable
                0x0000000020004dcc       0x48 ../../../driverlib/gcc/lib/Debug/libdriver.a(prcm.o)
                0x0000000020004dcc                PRCMPeripheralClkDisable
 .text.PRCMPeripheralClockGet
                0x0000000020004e14       0xa8 ../../../driverlib/gcc/lib/Debug/libdriver.a(prcm.o)
                0x0000000020004e14                PRCMPeripheralClockGet
 .text.PRCMPeripheralReset
                0x0000000020004ebc       0x8c ../../../driverlib/gcc/lib/Debug/libdriver.a(prcm.o)
                0x0000000020004ebc                PRCMPeripheralReset
 .text.PRCMSleepEnter
                0x0000000020004f48        0xc ../../../driverlib/gcc/lib/Debug/libdriver.a(prcm.o)
                0x0000000020004f48                PRCMSleepEnter
 .text.PRCMCC3200MCUInit
                0x0000000020004f54      0x1a0 ../../../driverlib/gcc/lib/Debug/libdriver.a(prcm.o)
                0x0000000020004f54                PRCMCC3200MCUInit
 .text.PRCMHIBRegRead
                0x00000000200050f4       0x20 ../../../driverlib/gcc/lib/Debug/libdriver.a(prcm.o)
                0x00000000200050f4                PRCMHIBRegRead
 .text.PRCMHIBRegWrite
                0x0000000020005114       0x20 ../../../driverlib/gcc/lib/Debug/libdriver.a(prcm.o)
                0x0000000020005114                PRCMHIBRegWrite
 .text.TimerEnable
                0x0000000020005134       0x2a ../../../driverlib/gcc/lib/Debug/libdriver.a(timer.o)
                0x0000000020005134                TimerEnable
 .text.TimerDisable
                0x000000002000515e       0x2c ../../../driverlib/gcc/lib/Debug/libdriver.a(timer.o)
                0x000000002000515e                TimerDisable
 *fill*         0x000000002000518a        0x2 
 .text.TimerConfigure
                0x000000002000518c       0x54 ../../../driverlib/gcc/lib/Debug/libdriver.a(timer.o)
                0x000000002000518c                TimerConfigure
 .text.TimerPrescaleSet
                0x00000000200051e0       0x3c ../../../driverlib/gcc/lib/Debug/libdriver.a(timer.o)
                0x00000000200051e0                TimerPrescaleSet
 .text.TimerLoadSet
                0x000000002000521c       0x3c ../../../driverlib/gcc/lib/Debug/libdriver.a(timer.o)
                0x000000002000521c                TimerLoadSet
 .text.TimerIntRegister
                0x0000000020005258       0x80 ../../../driverlib/gcc/lib/Debug/libdriver.a(timer.o)
                0x0000000020005258                TimerIntRegister
 .text.TimerIntUnregister
                0x00000000200052d8       0x78 ../../../driverlib/gcc/lib/Debug/libdriver.a(timer.o)
                0x00000000200052d8                TimerIntUnregister
 .text.TimerIntEnable
                0x0000000020005350       0x26 ../../../driverlib/gcc/lib/Debug/libdriver.a(timer.o)
                0x0000000020005350                TimerIntEnable
 .text.TimerIntDisable
                0x0000000020005376       0x26 ../../../driverlib/gcc/lib/Debug/libdriver.a(timer.o)
                0x0000000020005376                TimerIntDisable
 .text.TimerIntClear
                0x000000002000539c       0x1e ../../../driverlib/gcc/lib/Debug/libdriver.a(timer.o)
                0x000000002000539c                TimerIntClear
 .text.UARTConfigSetExpClk
                0x00000000200053ba       0x92 ../../../driverlib/gcc/lib/Debug/libdriver.a(uart.o)
                0x00000000200053ba                UARTConfigSetExpClk
 .text.UARTEnable
                0x000000002000544c       0x36 ../../../driverlib/gcc/lib/Debug/libdriver.a(uart.o)
                0x000000002000544c                UARTEnable
 .text.UARTDisable
                0x0000000020005482       0x46 ../../../driverlib/gcc/lib/Debug/libdriver.a(uart.o)
                0x0000000020005482                UARTDisable
 .text.UARTCharPut
                0x00000000200054c8       0x2c ../../../driverlib/gcc/lib/Debug/libdriver.a(uart.o)
                0x00000000200054c8                UARTCharPut
 .text.UtilsDelay
                0x00000000200054f4        0xa ../../../driverlib/gcc/lib/Debug/libdriver.a(utils.o)
                0x00000000200054f4                UtilsDelay
 .text.WatchdogEnable
                0x00000000200054fe       0x22 ../../../driverlib/gcc/lib/Debug/libdriver.a(wdt.o)
                0x00000000200054fe                WatchdogEnable
 .text.WatchdogUnlock
                0x0000000020005520       0x24 ../../../driverlib/gcc/lib/Debug/libdriver.a(wdt.o)
                0x0000000020005520                WatchdogUnlock
 .text.WatchdogReloadSet
                0x0000000020005544       0x1a ../../../driverlib/gcc/lib/Debug/libdriver.a(wdt.o)
                0x0000000020005544                WatchdogReloadSet
 .text.WatchdogIntRegister
                0x000000002000555e       0x20 ../../../driverlib/gcc/lib/Debug/libdriver.a(wdt.o)
                0x000000002000555e                WatchdogIntRegister
 .text.WatchdogIntUnregister
                0x000000002000557e       0x1c ../../../driverlib/gcc/lib/Debug/libdriver.a(wdt.o)
                0x000000002000557e                WatchdogIntUnregister
 .text.WatchdogIntClear
                0x000000002000559a       0x1c ../../../driverlib/gcc/lib/Debug/libdriver.a(wdt.o)
                0x000000002000559a                WatchdogIntClear
 .text.WatchdogStallDisable
                0x00000000200055b6       0x26 ../../../driverlib/gcc/lib/Debug/libdriver.a(wdt.o)
                0x00000000200055b6                WatchdogStallDisable
 .text.CPUcpsie
                0x00000000200055dc       0x16 ../../../driverlib/gcc/lib/Debug/libdriver.a(cpu.o)
                0x00000000200055dc                CPUcpsie
 .text.CPUwfi   0x00000000200055f2        0xe ../../../driverlib/gcc/lib/Debug/libdriver.a(cpu.o)
                0x00000000200055f2                CPUwfi
 .text.malloc   0x0000000020005600       0x10 /Applications/ARM/bin/../lib/gcc/arm-none-eabi/10.3.1/../../../../arm-none-eabi/lib/thumb/v7e-m/nofp/libc_nano.a(lib_a-malloc.o)
                0x0000000020005600                malloc
 .text.free     0x0000000020005610       0x10 /Applications/ARM/bin/../lib/gcc/arm-none-eabi/10.3.1/../../../../arm-none-eabi/lib/thumb/v7e-m/nofp/libc_nano.a(lib_a-malloc.o)
                0x0000000020005610                free
 .text.memmove  0x0000000020005620       0x34 /Applications/ARM/bin/../lib/gcc/arm-none-eabi/10.3.1/../../../../arm-none-eabi/lib/thumb/v7e-m/nofp/libc_nano.a(lib_a-memmove.o)
                0x0000000020005620                memmove
 .text._free_r  0x0000000020005654       0x94 /Applications/ARM/bin/../lib/gcc/arm-none-eabi/10.3.1/../../../../arm-none-eabi/lib/thumb/v7e-m/nofp/libc_nano.a(lib_a-nano-freer.o)
                0x0000000020005654                _free_r
 .text.sbrk_aligned
                0x00000000200056e8       0x40 /Applications/ARM/bin/../lib/gcc/arm-none-eabi/10.3.1/../../../../arm-none-eabi/lib/thumb/v7e-m/nofp/libc_nano.a(lib_a-nano-mallocr.o)
 .text._malloc_r
                0x0000000020005728       0xe8 /Applications/ARM/bin/../lib/gcc/arm-none-eabi/10.3.1/../../../../arm-none-eabi/lib/thumb/v7e-m/nofp/libc_nano.a(lib_a-nano-mallocr.o)
                0x0000000020005728                _malloc_r
 .text.realloc  0x0000000020005810       0x10 /Applications/ARM/bin/../lib/gcc/arm-none-eabi/10.3.1/../../../../arm-none-eabi/lib/thumb/v7e-m/nofp/libc_nano.a(lib_a-realloc.o)
                0x0000000020005810                realloc
 .text._sbrk_r  0x0000000020005820       0x20 /Applications/ARM/bin/../lib/gcc/arm-none-eabi/10.3.1/../../../../arm-none-eabi/lib/thumb/v7e-m/nofp/libc_nano.a(lib_a-sbrkr.o)
                0x0000000020005820                _sbrk_r
 .text._vsnprintf_r
                0x0000000020005840       0x56 /Applications/ARM/bin/../lib/gcc/arm-none-eabi/10.3.1/../../../../arm-none-eabi/lib/thumb/v7e-m/nofp/libc_nano.a(lib_a-vsnprintf.o)
                0x0000000020005840                _vsnprintf_r
                0x0000000020005840                _vsniprintf_r
 *fill*         0x0000000020005896        0x2 
 .text.vsnprintf
                0x0000000020005898       0x1c /Applications/ARM/bin/../lib/gcc/arm-none-eabi/10.3.1/../../../../arm-none-eabi/lib/thumb/v7e-m/nofp/libc_nano.a(lib_a-vsnprintf.o)
                0x0000000020005898                vsnprintf
                0x0000000020005898                vsniprintf
 .text.__malloc_lock
                0x00000000200058b4        0xc /Applications/ARM/bin/../lib/gcc/arm-none-eabi/10.3.1/../../../../arm-none-eabi/lib/thumb/v7e-m/nofp/libc_nano.a(lib_a-mlock.o)
                0x00000000200058b4                __malloc_lock
 .text.__malloc_unlock
                0x00000000200058c0        0xc /Applications/ARM/bin/../lib/gcc/arm-none-eabi/10.3.1/../../../../arm-none-eabi/lib/thumb/v7e-m/nofp/libc_nano.a(lib_a-mlock.o)
                0x00000000200058c0                __malloc_unlock
 .text._realloc_r
                0x00000000200058cc       0x5e /Applications/ARM/bin/../lib/gcc/arm-none-eabi/10.3.1/../../../../arm-none-eabi/lib/thumb/v7e-m/nofp/libc_nano.a(lib_a-nano-reallocr.o)
                0x00000000200058cc                _realloc_r
 .text.__ssputs_r
                0x000000002000592a       0xb6 /Applications/ARM/bin/../lib/gcc/arm-none-eabi/10.3.1/../../../../arm-none-eabi/lib/thumb/v7e-m/nofp/libc_nano.a(lib_a-nano-svfprintf.o)
                0x000000002000592a                __ssputs_r
 .text._svfprintf_r
                0x00000000200059e0      0x200 /Applications/ARM/bin/../lib/gcc/arm-none-eabi/10.3.1/../../../../arm-none-eabi/lib/thumb/v7e-m/nofp/libc_nano.a(lib_a-nano-svfprintf.o)
                0x00000000200059e0                _svfprintf_r
                0x00000000200059e0                _svfiprintf_r
 .text._printf_common
                0x0000000020005be0       0xda /Applications/ARM/bin/../lib/gcc/arm-none-eabi/10.3.1/../../../../arm-none-eabi/lib/thumb/v7e-m/nofp/libc_nano.a(lib_a-nano-vfprintf_i.o)
                0x0000000020005be0                _printf_common
 *fill*         0x0000000020005cba        0x2 
 .text._printf_i
                0x0000000020005cbc      0x24c /Applications/ARM/bin/../lib/gcc/arm-none-eabi/10.3.1/../../../../arm-none-eabi/lib/thumb/v7e-m/nofp/libc_nano.a(lib_a-nano-vfprintf_i.o)
                0x0000000020005cbc                _printf_i
 .text.__retarget_lock_acquire_recursive
                0x0000000020005f08        0x2 /Applications/ARM/bin/../lib/gcc/arm-none-eabi/10.3.1/../../../../arm-none-eabi/lib/thumb/v7e-m/nofp/libc_nano.a(lib_a-lock.o)
                0x0000000020005f08                __retarget_lock_acquire_recursive
 .text.__retarget_lock_release_recursive
                0x0000000020005f0a        0x2 /Applications/ARM/bin/../lib/gcc/arm-none-eabi/10.3.1/../../../../arm-none-eabi/lib/thumb/v7e-m/nofp/libc_nano.a(lib_a-lock.o)
                0x0000000020005f0a                __retarget_lock_release_recursive
 *fill*         0x0000000020005f0c        0x4 
 .text          0x0000000020005f10       0xa0 /Applications/ARM/bin/../lib/gcc/arm-none-eabi/10.3.1/../../../../arm-none-eabi/lib/thumb/v7e-m/nofp/libc_nano.a(lib_a-memchr.o)
                0x0000000020005f10                memchr
 .text.memcpy   0x0000000020005fb0       0x1c /Applications/ARM/bin/../lib/gcc/arm-none-eabi/10.3.1/../../../../arm-none-eabi/lib/thumb/v7e-m/nofp/libc_nano.a(lib_a-memcpy-stub.o)
                0x0000000020005fb0                memcpy
 .text._malloc_usable_size_r
                0x0000000020005fcc       0x10 /Applications/ARM/bin/../lib/gcc/arm-none-eabi/10.3.1/../../../../arm-none-eabi/lib/thumb/v7e-m/nofp/libc_nano.a(lib_a-nano-msizer.o)
                0x0000000020005fcc                _malloc_usable_size_r
 *(.rodata*)
 .rodata        0x0000000020005fdc      0x143 obj//Debug/main.o
 *fill*         0x000000002000611f        0x1 
 .rodata        0x0000000020006120       0x2a obj//Debug/uart_if.o
 *fill*         0x000000002000614a        0x2 
 .rodata.g_pulRegs
                0x000000002000614c       0xd4 ../../../driverlib/gcc/lib/Debug/libdriver.a(interrupt.o)
 .rodata.g_pulEnRegs
                0x0000000020006220       0x18 ../../../driverlib/gcc/lib/Debug/libdriver.a(interrupt.o)
 .rodata.g_pulDisRegs
                0x0000000020006238       0x18 ../../../driverlib/gcc/lib/Debug/libdriver.a(interrupt.o)
 .rodata.g_ulPinToPadMap
                0x0000000020006250      0x100 ../../../driverlib/gcc/lib/Debug/libdriver.a(pin.o)
 .rodata.PRCM_PeriphRegsList
                0x0000000020006350       0xa8 ../../../driverlib/gcc/lib/Debug/libdriver.a(prcm.o)
 .rodata._svfprintf_r.str1.1
                0x00000000200063f8       0x11 /Applications/ARM/bin/../lib/gcc/arm-none-eabi/10.3.1/../../../../arm-none-eabi/lib/thumb/v7e-m/nofp/libc_nano.a(lib_a-nano-svfprintf.o)
 .rodata._printf_i.str1.1
                0x0000000020006409       0x22 /Applications/ARM/bin/../lib/gcc/arm-none-eabi/10.3.1/../../../../arm-none-eabi/lib/thumb/v7e-m/nofp/libc_nano.a(lib_a-nano-vfprintf_i.o)
 *(.ARM.extab* .gnu.linkonce.armextab.*)
                0x0000000020006430                . = ALIGN (0x8)
 *fill*         0x000000002000642b        0x5 
                0x0000000020006430                _etext = .

.glue_7         0x0000000020006430        0x0
 .glue_7        0x0000000020006430        0x0 linker stubs

.glue_7t        0x0000000020006430        0x0
 .glue_7t       0x0000000020006430        0x0 linker stubs

.vfp11_veneer   0x0000000020006430        0x0
 .vfp11_veneer  0x0000000020006430        0x0 linker stubs

.v4_bx          0x0000000020006430        0x0
 .v4_bx         0x0000000020006430        0x0 linker stubs

.iplt           0x0000000020006430        0x0
 .iplt          0x0000000020006430        0x0 obj//Debug/main.o

.rel.dyn        0x0000000020006430        0x0
 .rel.iplt      0x0000000020006430        0x0 obj//Debug/main.o

.ARM            0x0000000020006430        0x0
                0x0000000020006430                __exidx_start = .
 *(.ARM.exidx*)
                0x0000000020006430                __exidx_end = .
                0x0000000020006430                __init_data = .

.data           0x0000000020006430       0x68
                0x0000000020006430                _data = .
 *(.data*)
 .data._impure_ptr
                0x0000000020006430        0x4 /Applications/ARM/bin/../lib/gcc/arm-none-eabi/10.3.1/../../../../arm-none-eabi/lib/thumb/v7e-m/nofp/libc_nano.a(lib_a-impure.o)
                0x0000000020006430                _impure_ptr
 .data.impure_data
                0x0000000020006434       0x60 /Applications/ARM/bin/../lib/gcc/arm-none-eabi/10.3.1/../../../../arm-none-eabi/lib/thumb/v7e-m/nofp/libc_nano.a(lib_a-impure.o)
                0x0000000020006498                . = ALIGN (0x8)
 *fill*         0x0000000020006494        0x4 
                0x0000000020006498                _edata = .

.igot.plt       0x0000000020006498        0x0
 .igot.plt      0x0000000020006498        0x0 obj//Debug/main.o

.bss            0x0000000020006498     0x1015
                0x0000000020006498                _bss = .
 *(.bss*)
 .bss.__Errorlog
                0x0000000020006498        0x4 obj//Debug/uart_if.o
 .bss.heap_end  0x000000002000649c        0x4 obj//Debug/startup_gcc.o
 .bss.pui32Stack
                0x00000000200064a0     0x1000 obj//Debug/startup_gcc.o
 .bss.__malloc_free_list
                0x00000000200074a0        0x4 /Applications/ARM/bin/../lib/gcc/arm-none-eabi/10.3.1/../../../../arm-none-eabi/lib/thumb/v7e-m/nofp/libc_nano.a(lib_a-nano-mallocr.o)
                0x00000000200074a0                __malloc_free_list
 .bss.__malloc_sbrk_start
                0x00000000200074a4        0x4 /Applications/ARM/bin/../lib/gcc/arm-none-eabi/10.3.1/../../../../arm-none-eabi/lib/thumb/v7e-m/nofp/libc_nano.a(lib_a-nano-mallocr.o)
                0x00000000200074a4                __malloc_sbrk_start
 .bss.errno     0x00000000200074a8        0x4 /Applications/ARM/bin/../lib/gcc/arm-none-eabi/10.3.1/../../../../arm-none-eabi/lib/thumb/v7e-m/nofp/libc_nano.a(lib_a-reent.o)
                0x00000000200074a8                errno
 .bss.__lock___malloc_recursive_mutex
                0x00000000200074ac        0x1 /Applications/ARM/bin/../lib/gcc/arm-none-eabi/10.3.1/../../../../arm-none-eabi/lib/thumb/v7e-m/nofp/libc_nano.a(lib_a-lock.o)
                0x00000000200074ac                __lock___malloc_recursive_mutex
 *(COMMON)
                0x00000000200074ad                _ebss = .

.heap           0x00000000200074ad    0x38753
                0x00000000200074ad                _heap = .
                0x000000002003fc00                . = (((((((. + LENGTH (SRAM)) - SIZEOF (.bss)) - SIZEOF (.data)) - SIZEOF (.ARM)) - SIZEOF (.text)) - SIZEOF (.bootloader)) - 0x400)
 *fill*         0x00000000200074ad    0x38753 
                0x000000002003fc00                . = ALIGN (0x400)
                0x000000002003fc00                _eheap = .
LOAD obj//Debug/main.o
LOAD obj//Debug/pinmux.o
LOAD obj//Debug/timer_if.o
LOAD obj//Debug/wdt_if.o
LOAD obj//Debug/uart_if.o
LOAD obj//Debug/startup_gcc.o
LOAD ../../../driverlib/gcc/lib/Debug/libdriver.a
LOAD /Applications/ARM/bin/../lib/gcc/arm-none-eabi/10.3.1/../../../../arm-none-eabi/lib/thumb/v7e-m/nofp/libm.a
LOAD /Applications/ARM/bin/../lib/gcc/arm-none-eabi/10.3.1/../../../../arm-none-eabi/lib/thumb/v7e-m/nofp/libc_nano.a
LOAD /Applications/ARM/bin/../lib/gcc/arm-none-eabi/10.3.1/thumb/v7e-m/nofp/libgcc.a
LOAD /Applications/ARM/bin/../lib/gcc/arm-none-eabi/10.3.1/../../../../arm-none-eabi/lib/thumb/v7e-m/nofp/libnosys.a
OUTPUT(bin//Debug/sleep.elf elf32-littlearm)
LOAD linker stubs

.debug_info     0x0000000000000000     0x2eb6
 .debug_info    0x0000000000000000      0x10f obj//Debug/main.o
 .debug_info    0x000000000000010f       0x46 obj//Debug/pinmux.o
 .debug_info    0x0000000000000155      0x297 obj//Debug/timer_if.o
 .debug_info    0x00000000000003ec       0xcf obj//Debug/wdt_if.o
 .debug_info    0x00000000000004bb      0x2c4 obj//Debug/uart_if.o
 .debug_info    0x000000000000077f      0x1f9 obj//Debug/startup_gcc.o
 .debug_info    0x0000000000000978      0x3a2 ../../../driverlib/gcc/lib/Debug/libdriver.a(interrupt.o)
 .debug_info    0x0000000000000d1a      0x422 ../../../driverlib/gcc/lib/Debug/libdriver.a(pin.o)
 .debug_info    0x000000000000113c      0xac8 ../../../driverlib/gcc/lib/Debug/libdriver.a(prcm.o)
 .debug_info    0x0000000000001c04      0x612 ../../../driverlib/gcc/lib/Debug/libdriver.a(timer.o)
 .debug_info    0x0000000000002216      0x89d ../../../driverlib/gcc/lib/Debug/libdriver.a(uart.o)
 .debug_info    0x0000000000002ab3       0x52 ../../../driverlib/gcc/lib/Debug/libdriver.a(utils.o)
 .debug_info    0x0000000000002b05      0x2a8 ../../../driverlib/gcc/lib/Debug/libdriver.a(wdt.o)
 .debug_info    0x0000000000002dad      0x109 ../../../driverlib/gcc/lib/Debug/libdriver.a(cpu.o)

.debug_abbrev   0x0000000000000000      0xde7
 .debug_abbrev  0x0000000000000000       0xbc obj//Debug/main.o
 .debug_abbrev  0x00000000000000bc       0x39 obj//Debug/pinmux.o
 .debug_abbrev  0x00000000000000f5       0xe3 obj//Debug/timer_if.o
 .debug_abbrev  0x00000000000001d8       0x91 obj//Debug/wdt_if.o
 .debug_abbrev  0x0000000000000269      0x15d obj//Debug/uart_if.o
 .debug_abbrev  0x00000000000003c6      0x135 obj//Debug/startup_gcc.o
 .debug_abbrev  0x00000000000004fb      0x15d ../../../driverlib/gcc/lib/Debug/libdriver.a(interrupt.o)
 .debug_abbrev  0x0000000000000658      0x120 ../../../driverlib/gcc/lib/Debug/libdriver.a(pin.o)
 .debug_abbrev  0x0000000000000778      0x206 ../../../driverlib/gcc/lib/Debug/libdriver.a(prcm.o)
 .debug_abbrev  0x000000000000097e       0xec ../../../driverlib/gcc/lib/Debug/libdriver.a(timer.o)
 .debug_abbrev  0x0000000000000a6a      0x145 ../../../driverlib/gcc/lib/Debug/libdriver.a(uart.o)
 .debug_abbrev  0x0000000000000baf       0x4c ../../../driverlib/gcc/lib/Debug/libdriver.a(utils.o)
 .debug_abbrev  0x0000000000000bfb      0x10c ../../../driverlib/gcc/lib/Debug/libdriver.a(wdt.o)
 .debug_abbrev  0x0000000000000d07       0xe0 ../../../driverlib/gcc/lib/Debug/libdriver.a(cpu.o)

.debug_aranges  0x0000000000000000      0x778
 .debug_aranges
                0x0000000000000000       0x50 obj//Debug/main.o
 .debug_aranges
                0x0000000000000050       0x20 obj//Debug/pinmux.o
 .debug_aranges
                0x0000000000000070       0x60 obj//Debug/timer_if.o
 .debug_aranges
                0x00000000000000d0       0x28 obj//Debug/wdt_if.o
 .debug_aranges
                0x00000000000000f8       0x50 obj//Debug/uart_if.o
 .debug_aranges
                0x0000000000000148       0x48 obj//Debug/startup_gcc.o
 .debug_aranges
                0x0000000000000190       0x98 ../../../driverlib/gcc/lib/Debug/libdriver.a(interrupt.o)
 .debug_aranges
                0x0000000000000228       0x90 ../../../driverlib/gcc/lib/Debug/libdriver.a(pin.o)
 .debug_aranges
                0x00000000000002b8      0x1b8 ../../../driverlib/gcc/lib/Debug/libdriver.a(prcm.o)
 .debug_aranges
                0x0000000000000470       0xd8 ../../../driverlib/gcc/lib/Debug/libdriver.a(timer.o)
 .debug_aranges
                0x0000000000000548      0x140 ../../../driverlib/gcc/lib/Debug/libdriver.a(uart.o)
 .debug_aranges
                0x0000000000000688       0x20 ../../../driverlib/gcc/lib/Debug/libdriver.a(utils.o)
 .debug_aranges
                0x00000000000006a8       0x88 ../../../driverlib/gcc/lib/Debug/libdriver.a(wdt.o)
 .debug_aranges
                0x0000000000000730       0x48 ../../../driverlib/gcc/lib/Debug/libdriver.a(cpu.o)

.debug_ranges   0x0000000000000000      0x698
 .debug_ranges  0x0000000000000000       0x40 obj//Debug/main.o
 .debug_ranges  0x0000000000000040       0x10 obj//Debug/pinmux.o
 .debug_ranges  0x0000000000000050       0x50 obj//Debug/timer_if.o
 .debug_ranges  0x00000000000000a0       0x18 obj//Debug/wdt_if.o
 .debug_ranges  0x00000000000000b8       0x40 obj//Debug/uart_if.o
 .debug_ranges  0x00000000000000f8       0x38 obj//Debug/startup_gcc.o
 .debug_ranges  0x0000000000000130       0x88 ../../../driverlib/gcc/lib/Debug/libdriver.a(interrupt.o)
 .debug_ranges  0x00000000000001b8       0x80 ../../../driverlib/gcc/lib/Debug/libdriver.a(pin.o)
 .debug_ranges  0x0000000000000238      0x1a8 ../../../driverlib/gcc/lib/Debug/libdriver.a(prcm.o)
 .debug_ranges  0x00000000000003e0       0xc8 ../../../driverlib/gcc/lib/Debug/libdriver.a(timer.o)
 .debug_ranges  0x00000000000004a8      0x130 ../../../driverlib/gcc/lib/Debug/libdriver.a(uart.o)
 .debug_ranges  0x00000000000005d8       0x10 ../../../driverlib/gcc/lib/Debug/libdriver.a(utils.o)
 .debug_ranges  0x00000000000005e8       0x78 ../../../driverlib/gcc/lib/Debug/libdriver.a(wdt.o)
 .debug_ranges  0x0000000000000660       0x38 ../../../driverlib/gcc/lib/Debug/libdriver.a(cpu.o)

.debug_line     0x0000000000000000     0x23d2
 .debug_line    0x0000000000000000       0xff obj//Debug/main.o
 .debug_line    0x00000000000000ff       0x45 obj//Debug/pinmux.o
 .debug_line    0x0000000000000144      0x164 obj//Debug/timer_if.o
 .debug_line    0x00000000000002a8       0x8e obj//Debug/wdt_if.o
 .debug_line    0x0000000000000336      0x263 obj//Debug/uart_if.o
 .debug_line    0x0000000000000599      0x18c obj//Debug/startup_gcc.o
 .debug_line    0x0000000000000725      0x379 ../../../driverlib/gcc/lib/Debug/libdriver.a(interrupt.o)
 .debug_line    0x0000000000000a9e      0x26f ../../../driverlib/gcc/lib/Debug/libdriver.a(pin.o)
 .debug_line    0x0000000000000d0d      0x940 ../../../driverlib/gcc/lib/Debug/libdriver.a(prcm.o)
 .debug_line    0x000000000000164d      0x500 ../../../driverlib/gcc/lib/Debug/libdriver.a(timer.o)
 .debug_line    0x0000000000001b4d      0x5b3 ../../../driverlib/gcc/lib/Debug/libdriver.a(uart.o)
 .debug_line    0x0000000000002100       0x43 ../../../driverlib/gcc/lib/Debug/libdriver.a(utils.o)
 .debug_line    0x0000000000002143      0x1c3 ../../../driverlib/gcc/lib/Debug/libdriver.a(wdt.o)
 .debug_line    0x0000000000002306       0xcc ../../../driverlib/gcc/lib/Debug/libdriver.a(cpu.o)

.debug_str      0x0000000000000000     0x1426
 .debug_str     0x0000000000000000      0x1b9 obj//Debug/main.o
                                        0x1f2 (size before relaxing)
 .debug_str     0x00000000000001b9       0x19 obj//Debug/pinmux.o
                                        0x113 (size before relaxing)
 .debug_str     0x00000000000001d2      0x106 obj//Debug/timer_if.o
                                        0x216 (size before relaxing)
 .debug_str     0x00000000000002d8       0x63 obj//Debug/wdt_if.o
                                        0x1c6 (size before relaxing)
 .debug_str     0x000000000000033b       0xf6 obj//Debug/uart_if.o
                                        0x266 (size before relaxing)
 .debug_str     0x0000000000000431       0xcf obj//Debug/startup_gcc.o
                                        0x24a (size before relaxing)
 .debug_str     0x0000000000000500      0x1c7 ../../../driverlib/gcc/lib/Debug/libdriver.a(interrupt.o)
                                        0x2d5 (size before relaxing)
 .debug_str     0x00000000000006c7      0x115 ../../../driverlib/gcc/lib/Debug/libdriver.a(pin.o)
                                        0x239 (size before relaxing)
 .debug_str     0x00000000000007dc      0x613 ../../../driverlib/gcc/lib/Debug/libdriver.a(prcm.o)
                                        0x75c (size before relaxing)
 .debug_str     0x0000000000000def      0x1b5 ../../../driverlib/gcc/lib/Debug/libdriver.a(timer.o)
                                        0x2ea (size before relaxing)
 .debug_str     0x0000000000000fa4      0x2fd ../../../driverlib/gcc/lib/Debug/libdriver.a(uart.o)
                                        0x462 (size before relaxing)
 .debug_str     0x00000000000012a1       0x1e ../../../driverlib/gcc/lib/Debug/libdriver.a(utils.o)
                                        0x106 (size before relaxing)
 .debug_str     0x00000000000012bf      0x10b ../../../driverlib/gcc/lib/Debug/libdriver.a(wdt.o)
                                        0x224 (size before relaxing)
 .debug_str     0x00000000000013ca       0x5c ../../../driverlib/gcc/lib/Debug/libdriver.a(cpu.o)
                                        0x144 (size before relaxing)

.comment        0x0000000000000000       0x49
 .comment       0x0000000000000000       0x49 obj//Debug/main.o
                                         0x4a (size before relaxing)
 .comment       0x0000000000000049       0x4a obj//Debug/pinmux.o
 .comment       0x0000000000000049       0x4a obj//Debug/timer_if.o
 .comment       0x0000000000000049       0x4a obj//Debug/wdt_if.o
 .comment       0x0000000000000049       0x4a obj//Debug/uart_if.o
 .comment       0x0000000000000049       0x4a obj//Debug/startup_gcc.o
 .comment       0x0000000000000049       0x4a ../../../driverlib/gcc/lib/Debug/libdriver.a(interrupt.o)
 .comment       0x0000000000000049       0x4a ../../../driverlib/gcc/lib/Debug/libdriver.a(pin.o)
 .comment       0x0000000000000049       0x4a ../../../driverlib/gcc/lib/Debug/libdriver.a(prcm.o)
 .comment       0x0000000000000049       0x4a ../../../driverlib/gcc/lib/Debug/libdriver.a(timer.o)
 .comment       0x0000000000000049       0x4a ../../../driverlib/gcc/lib/Debug/libdriver.a(uart.o)
 .comment       0x0000000000000049       0x4a ../../../driverlib/gcc/lib/Debug/libdriver.a(utils.o)
 .comment       0x0000000000000049       0x4a ../../../driverlib/gcc/lib/Debug/libdriver.a(wdt.o)
 .comment       0x0000000000000049       0x4a ../../../driverlib/gcc/lib/Debug/libdriver.a(cpu.o)

.ARM.attributes
                0x0000000000000000       0x2c
 .ARM.attributes
                0x0000000000000000       0x2e obj//Debug/main.o
 .ARM.attributes
                0x000000000000002e       0x2e obj//Debug/pinmux.o
 .ARM.attributes
                0x000000000000005c       0x2e obj//Debug/timer_if.o
 .ARM.attributes
                0x000000000000008a       0x2e obj//Debug/wdt_if.o
 .ARM.attributes
                0x00000000000000b8       0x2e obj//Debug/uart_if.o
 .ARM.attributes
                0x00000000000000e6       0x2e obj//Debug/startup_gcc.o
 .ARM.attributes
                0x0000000000000114       0x2e ../../../driverlib/gcc/lib/Debug/libdriver.a(interrupt.o)
 .ARM.attributes
                0x0000000000000142       0x2e ../../../driverlib/gcc/lib/Debug/libdriver.a(pin.o)
 .ARM.attributes
                0x0000000000000170       0x2e ../../../driverlib/gcc/lib/Debug/libdriver.a(prcm.o)
 .ARM.attributes
                0x000000000000019e       0x2e ../../../driverlib/gcc/lib/Debug/libdriver.a(timer.o)
 .ARM.attributes
                0x00000000000001cc       0x2e ../../../driverlib/gcc/lib/Debug/libdriver.a(uart.o)
 .ARM.attributes
                0x00000000000001fa       0x2e ../../../driverlib/gcc/lib/Debug/libdriver.a(utils.o)
 .ARM.attributes
                0x0000000000000228       0x2e ../../../driverlib/gcc/lib/Debug/libdriver.a(wdt.o)
 .ARM.attributes
                0x0000000000000256       0x2e ../../../driverlib/gcc/lib/Debug/libdriver.a(cpu.o)
 .ARM.attributes
                0x0000000000000284       0x2e /Applications/ARM/bin/../lib/gcc/arm-none-eabi/10.3.1/../../../../arm-none-eabi/lib/thumb/v7e-m/nofp/libc_nano.a(lib_a-malloc.o)
 .ARM.attributes
                0x00000000000002b2       0x2e /Applications/ARM/bin/../lib/gcc/arm-none-eabi/10.3.1/../../../../arm-none-eabi/lib/thumb/v7e-m/nofp/libc_nano.a(lib_a-memmove.o)
 .ARM.attributes
                0x00000000000002e0       0x2e /Applications/ARM/bin/../lib/gcc/arm-none-eabi/10.3.1/../../../../arm-none-eabi/lib/thumb/v7e-m/nofp/libc_nano.a(lib_a-nano-freer.o)
 .ARM.attributes
                0x000000000000030e       0x2e /Applications/ARM/bin/../lib/gcc/arm-none-eabi/10.3.1/../../../../arm-none-eabi/lib/thumb/v7e-m/nofp/libc_nano.a(lib_a-nano-mallocr.o)
 .ARM.attributes
                0x000000000000033c       0x2e /Applications/ARM/bin/../lib/gcc/arm-none-eabi/10.3.1/../../../../arm-none-eabi/lib/thumb/v7e-m/nofp/libc_nano.a(lib_a-realloc.o)
 .ARM.attributes
                0x000000000000036a       0x2e /Applications/ARM/bin/../lib/gcc/arm-none-eabi/10.3.1/../../../../arm-none-eabi/lib/thumb/v7e-m/nofp/libc_nano.a(lib_a-sbrkr.o)
 .ARM.attributes
                0x0000000000000398       0x2e /Applications/ARM/bin/../lib/gcc/arm-none-eabi/10.3.1/../../../../arm-none-eabi/lib/thumb/v7e-m/nofp/libc_nano.a(lib_a-vsnprintf.o)
 .ARM.attributes
                0x00000000000003c6       0x2e /Applications/ARM/bin/../lib/gcc/arm-none-eabi/10.3.1/../../../../arm-none-eabi/lib/thumb/v7e-m/nofp/libc_nano.a(lib_a-impure.o)
 .ARM.attributes
                0x00000000000003f4       0x2e /Applications/ARM/bin/../lib/gcc/arm-none-eabi/10.3.1/../../../../arm-none-eabi/lib/thumb/v7e-m/nofp/libc_nano.a(lib_a-mlock.o)
 .ARM.attributes
                0x0000000000000422       0x2e /Applications/ARM/bin/../lib/gcc/arm-none-eabi/10.3.1/../../../../arm-none-eabi/lib/thumb/v7e-m/nofp/libc_nano.a(lib_a-nano-reallocr.o)
 .ARM.attributes
                0x0000000000000450       0x2e /Applications/ARM/bin/../lib/gcc/arm-none-eabi/10.3.1/../../../../arm-none-eabi/lib/thumb/v7e-m/nofp/libc_nano.a(lib_a-nano-svfprintf.o)
 .ARM.attributes
                0x000000000000047e       0x2e /Applications/ARM/bin/../lib/gcc/arm-none-eabi/10.3.1/../../../../arm-none-eabi/lib/thumb/v7e-m/nofp/libc_nano.a(lib_a-nano-vfprintf_i.o)
 .ARM.attributes
                0x00000000000004ac       0x2e /Applications/ARM/bin/../lib/gcc/arm-none-eabi/10.3.1/../../../../arm-none-eabi/lib/thumb/v7e-m/nofp/libc_nano.a(lib_a-reent.o)
 .ARM.attributes
                0x00000000000004da       0x2e /Applications/ARM/bin/../lib/gcc/arm-none-eabi/10.3.1/../../../../arm-none-eabi/lib/thumb/v7e-m/nofp/libc_nano.a(lib_a-lock.o)
 .ARM.attributes
                0x0000000000000508       0x1c /Applications/ARM/bin/../lib/gcc/arm-none-eabi/10.3.1/../../../../arm-none-eabi/lib/thumb/v7e-m/nofp/libc_nano.a(lib_a-memchr.o)
 .ARM.attributes
                0x0000000000000524       0x2e /Applications/ARM/bin/../lib/gcc/arm-none-eabi/10.3.1/../../../../arm-none-eabi/lib/thumb/v7e-m/nofp/libc_nano.a(lib_a-memcpy-stub.o)
 .ARM.attributes
                0x0000000000000552       0x2e /Applications/ARM/bin/../lib/gcc/arm-none-eabi/10.3.1/../../../../arm-none-eabi/lib/thumb/v7e-m/nofp/libc_nano.a(lib_a-nano-msizer.o)

.debug_frame    0x0000000000000000     0x2160
 .debug_frame   0x0000000000000000       0xe4 obj//Debug/main.o
 .debug_frame   0x00000000000000e4       0x2c obj//Debug/pinmux.o
 .debug_frame   0x0000000000000110      0x158 obj//Debug/timer_if.o
 .debug_frame   0x0000000000000268       0x50 obj//Debug/wdt_if.o
 .debug_frame   0x00000000000002b8      0x12c obj//Debug/uart_if.o
 .debug_frame   0x00000000000003e4       0xbc obj//Debug/startup_gcc.o
 .debug_frame   0x00000000000004a0      0x258 ../../../driverlib/gcc/lib/Debug/libdriver.a(interrupt.o)
 .debug_frame   0x00000000000006f8      0x244 ../../../driverlib/gcc/lib/Debug/libdriver.a(pin.o)
 .debug_frame   0x000000000000093c      0x7a4 ../../../driverlib/gcc/lib/Debug/libdriver.a(prcm.o)
 .debug_frame   0x00000000000010e0      0x3c8 ../../../driverlib/gcc/lib/Debug/libdriver.a(timer.o)
 .debug_frame   0x00000000000014a8      0x5cc ../../../driverlib/gcc/lib/Debug/libdriver.a(uart.o)
 .debug_frame   0x0000000000001a74       0x20 ../../../driverlib/gcc/lib/Debug/libdriver.a(utils.o)
 .debug_frame   0x0000000000001a94      0x238 ../../../driverlib/gcc/lib/Debug/libdriver.a(wdt.o)
 .debug_frame   0x0000000000001ccc       0x70 ../../../driverlib/gcc/lib/Debug/libdriver.a(cpu.o)
 .debug_frame   0x0000000000001d3c       0x30 /Applications/ARM/bin/../lib/gcc/arm-none-eabi/10.3.1/../../../../arm-none-eabi/lib/thumb/v7e-m/nofp/libc_nano.a(lib_a-malloc.o)
 .debug_frame   0x0000000000001d6c       0x28 /Applications/ARM/bin/../lib/gcc/arm-none-eabi/10.3.1/../../../../arm-none-eabi/lib/thumb/v7e-m/nofp/libc_nano.a(lib_a-memmove.o)
 .debug_frame   0x0000000000001d94       0x38 /Applications/ARM/bin/../lib/gcc/arm-none-eabi/10.3.1/../../../../arm-none-eabi/lib/thumb/v7e-m/nofp/libc_nano.a(lib_a-nano-freer.o)
 .debug_frame   0x0000000000001dcc       0x4c /Applications/ARM/bin/../lib/gcc/arm-none-eabi/10.3.1/../../../../arm-none-eabi/lib/thumb/v7e-m/nofp/libc_nano.a(lib_a-nano-mallocr.o)
 .debug_frame   0x0000000000001e18       0x20 /Applications/ARM/bin/../lib/gcc/arm-none-eabi/10.3.1/../../../../arm-none-eabi/lib/thumb/v7e-m/nofp/libc_nano.a(lib_a-realloc.o)
 .debug_frame   0x0000000000001e38       0x2c /Applications/ARM/bin/../lib/gcc/arm-none-eabi/10.3.1/../../../../arm-none-eabi/lib/thumb/v7e-m/nofp/libc_nano.a(lib_a-sbrkr.o)
 .debug_frame   0x0000000000001e64       0x4c /Applications/ARM/bin/../lib/gcc/arm-none-eabi/10.3.1/../../../../arm-none-eabi/lib/thumb/v7e-m/nofp/libc_nano.a(lib_a-vsnprintf.o)
 .debug_frame   0x0000000000001eb0       0x30 /Applications/ARM/bin/../lib/gcc/arm-none-eabi/10.3.1/../../../../arm-none-eabi/lib/thumb/v7e-m/nofp/libc_nano.a(lib_a-mlock.o)
 .debug_frame   0x0000000000001ee0       0x3c /Applications/ARM/bin/../lib/gcc/arm-none-eabi/10.3.1/../../../../arm-none-eabi/lib/thumb/v7e-m/nofp/libc_nano.a(lib_a-nano-reallocr.o)
 .debug_frame   0x0000000000001f1c       0x90 /Applications/ARM/bin/../lib/gcc/arm-none-eabi/10.3.1/../../../../arm-none-eabi/lib/thumb/v7e-m/nofp/libc_nano.a(lib_a-nano-svfprintf.o)
 .debug_frame   0x0000000000001fac       0x60 /Applications/ARM/bin/../lib/gcc/arm-none-eabi/10.3.1/../../../../arm-none-eabi/lib/thumb/v7e-m/nofp/libc_nano.a(lib_a-nano-vfprintf_i.o)
 .debug_frame   0x000000000000200c       0x5c /Applications/ARM/bin/../lib/gcc/arm-none-eabi/10.3.1/../../../../arm-none-eabi/lib/thumb/v7e-m/nofp/libc_nano.a(lib_a-reent.o)
 .debug_frame   0x0000000000002068       0xb0 /Applications/ARM/bin/../lib/gcc/arm-none-eabi/10.3.1/../../../../arm-none-eabi/lib/thumb/v7e-m/nofp/libc_nano.a(lib_a-lock.o)
 .debug_frame   0x0000000000002118       0x28 /Applications/ARM/bin/../lib/gcc/arm-none-eabi/10.3.1/../../../../arm-none-eabi/lib/thumb/v7e-m/nofp/libc_nano.a(lib_a-memcpy-stub.o)
 .debug_frame   0x0000000000002140       0x20 /Applications/ARM/bin/../lib/gcc/arm-none-eabi/10.3.1/../../../../arm-none-eabi/lib/thumb/v7e-m/nofp/libc_nano.a(lib_a-nano-msizer.o)
