Archive member included to satisfy reference by file (symbol)

../../../simplelink/gcc/lib/os/Release/libsimplelink.a(device.o)
                              obj//Release/serial_wifi.o (sl_Start)
../../../simplelink/gcc/lib/os/Release/libsimplelink.a(driver.o)
                              ../../../simplelink/gcc/lib/os/Release/libsimplelink.a(device.o) (_SlDrvDriverCBDeinit)
../../../simplelink/gcc/lib/os/Release/libsimplelink.a(netapp.o)
                              obj//Release/serial_wifi.o (sl_NetAppMDNSRegisterService)
../../../simplelink/gcc/lib/os/Release/libsimplelink.a(netcfg.o)
                              obj//Release/serial_wifi.o (sl_NetCfgSet)
../../../simplelink/gcc/lib/os/Release/libsimplelink.a(fs.o)
                              obj//Release/serial_wifi.o (_sl_GetCreateFsMode)
../../../simplelink/gcc/lib/os/Release/libsimplelink.a(socket.o)
                              obj//Release/serial_wifi.o (sl_Socket)
../../../simplelink/gcc/lib/os/Release/libsimplelink.a(wlan.o)
                              obj//Release/serial_wifi.o (sl_WlanConnect)
../../../simplelink/gcc/lib/os/Release/libsimplelink.a(cc_pal.o)
                              ../../../simplelink/gcc/lib/os/Release/libsimplelink.a(device.o) (spi_Open)
../../../oslib/gcc/free_rtos/Release/free_rtos.a(osi_freertos.o)
                              ../../../simplelink/gcc/lib/os/Release/libsimplelink.a(cc_pal.o) (osi_InterruptRegister)
../../../oslib/gcc/free_rtos/Release/free_rtos.a(queue.o)
                              ../../../oslib/gcc/free_rtos/Release/free_rtos.a(osi_freertos.o) (xQueueGenericCreate)
../../../oslib/gcc/free_rtos/Release/free_rtos.a(tasks.o)
                              ../../../oslib/gcc/free_rtos/Release/free_rtos.a(osi_freertos.o) (xTaskCreate)
../../../oslib/gcc/free_rtos/Release/free_rtos.a(port.o)
                              ../../../oslib/gcc/free_rtos/Release/free_rtos.a(tasks.o) (pxPortInitialiseStack)
../../../oslib/gcc/free_rtos/Release/free_rtos.a(heap_3.o)
                              ../../../oslib/gcc/free_rtos/Release/free_rtos.a(osi_freertos.o) (pvPortMalloc)
../../../oslib/gcc/free_rtos/Release/free_rtos.a(list.o)
                              ../../../oslib/gcc/free_rtos/Release/free_rtos.a(queue.o) (vListInitialise)
../../../driverlib/gcc/lib/Release/libdriver.a(interrupt.o)
                              obj//Release/main.o (IntEnable)
../../../driverlib/gcc/lib/Release/libdriver.a(prcm.o)
                              obj//Release/pinmux.o (PRCMPeripheralClkEnable)
../../../driverlib/gcc/lib/Release/libdriver.a(spi.o)
                              ../../../simplelink/gcc/lib/os/Release/libsimplelink.a(cc_pal.o) (SPIConfigSetExpClk)
../../../driverlib/gcc/lib/Release/libdriver.a(timer.o)
                              ../../../simplelink/gcc/lib/os/Release/libsimplelink.a(cc_pal.o) (TimerConfigure)
../../../driverlib/gcc/lib/Release/libdriver.a(utils.o)
                              ../../../simplelink/gcc/lib/os/Release/libsimplelink.a(cc_pal.o) (UtilsDelay)
../../../driverlib/gcc/lib/Release/libdriver.a(cpu.o)
                              ../../../driverlib/gcc/lib/Release/libdriver.a(interrupt.o) (CPUcpsid)
../../../driverlib/gcc/lib/Release/libdriver.a(flash.o)
                              ../../../driverlib/gcc/lib/Release/libdriver.a(prcm.o) (FlashDisable)
/Applications/ARM/bin/../lib/gcc/arm-none-eabi/10.3.1/../../../../arm-none-eabi/lib/thumb/v7e-m/nofp/libc_nano.a(lib_a-malloc.o)
                              obj//Release/uart_if.o (malloc)
/Applications/ARM/bin/../lib/gcc/arm-none-eabi/10.3.1/../../../../arm-none-eabi/lib/thumb/v7e-m/nofp/libc_nano.a(lib_a-memcpy-stub.o)
                              obj//Release/network_if.o (memcpy)
/Applications/ARM/bin/../lib/gcc/arm-none-eabi/10.3.1/../../../../arm-none-eabi/lib/thumb/v7e-m/nofp/libc_nano.a(lib_a-memmove.o)
                              obj//Release/uart_if.o (memmove)
/Applications/ARM/bin/../lib/gcc/arm-none-eabi/10.3.1/../../../../arm-none-eabi/lib/thumb/v7e-m/nofp/libc_nano.a(lib_a-memset.o)
                              obj//Release/serial_wifi.o (memset)
/Applications/ARM/bin/../lib/gcc/arm-none-eabi/10.3.1/../../../../arm-none-eabi/lib/thumb/v7e-m/nofp/libc_nano.a(lib_a-nano-freer.o)
                              /Applications/ARM/bin/../lib/gcc/arm-none-eabi/10.3.1/../../../../arm-none-eabi/lib/thumb/v7e-m/nofp/libc_nano.a(lib_a-malloc.o) (_free_r)
/Applications/ARM/bin/../lib/gcc/arm-none-eabi/10.3.1/../../../../arm-none-eabi/lib/thumb/v7e-m/nofp/libc_nano.a(lib_a-nano-mallocr.o)
                              /Applications/ARM/bin/../lib/gcc/arm-none-eabi/10.3.1/../../../../arm-none-eabi/lib/thumb/v7e-m/nofp/libc_nano.a(lib_a-malloc.o) (_malloc_r)
/Applications/ARM/bin/../lib/gcc/arm-none-eabi/10.3.1/../../../../arm-none-eabi/lib/thumb/v7e-m/nofp/libc_nano.a(lib_a-realloc.o)
                              obj//Release/uart_if.o (realloc)
[...]
Memory Configuration

Name             Origin             Length             Attributes
SRAM             0x0000000020000000 0x0000000000040000 xrw
*default*        0x0000000000000000 0xffffffffffffffff

Linker script and memory map

                0x0000000000004000                BOOTLOADER_SIZE = 0x4000

.bootloader     0x0000000020000000     0x4000
                0x0000000020000000                _heap2 = .
                0x0000000020004000                . = (. + BOOTLOADER_SIZE)
 *fill*         0x0000000020000000     0x4000 
                0x0000000020004000                . = ALIGN (0x8)
                0x0000000020004000                _eheap2 = .

.text           0x0000000020004000     0xa478
                0x0000000020004000                _text = .
 *(.intvecs)
 .intvecs       0x0000000020004000      0x400 obj//Release/startup_gcc.o
                0x0000000020004000                g_pfnVectors
 *(.text*)
 .text.startup.main
                0x0000000020004400       0xcc obj//Release/main.o
                0x0000000020004400                main
 .text.PinMuxConfig
                0x00000000200044cc       0x28 obj//Release/pinmux.o
                0x00000000200044cc                PinMuxConfig
 .text.atolong  0x00000000200044f4       0x30 obj//Release/conversions.o
                0x00000000200044f4                atolong
 .text.htoa     0x0000000020004524       0x64 obj//Release/conversions.o
                0x0000000020004524                htoa
 .text.btoa     0x0000000020004588       0x58 obj//Release/conversions.o
                0x0000000020004588                btoa
 .text.ParseWlanConnectString
                0x00000000200045e0       0xf0 obj//Release/serial_wifi.o
                0x00000000200045e0                ParseWlanConnectString
 .text.ParsemDNSString
                0x00000000200046d0       0x44 obj//Release/serial_wifi.o
                0x00000000200046d0                ParsemDNSString
 .text.ParsePingString
                0x0000000020004714      0x164 obj//Release/serial_wifi.o
                0x0000000020004714                ParsePingString
 .text.ParseRecvString
                0x0000000020004878      0x170 obj//Release/serial_wifi.o
                0x0000000020004878                ParseRecvString
 .text.ParseSendString
                0x00000000200049e8       0xdc obj//Release/serial_wifi.o
                0x00000000200049e8                ParseSendString
 .text.ParseConnectString
                0x0000000020004ac4      0x234 obj//Release/serial_wifi.o
                0x0000000020004ac4                ParseConnectString
 .text.ExecuteCommand
                0x0000000020004cf8      0x5c8 obj//Release/serial_wifi.o
                0x0000000020004cf8                ExecuteCommand
 .text.StartUdpServer
                0x00000000200052c0      0x10c obj//Release/serial_wifi.o
                0x00000000200052c0                StartUdpServer
 .text.StartTcpServer
                0x00000000200053cc      0x15c obj//Release/serial_wifi.o
                0x00000000200053cc                StartTcpServer
 .text.StartInterpreterMode
                0x0000000020005528       0x60 obj//Release/serial_wifi.o
                0x0000000020005528                StartInterpreterMode
 .text.InitialiseCmdMenu
                0x0000000020005588       0xb4 obj//Release/serial_wifi.o
                0x0000000020005588                InitialiseCmdMenu
 .text.InitialConfiguration
                0x000000002000563c      0x170 obj//Release/serial_wifi.o
                0x000000002000563c                InitialConfiguration
 .text.Interpreter_Task
                0x00000000200057ac      0xb1c obj//Release/serial_wifi.o
                0x00000000200057ac                Interpreter_Task
 .text.PrintCommandMenu
                0x00000000200062c8      0x188 obj//Release/uart_config.o
                0x00000000200062c8                PrintCommandMenu
 .text.GETChar  0x0000000020006450       0xd4 obj//Release/uart_config.o
                0x0000000020006450                GETChar
 .text.basic_Interpreter
                0x0000000020006524       0x38 obj//Release/uart_config.o
                0x0000000020006524                basic_Interpreter
 .text.vApplicationIdleHook
                0x000000002000655c        0x2 obj//Release/network_if.o
                0x000000002000655c                vApplicationIdleHook
 .text.vApplicationMallocFailedHook
                0x000000002000655e        0x2 obj//Release/network_if.o
                0x000000002000655e                vApplicationMallocFailedHook
 .text.vApplicationStackOverflowHook
                0x0000000020006560        0x2 obj//Release/network_if.o
                0x0000000020006560                vApplicationStackOverflowHook
 *fill*         0x0000000020006562        0x2 
 .text.SimpleLinkWlanEventHandler
                0x0000000020006564      0x138 obj//Release/network_if.o
                0x0000000020006564                SimpleLinkWlanEventHandler
 .text.SimpleLinkNetAppEventHandler
                0x000000002000669c       0x70 obj//Release/network_if.o
                0x000000002000669c                SimpleLinkNetAppEventHandler
 .text.SimpleLinkGeneralEventHandler
                0x000000002000670c       0x14 obj//Release/network_if.o
                0x000000002000670c                SimpleLinkGeneralEventHandler
 .text.SimpleLinkSockEventHandler
                0x0000000020006720       0x68 obj//Release/network_if.o
                0x0000000020006720                SimpleLinkSockEventHandler
 .text.SimpleLinkHttpServerCallback
                0x0000000020006788        0x2 obj//Release/network_if.o
                0x0000000020006788                SimpleLinkHttpServerCallback
 *fill*         0x000000002000678a        0x2 
 .text.InitializeAppVariables
                0x000000002000678c       0x38 obj//Release/network_if.o
                0x000000002000678c                InitializeAppVariables
 .text.Message.part.0
                0x00000000200067c4       0x20 obj//Release/uart_if.o
 .text.InitTerm
                0x00000000200067e4       0x30 obj//Release/uart_if.o
                0x00000000200067e4                InitTerm
 .text.Message  0x0000000020006814        0x8 obj//Release/uart_if.o
                0x0000000020006814                Message
 .text.ClearTerm
                0x000000002000681c        0xc obj//Release/uart_if.o
                0x000000002000681c                ClearTerm
 .text.Report   0x0000000020006828       0x68 obj//Release/uart_if.o
                0x0000000020006828                Report
 .text.NmiSR    0x0000000020006890        0x2 obj//Release/startup_gcc.o
 .text.FaultISR
                0x0000000020006892        0x2 obj//Release/startup_gcc.o
 .text.BusFaultHandler
                0x0000000020006894        0x2 obj//Release/startup_gcc.o
 .text.IntDefaultHandler
                0x0000000020006896        0x2 obj//Release/startup_gcc.o
 .text.ResetISR
                0x0000000020006898       0x4c obj//Release/startup_gcc.o
                0x0000000020006898                ResetISR
 .text._sbrk    0x00000000200068e4       0x28 obj//Release/startup_gcc.o
                0x00000000200068e4                _sbrk
 .text.sl_Start
                0x000000002000690c       0xd0 ../../../simplelink/gcc/lib/os/Release/libsimplelink.a(device.o)
                0x000000002000690c                sl_Start
 .text._sl_HandleAsync_InitComplete
                0x00000000200069dc       0x6c ../../../simplelink/gcc/lib/os/Release/libsimplelink.a(device.o)
                0x00000000200069dc                _sl_HandleAsync_InitComplete
 .text._sl_HandleAsync_Stop
                0x0000000020006a48       0x38 ../../../simplelink/gcc/lib/os/Release/libsimplelink.a(device.o)
                0x0000000020006a48                _sl_HandleAsync_Stop
 .text.sl_Stop  0x0000000020006a80       0xa8 ../../../simplelink/gcc/lib/os/Release/libsimplelink.a(device.o)
                0x0000000020006a80                sl_Stop
 .text.sl_DevGet
                0x0000000020006b28       0x88 ../../../simplelink/gcc/lib/os/Release/libsimplelink.a(device.o)
                0x0000000020006b28                sl_DevGet
 .text.sl_DevSet
                0x0000000020006bb0       0x60 ../../../simplelink/gcc/lib/os/Release/libsimplelink.a(device.o)
                0x0000000020006bb0                sl_DevSet
 .text._SlDrvDeviceEventHandler
                0x0000000020006c10       0x5e ../../../simplelink/gcc/lib/os/Release/libsimplelink.a(device.o)
                0x0000000020006c10                _SlDrvDeviceEventHandler
 *fill*         0x0000000020006c6e        0x2 
 .text._SlAsyncEventGenericHandler
                0x0000000020006c70       0x54 ../../../simplelink/gcc/lib/os/Release/libsimplelink.a(driver.o)
 .text._SlRemoveFromList
                0x0000000020006cc4       0x40 ../../../simplelink/gcc/lib/os/Release/libsimplelink.a(driver.o)
 .text._SlFindAndSetActiveObj
                0x0000000020006d04       0x98 ../../../simplelink/gcc/lib/os/Release/libsimplelink.a(driver.o)
 .text._SlDrvHandleWlanEvents
                0x0000000020006d9c       0x16 ../../../simplelink/gcc/lib/os/Release/libsimplelink.a(driver.o)
                0x0000000020006d9c                _SlDrvHandleWlanEvents
 .text._SlDrvHandleNetAppEvents
                0x0000000020006db2       0x16 ../../../simplelink/gcc/lib/os/Release/libsimplelink.a(driver.o)
                0x0000000020006db2                _SlDrvHandleNetAppEvents
 .text._SlDrvObjGlobalLockWaitForever
                0x0000000020006dc8       0x2c ../../../simplelink/gcc/lib/os/Release/libsimplelink.a(driver.o)
 .text._SlDrvMsgWrite
                0x0000000020006df4       0xf4 ../../../simplelink/gcc/lib/os/Release/libsimplelink.a(driver.o)
 .text._SlDrvHandleHttpServerEvents
                0x0000000020006ee8       0x1a ../../../simplelink/gcc/lib/os/Release/libsimplelink.a(driver.o)
                0x0000000020006ee8                _SlDrvHandleHttpServerEvents
 *fill*         0x0000000020006f02        0x2 
 .text._SlDrvDriverCBDeinit
                0x0000000020006f04       0x90 ../../../simplelink/gcc/lib/os/Release/libsimplelink.a(driver.o)
                0x0000000020006f04                _SlDrvDriverCBDeinit
 .text._SlDrvRxIrqHandler
                0x0000000020006f94       0x40 ../../../simplelink/gcc/lib/os/Release/libsimplelink.a(driver.o)
                0x0000000020006f94                _SlDrvRxIrqHandler
 .text._SlDrvCmdSend
                0x0000000020006fd4       0x78 ../../../simplelink/gcc/lib/os/Release/libsimplelink.a(driver.o)
                0x0000000020006fd4                _SlDrvCmdSend
 .text._SlDrvDispatchHttpServerEvents
                0x000000002000704c        0x4 ../../../simplelink/gcc/lib/os/Release/libsimplelink.a(driver.o)
                0x000000002000704c                _SlDrvDispatchHttpServerEvents
 .text._SlDrvSyncObjSignal
                0x0000000020007050        0xa ../../../simplelink/gcc/lib/os/Release/libsimplelink.a(driver.o)
                0x0000000020007050                _SlDrvSyncObjSignal
 .text._SlDrvObjLockWaitForever
                0x000000002000705a        0xe ../../../simplelink/gcc/lib/os/Release/libsimplelink.a(driver.o)
                0x000000002000705a                _SlDrvObjLockWaitForever
 .text._SlDrvProtectionObjLockWaitForever
                0x0000000020007068       0x18 ../../../simplelink/gcc/lib/os/Release/libsimplelink.a(driver.o)
                0x0000000020007068                _SlDrvProtectionObjLockWaitForever
 .text._SlDrvObjUnLock
                0x0000000020007080        0xa ../../../simplelink/gcc/lib/os/Release/libsimplelink.a(driver.o)
                0x0000000020007080                _SlDrvObjUnLock
 *fill*         0x000000002000708a        0x2 
 .text._SlDrvProtectionObjUnLock
                0x000000002000708c       0x14 ../../../simplelink/gcc/lib/os/Release/libsimplelink.a(driver.o)
                0x000000002000708c                _SlDrvProtectionObjUnLock
 .text._SlDrvReleasePoolObj
                0x00000000200070a0       0xc0 ../../../simplelink/gcc/lib/os/Release/libsimplelink.a(driver.o)
                0x00000000200070a0                _SlDrvReleasePoolObj
 .text._SlDrvGlobalObjUnLock
                0x0000000020007160       0x14 ../../../simplelink/gcc/lib/os/Release/libsimplelink.a(driver.o)
                0x0000000020007160                _SlDrvGlobalObjUnLock
 .text._SlDrvMemZero
                0x0000000020007174        0x8 ../../../simplelink/gcc/lib/os/Release/libsimplelink.a(driver.o)
                0x0000000020007174                _SlDrvMemZero
 .text._SlDrvDriverCBInit
                0x000000002000717c       0xdc ../../../simplelink/gcc/lib/os/Release/libsimplelink.a(driver.o)
                0x000000002000717c                _SlDrvDriverCBInit
 .text._SlDrvResetCmdExt
                0x0000000020007258        0x6 ../../../simplelink/gcc/lib/os/Release/libsimplelink.a(driver.o)
                0x0000000020007258                _SlDrvResetCmdExt
 *fill*         0x000000002000725e        0x2 
 .text._SlDrvSyncObjWaitForever
                0x0000000020007260       0x20 ../../../simplelink/gcc/lib/os/Release/libsimplelink.a(driver.o)
                0x0000000020007260                _SlDrvSyncObjWaitForever
 .text._SlDrvDataWriteOp
                0x0000000020007280       0xd8 ../../../simplelink/gcc/lib/os/Release/libsimplelink.a(driver.o)
                0x0000000020007280                _SlDrvDataWriteOp
 .text._SlDrvWaitForPoolObj
                0x0000000020007358       0xb8 ../../../simplelink/gcc/lib/os/Release/libsimplelink.a(driver.o)
                0x0000000020007358                _SlDrvWaitForPoolObj
 .text._SlDrvProtectAsyncRespSetting
                0x0000000020007410       0x30 ../../../simplelink/gcc/lib/os/Release/libsimplelink.a(driver.o)
                0x0000000020007410                _SlDrvProtectAsyncRespSetting
 .text._SlDriverHandleError
                0x0000000020007440       0x58 ../../../simplelink/gcc/lib/os/Release/libsimplelink.a(driver.o)
                0x0000000020007440                _SlDriverHandleError
 .text._SlDrvSyncObjWaitTimeout
                0x0000000020007498       0x30 ../../../simplelink/gcc/lib/os/Release/libsimplelink.a(driver.o)
                0x0000000020007498                _SlDrvSyncObjWaitTimeout
 .text._SlDrvDataReadOp
                0x00000000200074c8      0x130 ../../../simplelink/gcc/lib/os/Release/libsimplelink.a(driver.o)
                0x00000000200074c8                _SlDrvDataReadOp
 .text._SlDrvIsTimeoutExpired
                0x00000000200075f8       0x44 ../../../simplelink/gcc/lib/os/Release/libsimplelink.a(driver.o)
                0x00000000200075f8                _SlDrvIsTimeoutExpired
 .text._SlDrvMsgRead
                0x000000002000763c      0x4e0 ../../../simplelink/gcc/lib/os/Release/libsimplelink.a(driver.o)
 .text._SlDrvCmdOp
                0x0000000020007b1c      0x144 ../../../simplelink/gcc/lib/os/Release/libsimplelink.a(driver.o)
                0x0000000020007b1c                _SlDrvCmdOp
 .text._SlDrvBasicCmd
                0x0000000020007c60       0x2c ../../../simplelink/gcc/lib/os/Release/libsimplelink.a(driver.o)
                0x0000000020007c60                _SlDrvBasicCmd
 .text._SlDrvMsgReadSpawnCtx
                0x0000000020007c8c       0x7c ../../../simplelink/gcc/lib/os/Release/libsimplelink.a(driver.o)
                0x0000000020007c8c                _SlDrvMsgReadSpawnCtx
 .text.sl_NetAppMDNSRegisterUnregisterService
                0x0000000020007d08       0x9c ../../../simplelink/gcc/lib/os/Release/libsimplelink.a(netapp.o)
                0x0000000020007d08                sl_NetAppMDNSRegisterUnregisterService
 .text.sl_NetAppMDNSRegisterService
                0x0000000020007da4       0x38 ../../../simplelink/gcc/lib/os/Release/libsimplelink.a(netapp.o)
                0x0000000020007da4                sl_NetAppMDNSRegisterService
 .text.sl_NetAppMDNSUnRegisterService
                0x0000000020007ddc       0x34 ../../../simplelink/gcc/lib/os/Release/libsimplelink.a(netapp.o)
                0x0000000020007ddc                sl_NetAppMDNSUnRegisterService
 .text.sl_NetAppDnsGetHostByService
                0x0000000020007e10       0xc4 ../../../simplelink/gcc/lib/os/Release/libsimplelink.a(netapp.o)
                0x0000000020007e10                sl_NetAppDnsGetHostByService
 .text._sl_HandleAsync_DnsGetHostByService
                0x0000000020007ed4       0x5c ../../../simplelink/gcc/lib/os/Release/libsimplelink.a(netapp.o)
                0x0000000020007ed4                _sl_HandleAsync_DnsGetHostByService
 .text._sl_HandleAsync_DnsGetHostByName
                0x0000000020007f30       0x5c ../../../simplelink/gcc/lib/os/Release/libsimplelink.a(netapp.o)
                0x0000000020007f30                _sl_HandleAsync_DnsGetHostByName
 .text._sl_HandleAsync_PingResponse
                0x0000000020007f8c       0x7c ../../../simplelink/gcc/lib/os/Release/libsimplelink.a(netapp.o)
                0x0000000020007f8c                _sl_HandleAsync_PingResponse
 .text.sl_NetAppPingStart
                0x0000000020008008      0x14c ../../../simplelink/gcc/lib/os/Release/libsimplelink.a(netapp.o)
                0x0000000020008008                sl_NetAppPingStart
 .text._sl_NetAppSendTokenValue
                0x0000000020008154       0x50 ../../../simplelink/gcc/lib/os/Release/libsimplelink.a(netapp.o)
                0x0000000020008154                _sl_NetAppSendTokenValue
 .text._SlDrvNetAppEventHandler
                0x00000000200081a4       0xd0 ../../../simplelink/gcc/lib/os/Release/libsimplelink.a(netapp.o)
                0x00000000200081a4                _SlDrvNetAppEventHandler
 .text.sl_NetCfgSet
                0x0000000020008274       0x60 ../../../simplelink/gcc/lib/os/Release/libsimplelink.a(netcfg.o)
                0x0000000020008274                sl_NetCfgSet
 .text._sl_Strlen
                0x00000000200082d4       0x12 ../../../simplelink/gcc/lib/os/Release/libsimplelink.a(fs.o)
 *fill*         0x00000000200082e6        0x2 
 .text._sl_GetCreateFsMode
                0x00000000200082e8       0x5c ../../../simplelink/gcc/lib/os/Release/libsimplelink.a(fs.o)
                0x00000000200082e8                _sl_GetCreateFsMode
 .text.sl_FsOpen
                0x0000000020008344       0x78 ../../../simplelink/gcc/lib/os/Release/libsimplelink.a(fs.o)
                0x0000000020008344                sl_FsOpen
 .text.sl_FsClose
                0x00000000200083bc       0x80 ../../../simplelink/gcc/lib/os/Release/libsimplelink.a(fs.o)
                0x00000000200083bc                sl_FsClose
 .text.sl_FsRead
                0x000000002000843c       0xa8 ../../../simplelink/gcc/lib/os/Release/libsimplelink.a(fs.o)
                0x000000002000843c                sl_FsRead
 .text.sl_FsWrite
                0x00000000200084e4       0xa8 ../../../simplelink/gcc/lib/os/Release/libsimplelink.a(fs.o)
                0x00000000200084e4                sl_FsWrite
 .text._sl_TruncatePayloadByProtocol
                0x000000002000858c       0x18 ../../../simplelink/gcc/lib/os/Release/libsimplelink.a(socket.o)
 .text._sl_BuildAddress
                0x00000000200085a4       0x24 ../../../simplelink/gcc/lib/os/Release/libsimplelink.a(socket.o)
 .text.sl_Socket
                0x00000000200085c8       0x50 ../../../simplelink/gcc/lib/os/Release/libsimplelink.a(socket.o)
                0x00000000200085c8                sl_Socket
 .text.sl_Close
                0x0000000020008618       0x40 ../../../simplelink/gcc/lib/os/Release/libsimplelink.a(socket.o)
                0x0000000020008618                sl_Close
 .text.sl_Bind  0x0000000020008658       0x74 ../../../simplelink/gcc/lib/os/Release/libsimplelink.a(socket.o)
                0x0000000020008658                sl_Bind
 .text.sl_SendTo
                0x00000000200086cc       0xd4 ../../../simplelink/gcc/lib/os/Release/libsimplelink.a(socket.o)
                0x00000000200086cc                sl_SendTo
 .text.sl_RecvFrom
                0x00000000200087a0       0xc8 ../../../simplelink/gcc/lib/os/Release/libsimplelink.a(socket.o)
                0x00000000200087a0                sl_RecvFrom
 .text.sl_Connect
                0x0000000020008868       0xf0 ../../../simplelink/gcc/lib/os/Release/libsimplelink.a(socket.o)
                0x0000000020008868                sl_Connect
 .text._sl_HandleAsync_Connect
                0x0000000020008958       0x48 ../../../simplelink/gcc/lib/os/Release/libsimplelink.a(socket.o)
                0x0000000020008958                _sl_HandleAsync_Connect
 .text.sl_Send  0x00000000200089a0       0xc8 ../../../simplelink/gcc/lib/os/Release/libsimplelink.a(socket.o)
                0x00000000200089a0                sl_Send
 .text.sl_Listen
                0x0000000020008a68       0x44 ../../../simplelink/gcc/lib/os/Release/libsimplelink.a(socket.o)
                0x0000000020008a68                sl_Listen
 .text.sl_Accept
                0x0000000020008aac      0x114 ../../../simplelink/gcc/lib/os/Release/libsimplelink.a(socket.o)
                0x0000000020008aac                sl_Accept
 .text.sl_Htonl
                0x0000000020008bc0        0x8 ../../../simplelink/gcc/lib/os/Release/libsimplelink.a(socket.o)
                0x0000000020008bc0                sl_Htonl
 .text._sl_HandleAsync_Accept
                0x0000000020008bc8       0x50 ../../../simplelink/gcc/lib/os/Release/libsimplelink.a(socket.o)
                0x0000000020008bc8                _sl_HandleAsync_Accept
 .text._sl_HandleAsync_Select
                0x0000000020008c18       0x3c ../../../simplelink/gcc/lib/os/Release/libsimplelink.a(socket.o)
                0x0000000020008c18                _sl_HandleAsync_Select
 .text.sl_Recv  0x0000000020008c54       0x60 ../../../simplelink/gcc/lib/os/Release/libsimplelink.a(socket.o)
                0x0000000020008c54                sl_Recv
 .text.sl_SetSockOpt
                0x0000000020008cb4       0x68 ../../../simplelink/gcc/lib/os/Release/libsimplelink.a(socket.o)
                0x0000000020008cb4                sl_SetSockOpt
 .text.sl_GetSockOpt
                0x0000000020008d1c       0x90 ../../../simplelink/gcc/lib/os/Release/libsimplelink.a(socket.o)
                0x0000000020008d1c                sl_GetSockOpt
 .text.sl_Select
                0x0000000020008dac       0xf0 ../../../simplelink/gcc/lib/os/Release/libsimplelink.a(socket.o)
                0x0000000020008dac                sl_Select
 .text.SL_FD_SET
                0x0000000020008e9c       0x12 ../../../simplelink/gcc/lib/os/Release/libsimplelink.a(socket.o)
                0x0000000020008e9c                SL_FD_SET
 .text.SL_FD_ZERO
                0x0000000020008eae        0x6 ../../../simplelink/gcc/lib/os/Release/libsimplelink.a(socket.o)
                0x0000000020008eae                SL_FD_ZERO
 .text.sl_WlanConnect
                0x0000000020008eb4      0x1c4 ../../../simplelink/gcc/lib/os/Release/libsimplelink.a(wlan.o)
                0x0000000020008eb4                sl_WlanConnect
 .text.sl_WlanDisconnect
                0x0000000020009078       0x28 ../../../simplelink/gcc/lib/os/Release/libsimplelink.a(wlan.o)
                0x0000000020009078                sl_WlanDisconnect
 .text.sl_WlanPolicySet
                0x00000000200090a0       0x5c ../../../simplelink/gcc/lib/os/Release/libsimplelink.a(wlan.o)
                0x00000000200090a0                sl_WlanPolicySet
 .text.sl_WlanProfileAdd
                0x00000000200090fc      0x1c8 ../../../simplelink/gcc/lib/os/Release/libsimplelink.a(wlan.o)
                0x00000000200090fc                sl_WlanProfileAdd
 .text.sl_WlanSetMode
                0x00000000200092c4       0x40 ../../../simplelink/gcc/lib/os/Release/libsimplelink.a(wlan.o)
                0x00000000200092c4                sl_WlanSetMode
 .text.sl_WlanSet
                0x0000000020009304       0x60 ../../../simplelink/gcc/lib/os/Release/libsimplelink.a(wlan.o)
                0x0000000020009304                sl_WlanSet
 .text.DmaSpiSwIntHandler
                0x0000000020009364       0x38 ../../../simplelink/gcc/lib/os/Release/libsimplelink.a(cc_pal.o)
                0x0000000020009364                DmaSpiSwIntHandler
 .text.cc_UDMAChannelSelect.part.0
                0x000000002000939c       0x1e ../../../simplelink/gcc/lib/os/Release/libsimplelink.a(cc_pal.o)
 .text.cc_SetupTransfer.constprop.0
                0x00000000200093ba       0x4e ../../../simplelink/gcc/lib/os/Release/libsimplelink.a(cc_pal.o)
 .text.SetupDMAReceive
                0x0000000020009408       0x60 ../../../simplelink/gcc/lib/os/Release/libsimplelink.a(cc_pal.o)
 .text.spi_Open
                0x0000000020009468      0x144 ../../../simplelink/gcc/lib/os/Release/libsimplelink.a(cc_pal.o)
                0x0000000020009468                spi_Open
 .text.spi_Close
                0x00000000200095ac       0x88 ../../../simplelink/gcc/lib/os/Release/libsimplelink.a(cc_pal.o)
                0x00000000200095ac                spi_Close
 .text.spi_Read
                0x0000000020009634       0xf4 ../../../simplelink/gcc/lib/os/Release/libsimplelink.a(cc_pal.o)
                0x0000000020009634                spi_Read
 .text.spi_Write
                0x0000000020009728       0xec ../../../simplelink/gcc/lib/os/Release/libsimplelink.a(cc_pal.o)
                0x0000000020009728                spi_Write
 .text.NwpRegisterInterruptHandler
                0x0000000020009814       0x28 ../../../simplelink/gcc/lib/os/Release/libsimplelink.a(cc_pal.o)
                0x0000000020009814                NwpRegisterInterruptHandler
 .text.NwpMaskInterrupt
                0x000000002000983c       0x10 ../../../simplelink/gcc/lib/os/Release/libsimplelink.a(cc_pal.o)
                0x000000002000983c                NwpMaskInterrupt
 .text.NwpUnMaskInterrupt
                0x000000002000984c       0x10 ../../../simplelink/gcc/lib/os/Release/libsimplelink.a(cc_pal.o)
                0x000000002000984c                NwpUnMaskInterrupt
 .text.NwpPowerOn
                0x000000002000985c       0x3c ../../../simplelink/gcc/lib/os/Release/libsimplelink.a(cc_pal.o)
                0x000000002000985c                NwpPowerOn
 .text.NwpPowerOff
                0x0000000020009898       0x44 ../../../simplelink/gcc/lib/os/Release/libsimplelink.a(cc_pal.o)
                0x0000000020009898                NwpPowerOff
 .text.NwpPowerOnPreamble
                0x00000000200098dc       0x60 ../../../simplelink/gcc/lib/os/Release/libsimplelink.a(cc_pal.o)
                0x00000000200098dc                NwpPowerOnPreamble
 .text.NwpPrePowerOffTimout0
                0x000000002000993c       0x1c ../../../simplelink/gcc/lib/os/Release/libsimplelink.a(cc_pal.o)
                0x000000002000993c                NwpPrePowerOffTimout0
 .text.simplelink_timerA2_start
                0x0000000020009958       0x50 ../../../simplelink/gcc/lib/os/Release/libsimplelink.a(cc_pal.o)
                0x0000000020009958                simplelink_timerA2_start
 .text.TimerGetCurrentTimestamp
                0x00000000200099a8       0x24 ../../../simplelink/gcc/lib/os/Release/libsimplelink.a(cc_pal.o)
                0x00000000200099a8                TimerGetCurrentTimestamp
 .text.vSimpleLinkSpawnTask
                0x00000000200099cc       0x20 ../../../oslib/gcc/free_rtos/Release/free_rtos.a(osi_freertos.o)
 .text.osi_InterruptRegister
                0x00000000200099ec       0x26 ../../../oslib/gcc/free_rtos/Release/free_rtos.a(osi_freertos.o)
                0x00000000200099ec                osi_InterruptRegister
 .text.osi_InterruptDeRegister
                0x0000000020009a12       0x18 ../../../oslib/gcc/free_rtos/Release/free_rtos.a(osi_freertos.o)
                0x0000000020009a12                osi_InterruptDeRegister
 .text.osi_SyncObjCreate
                0x0000000020009a2a       0x24 ../../../oslib/gcc/free_rtos/Release/free_rtos.a(osi_freertos.o)
                0x0000000020009a2a                osi_SyncObjCreate
 .text.osi_SyncObjDelete
                0x0000000020009a4e       0x14 ../../../oslib/gcc/free_rtos/Release/free_rtos.a(osi_freertos.o)
                0x0000000020009a4e                osi_SyncObjDelete
 .text.osi_SyncObjSignal
                0x0000000020009a62       0x1a ../../../oslib/gcc/free_rtos/Release/free_rtos.a(osi_freertos.o)
                0x0000000020009a62                osi_SyncObjSignal
 .text.osi_SyncObjSignalFromISR
                0x0000000020009a7c       0x3c ../../../oslib/gcc/free_rtos/Release/free_rtos.a(osi_freertos.o)
                0x0000000020009a7c                osi_SyncObjSignalFromISR
 .text.osi_SyncObjWait
                0x0000000020009ab8       0x1c ../../../oslib/gcc/free_rtos/Release/free_rtos.a(osi_freertos.o)
                0x0000000020009ab8                osi_SyncObjWait
 .text.osi_LockObjCreate
                0x0000000020009ad4       0x18 ../../../oslib/gcc/free_rtos/Release/free_rtos.a(osi_freertos.o)
                0x0000000020009ad4                osi_LockObjCreate
 .text.osi_TaskCreate
                0x0000000020009aec       0x1e ../../../oslib/gcc/free_rtos/Release/free_rtos.a(osi_freertos.o)
                0x0000000020009aec                osi_TaskCreate
 .text.osi_LockObjDelete
                0x0000000020009b0a        0xc ../../../oslib/gcc/free_rtos/Release/free_rtos.a(osi_freertos.o)
                0x0000000020009b0a                osi_LockObjDelete
 .text.osi_LockObjLock
                0x0000000020009b16        0x4 ../../../oslib/gcc/free_rtos/Release/free_rtos.a(osi_freertos.o)
                0x0000000020009b16                osi_LockObjLock
 .text.osi_LockObjUnlock
                0x0000000020009b1a       0x22 ../../../oslib/gcc/free_rtos/Release/free_rtos.a(osi_freertos.o)
                0x0000000020009b1a                osi_LockObjUnlock
 .text.osi_Spawn
                0x0000000020009b3c       0x4c ../../../oslib/gcc/free_rtos/Release/free_rtos.a(osi_freertos.o)
                0x0000000020009b3c                osi_Spawn
 .text.VStartSimpleLinkSpawnTask
                0x0000000020009b88       0x48 ../../../oslib/gcc/free_rtos/Release/free_rtos.a(osi_freertos.o)
                0x0000000020009b88                VStartSimpleLinkSpawnTask
 .text.osi_MsgQCreate
                0x0000000020009bd0       0x24 ../../../oslib/gcc/free_rtos/Release/free_rtos.a(osi_freertos.o)
                0x0000000020009bd0                osi_MsgQCreate
 .text.osi_MsgQDelete
                0x0000000020009bf4        0x4 ../../../oslib/gcc/free_rtos/Release/free_rtos.a(osi_freertos.o)
                0x0000000020009bf4                osi_MsgQDelete
 .text.osi_MsgQWrite
                0x0000000020009bf8       0x3c ../../../oslib/gcc/free_rtos/Release/free_rtos.a(osi_freertos.o)
                0x0000000020009bf8                osi_MsgQWrite
 .text.osi_MsgQRead
                0x0000000020009c34       0x1c ../../../oslib/gcc/free_rtos/Release/free_rtos.a(osi_freertos.o)
                0x0000000020009c34                osi_MsgQRead
 .text.osi_start
                0x0000000020009c50        0x4 ../../../oslib/gcc/free_rtos/Release/free_rtos.a(osi_freertos.o)
                0x0000000020009c50                osi_start
 .text.osi_Sleep
                0x0000000020009c54        0x4 ../../../oslib/gcc/free_rtos/Release/free_rtos.a(osi_freertos.o)
                0x0000000020009c54                osi_Sleep
 .text.prvIsQueueEmpty
                0x0000000020009c58       0x16 ../../../oslib/gcc/free_rtos/Release/free_rtos.a(queue.o)
 .text.prvCopyDataToQueue
                0x0000000020009c6e       0x6a ../../../oslib/gcc/free_rtos/Release/free_rtos.a(queue.o)
 .text.prvNotifyQueueSetContainer
                0x0000000020009cd8       0x4a ../../../oslib/gcc/free_rtos/Release/free_rtos.a(queue.o)
 .text.prvCopyDataFromQueue
                0x0000000020009d22       0x28 ../../../oslib/gcc/free_rtos/Release/free_rtos.a(queue.o)
 .text.prvUnlockQueue
                0x0000000020009d4a       0x7e ../../../oslib/gcc/free_rtos/Release/free_rtos.a(queue.o)
 .text.xQueueGenericReset
                0x0000000020009dc8       0x6a ../../../oslib/gcc/free_rtos/Release/free_rtos.a(queue.o)
                0x0000000020009dc8                xQueueGenericReset
 .text.xQueueGenericCreate
                0x0000000020009e32       0x38 ../../../oslib/gcc/free_rtos/Release/free_rtos.a(queue.o)
                0x0000000020009e32                xQueueGenericCreate
 .text.xQueueGenericSend
                0x0000000020009e6a      0x114 ../../../oslib/gcc/free_rtos/Release/free_rtos.a(queue.o)
                0x0000000020009e6a                xQueueGenericSend
 .text.xQueueCreateMutex
                0x0000000020009f7e       0x24 ../../../oslib/gcc/free_rtos/Release/free_rtos.a(queue.o)
                0x0000000020009f7e                xQueueCreateMutex
 .text.xQueueGenericSendFromISR
                0x0000000020009fa2       0x80 ../../../oslib/gcc/free_rtos/Release/free_rtos.a(queue.o)
                0x0000000020009fa2                xQueueGenericSendFromISR
 .text.xQueueGiveFromISR
                0x000000002000a022       0x68 ../../../oslib/gcc/free_rtos/Release/free_rtos.a(queue.o)
                0x000000002000a022                xQueueGiveFromISR
 .text.xQueueReceive
                0x000000002000a08a       0xee ../../../oslib/gcc/free_rtos/Release/free_rtos.a(queue.o)
                0x000000002000a08a                xQueueReceive
 .text.xQueueSemaphoreTake
                0x000000002000a178      0x126 ../../../oslib/gcc/free_rtos/Release/free_rtos.a(queue.o)
                0x000000002000a178                xQueueSemaphoreTake
 *fill*         0x000000002000a29e        0x2 
 .text.vQueueUnregisterQueue
                0x000000002000a2a0       0x28 ../../../oslib/gcc/free_rtos/Release/free_rtos.a(queue.o)
                0x000000002000a2a0                vQueueUnregisterQueue
 .text.vQueueDelete
                0x000000002000a2c8       0x12 ../../../oslib/gcc/free_rtos/Release/free_rtos.a(queue.o)
                0x000000002000a2c8                vQueueDelete
 *fill*         0x000000002000a2da        0x2 
 .text.prvAddCurrentTaskToDelayedList
                0x000000002000a2dc       0x88 ../../../oslib/gcc/free_rtos/Release/free_rtos.a(tasks.o)
 .text.prvResetNextTaskUnblockTime
                0x000000002000a364       0x24 ../../../oslib/gcc/free_rtos/Release/free_rtos.a(tasks.o)
 .text.prvIdleTask
                0x000000002000a388       0x4c ../../../oslib/gcc/free_rtos/Release/free_rtos.a(tasks.o)
 .text.xTaskCreate
                0x000000002000a3d4      0x1ac ../../../oslib/gcc/free_rtos/Release/free_rtos.a(tasks.o)
                0x000000002000a3d4                xTaskCreate
 .text.vTaskStartScheduler
                0x000000002000a580       0x60 ../../../oslib/gcc/free_rtos/Release/free_rtos.a(tasks.o)
                0x000000002000a580                vTaskStartScheduler
 .text.vTaskSuspendAll
                0x000000002000a5e0       0x10 ../../../oslib/gcc/free_rtos/Release/free_rtos.a(tasks.o)
                0x000000002000a5e0                vTaskSuspendAll
 .text.xTaskIncrementTick
                0x000000002000a5f0      0x10c ../../../oslib/gcc/free_rtos/Release/free_rtos.a(tasks.o)
                0x000000002000a5f0                xTaskIncrementTick
 .text.xTaskResumeAll
                0x000000002000a6fc       0xd8 ../../../oslib/gcc/free_rtos/Release/free_rtos.a(tasks.o)
                0x000000002000a6fc                xTaskResumeAll
 .text.vTaskDelay
                0x000000002000a7d4       0x2e ../../../oslib/gcc/free_rtos/Release/free_rtos.a(tasks.o)
                0x000000002000a7d4                vTaskDelay
 *fill*         0x000000002000a802        0x2 
 .text.vTaskSwitchContext
                0x000000002000a804       0x74 ../../../oslib/gcc/free_rtos/Release/free_rtos.a(tasks.o)
                0x000000002000a804                vTaskSwitchContext
 .text.vTaskPlaceOnEventList
                0x000000002000a878       0x20 ../../../oslib/gcc/free_rtos/Release/free_rtos.a(tasks.o)
                0x000000002000a878                vTaskPlaceOnEventList
 .text.xTaskRemoveFromEventList
                0x000000002000a898       0x70 ../../../oslib/gcc/free_rtos/Release/free_rtos.a(tasks.o)
                0x000000002000a898                xTaskRemoveFromEventList
 .text.vTaskInternalSetTimeOutState
                0x000000002000a908       0x18 ../../../oslib/gcc/free_rtos/Release/free_rtos.a(tasks.o)
                0x000000002000a908                vTaskInternalSetTimeOutState
 .text.xTaskCheckForTimeOut
                0x000000002000a920       0x50 ../../../oslib/gcc/free_rtos/Release/free_rtos.a(tasks.o)
                0x000000002000a920                xTaskCheckForTimeOut
 .text.vTaskMissedYield
                0x000000002000a970        0xc ../../../oslib/gcc/free_rtos/Release/free_rtos.a(tasks.o)
                0x000000002000a970                vTaskMissedYield
 .text.xTaskPriorityInherit
                0x000000002000a97c       0xa4 ../../../oslib/gcc/free_rtos/Release/free_rtos.a(tasks.o)
                0x000000002000a97c                xTaskPriorityInherit
 .text.xTaskPriorityDisinherit
                0x000000002000aa20       0x70 ../../../oslib/gcc/free_rtos/Release/free_rtos.a(tasks.o)
                0x000000002000aa20                xTaskPriorityDisinherit
 .text.vTaskPriorityDisinheritAfterTimeout
                0x000000002000aa90       0x80 ../../../oslib/gcc/free_rtos/Release/free_rtos.a(tasks.o)
                0x000000002000aa90                vTaskPriorityDisinheritAfterTimeout
 .text.pvTaskIncrementMutexHeldCount
                0x000000002000ab10       0x18 ../../../oslib/gcc/free_rtos/Release/free_rtos.a(tasks.o)
                0x000000002000ab10                pvTaskIncrementMutexHeldCount
 .text.prvTaskExitError
                0x000000002000ab28       0x20 ../../../oslib/gcc/free_rtos/Release/free_rtos.a(port.o)
 .text.prvPortStartFirstTask
                0x000000002000ab48       0x20 ../../../oslib/gcc/free_rtos/Release/free_rtos.a(port.o)
 .text.pxPortInitialiseStack
                0x000000002000ab68       0x24 ../../../oslib/gcc/free_rtos/Release/free_rtos.a(port.o)
                0x000000002000ab68                pxPortInitialiseStack
 *fill*         0x000000002000ab8c        0x4 
 .text.vPortSVCHandler
                0x000000002000ab90       0x24 ../../../oslib/gcc/free_rtos/Release/free_rtos.a(port.o)
                0x000000002000ab90                vPortSVCHandler
 .text.vPortEnterCritical
                0x000000002000abb4       0x20 ../../../oslib/gcc/free_rtos/Release/free_rtos.a(port.o)
                0x000000002000abb4                vPortEnterCritical
 .text.vPortExitCritical
                0x000000002000abd4       0x14 ../../../oslib/gcc/free_rtos/Release/free_rtos.a(port.o)
                0x000000002000abd4                vPortExitCritical
 *fill*         0x000000002000abe8        0x8 
 .text.xPortPendSVHandler
                0x000000002000abf0       0x44 ../../../oslib/gcc/free_rtos/Release/free_rtos.a(port.o)
                0x000000002000abf0                xPortPendSVHandler
 .text.xPortSysTickHandler
                0x000000002000ac34       0x2c ../../../oslib/gcc/free_rtos/Release/free_rtos.a(port.o)
                0x000000002000ac34                xPortSysTickHandler
 .text.vPortSetupTimerInterrupt
                0x000000002000ac60       0x18 ../../../oslib/gcc/free_rtos/Release/free_rtos.a(port.o)
                0x000000002000ac60                vPortSetupTimerInterrupt
 .text.xPortStartScheduler
                0x000000002000ac78       0x3c ../../../oslib/gcc/free_rtos/Release/free_rtos.a(port.o)
                0x000000002000ac78                xPortStartScheduler
 .text.pvPortMalloc
                0x000000002000acb4       0x1e ../../../oslib/gcc/free_rtos/Release/free_rtos.a(heap_3.o)
                0x000000002000acb4                pvPortMalloc
 .text.vPortFree
                0x000000002000acd2       0x1a ../../../oslib/gcc/free_rtos/Release/free_rtos.a(heap_3.o)
                0x000000002000acd2                vPortFree
 .text.vListInitialise
                0x000000002000acec       0x16 ../../../oslib/gcc/free_rtos/Release/free_rtos.a(list.o)
                0x000000002000acec                vListInitialise
 .text.vListInitialiseItem
                0x000000002000ad02        0x6 ../../../oslib/gcc/free_rtos/Release/free_rtos.a(list.o)
                0x000000002000ad02                vListInitialiseItem
 .text.vListInsertEnd
                0x000000002000ad08       0x18 ../../../oslib/gcc/free_rtos/Release/free_rtos.a(list.o)
                0x000000002000ad08                vListInsertEnd
 .text.vListInsert
                0x000000002000ad20       0x2e ../../../oslib/gcc/free_rtos/Release/free_rtos.a(list.o)
                0x000000002000ad20                vListInsert
 .text.uxListRemove
                0x000000002000ad4e       0x20 ../../../oslib/gcc/free_rtos/Release/free_rtos.a(list.o)
                0x000000002000ad4e                uxListRemove
 *fill*         0x000000002000ad6e        0x2 
 .text.IntEnable
                0x000000002000ad70       0x74 ../../../driverlib/gcc/lib/Release/libdriver.a(interrupt.o)
                0x000000002000ad70                IntEnable
 .text.IntDisable
                0x000000002000ade4       0x74 ../../../driverlib/gcc/lib/Release/libdriver.a(interrupt.o)
                0x000000002000ade4                IntDisable
 .text.PRCMPeripheralReset.part.0
                0x000000002000ae58       0x3c ../../../driverlib/gcc/lib/Release/libdriver.a(prcm.o)
 .text.PRCMSysResetCauseGet
                0x000000002000ae94       0x2c ../../../driverlib/gcc/lib/Release/libdriver.a(prcm.o)
                0x000000002000ae94                PRCMSysResetCauseGet
 .text.PRCMPeripheralClkEnable
                0x000000002000aec0       0x2c ../../../driverlib/gcc/lib/Release/libdriver.a(prcm.o)
                0x000000002000aec0                PRCMPeripheralClkEnable
 .text.PRCMPeripheralClkDisable
                0x000000002000aeec       0x1c ../../../driverlib/gcc/lib/Release/libdriver.a(prcm.o)
                0x000000002000aeec                PRCMPeripheralClkDisable
 .text.PRCMPeripheralReset
                0x000000002000af08        0xa ../../../driverlib/gcc/lib/Release/libdriver.a(prcm.o)
                0x000000002000af08                PRCMPeripheralReset
 *fill*         0x000000002000af12        0x2 
 .text.PRCMPeripheralStatusGet
                0x000000002000af14       0x1c ../../../driverlib/gcc/lib/Release/libdriver.a(prcm.o)
                0x000000002000af14                PRCMPeripheralStatusGet
 .text.PRCMCC3200MCUInit
                0x000000002000af30      0x144 ../../../driverlib/gcc/lib/Release/libdriver.a(prcm.o)
                0x000000002000af30                PRCMCC3200MCUInit
 .text.SPIConfigSetExpClk
                0x000000002000b074       0x58 ../../../driverlib/gcc/lib/Release/libdriver.a(spi.o)
                0x000000002000b074                SPIConfigSetExpClk
 .text.SPIFIFODisable
                0x000000002000b0cc        0xe ../../../driverlib/gcc/lib/Release/libdriver.a(spi.o)
                0x000000002000b0cc                SPIFIFODisable
 .text.SPIDmaDisable
                0x000000002000b0da        0x4 ../../../driverlib/gcc/lib/Release/libdriver.a(spi.o)
                0x000000002000b0da                SPIDmaDisable
 *fill*         0x000000002000b0de        0x2 
 .text.TimerConfigure
                0x000000002000b0e0       0x28 ../../../driverlib/gcc/lib/Release/libdriver.a(timer.o)
                0x000000002000b0e0                TimerConfigure
 .text.UtilsDelay
                0x000000002000b108        0x8 ../../../driverlib/gcc/lib/Release/libdriver.a(utils.o)
                0x000000002000b108                UtilsDelay
 .text.malloc   0x000000002000b110       0x10 /Applications/ARM/bin/../lib/gcc/arm-none-eabi/10.3.1/../../../../arm-none-eabi/lib/thumb/v7e-m/nofp/libc_nano.a(lib_a-malloc.o)
                0x000000002000b110                malloc
 .text.free     0x000000002000b120       0x10 /Applications/ARM/bin/../lib/gcc/arm-none-eabi/10.3.1/../../../../arm-none-eabi/lib/thumb/v7e-m/nofp/libc_nano.a(lib_a-malloc.o)
                0x000000002000b120                free
 .text.memcpy   0x000000002000b130       0x1c /Applications/ARM/bin/../lib/gcc/arm-none-eabi/10.3.1/../../../../arm-none-eabi/lib/thumb/v7e-m/nofp/libc_nano.a(lib_a-memcpy-stub.o)
                0x000000002000b130                memcpy
 .text.memmove  0x000000002000b14c       0x34 /Applications/ARM/bin/../lib/gcc/arm-none-eabi/10.3.1/../../../../arm-none-eabi/lib/thumb/v7e-m/nofp/libc_nano.a(lib_a-memmove.o)
                0x000000002000b14c                memmove
 .text.memset   0x000000002000b180       0x10 /Applications/ARM/bin/../lib/gcc/arm-none-eabi/10.3.1/../../../../arm-none-eabi/lib/thumb/v7e-m/nofp/libc_nano.a(lib_a-memset.o)
                0x000000002000b180                memset
 .text._free_r  0x000000002000b190       0x94 /Applications/ARM/bin/../lib/gcc/arm-none-eabi/10.3.1/../../../../arm-none-eabi/lib/thumb/v7e-m/nofp/libc_nano.a(lib_a-nano-freer.o)
                0x000000002000b190                _free_r
 .text.sbrk_aligned
                0x000000002000b224       0x40 /Applications/ARM/bin/../lib/gcc/arm-none-eabi/10.3.1/../../../../arm-none-eabi/lib/thumb/v7e-m/nofp/libc_nano.a(lib_a-nano-mallocr.o)
 .text._malloc_r
                0x000000002000b264       0xe8 /Applications/ARM/bin/../lib/gcc/arm-none-eabi/10.3.1/../../../../arm-none-eabi/lib/thumb/v7e-m/nofp/libc_nano.a(lib_a-nano-mallocr.o)
                0x000000002000b264                _malloc_r
 .text.realloc  0x000000002000b34c       0x10 /Applications/ARM/bin/../lib/gcc/arm-none-eabi/10.3.1/../../../../arm-none-eabi/lib/thumb/v7e-m/nofp/libc_nano.a(lib_a-realloc.o)
                0x000000002000b34c                realloc
 .text._sbrk_r  0x000000002000b35c       0x20 /Applications/ARM/bin/../lib/gcc/arm-none-eabi/10.3.1/../../../../arm-none-eabi/lib/thumb/v7e-m/nofp/libc_nano.a(lib_a-sbrkr.o)
                0x000000002000b35c                _sbrk_r
 .text.strchr   0x000000002000b37c       0x1a /Applications/ARM/bin/../lib/gcc/arm-none-eabi/10.3.1/../../../../arm-none-eabi/lib/thumb/v7e-m/nofp/libc_nano.a(lib_a-strchr.o)
                0x000000002000b37c                strchr
 .text          0x000000002000b396       0x14 /Applications/ARM/bin/../lib/gcc/arm-none-eabi/10.3.1/../../../../arm-none-eabi/lib/thumb/v7e-m/nofp/libc_nano.a(lib_a-strcmp.o)
                0x000000002000b396                strcmp
 .text.strcpy   0x000000002000b3aa       0x10 /Applications/ARM/bin/../lib/gcc/arm-none-eabi/10.3.1/../../../../arm-none-eabi/lib/thumb/v7e-m/nofp/libc_nano.a(lib_a-strcpy.o)
                0x000000002000b3aa                strcpy
 .text          0x000000002000b3ba       0x10 /Applications/ARM/bin/../lib/gcc/arm-none-eabi/10.3.1/../../../../arm-none-eabi/lib/thumb/v7e-m/nofp/libc_nano.a(lib_a-strlen.o)
                0x000000002000b3ba                strlen
 .text.strncpy  0x000000002000b3ca       0x26 /Applications/ARM/bin/../lib/gcc/arm-none-eabi/10.3.1/../../../../arm-none-eabi/lib/thumb/v7e-m/nofp/libc_nano.a(lib_a-strncpy.o)
                0x000000002000b3ca                strncpy
 .text.strstr   0x000000002000b3f0       0x2c /Applications/ARM/bin/../lib/gcc/arm-none-eabi/10.3.1/../../../../arm-none-eabi/lib/thumb/v7e-m/nofp/libc_nano.a(lib_a-strstr.o)
                0x000000002000b3f0                strstr
 .text.strtok   0x000000002000b41c       0x68 /Applications/ARM/bin/../lib/gcc/arm-none-eabi/10.3.1/../../../../arm-none-eabi/lib/thumb/v7e-m/nofp/libc_nano.a(lib_a-strtok.o)
                0x000000002000b41c                strtok
 .text.__strtok_r
                0x000000002000b484       0x50 /Applications/ARM/bin/../lib/gcc/arm-none-eabi/10.3.1/../../../../arm-none-eabi/lib/thumb/v7e-m/nofp/libc_nano.a(lib_a-strtok_r.o)
                0x000000002000b484                __strtok_r
 .text._strtol_l.constprop.0
                0x000000002000b4d4       0xf8 /Applications/ARM/bin/../lib/gcc/arm-none-eabi/10.3.1/../../../../arm-none-eabi/lib/thumb/v7e-m/nofp/libc_nano.a(lib_a-strtol.o)
 .text.strtol   0x000000002000b5cc       0x14 /Applications/ARM/bin/../lib/gcc/arm-none-eabi/10.3.1/../../../../arm-none-eabi/lib/thumb/v7e-m/nofp/libc_nano.a(lib_a-strtol.o)
                0x000000002000b5cc                strtol
 .text._vsnprintf_r
                0x000000002000b5e0       0x56 /Applications/ARM/bin/../lib/gcc/arm-none-eabi/10.3.1/../../../../arm-none-eabi/lib/thumb/v7e-m/nofp/libc_nano.a(lib_a-vsnprintf.o)
                0x000000002000b5e0                _vsnprintf_r
                0x000000002000b5e0                _vsniprintf_r
 *fill*         0x000000002000b636        0x2 
 .text.vsnprintf
                0x000000002000b638       0x1c /Applications/ARM/bin/../lib/gcc/arm-none-eabi/10.3.1/../../../../arm-none-eabi/lib/thumb/v7e-m/nofp/libc_nano.a(lib_a-vsnprintf.o)
                0x000000002000b638                vsnprintf
                0x000000002000b638                vsniprintf
 .text.__assert_func
                0x000000002000b654       0x3c /Applications/ARM/bin/../lib/gcc/arm-none-eabi/10.3.1/../../../../arm-none-eabi/lib/thumb/v7e-m/nofp/libc_nano.a(lib_a-assert.o)
                0x000000002000b654                __assert_func
 .text.__errno  0x000000002000b690        0xc /Applications/ARM/bin/../lib/gcc/arm-none-eabi/10.3.1/../../../../arm-none-eabi/lib/thumb/v7e-m/nofp/libc_nano.a(lib_a-errno.o)
                0x000000002000b690                __errno
 .text.fprintf  0x000000002000b69c       0x24 /Applications/ARM/bin/../lib/gcc/arm-none-eabi/10.3.1/../../../../arm-none-eabi/lib/thumb/v7e-m/nofp/libc_nano.a(lib_a-fprintf.o)
                0x000000002000b69c                fprintf
                0x000000002000b69c                fiprintf
 .text.__malloc_lock
                0x000000002000b6c0        0xc /Applications/ARM/bin/../lib/gcc/arm-none-eabi/10.3.1/../../../../arm-none-eabi/lib/thumb/v7e-m/nofp/libc_nano.a(lib_a-mlock.o)
                0x000000002000b6c0                __malloc_lock
 .text.__malloc_unlock
                0x000000002000b6cc        0xc /Applications/ARM/bin/../lib/gcc/arm-none-eabi/10.3.1/../../../../arm-none-eabi/lib/thumb/v7e-m/nofp/libc_nano.a(lib_a-mlock.o)
                0x000000002000b6cc                __malloc_unlock
 .text._realloc_r
                0x000000002000b6d8       0x5e /Applications/ARM/bin/../lib/gcc/arm-none-eabi/10.3.1/../../../../arm-none-eabi/lib/thumb/v7e-m/nofp/libc_nano.a(lib_a-nano-reallocr.o)
                0x000000002000b6d8                _realloc_r
 .text.__ssputs_r
                0x000000002000b736       0xb6 /Applications/ARM/bin/../lib/gcc/arm-none-eabi/10.3.1/../../../../arm-none-eabi/lib/thumb/v7e-m/nofp/libc_nano.a(lib_a-nano-svfprintf.o)
                0x000000002000b736                __ssputs_r
 .text._svfprintf_r
                0x000000002000b7ec      0x200 /Applications/ARM/bin/../lib/gcc/arm-none-eabi/10.3.1/../../../../arm-none-eabi/lib/thumb/v7e-m/nofp/libc_nano.a(lib_a-nano-svfprintf.o)
                0x000000002000b7ec                _svfprintf_r
                0x000000002000b7ec                _svfiprintf_r
 .text.__sfputc_r
                0x000000002000b9ec       0x2a /Applications/ARM/bin/../lib/gcc/arm-none-eabi/10.3.1/../../../../arm-none-eabi/lib/thumb/v7e-m/nofp/libc_nano.a(lib_a-nano-vfprintf.o)
 .text.__sfputs_r
                0x000000002000ba16       0x24 /Applications/ARM/bin/../lib/gcc/arm-none-eabi/10.3.1/../../../../arm-none-eabi/lib/thumb/v7e-m/nofp/libc_nano.a(lib_a-nano-vfprintf.o)
                0x000000002000ba16                __sfputs_r
 *fill*         0x000000002000ba3a        0x2 
 .text._vfprintf_r
                0x000000002000ba3c      0x260 /Applications/ARM/bin/../lib/gcc/arm-none-eabi/10.3.1/../../../../arm-none-eabi/lib/thumb/v7e-m/nofp/libc_nano.a(lib_a-nano-vfprintf.o)
                0x000000002000ba3c                _vfiprintf_r
                0x000000002000ba3c                _vfprintf_r
 .text._printf_common
                0x000000002000bc9c       0xda /Applications/ARM/bin/../lib/gcc/arm-none-eabi/10.3.1/../../../../arm-none-eabi/lib/thumb/v7e-m/nofp/libc_nano.a(lib_a-nano-vfprintf_i.o)
                0x000000002000bc9c                _printf_common
 *fill*         0x000000002000bd76        0x2 
 .text._printf_i
                0x000000002000bd78      0x24c /Applications/ARM/bin/../lib/gcc/arm-none-eabi/10.3.1/../../../../arm-none-eabi/lib/thumb/v7e-m/nofp/libc_nano.a(lib_a-nano-vfprintf_i.o)
                0x000000002000bd78                _printf_i
 .text.__swbuf_r
                0x000000002000bfc4       0xa4 /Applications/ARM/bin/../lib/gcc/arm-none-eabi/10.3.1/../../../../arm-none-eabi/lib/thumb/v7e-m/nofp/libc_nano.a(lib_a-wbuf.o)
                0x000000002000bfc4                __swbuf_r
 .text.__swsetup_r
                0x000000002000c068       0xdc /Applications/ARM/bin/../lib/gcc/arm-none-eabi/10.3.1/../../../../arm-none-eabi/lib/thumb/v7e-m/nofp/libc_nano.a(lib_a-wsetup.o)
                0x000000002000c068                __swsetup_r
 .text.abort    0x000000002000c144        0xe /Applications/ARM/bin/../lib/gcc/arm-none-eabi/10.3.1/../../../../arm-none-eabi/lib/thumb/v7e-m/nofp/libc_nano.a(lib_a-abort.o)
                0x000000002000c144                abort
 *fill*         0x000000002000c152        0x2 
 .text.__sflush_r
                0x000000002000c154      0x104 /Applications/ARM/bin/../lib/gcc/arm-none-eabi/10.3.1/../../../../arm-none-eabi/lib/thumb/v7e-m/nofp/libc_nano.a(lib_a-fflush.o)
                0x000000002000c154                __sflush_r
 .text._fflush_r
                0x000000002000c258       0x78 /Applications/ARM/bin/../lib/gcc/arm-none-eabi/10.3.1/../../../../arm-none-eabi/lib/thumb/v7e-m/nofp/libc_nano.a(lib_a-fflush.o)
                0x000000002000c258                _fflush_r
 .text.std      0x000000002000c2d0       0x48 /Applications/ARM/bin/../lib/gcc/arm-none-eabi/10.3.1/../../../../arm-none-eabi/lib/thumb/v7e-m/nofp/libc_nano.a(lib_a-findfp.o)
 .text._cleanup_r
                0x000000002000c318        0xc /Applications/ARM/bin/../lib/gcc/arm-none-eabi/10.3.1/../../../../arm-none-eabi/lib/thumb/v7e-m/nofp/libc_nano.a(lib_a-findfp.o)
                0x000000002000c318                _cleanup_r
 .text.__sfmoreglue
                0x000000002000c324       0x2c /Applications/ARM/bin/../lib/gcc/arm-none-eabi/10.3.1/../../../../arm-none-eabi/lib/thumb/v7e-m/nofp/libc_nano.a(lib_a-findfp.o)
                0x000000002000c324                __sfmoreglue
 .text.__sfp_lock_acquire
                0x000000002000c350        0xc /Applications/ARM/bin/../lib/gcc/arm-none-eabi/10.3.1/../../../../arm-none-eabi/lib/thumb/v7e-m/nofp/libc_nano.a(lib_a-findfp.o)
                0x000000002000c350                __sfp_lock_acquire
 .text.__sfp_lock_release
                0x000000002000c35c        0xc /Applications/ARM/bin/../lib/gcc/arm-none-eabi/10.3.1/../../../../arm-none-eabi/lib/thumb/v7e-m/nofp/libc_nano.a(lib_a-findfp.o)
                0x000000002000c35c                __sfp_lock_release
 .text.__sinit_lock_acquire
                0x000000002000c368        0xc /Applications/ARM/bin/../lib/gcc/arm-none-eabi/10.3.1/../../../../arm-none-eabi/lib/thumb/v7e-m/nofp/libc_nano.a(lib_a-findfp.o)
                0x000000002000c368                __sinit_lock_acquire
 .text.__sinit_lock_release
                0x000000002000c374        0xc /Applications/ARM/bin/../lib/gcc/arm-none-eabi/10.3.1/../../../../arm-none-eabi/lib/thumb/v7e-m/nofp/libc_nano.a(lib_a-findfp.o)
                0x000000002000c374                __sinit_lock_release
 .text.__sinit  0x000000002000c380       0x70 /Applications/ARM/bin/../lib/gcc/arm-none-eabi/10.3.1/../../../../arm-none-eabi/lib/thumb/v7e-m/nofp/libc_nano.a(lib_a-findfp.o)
                0x000000002000c380                __sinit
 .text.__sfp    0x000000002000c3f0       0x8c /Applications/ARM/bin/../lib/gcc/arm-none-eabi/10.3.1/../../../../arm-none-eabi/lib/thumb/v7e-m/nofp/libc_nano.a(lib_a-findfp.o)
                0x000000002000c3f0                __sfp
 .text._fwalk_reent
                0x000000002000c47c       0x3e /Applications/ARM/bin/../lib/gcc/arm-none-eabi/10.3.1/../../../../arm-none-eabi/lib/thumb/v7e-m/nofp/libc_nano.a(lib_a-fwalk.o)
                0x000000002000c47c                _fwalk_reent
 .text.__retarget_lock_init_recursive
                0x000000002000c4ba        0x2 /Applications/ARM/bin/../lib/gcc/arm-none-eabi/10.3.1/../../../../arm-none-eabi/lib/thumb/v7e-m/nofp/libc_nano.a(lib_a-lock.o)
                0x000000002000c4ba                __retarget_lock_init_recursive
 .text.__retarget_lock_acquire_recursive
                0x000000002000c4bc        0x2 /Applications/ARM/bin/../lib/gcc/arm-none-eabi/10.3.1/../../../../arm-none-eabi/lib/thumb/v7e-m/nofp/libc_nano.a(lib_a-lock.o)
                0x000000002000c4bc                __retarget_lock_acquire_recursive
 .text.__retarget_lock_release_recursive
                0x000000002000c4be        0x2 /Applications/ARM/bin/../lib/gcc/arm-none-eabi/10.3.1/../../../../arm-none-eabi/lib/thumb/v7e-m/nofp/libc_nano.a(lib_a-lock.o)
                0x000000002000c4be                __retarget_lock_release_recursive
 .text.__swhatbuf_r
                0x000000002000c4c0       0x4a /Applications/ARM/bin/../lib/gcc/arm-none-eabi/10.3.1/../../../../arm-none-eabi/lib/thumb/v7e-m/nofp/libc_nano.a(lib_a-makebuf.o)
                0x000000002000c4c0                __swhatbuf_r
 *fill*         0x000000002000c50a        0x2 
 .text.__smakebuf_r
                0x000000002000c50c       0x80 /Applications/ARM/bin/../lib/gcc/arm-none-eabi/10.3.1/../../../../arm-none-eabi/lib/thumb/v7e-m/nofp/libc_nano.a(lib_a-makebuf.o)
                0x000000002000c50c                __smakebuf_r
 *fill*         0x000000002000c58c        0x4 
 .text          0x000000002000c590       0xa0 /Applications/ARM/bin/../lib/gcc/arm-none-eabi/10.3.1/../../../../arm-none-eabi/lib/thumb/v7e-m/nofp/libc_nano.a(lib_a-memchr.o)
                0x000000002000c590                memchr
 .text._malloc_usable_size_r
                0x000000002000c630       0x10 /Applications/ARM/bin/../lib/gcc/arm-none-eabi/10.3.1/../../../../arm-none-eabi/lib/thumb/v7e-m/nofp/libc_nano.a(lib_a-nano-msizer.o)
                0x000000002000c630                _malloc_usable_size_r
 .text._raise_r
                0x000000002000c640       0x50 /Applications/ARM/bin/../lib/gcc/arm-none-eabi/10.3.1/../../../../arm-none-eabi/lib/thumb/v7e-m/nofp/libc_nano.a(lib_a-signal.o)
                0x000000002000c640                _raise_r
 .text.raise    0x000000002000c690       0x10 /Applications/ARM/bin/../lib/gcc/arm-none-eabi/10.3.1/../../../../arm-none-eabi/lib/thumb/v7e-m/nofp/libc_nano.a(lib_a-signal.o)
                0x000000002000c690                raise
 .text._kill_r  0x000000002000c6a0       0x24 /Applications/ARM/bin/../lib/gcc/arm-none-eabi/10.3.1/../../../../arm-none-eabi/lib/thumb/v7e-m/nofp/libc_nano.a(lib_a-signalr.o)
                0x000000002000c6a0                _kill_r
 .text._getpid_r
                0x000000002000c6c4        0x4 /Applications/ARM/bin/../lib/gcc/arm-none-eabi/10.3.1/../../../../arm-none-eabi/lib/thumb/v7e-m/nofp/libc_nano.a(lib_a-signalr.o)
                0x000000002000c6c4                _getpid_r
 .text.__sread  0x000000002000c6c8       0x22 /Applications/ARM/bin/../lib/gcc/arm-none-eabi/10.3.1/../../../../arm-none-eabi/lib/thumb/v7e-m/nofp/libc_nano.a(lib_a-stdio.o)
                0x000000002000c6c8                __sread
 .text.__swrite
                0x000000002000c6ea       0x38 /Applications/ARM/bin/../lib/gcc/arm-none-eabi/10.3.1/../../../../arm-none-eabi/lib/thumb/v7e-m/nofp/libc_nano.a(lib_a-stdio.o)
                0x000000002000c6ea                __swrite
 .text.__sseek  0x000000002000c722       0x24 /Applications/ARM/bin/../lib/gcc/arm-none-eabi/10.3.1/../../../../arm-none-eabi/lib/thumb/v7e-m/nofp/libc_nano.a(lib_a-stdio.o)
                0x000000002000c722                __sseek
 .text.__sclose
                0x000000002000c746        0x8 /Applications/ARM/bin/../lib/gcc/arm-none-eabi/10.3.1/../../../../arm-none-eabi/lib/thumb/v7e-m/nofp/libc_nano.a(lib_a-stdio.o)
                0x000000002000c746                __sclose
 *fill*         0x000000002000c74e        0x2 
 .text._write_r
                0x000000002000c750       0x24 /Applications/ARM/bin/../lib/gcc/arm-none-eabi/10.3.1/../../../../arm-none-eabi/lib/thumb/v7e-m/nofp/libc_nano.a(lib_a-writer.o)
                0x000000002000c750                _write_r
 .text._close_r
                0x000000002000c774       0x20 /Applications/ARM/bin/../lib/gcc/arm-none-eabi/10.3.1/../../../../arm-none-eabi/lib/thumb/v7e-m/nofp/libc_nano.a(lib_a-closer.o)
                0x000000002000c774                _close_r
 .text._fstat_r
                0x000000002000c794       0x24 /Applications/ARM/bin/../lib/gcc/arm-none-eabi/10.3.1/../../../../arm-none-eabi/lib/thumb/v7e-m/nofp/libc_nano.a(lib_a-fstatr.o)
                0x000000002000c794                _fstat_r
 .text._isatty_r
                0x000000002000c7b8       0x20 /Applications/ARM/bin/../lib/gcc/arm-none-eabi/10.3.1/../../../../arm-none-eabi/lib/thumb/v7e-m/nofp/libc_nano.a(lib_a-isattyr.o)
                0x000000002000c7b8                _isatty_r
 .text._lseek_r
                0x000000002000c7d8       0x24 /Applications/ARM/bin/../lib/gcc/arm-none-eabi/10.3.1/../../../../arm-none-eabi/lib/thumb/v7e-m/nofp/libc_nano.a(lib_a-lseekr.o)
                0x000000002000c7d8                _lseek_r
 .text._read_r  0x000000002000c7fc       0x24 /Applications/ARM/bin/../lib/gcc/arm-none-eabi/10.3.1/../../../../arm-none-eabi/lib/thumb/v7e-m/nofp/libc_nano.a(lib_a-readr.o)
                0x000000002000c7fc                _read_r
 .text._close   0x000000002000c820       0x10 /Applications/ARM/bin/../lib/gcc/arm-none-eabi/10.3.1/../../../../arm-none-eabi/lib/thumb/v7e-m/nofp/libnosys.a(close.o)
                0x000000002000c820                _close
 .text._fstat   0x000000002000c830       0x10 /Applications/ARM/bin/../lib/gcc/arm-none-eabi/10.3.1/../../../../arm-none-eabi/lib/thumb/v7e-m/nofp/libnosys.a(fstat.o)
                0x000000002000c830                _fstat
 .text._getpid  0x000000002000c840       0x10 /Applications/ARM/bin/../lib/gcc/arm-none-eabi/10.3.1/../../../../arm-none-eabi/lib/thumb/v7e-m/nofp/libnosys.a(getpid.o)
                0x000000002000c840                _getpid
 .text._isatty  0x000000002000c850       0x10 /Applications/ARM/bin/../lib/gcc/arm-none-eabi/10.3.1/../../../../arm-none-eabi/lib/thumb/v7e-m/nofp/libnosys.a(isatty.o)
                0x000000002000c850                _isatty
 .text._kill    0x000000002000c860       0x10 /Applications/ARM/bin/../lib/gcc/arm-none-eabi/10.3.1/../../../../arm-none-eabi/lib/thumb/v7e-m/nofp/libnosys.a(kill.o)
                0x000000002000c860                _kill
 .text._lseek   0x000000002000c870       0x10 /Applications/ARM/bin/../lib/gcc/arm-none-eabi/10.3.1/../../../../arm-none-eabi/lib/thumb/v7e-m/nofp/libnosys.a(lseek.o)
                0x000000002000c870                _lseek
 .text._read    0x000000002000c880       0x10 /Applications/ARM/bin/../lib/gcc/arm-none-eabi/10.3.1/../../../../arm-none-eabi/lib/thumb/v7e-m/nofp/libnosys.a(read.o)
                0x000000002000c880                _read
 .text._write   0x000000002000c890       0x10 /Applications/ARM/bin/../lib/gcc/arm-none-eabi/10.3.1/../../../../arm-none-eabi/lib/thumb/v7e-m/nofp/libnosys.a(write.o)
                0x000000002000c890                _write
 .text._exit    0x000000002000c8a0        0x4 /Applications/ARM/bin/../lib/gcc/arm-none-eabi/10.3.1/../../../../arm-none-eabi/lib/thumb/v7e-m/nofp/libnosys.a(_exit.o)
                0x000000002000c8a0                _exit
 *(.rodata*)
 .rodata.main.str1.1
                0x000000002000c8a4       0xa8 obj//Release/main.o
 .rodata.__FUNCTION__.0
                0x000000002000c94c        0x5 obj//Release/main.o
 .rodata.ParseWlanConnectString.str1.1
                0x000000002000c951       0xa8 obj//Release/serial_wifi.o
                                         0x30 (size before relaxing)
 .rodata.ParsePingString.str1.1
                0x000000002000c951       0x24 obj//Release/serial_wifi.o
 .rodata.ParseRecvString.str1.1
                0x000000002000c975       0x2e obj//Release/serial_wifi.o
 .rodata.ParseSendString.str1.1
                0x000000002000c9a3        0xf obj//Release/serial_wifi.o
 .rodata.ParseConnectString.str1.1
                0x000000002000c9b2       0x4c obj//Release/serial_wifi.o
 .rodata.ExecuteCommand.str1.1
                0x000000002000c9fe      0x133 obj//Release/serial_wifi.o
 .rodata.StartTcpServer.str1.1
                0x000000002000cb31       0x1e obj//Release/serial_wifi.o
 .rodata.StartInterpreterMode.str1.1
                0x000000002000cb4f       0x19 obj//Release/serial_wifi.o
 .rodata.InitialiseCmdMenu.str1.1
                0x000000002000cb68       0x42 obj//Release/serial_wifi.o
                                         0x4f (size before relaxing)
 .rodata.InitialConfiguration.str1.1
                0x000000002000cbaa       0x44 obj//Release/serial_wifi.o
 .rodata.Interpreter_Task.str1.1
                0x000000002000cbee      0x304 obj//Release/serial_wifi.o
 .rodata        0x000000002000cef2        0x8 obj//Release/serial_wifi.o
 .rodata.__FUNCTION__.0
                0x000000002000cefa       0x15 obj//Release/serial_wifi.o
 .rodata.__FUNCTION__.1
                0x000000002000cf0f        0xf obj//Release/serial_wifi.o
 .rodata.__FUNCTION__.10
                0x000000002000cf1e        0x9 obj//Release/serial_wifi.o
 .rodata.__FUNCTION__.11
                0x000000002000cf27        0xb obj//Release/serial_wifi.o
 .rodata.__FUNCTION__.12
                0x000000002000cf32       0x21 obj//Release/serial_wifi.o
 .rodata.__FUNCTION__.2
                0x000000002000cf53        0xf obj//Release/serial_wifi.o
 .rodata.__FUNCTION__.3
                0x000000002000cf62       0x13 obj//Release/serial_wifi.o
 .rodata.__FUNCTION__.4
                0x000000002000cf75       0x10 obj//Release/serial_wifi.o
 .rodata.__FUNCTION__.5
                0x000000002000cf85       0x10 obj//Release/serial_wifi.o
 .rodata.__FUNCTION__.6
                0x000000002000cf95       0x10 obj//Release/serial_wifi.o
 .rodata.__FUNCTION__.7
                0x000000002000cfa5       0x10 obj//Release/serial_wifi.o
 .rodata.__FUNCTION__.8
                0x000000002000cfb5       0x17 obj//Release/serial_wifi.o
 .rodata.__FUNCTION__.9
                0x000000002000cfcc       0x15 obj//Release/serial_wifi.o
 .rodata.PrintCommandMenu.str1.1
                0x000000002000cfe1      0xc25 obj//Release/uart_config.o
 .rodata.SimpleLinkWlanEventHandler.str1.1
                0x000000002000dc06      0x12d obj//Release/network_if.o
 .rodata.SimpleLinkNetAppEventHandler.str1.1
                0x000000002000dd33       0xa0 obj//Release/network_if.o
 .rodata.SimpleLinkGeneralEventHandler.str1.1
                0x000000002000ddd3       0x28 obj//Release/network_if.o
 .rodata.SimpleLinkSockEventHandler.str1.1
                0x000000002000ddfb      0x1ea obj//Release/network_if.o
 .rodata.ClearTerm.str1.1
                0x000000002000dfe5        0x6 obj//Release/uart_if.o
 .rodata.Report.str1.1
                0x000000002000dfeb       0x1e obj//Release/uart_if.o
 .rodata.StartResponseLUT
                0x000000002000e009        0x8 ../../../simplelink/gcc/lib/os/Release/libsimplelink.a(device.o)
 *fill*         0x000000002000e011        0x1 
 .rodata._SlDeviceGetCmdCtrl
                0x000000002000e012        0x4 ../../../simplelink/gcc/lib/os/Release/libsimplelink.a(device.o)
 .rodata._SlDeviceSetCmdCtrl
                0x000000002000e016        0x4 ../../../simplelink/gcc/lib/os/Release/libsimplelink.a(device.o)
 .rodata._SlStopCmdCtrl
                0x000000002000e01a        0x4 ../../../simplelink/gcc/lib/os/Release/libsimplelink.a(device.o)
 .rodata.OpcodeTranslateTable
                0x000000002000e01e       0x3c ../../../simplelink/gcc/lib/os/Release/libsimplelink.a(driver.o)
                0x000000002000e01e                OpcodeTranslateTable
 *fill*         0x000000002000e05a        0x2 
 .rodata.RxMsgClassLUT
                0x000000002000e05c       0x20 ../../../simplelink/gcc/lib/os/Release/libsimplelink.a(driver.o)
 .rodata._SlActionLookupTable
                0x000000002000e07c       0x38 ../../../simplelink/gcc/lib/os/Release/libsimplelink.a(driver.o)
                0x000000002000e07c                _SlActionLookupTable
 .rodata.g_H2NCnysPattern
                0x000000002000e0b4        0x8 ../../../simplelink/gcc/lib/os/Release/libsimplelink.a(driver.o)
 .rodata.g_H2NSyncPattern
                0x000000002000e0bc        0x8 ../../../simplelink/gcc/lib/os/Release/libsimplelink.a(driver.o)
 .rodata        0x000000002000e0c4        0x4 ../../../simplelink/gcc/lib/os/Release/libsimplelink.a(netapp.o)
 .rodata._SlGetHostByServiceCtrl
                0x000000002000e0c8        0x4 ../../../simplelink/gcc/lib/os/Release/libsimplelink.a(netapp.o)
 .rodata._SlNetAppSendTokenValueCmdCtrl
                0x000000002000e0cc        0x4 ../../../simplelink/gcc/lib/os/Release/libsimplelink.a(netapp.o)
                0x000000002000e0cc                _SlNetAppSendTokenValueCmdCtrl
 .rodata._SlRegisterServiceCtrl
                0x000000002000e0d0        0x4 ../../../simplelink/gcc/lib/os/Release/libsimplelink.a(netapp.o)
 .rodata._SlNetCfgSetCmdCtrl
                0x000000002000e0d4        0x4 ../../../simplelink/gcc/lib/os/Release/libsimplelink.a(netcfg.o)
 .rodata        0x000000002000e0d8       0x14 ../../../simplelink/gcc/lib/os/Release/libsimplelink.a(fs.o)
 .rodata._SlFsCloseCmdCtrl
                0x000000002000e0ec        0x4 ../../../simplelink/gcc/lib/os/Release/libsimplelink.a(fs.o)
 .rodata._SlFsOpenCmdCtrl
                0x000000002000e0f0        0x4 ../../../simplelink/gcc/lib/os/Release/libsimplelink.a(fs.o)
 .rodata._SlFsReadCmdCtrl
                0x000000002000e0f4        0x4 ../../../simplelink/gcc/lib/os/Release/libsimplelink.a(fs.o)
 .rodata._SlFsWriteCmdCtrl
                0x000000002000e0f8        0x4 ../../../simplelink/gcc/lib/os/Release/libsimplelink.a(fs.o)
 .rodata._SlAcceptCmdCtrl
                0x000000002000e0fc        0x4 ../../../simplelink/gcc/lib/os/Release/libsimplelink.a(socket.o)
 .rodata._SlGetSockOptCmdCtrl
                0x000000002000e100        0x4 ../../../simplelink/gcc/lib/os/Release/libsimplelink.a(socket.o)
 .rodata._SlListenCmdCtrl
                0x000000002000e104        0x4 ../../../simplelink/gcc/lib/os/Release/libsimplelink.a(socket.o)
 .rodata._SlPayloadByProtocolLUT
                0x000000002000e108       0x10 ../../../simplelink/gcc/lib/os/Release/libsimplelink.a(socket.o)
 .rodata._SlRecvCmdCtrl
                0x000000002000e118        0x4 ../../../simplelink/gcc/lib/os/Release/libsimplelink.a(socket.o)
 .rodata._SlRecvfomCmdCtrl
                0x000000002000e11c        0x4 ../../../simplelink/gcc/lib/os/Release/libsimplelink.a(socket.o)
 .rodata._SlSelectCmdCtrl
                0x000000002000e120        0x4 ../../../simplelink/gcc/lib/os/Release/libsimplelink.a(socket.o)
 .rodata._SlSendCmdCtrl
                0x000000002000e124        0x4 ../../../simplelink/gcc/lib/os/Release/libsimplelink.a(socket.o)
 .rodata._SlSetSockOptCmdCtrl
                0x000000002000e128        0x4 ../../../simplelink/gcc/lib/os/Release/libsimplelink.a(socket.o)
 .rodata._SlSockCloseCmdCtrl
                0x000000002000e12c        0x4 ../../../simplelink/gcc/lib/os/Release/libsimplelink.a(socket.o)
 .rodata._SlSockSocketCmdCtrl
                0x000000002000e130        0x4 ../../../simplelink/gcc/lib/os/Release/libsimplelink.a(socket.o)
 .rodata._SlPolicySetCmdCtrl
                0x000000002000e134        0x4 ../../../simplelink/gcc/lib/os/Release/libsimplelink.a(wlan.o)
 .rodata._SlWlanCfgSetCmdCtrl
                0x000000002000e138        0x4 ../../../simplelink/gcc/lib/os/Release/libsimplelink.a(wlan.o)
 .rodata._SlWlanSetModeCmdCtrl
                0x000000002000e13c        0x4 ../../../simplelink/gcc/lib/os/Release/libsimplelink.a(wlan.o)
 .rodata.spi_Open.str1.1
                0x000000002000e140        0x9 ../../../simplelink/gcc/lib/os/Release/libsimplelink.a(cc_pal.o)
 .rodata.VStartSimpleLinkSpawnTask.str1.1
                0x000000002000e149        0x8 ../../../oslib/gcc/free_rtos/Release/free_rtos.a(osi_freertos.o)
 .rodata.vTaskStartScheduler.str1.1
                0x000000002000e151        0x5 ../../../oslib/gcc/free_rtos/Release/free_rtos.a(tasks.o)
 *fill*         0x000000002000e156        0x2 
 .rodata.g_pulDisRegs
                0x000000002000e158       0x18 ../../../driverlib/gcc/lib/Release/libdriver.a(interrupt.o)
 .rodata.g_pulEnRegs
                0x000000002000e170       0x18 ../../../driverlib/gcc/lib/Release/libdriver.a(interrupt.o)
 .rodata.PRCM_PeriphRegsList
                0x000000002000e188       0xa8 ../../../driverlib/gcc/lib/Release/libdriver.a(prcm.o)
 .rodata.strtok.str1.1
                0x000000002000e230       0x73 /Applications/ARM/bin/../lib/gcc/arm-none-eabi/10.3.1/../../../../arm-none-eabi/lib/thumb/v7e-m/nofp/libc_nano.a(lib_a-strtok.o)
 .rodata.__assert_func.str1.1
                0x000000002000e2a3       0x3c /Applications/ARM/bin/../lib/gcc/arm-none-eabi/10.3.1/../../../../arm-none-eabi/lib/thumb/v7e-m/nofp/libc_nano.a(lib_a-assert.o)
                                         0x3d (size before relaxing)
 .rodata._ctype_
                0x000000002000e2df      0x101 /Applications/ARM/bin/../lib/gcc/arm-none-eabi/10.3.1/../../../../arm-none-eabi/lib/thumb/v7e-m/nofp/libc_nano.a(lib_a-ctype_.o)
                0x000000002000e2df                _ctype_
 .rodata._global_impure_ptr
                0x000000002000e3e0        0x4 /Applications/ARM/bin/../lib/gcc/arm-none-eabi/10.3.1/../../../../arm-none-eabi/lib/thumb/v7e-m/nofp/libc_nano.a(lib_a-impure.o)
                0x000000002000e3e0                _global_impure_ptr
 .rodata._svfprintf_r.str1.1
                0x000000002000e3e4       0x11 /Applications/ARM/bin/../lib/gcc/arm-none-eabi/10.3.1/../../../../arm-none-eabi/lib/thumb/v7e-m/nofp/libc_nano.a(lib_a-nano-svfprintf.o)
 .rodata._vfprintf_r.str1.1
                0x000000002000e3f5       0x11 /Applications/ARM/bin/../lib/gcc/arm-none-eabi/10.3.1/../../../../arm-none-eabi/lib/thumb/v7e-m/nofp/libc_nano.a(lib_a-nano-vfprintf.o)
 .rodata._printf_i.str1.1
                0x000000002000e3f5       0x22 /Applications/ARM/bin/../lib/gcc/arm-none-eabi/10.3.1/../../../../arm-none-eabi/lib/thumb/v7e-m/nofp/libc_nano.a(lib_a-nano-vfprintf_i.o)
 *fill*         0x000000002000e417        0x1 
 .rodata.__sf_fake_stderr
                0x000000002000e418       0x20 /Applications/ARM/bin/../lib/gcc/arm-none-eabi/10.3.1/../../../../arm-none-eabi/lib/thumb/v7e-m/nofp/libc_nano.a(lib_a-findfp.o)
                0x000000002000e418                __sf_fake_stderr
 .rodata.__sf_fake_stdin
                0x000000002000e438       0x20 /Applications/ARM/bin/../lib/gcc/arm-none-eabi/10.3.1/../../../../arm-none-eabi/lib/thumb/v7e-m/nofp/libc_nano.a(lib_a-findfp.o)
                0x000000002000e438                __sf_fake_stdin
 .rodata.__sf_fake_stdout
                0x000000002000e458       0x20 /Applications/ARM/bin/../lib/gcc/arm-none-eabi/10.3.1/../../../../arm-none-eabi/lib/thumb/v7e-m/nofp/libc_nano.a(lib_a-findfp.o)
                0x000000002000e458                __sf_fake_stdout
 *(.ARM.extab* .gnu.linkonce.armextab.*)
                0x000000002000e478                . = ALIGN (0x8)
                0x000000002000e478                _etext = .

.glue_7         0x000000002000e478        0x0
 .glue_7        0x000000002000e478        0x0 linker stubs

.glue_7t        0x000000002000e478        0x0
 .glue_7t       0x000000002000e478        0x0 linker stubs

.vfp11_veneer   0x000000002000e478        0x0
 .vfp11_veneer  0x000000002000e478        0x0 linker stubs

.v4_bx          0x000000002000e478        0x0
 .v4_bx         0x000000002000e478        0x0 linker stubs

.iplt           0x000000002000e478        0x0
 .iplt          0x000000002000e478        0x0 obj//Release/main.o

.rel.dyn        0x000000002000e478        0x0
 .rel.iplt      0x000000002000e478        0x0 obj//Release/main.o

.ARM            0x000000002000e478        0x0
                0x000000002000e478                __exidx_start = .
 *(.ARM.exidx*)
                0x000000002000e478                __exidx_end = .
                0x000000002000e478                __init_data = .

.data           0x000000002000e478       0x80
                0x000000002000e478                _data = .
 *(.data*)
 .data.g_UartCmdSent
                0x000000002000e478        0x4 obj//Release/serial_wifi.o
                0x000000002000e478                g_UartCmdSent
 .data.g_WrapMode
                0x000000002000e47c        0x1 obj//Release/serial_wifi.o
                0x000000002000e47c                g_WrapMode
 *fill*         0x000000002000e47d        0x3 
 .data.g_imDNSMode
                0x000000002000e480        0x4 obj//Release/serial_wifi.o
                0x000000002000e480                g_imDNSMode
 .data.g_mDNSStatus
                0x000000002000e484        0x4 obj//Release/serial_wifi.o
                0x000000002000e484                g_mDNSStatus
 .data.g_uiCipher
                0x000000002000e488        0x4 obj//Release/serial_wifi.o
                0x000000002000e488                g_uiCipher
 .data.ilength  0x000000002000e48c        0x4 obj//Release/serial_wifi.o
                0x000000002000e48c                ilength
 .data.uxCriticalNesting
                0x000000002000e490        0x4 ../../../oslib/gcc/free_rtos/Release/free_rtos.a(port.o)
 .data._impure_ptr
                0x000000002000e494        0x4 /Applications/ARM/bin/../lib/gcc/arm-none-eabi/10.3.1/../../../../arm-none-eabi/lib/thumb/v7e-m/nofp/libc_nano.a(lib_a-impure.o)
                0x000000002000e494                _impure_ptr
 .data.impure_data
                0x000000002000e498       0x60 /Applications/ARM/bin/../lib/gcc/arm-none-eabi/10.3.1/../../../../arm-none-eabi/lib/thumb/v7e-m/nofp/libc_nano.a(lib_a-impure.o)
                0x000000002000e4f8                . = ALIGN (0x8)
                0x000000002000e4f8                _edata = .

.igot.plt       0x000000002000e4f8        0x0
 .igot.plt      0x000000002000e4f8        0x0 obj//Release/main.o

.bss            0x000000002000e4f8     0x16fb
                0x000000002000e4f8                _bss = .
 *(.bss*)
 .bss.eapParams
                0x000000002000e4f8       0x14 obj//Release/serial_wifi.o
                0x000000002000e4f8                eapParams
 .bss.g_ActiveReadFds
                0x000000002000e50c        0x4 obj//Release/serial_wifi.o
                0x000000002000e50c                g_ActiveReadFds
 .bss.g_AddrLen
                0x000000002000e510        0x2 obj//Release/serial_wifi.o
                0x000000002000e510                g_AddrLen
 *fill*         0x000000002000e512        0x2 
 .bss.g_BytesRx
                0x000000002000e514        0x4 obj//Release/serial_wifi.o
                0x000000002000e514                g_BytesRx
 .bss.g_BytesTx
                0x000000002000e518        0x4 obj//Release/serial_wifi.o
                0x000000002000e518                g_BytesTx
 .bss.g_ConfigurationDone
                0x000000002000e51c        0x4 obj//Release/serial_wifi.o
                0x000000002000e51c                g_ConfigurationDone
 .bss.g_InterpreterMode
                0x000000002000e520        0x1 obj//Release/serial_wifi.o
                0x000000002000e520                g_InterpreterMode
 *fill*         0x000000002000e521        0x1 
 .bss.g_LocalAddr
                0x000000002000e522       0x10 obj//Release/serial_wifi.o
                0x000000002000e522                g_LocalAddr
 *fill*         0x000000002000e532        0x2 
 .bss.g_MulticastIp
                0x000000002000e534        0x8 obj//Release/serial_wifi.o
                0x000000002000e534                g_MulticastIp
 .bss.g_NonBlocking
                0x000000002000e53c        0x4 obj//Release/serial_wifi.o
                0x000000002000e53c                g_NonBlocking
 .bss.g_Protocol
                0x000000002000e540        0x4 obj//Release/serial_wifi.o
                0x000000002000e540                g_Protocol
 .bss.g_ReadFds
                0x000000002000e544        0x4 obj//Release/serial_wifi.o
                0x000000002000e544                g_ReadFds
 .bss.g_RemoteAddr
                0x000000002000e548       0x10 obj//Release/serial_wifi.o
                0x000000002000e548                g_RemoteAddr
 .bss.g_RetVal  0x000000002000e558        0x4 obj//Release/serial_wifi.o
                0x000000002000e558                g_RetVal
 .bss.g_SecParams
                0x000000002000e55c        0xc obj//Release/serial_wifi.o
                0x000000002000e55c                g_SecParams
 .bss.g_Socket  0x000000002000e568        0x4 obj//Release/serial_wifi.o
                0x000000002000e568                g_Socket
 .bss.g_SocketChild
                0x000000002000e56c        0x4 obj//Release/serial_wifi.o
                0x000000002000e56c                g_SocketChild
 .bss.g_SocketTcpServer
                0x000000002000e570        0x4 obj//Release/serial_wifi.o
                0x000000002000e570                g_SocketTcpServer
 .bss.g_SocketUdpServer
                0x000000002000e574        0x4 obj//Release/serial_wifi.o
                0x000000002000e574                g_SocketUdpServer
 .bss.g_Status  0x000000002000e578        0x4 obj//Release/serial_wifi.o
                0x000000002000e578                g_Status
 .bss.g_TcpConnected
                0x000000002000e57c        0x4 obj//Release/serial_wifi.o
                0x000000002000e57c                g_TcpConnected
 .bss.g_Type    0x000000002000e580        0x4 obj//Release/serial_wifi.o
                0x000000002000e580                g_Type
 .bss.g_UartHaveCmd
                0x000000002000e584        0x4 obj//Release/serial_wifi.o
                0x000000002000e584                g_UartHaveCmd
 .bss.g_UartMode
                0x000000002000e588        0x1 obj//Release/serial_wifi.o
                0x000000002000e588                g_UartMode
 .bss.g_WlanRxMode
                0x000000002000e589        0x1 obj//Release/serial_wifi.o
                0x000000002000e589                g_WlanRxMode
 .bss.g_cmd_help
                0x000000002000e58a       0xf0 obj//Release/serial_wifi.o
                0x000000002000e58a                g_cmd_help
 *fill*         0x000000002000e67a        0x2 
 .bss.g_isFileHandle
                0x000000002000e67c        0x4 obj//Release/serial_wifi.o
                0x000000002000e67c                g_isFileHandle
 .bss.g_mDNSMode
                0x000000002000e680        0x4 obj//Release/serial_wifi.o
                0x000000002000e680                g_mDNSMode
 .bss.g_pcData  0x000000002000e684        0x4 obj//Release/serial_wifi.o
                0x000000002000e684                g_pcData
 .bss.g_pcIp    0x000000002000e688        0x4 obj//Release/serial_wifi.o
                0x000000002000e688                g_pcIp
 .bss.g_pcLength
                0x000000002000e68c        0x4 obj//Release/serial_wifi.o
                0x000000002000e68c                g_pcLength
 .bss.g_pcPingAttempts
                0x000000002000e690        0x4 obj//Release/serial_wifi.o
                0x000000002000e690                g_pcPingAttempts
 .bss.g_pcPort  0x000000002000e694        0x4 obj//Release/serial_wifi.o
                0x000000002000e694                g_pcPort
 .bss.g_pcProtocol
                0x000000002000e698        0x4 obj//Release/serial_wifi.o
                0x000000002000e698                g_pcProtocol
 .bss.g_pcSsid  0x000000002000e69c        0x4 obj//Release/serial_wifi.o
                0x000000002000e69c                g_pcSsid
 .bss.g_pcTimeout
                0x000000002000e6a0        0x4 obj//Release/serial_wifi.o
                0x000000002000e6a0                g_pcTimeout
 .bss.g_time    0x000000002000e6a4       0x2c obj//Release/serial_wifi.o
                0x000000002000e6a4                g_time
 .bss.g_timeout
                0x000000002000e6d0        0x8 obj//Release/serial_wifi.o
                0x000000002000e6d0                g_timeout
 .bss.g_ucMethod
                0x000000002000e6d8        0x1 obj//Release/serial_wifi.o
                0x000000002000e6d8                g_ucMethod
 .bss.g_ucUARTBuffer
                0x000000002000e6d9       0x50 obj//Release/serial_wifi.o
                0x000000002000e6d9                g_ucUARTBuffer
 .bss.g_ucUARTRecvBuffer
                0x000000002000e729       0x50 obj//Release/serial_wifi.o
                0x000000002000e729                g_ucUARTRecvBuffer
 *fill*         0x000000002000e779        0x3 
 .bss.g_ulIp    0x000000002000e77c        0x4 obj//Release/serial_wifi.o
                0x000000002000e77c                g_ulIp
 .bss.g_ulLength
                0x000000002000e780        0x4 obj//Release/serial_wifi.o
                0x000000002000e780                g_ulLength
 .bss.g_ulPingAttempts
                0x000000002000e784        0x4 obj//Release/serial_wifi.o
                0x000000002000e784                g_ulPingAttempts
 .bss.g_ulPingIp
                0x000000002000e788        0x4 obj//Release/serial_wifi.o
                0x000000002000e788                g_ulPingIp
 .bss.g_ulPort  0x000000002000e78c        0x4 obj//Release/serial_wifi.o
                0x000000002000e78c                g_ulPort
 .bss.g_ulSsidLen
                0x000000002000e790        0x4 obj//Release/serial_wifi.o
                0x000000002000e790                g_ulSsidLen
 .bss.uBufRx    0x000000002000e794       0x64 obj//Release/serial_wifi.o
                0x000000002000e794                uBufRx
 .bss.uiUartline
                0x000000002000e7f8        0x4 obj//Release/serial_wifi.o
                0x000000002000e7f8                uiUartline
 .bss.g_ucConnectionBSSID
                0x000000002000e7fc        0x6 obj//Release/network_if.o
                0x000000002000e7fc                g_ucConnectionBSSID
 .bss.g_ucConnectionSSID
                0x000000002000e802       0x21 obj//Release/network_if.o
                0x000000002000e802                g_ucConnectionSSID
 *fill*         0x000000002000e823        0x1 
 .bss.g_ulGatewayIP
                0x000000002000e824        0x4 obj//Release/network_if.o
                0x000000002000e824                g_ulGatewayIP
 .bss.g_ulStaIp
                0x000000002000e828        0x4 obj//Release/network_if.o
                0x000000002000e828                g_ulStaIp
 .bss.g_ulStatus
                0x000000002000e82c        0x4 obj//Release/network_if.o
                0x000000002000e82c                g_ulStatus
 .bss.__Errorlog
                0x000000002000e830        0x4 obj//Release/uart_if.o
 .bss.heap_end  0x000000002000e834        0x4 obj//Release/startup_gcc.o
 .bss.pui32Stack
                0x000000002000e838     0x1000 obj//Release/startup_gcc.o
 .bss.RxIrqCnt  0x000000002000f838        0x1 ../../../simplelink/gcc/lib/os/Release/libsimplelink.a(driver.o)
                0x000000002000f838                RxIrqCnt
 .bss.gFirstCmdMode
                0x000000002000f839        0x1 ../../../simplelink/gcc/lib/os/Release/libsimplelink.a(driver.o)
 .bss.g_SlDeviceStatus
                0x000000002000f83a        0x2 ../../../simplelink/gcc/lib/os/Release/libsimplelink.a(driver.o)
                0x000000002000f83a                g_SlDeviceStatus
 .bss.g_StatMem
                0x000000002000f83c      0x178 ../../../simplelink/gcc/lib/os/Release/libsimplelink.a(driver.o)
 .bss.g_bDeviceRestartIsRequired
                0x000000002000f9b4        0x1 ../../../simplelink/gcc/lib/os/Release/libsimplelink.a(driver.o)
                0x000000002000f9b4                g_bDeviceRestartIsRequired
 *fill*         0x000000002000f9b5        0x3 
 .bss.g_pCB     0x000000002000f9b8        0x4 ../../../simplelink/gcc/lib/os/Release/libsimplelink.a(driver.o)
                0x000000002000f9b8                g_pCB
 .bss.pPingCallBackFunc
                0x000000002000f9bc        0x4 ../../../simplelink/gcc/lib/os/Release/libsimplelink.a(driver.o)
                0x000000002000f9bc                pPingCallBackFunc
 .bss.DMAMsgQ   0x000000002000f9c0        0x4 ../../../simplelink/gcc/lib/os/Release/libsimplelink.a(cc_pal.o)
                0x000000002000f9c0                DMAMsgQ
 .bss.g_SpiFd   0x000000002000f9c4        0x4 ../../../simplelink/gcc/lib/os/Release/libsimplelink.a(cc_pal.o)
                0x000000002000f9c4                g_SpiFd
 .bss.g_cDummy  0x000000002000f9c8        0x4 ../../../simplelink/gcc/lib/os/Release/libsimplelink.a(cc_pal.o)
                0x000000002000f9c8                g_cDummy
 .bss.g_ucDMAEnabled
                0x000000002000f9cc        0x1 ../../../simplelink/gcc/lib/os/Release/libsimplelink.a(cc_pal.o)
                0x000000002000f9cc                g_ucDMAEnabled
 *fill*         0x000000002000f9cd        0x3 
 .bss.g_ucDinDout
                0x000000002000f9d0       0x50 ../../../simplelink/gcc/lib/os/Release/libsimplelink.a(cc_pal.o)
                0x000000002000f9d0                g_ucDinDout
 .bss.xHigherPriorityTaskWoken
                0x000000002000fa20        0x4 ../../../oslib/gcc/free_rtos/Release/free_rtos.a(osi_freertos.o)
                0x000000002000fa20                xHigherPriorityTaskWoken
 .bss.xSimpleLinkSpawnQueue
                0x000000002000fa24        0x4 ../../../oslib/gcc/free_rtos/Release/free_rtos.a(osi_freertos.o)
                0x000000002000fa24                xSimpleLinkSpawnQueue
 .bss.xSimpleLinkSpawnTaskHndl
                0x000000002000fa28        0x4 ../../../oslib/gcc/free_rtos/Release/free_rtos.a(osi_freertos.o)
                0x000000002000fa28                xSimpleLinkSpawnTaskHndl
 .bss.xQueueRegistry
                0x000000002000fa2c       0x50 ../../../oslib/gcc/free_rtos/Release/free_rtos.a(queue.o)
                0x000000002000fa2c                xQueueRegistry
 .bss.pxCurrentTCB
                0x000000002000fa7c        0x4 ../../../oslib/gcc/free_rtos/Release/free_rtos.a(tasks.o)
                0x000000002000fa7c                pxCurrentTCB
 .bss.pxDelayedTaskList
                0x000000002000fa80        0x4 ../../../oslib/gcc/free_rtos/Release/free_rtos.a(tasks.o)
 .bss.pxOverflowDelayedTaskList
                0x000000002000fa84        0x4 ../../../oslib/gcc/free_rtos/Release/free_rtos.a(tasks.o)
 .bss.pxReadyTasksLists
                0x000000002000fa88       0xc8 ../../../oslib/gcc/free_rtos/Release/free_rtos.a(tasks.o)
 .bss.uxCurrentNumberOfTasks
                0x000000002000fb50        0x4 ../../../oslib/gcc/free_rtos/Release/free_rtos.a(tasks.o)
 .bss.uxDeletedTasksWaitingCleanUp
                0x000000002000fb54        0x4 ../../../oslib/gcc/free_rtos/Release/free_rtos.a(tasks.o)
 .bss.uxPendedTicks
                0x000000002000fb58        0x4 ../../../oslib/gcc/free_rtos/Release/free_rtos.a(tasks.o)
 .bss.uxSchedulerSuspended
                0x000000002000fb5c        0x4 ../../../oslib/gcc/free_rtos/Release/free_rtos.a(tasks.o)
 .bss.uxTaskNumber
                0x000000002000fb60        0x4 ../../../oslib/gcc/free_rtos/Release/free_rtos.a(tasks.o)
 .bss.uxTopReadyPriority
                0x000000002000fb64        0x4 ../../../oslib/gcc/free_rtos/Release/free_rtos.a(tasks.o)
 .bss.xDelayedTaskList1
                0x000000002000fb68       0x14 ../../../oslib/gcc/free_rtos/Release/free_rtos.a(tasks.o)
 .bss.xDelayedTaskList2
                0x000000002000fb7c       0x14 ../../../oslib/gcc/free_rtos/Release/free_rtos.a(tasks.o)
 .bss.xIdleTaskHandle
                0x000000002000fb90        0x4 ../../../oslib/gcc/free_rtos/Release/free_rtos.a(tasks.o)
 .bss.xNextTaskUnblockTime
                0x000000002000fb94        0x4 ../../../oslib/gcc/free_rtos/Release/free_rtos.a(tasks.o)
 .bss.xNumOfOverflows
                0x000000002000fb98        0x4 ../../../oslib/gcc/free_rtos/Release/free_rtos.a(tasks.o)
 .bss.xPendingReadyList
                0x000000002000fb9c       0x14 ../../../oslib/gcc/free_rtos/Release/free_rtos.a(tasks.o)
 .bss.xSchedulerRunning
                0x000000002000fbb0        0x4 ../../../oslib/gcc/free_rtos/Release/free_rtos.a(tasks.o)
 .bss.xSuspendedTaskList
                0x000000002000fbb4       0x14 ../../../oslib/gcc/free_rtos/Release/free_rtos.a(tasks.o)
 .bss.xTasksWaitingTermination
                0x000000002000fbc8       0x14 ../../../oslib/gcc/free_rtos/Release/free_rtos.a(tasks.o)
 .bss.xTickCount
                0x000000002000fbdc        0x4 ../../../oslib/gcc/free_rtos/Release/free_rtos.a(tasks.o)
 .bss.xYieldPending
                0x000000002000fbe0        0x4 ../../../oslib/gcc/free_rtos/Release/free_rtos.a(tasks.o)
 .bss.__malloc_free_list
                0x000000002000fbe4        0x4 /Applications/ARM/bin/../lib/gcc/arm-none-eabi/10.3.1/../../../../arm-none-eabi/lib/thumb/v7e-m/nofp/libc_nano.a(lib_a-nano-mallocr.o)
                0x000000002000fbe4                __malloc_free_list
 .bss.__malloc_sbrk_start
                0x000000002000fbe8        0x4 /Applications/ARM/bin/../lib/gcc/arm-none-eabi/10.3.1/../../../../arm-none-eabi/lib/thumb/v7e-m/nofp/libc_nano.a(lib_a-nano-mallocr.o)
                0x000000002000fbe8                __malloc_sbrk_start
 .bss.errno     0x000000002000fbec        0x4 /Applications/ARM/bin/../lib/gcc/arm-none-eabi/10.3.1/../../../../arm-none-eabi/lib/thumb/v7e-m/nofp/libc_nano.a(lib_a-reent.o)
                0x000000002000fbec                errno
 .bss.__lock___malloc_recursive_mutex
                0x000000002000fbf0        0x1 /Applications/ARM/bin/../lib/gcc/arm-none-eabi/10.3.1/../../../../arm-none-eabi/lib/thumb/v7e-m/nofp/libc_nano.a(lib_a-lock.o)
                0x000000002000fbf0                __lock___malloc_recursive_mutex
 .bss.__lock___sfp_recursive_mutex
                0x000000002000fbf1        0x1 /Applications/ARM/bin/../lib/gcc/arm-none-eabi/10.3.1/../../../../arm-none-eabi/lib/thumb/v7e-m/nofp/libc_nano.a(lib_a-lock.o)
                0x000000002000fbf1                __lock___sfp_recursive_mutex