Archive member included to satisfy reference by file (symbol)

../../../simplelink/gcc/lib/os/Debug/libsimplelink.a(device.o)
                              obj/Unicast/Debug/network.o (sl_Start)
../../../simplelink/gcc/lib/os/Debug/libsimplelink.a(driver.o)
                              ../../../simplelink/gcc/lib/os/Debug/libsimplelink.a(device.o) (g_SlDeviceStatus)
../../../simplelink/gcc/lib/os/Debug/libsimplelink.a(netapp.o)
                              obj/Unicast/Debug/control.o (sl_NetAppMDNSRegisterService)
../../../simplelink/gcc/lib/os/Debug/libsimplelink.a(socket.o)
                              obj/Unicast/Debug/network.o (sl_Socket)
../../../simplelink/gcc/lib/os/Debug/libsimplelink.a(wlan.o)
                              obj/Unicast/Debug/smartconfig.o (sl_WlanPolicySet)
../../../simplelink/gcc/lib/os/Debug/libsimplelink.a(cc_pal.o)
                              ../../../simplelink/gcc/lib/os/Debug/libsimplelink.a(device.o) (spi_Open)
../../../oslib/gcc/free_rtos/Debug/free_rtos.a(osi_freertos.o)
                              obj/Unicast/Debug/control.o (osi_InterruptRegister)
../../../oslib/gcc/free_rtos/Debug/free_rtos.a(queue.o)
                              ../../../oslib/gcc/free_rtos/Debug/free_rtos.a(osi_freertos.o) (xQueueGenericCreate)
../../../oslib/gcc/free_rtos/Debug/free_rtos.a(tasks.o)
                              ../../../oslib/gcc/free_rtos/Debug/free_rtos.a(osi_freertos.o) (xTaskCreate)
../../../oslib/gcc/free_rtos/Debug/free_rtos.a(port.o)
                              ../../../oslib/gcc/free_rtos/Debug/free_rtos.a(tasks.o) (pxPortInitialiseStack)
../../../oslib/gcc/free_rtos/Debug/free_rtos.a(heap_3.o)
                              ../../../oslib/gcc/free_rtos/Debug/free_rtos.a(osi_freertos.o) (pvPortMalloc)
../../../oslib/gcc/free_rtos/Debug/free_rtos.a(list.o)
                              ../../../oslib/gcc/free_rtos/Debug/free_rtos.a(queue.o) (vListInitialise)
../../../driverlib/gcc/lib/Debug/libdriver.a(gpio.o)
                              obj/Unicast/Debug/main.o (GPIODirModeSet)
../../../driverlib/gcc/lib/Debug/libdriver.a(i2c.o)
                              obj/Unicast/Debug/i2c_if.o (I2CMasterInitExpClk)
../../../driverlib/gcc/lib/Debug/libdriver.a(interrupt.o)
                              obj/Unicast/Debug/main.o (IntMasterEnable)
../../../driverlib/gcc/lib/Debug/libdriver.a(i2s.o)
                              obj/Unicast/Debug/i2s_if.o (I2SEnable)
../../../driverlib/gcc/lib/Debug/libdriver.a(pin.o)
                              obj/Unicast/Debug/pinmux.o (PinTypeUART)
../../../driverlib/gcc/lib/Debug/libdriver.a(prcm.o)
                              obj/Unicast/Debug/pinmux.o (PRCMPeripheralClkEnable)
../../../driverlib/gcc/lib/Debug/libdriver.a(spi.o)
                              ../../../simplelink/gcc/lib/os/Debug/libsimplelink.a(cc_pal.o) (SPIEnable)
../../../driverlib/gcc/lib/Debug/libdriver.a(timer.o)
                              ../../../simplelink/gcc/lib/os/Debug/libsimplelink.a(cc_pal.o) (TimerEnable)
../../../driverlib/gcc/lib/Debug/libdriver.a(uart.o)
                              obj/Unicast/Debug/uart_if.o (UARTConfigSetExpClk)
../../../driverlib/gcc/lib/Debug/libdriver.a(udma.o)
                              obj/Unicast/Debug/udma_if.o (uDMAEnable)
../../../driverlib/gcc/lib/Debug/libdriver.a(utils.o)
                              obj/Unicast/Debug/audiocodec.o (UtilsDelay)
../../../driverlib/gcc/lib/Debug/libdriver.a(cpu.o)
                              ../../../driverlib/gcc/lib/Debug/libdriver.a(interrupt.o) (CPUcpsid)
../../../driverlib/gcc/lib/Debug/libdriver.a(flash.o)
                              ../../../driverlib/gcc/lib/Debug/libdriver.a(prcm.o) (FlashDisable)
/Applications/ARM/bin/../lib/gcc/arm-none-eabi/10.3.1/../../../../arm-none-eabi/lib/thumb/v7e-m/nofp/libc_nano.a(lib_a-malloc.o)
                              obj/Unicast/Debug/circ_buff.o (malloc)
/Applications/ARM/bin/../lib/gcc/arm-none-eabi/10.3.1/../../../../arm-none-eabi/lib/thumb/v7e-m/nofp/libc_nano.a(lib_a-memcpy-stub.o)
                              obj/Unicast/Debug/circ_buff.o (memcpy)
/Applications/ARM/bin/../lib/gcc/arm-none-eabi/10.3.1/../../../../arm-none-eabi/lib/thumb/v7e-m/nofp/libc_nano.a(lib_a-memmove.o)
                              obj/Unicast/Debug/uart_if.o (memmove)
/Applications/ARM/bin/../lib/gcc/arm-none-eabi/10.3.1/../../../../arm-none-eabi/lib/thumb/v7e-m/nofp/libc_nano.a(lib_a-memset.o)
                              obj/Unicast/Debug/circ_buff.o (memset)
/Applications/ARM/bin/../lib/gcc/arm-none-eabi/10.3.1/../../../../arm-none-eabi/lib/thumb/v7e-m/nofp/libc_nano.a(lib_a-nano-freer.o)
                              /Applications/ARM/bin/../lib/gcc/arm-none-eabi/10.3.1/../../../../arm-none-eabi/lib/thumb/v7e-m/nofp/libc_nano.a(lib_a-malloc.o) (_free_r)
/Applications/ARM/bin/../lib/gcc/arm-none-eabi/10.3.1/../../../../arm-none-eabi/lib/thumb/v7e-m/nofp/libc_nano.a(lib_a-nano-mallocr.o)
[...]
Memory Configuration

Name             Origin             Length             Attributes
SRAM             0x0000000020000000 0x0000000000040000 xrw
*default*        0x0000000000000000 0xffffffffffffffff

Linker script and memory map

                0x0000000000004000                BOOTLOADER_SIZE = 0x4000

.bootloader     0x0000000020000000     0x4000
                0x0000000020000000                _heap2 = .
                0x0000000020004000                . = (. + BOOTLOADER_SIZE)
 *fill*         0x0000000020000000     0x4000 
                0x0000000020004000                . = ALIGN (0x8)
                0x0000000020004000                _eheap2 = .

.text           0x0000000020004000     0xbb08
                0x0000000020004000                _text = .
 *(.intvecs)
 .intvecs       0x0000000020004000      0x400 obj/Unicast/Debug/startup_gcc.o
                0x0000000020004000                g_pfnVectors
 *(.text*)
 .text.AudioCodecReset
                0x0000000020004400       0x2a obj/Unicast/Debug/audiocodec.o
                0x0000000020004400                AudioCodecReset
 .text.AudioCodecConfig
                0x000000002000442a      0x33a obj/Unicast/Debug/audiocodec.o
                0x000000002000442a                AudioCodecConfig
 .text.AudioCodecSpeakerVolCtrl
                0x0000000020004764       0x84 obj/Unicast/Debug/audiocodec.o
                0x0000000020004764                AudioCodecSpeakerVolCtrl
 .text.AudioCodecMicVolCtrl
                0x00000000200047e8       0x88 obj/Unicast/Debug/audiocodec.o
                0x00000000200047e8                AudioCodecMicVolCtrl
 .text.AudioCodecPageSelect
                0x0000000020004870       0x1e obj/Unicast/Debug/audiocodec.o
 *fill*         0x000000002000488e        0x2 
 .text.AudioCodecRegWrite
                0x0000000020004890       0xa0 obj/Unicast/Debug/audiocodec.o
 .text.CreateCircularBuffer
                0x0000000020004930       0x56 obj/Unicast/Debug/circ_buff.o
                0x0000000020004930                CreateCircularBuffer
 .text.GetReadPtr
                0x0000000020004986       0x16 obj/Unicast/Debug/circ_buff.o
                0x0000000020004986                GetReadPtr
 .text.GetWritePtr
                0x000000002000499c       0x16 obj/Unicast/Debug/circ_buff.o
                0x000000002000499c                GetWritePtr
 .text.FillBuffer
                0x00000000200049b2       0x84 obj/Unicast/Debug/circ_buff.o
                0x00000000200049b2                FillBuffer
 .text.UpdateReadPtr
                0x0000000020004a36       0x5c obj/Unicast/Debug/circ_buff.o
                0x0000000020004a36                UpdateReadPtr
 .text.UpdateWritePtr
                0x0000000020004a92       0x5c obj/Unicast/Debug/circ_buff.o
                0x0000000020004a92                UpdateWritePtr
 .text.GetBufferSize
                0x0000000020004aee       0x46 obj/Unicast/Debug/circ_buff.o
                0x0000000020004aee                GetBufferSize
 .text.IsBufferEmpty
                0x0000000020004b34       0x24 obj/Unicast/Debug/circ_buff.o
                0x0000000020004b34                IsBufferEmpty
 .text.IsBufferSizeFilled
                0x0000000020004b58       0x28 obj/Unicast/Debug/circ_buff.o
                0x0000000020004b58                IsBufferSizeFilled
 .text.IsBufferVacant
                0x0000000020004b80       0x28 obj/Unicast/Debug/circ_buff.o
                0x0000000020004b80                IsBufferVacant
 .text.MicroPhoneControl
                0x0000000020004ba8       0xd4 obj/Unicast/Debug/control.o
                0x0000000020004ba8                MicroPhoneControl
 .text.SpeakerControl
                0x0000000020004c7c      0x154 obj/Unicast/Debug/control.o
                0x0000000020004c7c                SpeakerControl
 .text.MICStartStopControl
                0x0000000020004dd0       0x48 obj/Unicast/Debug/control.o
 .text.SpeakerStartStopControl
                0x0000000020004e18       0x48 obj/Unicast/Debug/control.o
 .text.MICButtonHandler
                0x0000000020004e60       0x50 obj/Unicast/Debug/control.o
 .text.SpeakerButtonHandler
                0x0000000020004eb0       0x50 obj/Unicast/Debug/control.o
 .text.InitControl
                0x0000000020004f00       0xc8 obj/Unicast/Debug/control.o
                0x0000000020004f00                InitControl
 .text.AudioControlTask
                0x0000000020004fc8       0x34 obj/Unicast/Debug/control.o
                0x0000000020004fc8                AudioControlTask
 .text.ControlTaskCreate
                0x0000000020004ffc       0xb8 obj/Unicast/Debug/control.o
                0x0000000020004ffc                ControlTaskCreate
 .text.vApplicationIdleHook
                0x00000000200050b4        0xc obj/Unicast/Debug/main.o
                0x00000000200050b4                vApplicationIdleHook
 .text.vApplicationStackOverflowHook
                0x00000000200050c0        0xc obj/Unicast/Debug/main.o
                0x00000000200050c0                vApplicationStackOverflowHook
 .text.vApplicationMallocFailedHook
                0x00000000200050cc        0x6 obj/Unicast/Debug/main.o
                0x00000000200050cc                vApplicationMallocFailedHook
 .text.BoardInit
                0x00000000200050d2       0x16 obj/Unicast/Debug/main.o
                0x00000000200050d2                BoardInit
 .text.main     0x00000000200050e8      0x2a8 obj/Unicast/Debug/main.o
                0x00000000200050e8                main
 .text.Microphone
                0x0000000020005390       0xec obj/Unicast/Debug/microphone.o
                0x0000000020005390                Microphone
 .text.mDNS_Task
                0x000000002000547c       0xc4 obj/Unicast/Debug/network.o
                0x000000002000547c                mDNS_Task
 .text.SimpleLinkWlanEventHandler
                0x0000000020005540      0x170 obj/Unicast/Debug/network.o
                0x0000000020005540                SimpleLinkWlanEventHandler
 .text.SimpleLinkNetAppEventHandler
                0x00000000200056b0       0xb8 obj/Unicast/Debug/network.o
                0x00000000200056b0                SimpleLinkNetAppEventHandler
 .text.SimpleLinkHttpServerCallback
                0x0000000020005768       0x14 obj/Unicast/Debug/network.o
                0x0000000020005768                SimpleLinkHttpServerCallback
 .text.SimpleLinkGeneralEventHandler
                0x000000002000577c       0x3c obj/Unicast/Debug/network.o
                0x000000002000577c                SimpleLinkGeneralEventHandler
 .text.SimpleLinkSockEventHandler
                0x00000000200057b8       0x32 obj/Unicast/Debug/network.o
                0x00000000200057b8                SimpleLinkSockEventHandler
 *fill*         0x00000000200057ea        0x2 
 .text.InitializeAppVariables
                0x00000000200057ec       0x38 obj/Unicast/Debug/network.o
 .text.ConfigureMode
                0x0000000020005824       0x64 obj/Unicast/Debug/network.o
 .text.ConnectToNetwork
                0x0000000020005888      0x128 obj/Unicast/Debug/network.o
                0x0000000020005888                ConnectToNetwork
 .text.CreateUdpServer
                0x00000000200059b0       0xc0 obj/Unicast/Debug/network.o
                0x00000000200059b0                CreateUdpServer
 .text.Network  0x0000000020005a70       0x54 obj/Unicast/Debug/network.o
                0x0000000020005a70                Network
 .text.DMAPingPongCompleteAppCB_opt
                0x0000000020005ac4      0x214 obj/Unicast/Debug/pcm_handler.o
                0x0000000020005ac4                DMAPingPongCompleteAppCB_opt
 .text.SetupPingPongDMATransferTx
                0x0000000020005cd8       0x8c obj/Unicast/Debug/pcm_handler.o
                0x0000000020005cd8                SetupPingPongDMATransferTx
 .text.SetupPingPongDMATransferRx
                0x0000000020005d64       0x8c obj/Unicast/Debug/pcm_handler.o
                0x0000000020005d64                SetupPingPongDMATransferRx
 .text.PinMuxConfig
                0x0000000020005df0       0xa0 obj/Unicast/Debug/pinmux.o
                0x0000000020005df0                PinMuxConfig
 .text.SmartConfigConnect
                0x0000000020005e90       0x9c obj/Unicast/Debug/smartconfig.o
                0x0000000020005e90                SmartConfigConnect
 .text.Speaker  0x0000000020005f2c      0x128 obj/Unicast/Debug/speaker.o
                0x0000000020005f2c                Speaker
 .text.InitTerm
                0x0000000020006054       0x2c obj/Unicast/Debug/uart_if.o
                0x0000000020006054                InitTerm
 .text.Message  0x0000000020006080       0x34 obj/Unicast/Debug/uart_if.o
                0x0000000020006080                Message
 .text.Report   0x00000000200060b4       0x98 obj/Unicast/Debug/uart_if.o
                0x00000000200060b4                Report
 .text.I2CTransact
                0x000000002000614c       0xbc obj/Unicast/Debug/i2c_if.o
 .text.I2C_IF_Write
                0x0000000020006208       0xc0 obj/Unicast/Debug/i2c_if.o
                0x0000000020006208                I2C_IF_Write
 .text.I2C_IF_Read
                0x00000000200062c8       0xc4 obj/Unicast/Debug/i2c_if.o
                0x00000000200062c8                I2C_IF_Read
 .text.I2C_IF_ReadFrom
                0x000000002000638c       0x4e obj/Unicast/Debug/i2c_if.o
                0x000000002000638c                I2C_IF_ReadFrom
 *fill*         0x00000000200063da        0x2 
 .text.I2C_IF_Open
                0x00000000200063dc       0x70 obj/Unicast/Debug/i2c_if.o
                0x00000000200063dc                I2C_IF_Open
 .text.AudioInit
                0x000000002000644c       0x10 obj/Unicast/Debug/i2s_if.o
                0x000000002000644c                AudioInit
 .text.AudioSetupDMAMode
                0x000000002000645c       0x50 obj/Unicast/Debug/i2s_if.o
                0x000000002000645c                AudioSetupDMAMode
 .text.AudioCaptureRendererConfigure
                0x00000000200064ac       0x8c obj/Unicast/Debug/i2s_if.o
                0x00000000200064ac                AudioCaptureRendererConfigure
 .text.Audio_Start
                0x0000000020006538       0x38 obj/Unicast/Debug/i2s_if.o
                0x0000000020006538                Audio_Start
 .text.DmaSwIntHandler
                0x0000000020006570       0x24 obj/Unicast/Debug/udma_if.o
                0x0000000020006570                DmaSwIntHandler
 .text.DmaErrorIntHandler
                0x0000000020006594       0x14 obj/Unicast/Debug/udma_if.o
                0x0000000020006594                DmaErrorIntHandler
 .text.UDMAInit
                0x00000000200065a8       0x74 obj/Unicast/Debug/udma_if.o
                0x00000000200065a8                UDMAInit
 .text.UDMAChannelSelect
                0x000000002000661c       0x3c obj/Unicast/Debug/udma_if.o
                0x000000002000661c                UDMAChannelSelect
 .text.UDMASetupTransfer
                0x0000000020006658       0x4a obj/Unicast/Debug/udma_if.o
                0x0000000020006658                UDMASetupTransfer
 *fill*         0x00000000200066a2        0x2 
 .text.GPIO_IF_LedConfigure
                0x00000000200066a4       0x68 obj/Unicast/Debug/gpio_if.o
                0x00000000200066a4                GPIO_IF_LedConfigure
 .text.GPIO_IF_LedOn
                0x000000002000670c       0xd4 obj/Unicast/Debug/gpio_if.o
                0x000000002000670c                GPIO_IF_LedOn
 .text.GPIO_IF_LedOff
                0x00000000200067e0       0xd4 obj/Unicast/Debug/gpio_if.o
                0x00000000200067e0                GPIO_IF_LedOff
 .text.GPIO_IF_GetPortNPin
                0x00000000200068b4       0x48 obj/Unicast/Debug/gpio_if.o
                0x00000000200068b4                GPIO_IF_GetPortNPin
 .text.GPIO_IF_Set
                0x00000000200068fc       0x3a obj/Unicast/Debug/gpio_if.o
                0x00000000200068fc                GPIO_IF_Set
 *fill*         0x0000000020006936        0x2 
 .text.ResetISR
                0x0000000020006938       0x5c obj/Unicast/Debug/startup_gcc.o
                0x0000000020006938                ResetISR
 .text.NmiSR    0x0000000020006994        0x6 obj/Unicast/Debug/startup_gcc.o
 .text.FaultISR
                0x000000002000699a        0x6 obj/Unicast/Debug/startup_gcc.o
 .text.BusFaultHandler
                0x00000000200069a0        0x6 obj/Unicast/Debug/startup_gcc.o
 .text.IntDefaultHandler
                0x00000000200069a6        0x6 obj/Unicast/Debug/startup_gcc.o
 .text._sbrk    0x00000000200069ac       0x54 obj/Unicast/Debug/startup_gcc.o
                0x00000000200069ac                _sbrk
 .text._sl_GetStartResponseConvert
                0x0000000020006a00       0x20 ../../../simplelink/gcc/lib/os/Debug/libsimplelink.a(device.o)
 .text.sl_Start
                0x0000000020006a20      0x10c ../../../simplelink/gcc/lib/os/Debug/libsimplelink.a(device.o)
                0x0000000020006a20                sl_Start
 .text._sl_HandleAsync_InitComplete
                0x0000000020006b2c       0xb4 ../../../simplelink/gcc/lib/os/Debug/libsimplelink.a(device.o)
                0x0000000020006b2c                _sl_HandleAsync_InitComplete
 .text._sl_HandleAsync_Stop
                0x0000000020006be0       0x64 ../../../simplelink/gcc/lib/os/Debug/libsimplelink.a(device.o)
                0x0000000020006be0                _sl_HandleAsync_Stop
 .text.sl_Stop  0x0000000020006c44       0xf4 ../../../simplelink/gcc/lib/os/Debug/libsimplelink.a(device.o)
                0x0000000020006c44                sl_Stop
 .text._SlDrvDeviceEventHandler
                0x0000000020006d38       0xaa ../../../simplelink/gcc/lib/os/Debug/libsimplelink.a(device.o)
                0x0000000020006d38                _SlDrvDeviceEventHandler
 *fill*         0x0000000020006de2        0x2 
 .text._SlDrvHandleWlanEvents
                0x0000000020006de4       0x40 ../../../simplelink/gcc/lib/os/Debug/libsimplelink.a(driver.o)
                0x0000000020006de4                _SlDrvHandleWlanEvents
 .text._SlDrvHandleNetAppEvents
                0x0000000020006e24       0x3c ../../../simplelink/gcc/lib/os/Debug/libsimplelink.a(driver.o)
                0x0000000020006e24                _SlDrvHandleNetAppEvents
 .text._SlDrvHandleHttpServerEvents
                0x0000000020006e60       0x40 ../../../simplelink/gcc/lib/os/Debug/libsimplelink.a(driver.o)
                0x0000000020006e60                _SlDrvHandleHttpServerEvents
 .text._SlDrvProtectAsyncRespSetting
                0x0000000020006ea0       0x54 ../../../simplelink/gcc/lib/os/Debug/libsimplelink.a(driver.o)
                0x0000000020006ea0                _SlDrvProtectAsyncRespSetting
 .text._SlDrvDriverCBInit
                0x0000000020006ef4      0x1b4 ../../../simplelink/gcc/lib/os/Debug/libsimplelink.a(driver.o)
                0x0000000020006ef4                _SlDrvDriverCBInit
 .text._SlDrvDriverCBDeinit
                0x00000000200070a8      0x140 ../../../simplelink/gcc/lib/os/Debug/libsimplelink.a(driver.o)
                0x00000000200070a8                _SlDrvDriverCBDeinit
 .text._SlDrvRxIrqHandler
                0x00000000200071e8       0x64 ../../../simplelink/gcc/lib/os/Debug/libsimplelink.a(driver.o)
                0x00000000200071e8                _SlDrvRxIrqHandler
 .text._SlDrvCmdOp
                0x000000002000724c       0xcc ../../../simplelink/gcc/lib/os/Debug/libsimplelink.a(driver.o)
                0x000000002000724c                _SlDrvCmdOp
 .text._SlDrvDataReadOp
                0x0000000020007318      0x210 ../../../simplelink/gcc/lib/os/Debug/libsimplelink.a(driver.o)
                0x0000000020007318                _SlDrvDataReadOp
 .text._SlDrvDataWriteOp
                0x0000000020007528      0x170 ../../../simplelink/gcc/lib/os/Debug/libsimplelink.a(driver.o)
                0x0000000020007528                _SlDrvDataWriteOp
 .text._SlDrvMsgWrite
                0x0000000020007698      0x1d8 ../../../simplelink/gcc/lib/os/Debug/libsimplelink.a(driver.o)
 .text._SlDrvMsgRead
                0x0000000020007870      0x5e0 ../../../simplelink/gcc/lib/os/Debug/libsimplelink.a(driver.o)
 .text._SlAsyncEventGenericHandler
                0x0000000020007e50       0xd8 ../../../simplelink/gcc/lib/os/Debug/libsimplelink.a(driver.o)
 .text._SlDrvMsgReadCmdCtx
                0x0000000020007f28      0x15c ../../../simplelink/gcc/lib/os/Debug/libsimplelink.a(driver.o)
 .text._SlDrvMsgReadSpawnCtx
                0x0000000020008084       0xfc ../../../simplelink/gcc/lib/os/Debug/libsimplelink.a(driver.o)
                0x0000000020008084                _SlDrvMsgReadSpawnCtx
 .text._SlDrvClassifyRxMsg
                0x0000000020008180       0xd0 ../../../simplelink/gcc/lib/os/Debug/libsimplelink.a(driver.o)
 .text._SlDrvRxHdrRead
                0x0000000020008250      0x2b0 ../../../simplelink/gcc/lib/os/Debug/libsimplelink.a(driver.o)
 .text._SlDrvCmdSend
                0x0000000020008500       0x74 ../../../simplelink/gcc/lib/os/Debug/libsimplelink.a(driver.o)
                0x0000000020008500                _SlDrvCmdSend
 .text._SlDrvWaitForPoolObj
                0x0000000020008574      0x1a8 ../../../simplelink/gcc/lib/os/Debug/libsimplelink.a(driver.o)
                0x0000000020008574                _SlDrvWaitForPoolObj
 .text._SlDrvReleasePoolObj
                0x000000002000871c      0x204 ../../../simplelink/gcc/lib/os/Debug/libsimplelink.a(driver.o)
                0x000000002000871c                _SlDrvReleasePoolObj
 .text._SlRemoveFromList
                0x0000000020008920       0xd0 ../../../simplelink/gcc/lib/os/Debug/libsimplelink.a(driver.o)
 .text._SlFindAndSetActiveObj
                0x00000000200089f0      0x168 ../../../simplelink/gcc/lib/os/Debug/libsimplelink.a(driver.o)
 .text._SlDrvDispatchHttpServerEvents
                0x0000000020008b58       0x1a ../../../simplelink/gcc/lib/os/Debug/libsimplelink.a(driver.o)
                0x0000000020008b58                _SlDrvDispatchHttpServerEvents
 .text._SlDrvSyncObjSignal
                0x0000000020008b72       0x2a ../../../simplelink/gcc/lib/os/Debug/libsimplelink.a(driver.o)
                0x0000000020008b72                _SlDrvSyncObjSignal
 .text._SlDrvObjLockWaitForever
                0x0000000020008b9c       0x2e ../../../simplelink/gcc/lib/os/Debug/libsimplelink.a(driver.o)
                0x0000000020008b9c                _SlDrvObjLockWaitForever
 *fill*         0x0000000020008bca        0x2 
 .text._SlDrvProtectionObjLockWaitForever
                0x0000000020008bcc       0x38 ../../../simplelink/gcc/lib/os/Debug/libsimplelink.a(driver.o)
                0x0000000020008bcc                _SlDrvProtectionObjLockWaitForever
 .text._SlDrvObjUnLock
                0x0000000020008c04       0x2a ../../../simplelink/gcc/lib/os/Debug/libsimplelink.a(driver.o)
                0x0000000020008c04                _SlDrvObjUnLock
 *fill*         0x0000000020008c2e        0x2 
 .text._SlDrvProtectionObjUnLock
                0x0000000020008c30       0x34 ../../../simplelink/gcc/lib/os/Debug/libsimplelink.a(driver.o)
                0x0000000020008c30                _SlDrvProtectionObjUnLock
 .text._SlDrvObjGlobalLockWaitForever
                0x0000000020008c64       0x34 ../../../simplelink/gcc/lib/os/Debug/libsimplelink.a(driver.o)
 .text._SlDrvGlobalObjUnLock
                0x0000000020008c98       0x34 ../../../simplelink/gcc/lib/os/Debug/libsimplelink.a(driver.o)
                0x0000000020008c98                _SlDrvGlobalObjUnLock
 .text._SlDrvMemZero
                0x0000000020008ccc       0x20 ../../../simplelink/gcc/lib/os/Debug/libsimplelink.a(driver.o)
                0x0000000020008ccc                _SlDrvMemZero
 .text._SlDrvResetCmdExt
                0x0000000020008cec       0x18 ../../../simplelink/gcc/lib/os/Debug/libsimplelink.a(driver.o)
                0x0000000020008cec                _SlDrvResetCmdExt
 .text._SlDrvSyncObjWaitForever
                0x0000000020008d04       0x30 ../../../simplelink/gcc/lib/os/Debug/libsimplelink.a(driver.o)
                0x0000000020008d04                _SlDrvSyncObjWaitForever
 .text._SlDrvSyncObjWaitTimeout
                0x0000000020008d34       0x50 ../../../simplelink/gcc/lib/os/Debug/libsimplelink.a(driver.o)
                0x0000000020008d34                _SlDrvSyncObjWaitTimeout
 .text._SlDriverHandleError
                0x0000000020008d84       0xa0 ../../../simplelink/gcc/lib/os/Debug/libsimplelink.a(driver.o)
                0x0000000020008d84                _SlDriverHandleError
 .text._SlDrvStartMeasureTimeout
                0x0000000020008e24       0x30 ../../../simplelink/gcc/lib/os/Debug/libsimplelink.a(driver.o)
                0x0000000020008e24                _SlDrvStartMeasureTimeout
 .text._SlDrvIsTimeoutExpired
                0x0000000020008e54       0xa8 ../../../simplelink/gcc/lib/os/Debug/libsimplelink.a(driver.o)
                0x0000000020008e54                _SlDrvIsTimeoutExpired
 .text.sl_NetAppMDNSRegisterUnregisterService
                0x0000000020008efc      0x184 ../../../simplelink/gcc/lib/os/Debug/libsimplelink.a(netapp.o)
                0x0000000020008efc                sl_NetAppMDNSRegisterUnregisterService
 .text.sl_NetAppMDNSRegisterService
                0x0000000020009080       0x6c ../../../simplelink/gcc/lib/os/Debug/libsimplelink.a(netapp.o)
                0x0000000020009080                sl_NetAppMDNSRegisterService
 .text.sl_NetAppMDNSUnRegisterService
                0x00000000200090ec       0x64 ../../../simplelink/gcc/lib/os/Debug/libsimplelink.a(netapp.o)
                0x00000000200090ec                sl_NetAppMDNSUnRegisterService
 .text.sl_NetAppDnsGetHostByService
                0x0000000020009150      0x148 ../../../simplelink/gcc/lib/os/Debug/libsimplelink.a(netapp.o)
                0x0000000020009150                sl_NetAppDnsGetHostByService
 .text._sl_HandleAsync_DnsGetHostByService
                0x0000000020009298       0xd0 ../../../simplelink/gcc/lib/os/Debug/libsimplelink.a(netapp.o)
                0x0000000020009298                _sl_HandleAsync_DnsGetHostByService
 .text._sl_HandleAsync_DnsGetHostByName
                0x0000000020009368       0xb4 ../../../simplelink/gcc/lib/os/Debug/libsimplelink.a(netapp.o)
                0x0000000020009368                _sl_HandleAsync_DnsGetHostByName
 .text.CopyPingResultsToReport
                0x000000002000941c       0x44 ../../../simplelink/gcc/lib/os/Debug/libsimplelink.a(netapp.o)
 .text._sl_HandleAsync_PingResponse
                0x0000000020009460       0xb0 ../../../simplelink/gcc/lib/os/Debug/libsimplelink.a(netapp.o)
                0x0000000020009460                _sl_HandleAsync_PingResponse
 .text._sl_NetAppSendTokenValue
                0x0000000020009510       0x7c ../../../simplelink/gcc/lib/os/Debug/libsimplelink.a(netapp.o)
                0x0000000020009510                _sl_NetAppSendTokenValue
 .text._SlDrvNetAppEventHandler
                0x000000002000958c      0x188 ../../../simplelink/gcc/lib/os/Debug/libsimplelink.a(netapp.o)
                0x000000002000958c                _SlDrvNetAppEventHandler
 .text._sl_BuildAddress
                0x0000000020009714       0x56 ../../../simplelink/gcc/lib/os/Debug/libsimplelink.a(socket.o)
 *fill*         0x000000002000976a        0x2 
 .text._sl_TruncatePayloadByProtocol
                0x000000002000976c       0x40 ../../../simplelink/gcc/lib/os/Debug/libsimplelink.a(socket.o)
 .text.sl_Socket
                0x00000000200097ac       0x8c ../../../simplelink/gcc/lib/os/Debug/libsimplelink.a(socket.o)
                0x00000000200097ac                sl_Socket
 .text.sl_Bind  0x0000000020009838       0xb8 ../../../simplelink/gcc/lib/os/Debug/libsimplelink.a(socket.o)
                0x0000000020009838                sl_Bind
 .text.sl_SendTo
                0x00000000200098f0      0x14c ../../../simplelink/gcc/lib/os/Debug/libsimplelink.a(socket.o)
                0x00000000200098f0                sl_SendTo
 .text.sl_RecvFrom
                0x0000000020009a3c      0x144 ../../../simplelink/gcc/lib/os/Debug/libsimplelink.a(socket.o)
                0x0000000020009a3c                sl_RecvFrom
 .text._sl_HandleAsync_Connect
                0x0000000020009b80       0x9c ../../../simplelink/gcc/lib/os/Debug/libsimplelink.a(socket.o)
                0x0000000020009b80                _sl_HandleAsync_Connect
 .text.sl_Htonl
                0x0000000020009c1c       0x54 ../../../simplelink/gcc/lib/os/Debug/libsimplelink.a(socket.o)
                0x0000000020009c1c                sl_Htonl
 .text.sl_Htons
                0x0000000020009c70       0x46 ../../../simplelink/gcc/lib/os/Debug/libsimplelink.a(socket.o)
                0x0000000020009c70                sl_Htons
 *fill*         0x0000000020009cb6        0x2 
 .text._sl_HandleAsync_Accept
                0x0000000020009cb8       0x7c ../../../simplelink/gcc/lib/os/Debug/libsimplelink.a(socket.o)
                0x0000000020009cb8                _sl_HandleAsync_Accept
 .text._sl_HandleAsync_Select
                0x0000000020009d34       0x6c ../../../simplelink/gcc/lib/os/Debug/libsimplelink.a(socket.o)
                0x0000000020009d34                _sl_HandleAsync_Select
 .text.sl_Select
                0x0000000020009da0      0x184 ../../../simplelink/gcc/lib/os/Debug/libsimplelink.a(socket.o)
                0x0000000020009da0                sl_Select
 .text.SL_FD_SET
                0x0000000020009f24       0x2c ../../../simplelink/gcc/lib/os/Debug/libsimplelink.a(socket.o)
                0x0000000020009f24                SL_FD_SET
 .text.SL_FD_ISSET
                0x0000000020009f50       0x32 ../../../simplelink/gcc/lib/os/Debug/libsimplelink.a(socket.o)
                0x0000000020009f50                SL_FD_ISSET
 .text.SL_FD_ZERO
                0x0000000020009f82       0x18 ../../../simplelink/gcc/lib/os/Debug/libsimplelink.a(socket.o)
                0x0000000020009f82                SL_FD_ZERO
 *fill*         0x0000000020009f9a        0x2 
 .text.sl_WlanPolicySet
                0x0000000020009f9c       0x94 ../../../simplelink/gcc/lib/os/Debug/libsimplelink.a(wlan.o)
                0x0000000020009f9c                sl_WlanPolicySet
 .text.sl_WlanProfileDel
                0x000000002000a030       0x6c ../../../simplelink/gcc/lib/os/Debug/libsimplelink.a(wlan.o)
                0x000000002000a030                sl_WlanProfileDel
 .text.sl_WlanSmartConfigStart
                0x000000002000a09c       0xdc ../../../simplelink/gcc/lib/os/Debug/libsimplelink.a(wlan.o)
                0x000000002000a09c                sl_WlanSmartConfigStart
 .text.sl_WlanSetMode
                0x000000002000a178       0x68 ../../../simplelink/gcc/lib/os/Debug/libsimplelink.a(wlan.o)
                0x000000002000a178                sl_WlanSetMode
 .text.spi_Read_CPU
                0x000000002000a1e0       0x88 ../../../simplelink/gcc/lib/os/Debug/libsimplelink.a(cc_pal.o)
 .text.spi_Write_CPU
                0x000000002000a268       0x84 ../../../simplelink/gcc/lib/os/Debug/libsimplelink.a(cc_pal.o)
 .text.DmaSpiSwIntHandler
                0x000000002000a2ec       0x30 ../../../simplelink/gcc/lib/os/Debug/libsimplelink.a(cc_pal.o)
                0x000000002000a2ec                DmaSpiSwIntHandler
 .text.SetupDMAReceive
                0x000000002000a31c       0x94 ../../../simplelink/gcc/lib/os/Debug/libsimplelink.a(cc_pal.o)
 .text.SetupDMASend
                0x000000002000a3b0       0x94 ../../../simplelink/gcc/lib/os/Debug/libsimplelink.a(cc_pal.o)
 .text.spi_Open
                0x000000002000a444      0x154 ../../../simplelink/gcc/lib/os/Debug/libsimplelink.a(cc_pal.o)
                0x000000002000a444                spi_Open
 .text.spi_Close
                0x000000002000a598       0x84 ../../../simplelink/gcc/lib/os/Debug/libsimplelink.a(cc_pal.o)
                0x000000002000a598                spi_Close
 .text.spi_Read
                0x000000002000a61c       0xec ../../../simplelink/gcc/lib/os/Debug/libsimplelink.a(cc_pal.o)
                0x000000002000a61c                spi_Read
 .text.spi_Write
                0x000000002000a708       0x9c ../../../simplelink/gcc/lib/os/Debug/libsimplelink.a(cc_pal.o)
                0x000000002000a708                spi_Write
 .text.NwpRegisterInterruptHandler
                0x000000002000a7a4       0x32 ../../../simplelink/gcc/lib/os/Debug/libsimplelink.a(cc_pal.o)
                0x000000002000a7a4                NwpRegisterInterruptHandler
 *fill*         0x000000002000a7d6        0x2 
 .text.NwpMaskInterrupt
                0x000000002000a7d8       0x18 ../../../simplelink/gcc/lib/os/Debug/libsimplelink.a(cc_pal.o)
                0x000000002000a7d8                NwpMaskInterrupt
 .text.NwpUnMaskInterrupt
                0x000000002000a7f0       0x18 ../../../simplelink/gcc/lib/os/Debug/libsimplelink.a(cc_pal.o)
                0x000000002000a7f0                NwpUnMaskInterrupt
 .text.NwpPowerOnPreamble
                0x000000002000a808       0x8c ../../../simplelink/gcc/lib/os/Debug/libsimplelink.a(cc_pal.o)
                0x000000002000a808                NwpPowerOnPreamble
 .text.NwpPowerOn
                0x000000002000a894       0x3c ../../../simplelink/gcc/lib/os/Debug/libsimplelink.a(cc_pal.o)
                0x000000002000a894                NwpPowerOn
 .text.NwpPowerOff
                0x000000002000a8d0       0x40 ../../../simplelink/gcc/lib/os/Debug/libsimplelink.a(cc_pal.o)
                0x000000002000a8d0                NwpPowerOff
 .text.NwpPrePowerOffTimout0
                0x000000002000a910       0x24 ../../../simplelink/gcc/lib/os/Debug/libsimplelink.a(cc_pal.o)
                0x000000002000a910                NwpPrePowerOffTimout0
 .text.cc_UDMAChannelSelect
                0x000000002000a934       0x28 ../../../simplelink/gcc/lib/os/Debug/libsimplelink.a(cc_pal.o)
 .text.cc_SetupTransfer
                0x000000002000a95c       0x4a ../../../simplelink/gcc/lib/os/Debug/libsimplelink.a(cc_pal.o)
 *fill*         0x000000002000a9a6        0x2 
 .text.simplelink_timerA2_start
                0x000000002000a9a8       0x40 ../../../simplelink/gcc/lib/os/Debug/libsimplelink.a(cc_pal.o)
                0x000000002000a9a8                simplelink_timerA2_start
 .text.TimerGetCurrentTimestamp
                0x000000002000a9e8       0x28 ../../../simplelink/gcc/lib/os/Debug/libsimplelink.a(cc_pal.o)
                0x000000002000a9e8                TimerGetCurrentTimestamp
 .text.osi_InterruptRegister
                0x000000002000aa10       0x36 ../../../oslib/gcc/free_rtos/Debug/free_rtos.a(osi_freertos.o)
                0x000000002000aa10                osi_InterruptRegister
 .text.osi_InterruptDeRegister
                0x000000002000aa46       0x20 ../../../oslib/gcc/free_rtos/Debug/free_rtos.a(osi_freertos.o)
                0x000000002000aa46                osi_InterruptDeRegister
 .text.osi_SyncObjCreate
                0x000000002000aa66       0x40 ../../../oslib/gcc/free_rtos/Debug/free_rtos.a(osi_freertos.o)
                0x000000002000aa66                osi_SyncObjCreate
 .text.osi_SyncObjDelete
                0x000000002000aaa6       0x28 ../../../oslib/gcc/free_rtos/Debug/free_rtos.a(osi_freertos.o)
                0x000000002000aaa6                osi_SyncObjDelete
 .text.osi_SyncObjSignal
                0x000000002000aace       0x36 ../../../oslib/gcc/free_rtos/Debug/free_rtos.a(osi_freertos.o)
                0x000000002000aace                osi_SyncObjSignal
 .text.osi_SyncObjSignalFromISR
                0x000000002000ab04       0x5c ../../../oslib/gcc/free_rtos/Debug/free_rtos.a(osi_freertos.o)
                0x000000002000ab04                osi_SyncObjSignalFromISR
 .text.osi_SyncObjWait
                0x000000002000ab60       0x38 ../../../oslib/gcc/free_rtos/Debug/free_rtos.a(osi_freertos.o)
                0x000000002000ab60                osi_SyncObjWait
 .text.osi_LockObjCreate
                0x000000002000ab98       0x36 ../../../oslib/gcc/free_rtos/Debug/free_rtos.a(osi_freertos.o)
                0x000000002000ab98                osi_LockObjCreate
 .text.osi_TaskCreate
                0x000000002000abce       0x3e ../../../oslib/gcc/free_rtos/Debug/free_rtos.a(osi_freertos.o)
                0x000000002000abce                osi_TaskCreate
 .text.osi_LockObjDelete
                0x000000002000ac0c       0x1c ../../../oslib/gcc/free_rtos/Debug/free_rtos.a(osi_freertos.o)
                0x000000002000ac0c                osi_LockObjDelete
 .text.osi_LockObjLock
                0x000000002000ac28       0x38 ../../../oslib/gcc/free_rtos/Debug/free_rtos.a(osi_freertos.o)
                0x000000002000ac28                osi_LockObjLock
 .text.osi_LockObjUnlock
                0x000000002000ac60       0x38 ../../../oslib/gcc/free_rtos/Debug/free_rtos.a(osi_freertos.o)
                0x000000002000ac60                osi_LockObjUnlock
 .text.osi_Spawn
                0x000000002000ac98       0x64 ../../../oslib/gcc/free_rtos/Debug/free_rtos.a(osi_freertos.o)
                0x000000002000ac98                osi_Spawn
 .text.vSimpleLinkSpawnTask
                0x000000002000acfc       0x34 ../../../oslib/gcc/free_rtos/Debug/free_rtos.a(osi_freertos.o)
 .text.VStartSimpleLinkSpawnTask
                0x000000002000ad30       0x64 ../../../oslib/gcc/free_rtos/Debug/free_rtos.a(osi_freertos.o)
                0x000000002000ad30                VStartSimpleLinkSpawnTask
 .text.osi_MsgQCreate
                0x000000002000ad94       0x46 ../../../oslib/gcc/free_rtos/Debug/free_rtos.a(osi_freertos.o)
                0x000000002000ad94                osi_MsgQCreate
 .text.osi_MsgQDelete
                0x000000002000adda       0x28 ../../../oslib/gcc/free_rtos/Debug/free_rtos.a(osi_freertos.o)
                0x000000002000adda                osi_MsgQDelete
 *fill*         0x000000002000ae02        0x2 
 .text.osi_MsgQWrite
                0x000000002000ae04       0x54 ../../../oslib/gcc/free_rtos/Debug/free_rtos.a(osi_freertos.o)
                0x000000002000ae04                osi_MsgQWrite
 .text.osi_MsgQRead
                0x000000002000ae58       0x4a ../../../oslib/gcc/free_rtos/Debug/free_rtos.a(osi_freertos.o)
                0x000000002000ae58                osi_MsgQRead
 .text.osi_start
                0x000000002000aea2        0xc ../../../oslib/gcc/free_rtos/Debug/free_rtos.a(osi_freertos.o)
                0x000000002000aea2                osi_start
 .text.osi_Sleep
                0x000000002000aeae       0x1a ../../../oslib/gcc/free_rtos/Debug/free_rtos.a(osi_freertos.o)
                0x000000002000aeae                osi_Sleep
 .text.xQueueGenericReset
                0x000000002000aec8       0xb4 ../../../oslib/gcc/free_rtos/Debug/free_rtos.a(queue.o)
                0x000000002000aec8                xQueueGenericReset
 .text.xQueueGenericCreate
                0x000000002000af7c       0x58 ../../../oslib/gcc/free_rtos/Debug/free_rtos.a(queue.o)
                0x000000002000af7c                xQueueGenericCreate
 .text.prvInitialiseNewQueue
                0x000000002000afd4       0x4c ../../../oslib/gcc/free_rtos/Debug/free_rtos.a(queue.o)
 .text.prvInitialiseMutex
                0x000000002000b020       0x34 ../../../oslib/gcc/free_rtos/Debug/free_rtos.a(queue.o)
 .text.xQueueCreateMutex
                0x000000002000b054       0x30 ../../../oslib/gcc/free_rtos/Debug/free_rtos.a(queue.o)
                0x000000002000b054                xQueueCreateMutex
 .text.xQueueGenericSend
                0x000000002000b084      0x17c ../../../oslib/gcc/free_rtos/Debug/free_rtos.a(queue.o)
                0x000000002000b084                xQueueGenericSend
 .text.xQueueGenericSendFromISR
                0x000000002000b200       0xd8 ../../../oslib/gcc/free_rtos/Debug/free_rtos.a(queue.o)
                0x000000002000b200                xQueueGenericSendFromISR
 .text.xQueueGiveFromISR
                0x000000002000b2d8       0xcc ../../../oslib/gcc/free_rtos/Debug/free_rtos.a(queue.o)
                0x000000002000b2d8                xQueueGiveFromISR
 .text.xQueueReceive
                0x000000002000b3a4      0x144 ../../../oslib/gcc/free_rtos/Debug/free_rtos.a(queue.o)
                0x000000002000b3a4                xQueueReceive
 .text.xQueueSemaphoreTake
                0x000000002000b4e8      0x190 ../../../oslib/gcc/free_rtos/Debug/free_rtos.a(queue.o)
                0x000000002000b4e8                xQueueSemaphoreTake
 .text.vQueueDelete
                0x000000002000b678       0x20 ../../../oslib/gcc/free_rtos/Debug/free_rtos.a(queue.o)
                0x000000002000b678                vQueueDelete
 .text.prvGetDisinheritPriorityAfterTimeout
                0x000000002000b698       0x2e ../../../oslib/gcc/free_rtos/Debug/free_rtos.a(queue.o)
 .text.prvCopyDataToQueue
                0x000000002000b6c6       0xd4 ../../../oslib/gcc/free_rtos/Debug/free_rtos.a(queue.o)
 .text.prvCopyDataFromQueue
                0x000000002000b79a       0x4c ../../../oslib/gcc/free_rtos/Debug/free_rtos.a(queue.o)
 .text.prvUnlockQueue
                0x000000002000b7e6       0xc0 ../../../oslib/gcc/free_rtos/Debug/free_rtos.a(queue.o)
 .text.prvIsQueueEmpty
                0x000000002000b8a6       0x2c ../../../oslib/gcc/free_rtos/Debug/free_rtos.a(queue.o)
 .text.prvIsQueueFull
                0x000000002000b8d2       0x30 ../../../oslib/gcc/free_rtos/Debug/free_rtos.a(queue.o)
 *fill*         0x000000002000b902        0x2 
 .text.vQueueUnregisterQueue
                0x000000002000b904       0x54 ../../../oslib/gcc/free_rtos/Debug/free_rtos.a(queue.o)
                0x000000002000b904                vQueueUnregisterQueue
 .text.prvNotifyQueueSetContainer
                0x000000002000b958       0x76 ../../../oslib/gcc/free_rtos/Debug/free_rtos.a(queue.o)
 .text.xTaskCreate
                0x000000002000b9ce       0x82 ../../../oslib/gcc/free_rtos/Debug/free_rtos.a(tasks.o)
                0x000000002000b9ce                xTaskCreate
 .text.prvInitialiseNewTask
                0x000000002000ba50       0xee ../../../oslib/gcc/free_rtos/Debug/free_rtos.a(tasks.o)
 *fill*         0x000000002000bb3e        0x2 
 .text.prvAddNewTaskToReadyList
                0x000000002000bb40       0xdc ../../../oslib/gcc/free_rtos/Debug/free_rtos.a(tasks.o)
 .text.vTaskDelay
                0x000000002000bc1c       0x48 ../../../oslib/gcc/free_rtos/Debug/free_rtos.a(tasks.o)
                0x000000002000bc1c                vTaskDelay
 .text.vTaskStartScheduler
                0x000000002000bc64       0x70 ../../../oslib/gcc/free_rtos/Debug/free_rtos.a(tasks.o)
                0x000000002000bc64                vTaskStartScheduler
 .text.vTaskSuspendAll
                0x000000002000bcd4       0x1c ../../../oslib/gcc/free_rtos/Debug/free_rtos.a(tasks.o)
                0x000000002000bcd4                vTaskSuspendAll
 .text.xTaskResumeAll
                0x000000002000bcf0      0x11c ../../../oslib/gcc/free_rtos/Debug/free_rtos.a(tasks.o)
                0x000000002000bcf0                xTaskResumeAll
 .text.xTaskIncrementTick
                0x000000002000be0c      0x158 ../../../oslib/gcc/free_rtos/Debug/free_rtos.a(tasks.o)
                0x000000002000be0c                xTaskIncrementTick
 .text.vTaskSwitchContext
                0x000000002000bf64       0xac ../../../oslib/gcc/free_rtos/Debug/free_rtos.a(tasks.o)
                0x000000002000bf64                vTaskSwitchContext
 .text.vTaskPlaceOnEventList
                0x000000002000c010       0x2c ../../../oslib/gcc/free_rtos/Debug/free_rtos.a(tasks.o)
                0x000000002000c010                vTaskPlaceOnEventList
 .text.xTaskRemoveFromEventList
                0x000000002000c03c       0xa8 ../../../oslib/gcc/free_rtos/Debug/free_rtos.a(tasks.o)
                0x000000002000c03c                xTaskRemoveFromEventList
 .text.vTaskInternalSetTimeOutState
                0x000000002000c0e4       0x2c ../../../oslib/gcc/free_rtos/Debug/free_rtos.a(tasks.o)
                0x000000002000c0e4                vTaskInternalSetTimeOutState
 .text.xTaskCheckForTimeOut
                0x000000002000c110       0x8c ../../../oslib/gcc/free_rtos/Debug/free_rtos.a(tasks.o)
                0x000000002000c110                xTaskCheckForTimeOut
 .text.vTaskMissedYield
                0x000000002000c19c       0x18 ../../../oslib/gcc/free_rtos/Debug/free_rtos.a(tasks.o)
                0x000000002000c19c                vTaskMissedYield
 .text.prvIdleTask
                0x000000002000c1b4       0x12 ../../../oslib/gcc/free_rtos/Debug/free_rtos.a(tasks.o)
 *fill*         0x000000002000c1c6        0x2 
 .text.prvInitialiseTaskLists
                0x000000002000c1c8       0x80 ../../../oslib/gcc/free_rtos/Debug/free_rtos.a(tasks.o)
 .text.prvCheckTasksWaitingTermination
                0x000000002000c248       0x5c ../../../oslib/gcc/free_rtos/Debug/free_rtos.a(tasks.o)
 .text.prvDeleteTCB
                0x000000002000c2a4       0x20 ../../../oslib/gcc/free_rtos/Debug/free_rtos.a(tasks.o)
 .text.prvResetNextTaskUnblockTime
                0x000000002000c2c4       0x48 ../../../oslib/gcc/free_rtos/Debug/free_rtos.a(tasks.o)
 .text.xTaskPriorityInherit
                0x000000002000c30c      0x10c ../../../oslib/gcc/free_rtos/Debug/free_rtos.a(tasks.o)
                0x000000002000c30c                xTaskPriorityInherit
 .text.xTaskPriorityDisinherit
                0x000000002000c418       0xc8 ../../../oslib/gcc/free_rtos/Debug/free_rtos.a(tasks.o)
                0x000000002000c418                xTaskPriorityDisinherit
 .text.vTaskPriorityDisinheritAfterTimeout
                0x000000002000c4e0       0xfc ../../../oslib/gcc/free_rtos/Debug/free_rtos.a(tasks.o)
                0x000000002000c4e0                vTaskPriorityDisinheritAfterTimeout
 .text.pvTaskIncrementMutexHeldCount
                0x000000002000c5dc       0x28 ../../../oslib/gcc/free_rtos/Debug/free_rtos.a(tasks.o)
                0x000000002000c5dc                pvTaskIncrementMutexHeldCount
 .text.prvAddCurrentTaskToDelayedList
                0x000000002000c604       0xcc ../../../oslib/gcc/free_rtos/Debug/free_rtos.a(tasks.o)
 .text.pxPortInitialiseStack
                0x000000002000c6d0       0x58 ../../../oslib/gcc/free_rtos/Debug/free_rtos.a(port.o)
                0x000000002000c6d0                pxPortInitialiseStack
 .text.prvTaskExitError
                0x000000002000c728       0x32 ../../../oslib/gcc/free_rtos/Debug/free_rtos.a(port.o)
 *fill*         0x000000002000c75a        0x6 
 .text.vPortSVCHandler
                0x000000002000c760       0x28 ../../../oslib/gcc/free_rtos/Debug/free_rtos.a(port.o)
                0x000000002000c760                vPortSVCHandler
 .text.prvPortStartFirstTask
                0x000000002000c788       0x20 ../../../oslib/gcc/free_rtos/Debug/free_rtos.a(port.o)
 .text.xPortStartScheduler
                0x000000002000c7a8       0x40 ../../../oslib/gcc/free_rtos/Debug/free_rtos.a(port.o)
                0x000000002000c7a8                xPortStartScheduler
 .text.vPortEnterCritical
                0x000000002000c7e8       0x34 ../../../oslib/gcc/free_rtos/Debug/free_rtos.a(port.o)
                0x000000002000c7e8                vPortEnterCritical
 .text.vPortExitCritical
                0x000000002000c81c       0x34 ../../../oslib/gcc/free_rtos/Debug/free_rtos.a(port.o)
                0x000000002000c81c                vPortExitCritical
 .text.xPortPendSVHandler
                0x000000002000c850       0x48 ../../../oslib/gcc/free_rtos/Debug/free_rtos.a(port.o)
                0x000000002000c850                xPortPendSVHandler
 .text.xPortSysTickHandler
                0x000000002000c898       0x44 ../../../oslib/gcc/free_rtos/Debug/free_rtos.a(port.o)
                0x000000002000c898                xPortSysTickHandler
 .text.vPortSetupTimerInterrupt
                0x000000002000c8dc       0x34 ../../../oslib/gcc/free_rtos/Debug/free_rtos.a(port.o)
                0x000000002000c8dc                vPortSetupTimerInterrupt
 .text.pvPortMalloc
                0x000000002000c910       0x2e ../../../oslib/gcc/free_rtos/Debug/free_rtos.a(heap_3.o)
                0x000000002000c910                pvPortMalloc
 .text.vPortFree
                0x000000002000c93e       0x24 ../../../oslib/gcc/free_rtos/Debug/free_rtos.a(heap_3.o)
                0x000000002000c93e                vPortFree
 .text.vListInitialise
                0x000000002000c962       0x3e ../../../oslib/gcc/free_rtos/Debug/free_rtos.a(list.o)
                0x000000002000c962                vListInitialise
 .text.vListInitialiseItem
                0x000000002000c9a0       0x18 ../../../oslib/gcc/free_rtos/Debug/free_rtos.a(list.o)
                0x000000002000c9a0                vListInitialiseItem
 .text.vListInsertEnd
                0x000000002000c9b8       0x46 ../../../oslib/gcc/free_rtos/Debug/free_rtos.a(list.o)
                0x000000002000c9b8                vListInsertEnd
 .text.vListInsert
                0x000000002000c9fe       0x70 ../../../oslib/gcc/free_rtos/Debug/free_rtos.a(list.o)
                0x000000002000c9fe                vListInsert
 .text.uxListRemove
                0x000000002000ca6e       0x52 ../../../oslib/gcc/free_rtos/Debug/free_rtos.a(list.o)
                0x000000002000ca6e                uxListRemove
 .text.GPIODirModeSet
                0x000000002000cac0       0x46 ../../../driverlib/gcc/lib/Debug/libdriver.a(gpio.o)
                0x000000002000cac0                GPIODirModeSet
 .text.GPIOIntTypeSet
                0x000000002000cb06       0xa2 ../../../driverlib/gcc/lib/Debug/libdriver.a(gpio.o)
                0x000000002000cb06                GPIOIntTypeSet
 .text.GPIOIntEnable
                0x000000002000cba8       0x2a ../../../driverlib/gcc/lib/Debug/libdriver.a(gpio.o)
                0x000000002000cba8                GPIOIntEnable
 .text.GPIOIntDisable
                0x000000002000cbd2       0x2a ../../../driverlib/gcc/lib/Debug/libdriver.a(gpio.o)
                0x000000002000cbd2                GPIOIntDisable
 .text.GPIOIntStatus
                0x000000002000cbfc       0x2e ../../../driverlib/gcc/lib/Debug/libdriver.a(gpio.o)
                0x000000002000cbfc                GPIOIntStatus
 .text.GPIOIntClear
                0x000000002000cc2a       0x20 ../../../driverlib/gcc/lib/Debug/libdriver.a(gpio.o)
                0x000000002000cc2a                GPIOIntClear
 .text.GPIOPinRead
                0x000000002000cc4a       0x22 ../../../driverlib/gcc/lib/Debug/libdriver.a(gpio.o)
                0x000000002000cc4a                GPIOPinRead
 .text.GPIOPinWrite
                0x000000002000cc6c       0x2a ../../../driverlib/gcc/lib/Debug/libdriver.a(gpio.o)
                0x000000002000cc6c                GPIOPinWrite
 *fill*         0x000000002000cc96        0x2 
 .text.I2CMasterInitExpClk
                0x000000002000cc98       0x9c ../../../driverlib/gcc/lib/Debug/libdriver.a(i2c.o)
                0x000000002000cc98                I2CMasterInitExpClk
 .text.I2CMasterEnable
                0x000000002000cd34       0x22 ../../../driverlib/gcc/lib/Debug/libdriver.a(i2c.o)
                0x000000002000cd34                I2CMasterEnable
 .text.I2CMasterIntEnableEx
                0x000000002000cd56       0x26 ../../../driverlib/gcc/lib/Debug/libdriver.a(i2c.o)
                0x000000002000cd56                I2CMasterIntEnableEx
 .text.I2CMasterIntStatusEx
                0x000000002000cd7c       0x2a ../../../driverlib/gcc/lib/Debug/libdriver.a(i2c.o)
                0x000000002000cd7c                I2CMasterIntStatusEx
 .text.I2CMasterIntClear
                0x000000002000cda6       0x26 ../../../driverlib/gcc/lib/Debug/libdriver.a(i2c.o)
                0x000000002000cda6                I2CMasterIntClear
 .text.I2CMasterSlaveAddrSet
                0x000000002000cdcc       0x26 ../../../driverlib/gcc/lib/Debug/libdriver.a(i2c.o)
                0x000000002000cdcc                I2CMasterSlaveAddrSet
 .text.I2CMasterControl
                0x000000002000cdf2       0x1e ../../../driverlib/gcc/lib/Debug/libdriver.a(i2c.o)
                0x000000002000cdf2                I2CMasterControl
 .text.I2CMasterErr
                0x000000002000ce10       0x3c ../../../driverlib/gcc/lib/Debug/libdriver.a(i2c.o)
                0x000000002000ce10                I2CMasterErr
 .text.I2CMasterDataPut
                0x000000002000ce4c       0x20 ../../../driverlib/gcc/lib/Debug/libdriver.a(i2c.o)
                0x000000002000ce4c                I2CMasterDataPut
 .text.I2CMasterDataGet
                0x000000002000ce6c       0x18 ../../../driverlib/gcc/lib/Debug/libdriver.a(i2c.o)
                0x000000002000ce6c                I2CMasterDataGet
 .text.I2CMasterTimeoutSet
                0x000000002000ce84       0x1e ../../../driverlib/gcc/lib/Debug/libdriver.a(i2c.o)
                0x000000002000ce84                I2CMasterTimeoutSet
 .text.IntDefaultHandler
                0x000000002000cea2        0x6 ../../../driverlib/gcc/lib/Debug/libdriver.a(interrupt.o)
 .text.IntMasterEnable
                0x000000002000cea8       0x10 ../../../driverlib/gcc/lib/Debug/libdriver.a(interrupt.o)
                0x000000002000cea8                IntMasterEnable
 .text.IntRegister
                0x000000002000ceb8       0x2c ../../../driverlib/gcc/lib/Debug/libdriver.a(interrupt.o)
                0x000000002000ceb8                IntRegister
 .text.IntUnregister
                0x000000002000cee4       0x2c ../../../driverlib/gcc/lib/Debug/libdriver.a(interrupt.o)
                0x000000002000cee4                IntUnregister
 .text.IntPrioritySet
                0x000000002000cf10       0x68 ../../../driverlib/gcc/lib/Debug/libdriver.a(interrupt.o)
                0x000000002000cf10                IntPrioritySet
 .text.IntEnable
                0x000000002000cf78       0xbc ../../../driverlib/gcc/lib/Debug/libdriver.a(interrupt.o)
                0x000000002000cf78                IntEnable
 .text.IntDisable
                0x000000002000d034       0xbc ../../../driverlib/gcc/lib/Debug/libdriver.a(interrupt.o)
                0x000000002000d034                IntDisable
 .text.IntPendClear
                0x000000002000d0f0       0x68 ../../../driverlib/gcc/lib/Debug/libdriver.a(interrupt.o)
                0x000000002000d0f0                IntPendClear
 .text.I2SGBLEnable
                0x000000002000d158       0x3e ../../../driverlib/gcc/lib/Debug/libdriver.a(i2s.o)
 .text.I2SEnable
                0x000000002000d196       0x9e ../../../driverlib/gcc/lib/Debug/libdriver.a(i2s.o)
                0x000000002000d196                I2SEnable
 .text.I2SConfigSetExpClk
                0x000000002000d234      0x118 ../../../driverlib/gcc/lib/Debug/libdriver.a(i2s.o)
                0x000000002000d234                I2SConfigSetExpClk
 .text.I2STxFIFOEnable
                0x000000002000d34c       0x30 ../../../driverlib/gcc/lib/Debug/libdriver.a(i2s.o)
                0x000000002000d34c                I2STxFIFOEnable
 .text.I2SRxFIFOEnable
                0x000000002000d37c       0x34 ../../../driverlib/gcc/lib/Debug/libdriver.a(i2s.o)
                0x000000002000d37c                I2SRxFIFOEnable
 .text.I2SSerializerConfig
                0x000000002000d3b0       0x5c ../../../driverlib/gcc/lib/Debug/libdriver.a(i2s.o)
                0x000000002000d3b0                I2SSerializerConfig
 .text.I2SIntEnable
                0x000000002000d40c       0x50 ../../../driverlib/gcc/lib/Debug/libdriver.a(i2s.o)
                0x000000002000d40c                I2SIntEnable
 .text.I2SIntClear
                0x000000002000d45c       0x48 ../../../driverlib/gcc/lib/Debug/libdriver.a(i2s.o)
                0x000000002000d45c                I2SIntClear
 .text.I2SIntRegister
                0x000000002000d4a4       0x20 ../../../driverlib/gcc/lib/Debug/libdriver.a(i2s.o)
                0x000000002000d4a4                I2SIntRegister
 .text.PinModeSet
                0x000000002000d4c4       0x48 ../../../driverlib/gcc/lib/Debug/libdriver.a(pin.o)
                0x000000002000d4c4                PinModeSet
 .text.PinConfigSet
                0x000000002000d50c       0x9c ../../../driverlib/gcc/lib/Debug/libdriver.a(pin.o)
                0x000000002000d50c                PinConfigSet
 .text.PinTypeUART
                0x000000002000d5a8       0x24 ../../../driverlib/gcc/lib/Debug/libdriver.a(pin.o)
                0x000000002000d5a8                PinTypeUART
 .text.PinTypeI2C
                0x000000002000d5cc       0x26 ../../../driverlib/gcc/lib/Debug/libdriver.a(pin.o)
                0x000000002000d5cc                PinTypeI2C
 .text.PinTypeI2S
                0x000000002000d5f2       0x24 ../../../driverlib/gcc/lib/Debug/libdriver.a(pin.o)
                0x000000002000d5f2                PinTypeI2S
 .text.PinTypeGPIO
                0x000000002000d616       0x3a ../../../driverlib/gcc/lib/Debug/libdriver.a(pin.o)
                0x000000002000d616                PinTypeGPIO
 .text.PRCMSysResetCauseGet
                0x000000002000d650       0x3c ../../../driverlib/gcc/lib/Debug/libdriver.a(prcm.o)
                0x000000002000d650                PRCMSysResetCauseGet
 .text.PRCMPeripheralClkEnable
                0x000000002000d68c       0x5c ../../../driverlib/gcc/lib/Debug/libdriver.a(prcm.o)
                0x000000002000d68c                PRCMPeripheralClkEnable
 .text.PRCMPeripheralClkDisable
                0x000000002000d6e8       0x48 ../../../driverlib/gcc/lib/Debug/libdriver.a(prcm.o)
                0x000000002000d6e8                PRCMPeripheralClkDisable
 .text.PRCMPeripheralClockGet
                0x000000002000d730       0xa8 ../../../driverlib/gcc/lib/Debug/libdriver.a(prcm.o)
                0x000000002000d730                PRCMPeripheralClockGet
 .text.PRCMPeripheralReset
                0x000000002000d7d8       0x8c ../../../driverlib/gcc/lib/Debug/libdriver.a(prcm.o)
                0x000000002000d7d8                PRCMPeripheralReset
 .text.PRCMPeripheralStatusGet
                0x000000002000d864       0x40 ../../../driverlib/gcc/lib/Debug/libdriver.a(prcm.o)
                0x000000002000d864                PRCMPeripheralStatusGet
 .text.PRCMI2SClockFreqSet
                0x000000002000d8a4       0x60 ../../../driverlib/gcc/lib/Debug/libdriver.a(prcm.o)
                0x000000002000d8a4                PRCMI2SClockFreqSet
 .text.PRCMCC3200MCUInit
                0x000000002000d904      0x1a0 ../../../driverlib/gcc/lib/Debug/libdriver.a(prcm.o)
                0x000000002000d904                PRCMCC3200MCUInit
 .text.PRCMHIBRegRead
                0x000000002000daa4       0x20 ../../../driverlib/gcc/lib/Debug/libdriver.a(prcm.o)
                0x000000002000daa4                PRCMHIBRegRead
 .text.PRCMHIBRegWrite
                0x000000002000dac4       0x20 ../../../driverlib/gcc/lib/Debug/libdriver.a(prcm.o)
                0x000000002000dac4                PRCMHIBRegWrite
 .text.SPIDmaMaskGet
                0x000000002000dae4       0x48 ../../../driverlib/gcc/lib/Debug/libdriver.a(spi.o)
 .text.SPIEnable
                0x000000002000db2c       0x26 ../../../driverlib/gcc/lib/Debug/libdriver.a(spi.o)
                0x000000002000db2c                SPIEnable
 .text.SPIDisable
                0x000000002000db52       0x26 ../../../driverlib/gcc/lib/Debug/libdriver.a(spi.o)
                0x000000002000db52                SPIDisable
 .text.SPIDmaEnable
                0x000000002000db78       0x2a ../../../driverlib/gcc/lib/Debug/libdriver.a(spi.o)
                0x000000002000db78                SPIDmaEnable
 .text.SPIDmaDisable
                0x000000002000dba2       0x2a ../../../driverlib/gcc/lib/Debug/libdriver.a(spi.o)
                0x000000002000dba2                SPIDmaDisable
 .text.SPIReset
                0x000000002000dbcc       0x3a ../../../driverlib/gcc/lib/Debug/libdriver.a(spi.o)
                0x000000002000dbcc                SPIReset
 *fill*         0x000000002000dc06        0x2 
 .text.SPIConfigSetExpClk
                0x000000002000dc08       0xb4 ../../../driverlib/gcc/lib/Debug/libdriver.a(spi.o)
                0x000000002000dc08                SPIConfigSetExpClk
 .text.SPIFIFOEnable
                0x000000002000dcbc       0x2a ../../../driverlib/gcc/lib/Debug/libdriver.a(spi.o)
                0x000000002000dcbc                SPIFIFOEnable
 .text.SPIFIFODisable
                0x000000002000dce6       0x2a ../../../driverlib/gcc/lib/Debug/libdriver.a(spi.o)
                0x000000002000dce6                SPIFIFODisable
 .text.SPIFIFOLevelSet
                0x000000002000dd10       0x42 ../../../driverlib/gcc/lib/Debug/libdriver.a(spi.o)
                0x000000002000dd10                SPIFIFOLevelSet
 .text.SPIWordCountSet
                0x000000002000dd52       0x30 ../../../driverlib/gcc/lib/Debug/libdriver.a(spi.o)
                0x000000002000dd52                SPIWordCountSet
 *fill*         0x000000002000dd82        0x2 
 .text.SPIIntEnable
                0x000000002000dd84       0x68 ../../../driverlib/gcc/lib/Debug/libdriver.a(spi.o)
                0x000000002000dd84                SPIIntEnable
 .text.SPIIntClear
                0x000000002000ddec       0x60 ../../../driverlib/gcc/lib/Debug/libdriver.a(spi.o)
                0x000000002000ddec                SPIIntClear
 .text.SPICSEnable
                0x000000002000de4c       0x26 ../../../driverlib/gcc/lib/Debug/libdriver.a(spi.o)
                0x000000002000de4c                SPICSEnable
 .text.SPICSDisable
                0x000000002000de72       0x26 ../../../driverlib/gcc/lib/Debug/libdriver.a(spi.o)
                0x000000002000de72                SPICSDisable
 .text.TimerEnable
                0x000000002000de98       0x2a ../../../driverlib/gcc/lib/Debug/libdriver.a(timer.o)
                0x000000002000de98                TimerEnable
 *fill*         0x000000002000dec2        0x2 
 .text.TimerConfigure
                0x000000002000dec4       0x54 ../../../driverlib/gcc/lib/Debug/libdriver.a(timer.o)
                0x000000002000dec4                TimerConfigure
 .text.TimerPrescaleSet
                0x000000002000df18       0x3c ../../../driverlib/gcc/lib/Debug/libdriver.a(timer.o)
                0x000000002000df18                TimerPrescaleSet
 .text.TimerLoadSet
                0x000000002000df54       0x3c ../../../driverlib/gcc/lib/Debug/libdriver.a(timer.o)
                0x000000002000df54                TimerLoadSet
 .text.TimerValueGet
                0x000000002000df90       0x28 ../../../driverlib/gcc/lib/Debug/libdriver.a(timer.o)
                0x000000002000df90                TimerValueGet
 .text.UARTConfigSetExpClk
                0x000000002000dfb8       0x92 ../../../driverlib/gcc/lib/Debug/libdriver.a(uart.o)
                0x000000002000dfb8                UARTConfigSetExpClk
 .text.UARTEnable
                0x000000002000e04a       0x36 ../../../driverlib/gcc/lib/Debug/libdriver.a(uart.o)
                0x000000002000e04a                UARTEnable
 .text.UARTDisable
                0x000000002000e080       0x46 ../../../driverlib/gcc/lib/Debug/libdriver.a(uart.o)
                0x000000002000e080                UARTDisable
 .text.UARTCharPut
                0x000000002000e0c6       0x2c ../../../driverlib/gcc/lib/Debug/libdriver.a(uart.o)
                0x000000002000e0c6                UARTCharPut
 *fill*         0x000000002000e0f2        0x2 
 .text.uDMAEnable
                0x000000002000e0f4       0x18 ../../../driverlib/gcc/lib/Debug/libdriver.a(udma.o)
                0x000000002000e0f4                uDMAEnable
 .text.uDMAChannelEnable
                0x000000002000e10c       0x24 ../../../driverlib/gcc/lib/Debug/libdriver.a(udma.o)
                0x000000002000e10c                uDMAChannelEnable
 .text.uDMAControlBaseSet
                0x000000002000e130       0x1c ../../../driverlib/gcc/lib/Debug/libdriver.a(udma.o)
                0x000000002000e130                uDMAControlBaseSet
 .text.uDMAControlBaseGet
                0x000000002000e14c       0x14 ../../../driverlib/gcc/lib/Debug/libdriver.a(udma.o)
                0x000000002000e14c                uDMAControlBaseGet
 .text.uDMAChannelAttributeEnable
                0x000000002000e160       0x7c ../../../driverlib/gcc/lib/Debug/libdriver.a(udma.o)
                0x000000002000e160                uDMAChannelAttributeEnable
 .text.uDMAChannelAttributeDisable
                0x000000002000e1dc       0x7c ../../../driverlib/gcc/lib/Debug/libdriver.a(udma.o)
                0x000000002000e1dc                uDMAChannelAttributeDisable
 .text.uDMAChannelControlSet
                0x000000002000e258       0x48 ../../../driverlib/gcc/lib/Debug/libdriver.a(udma.o)
                0x000000002000e258                uDMAChannelControlSet
 .text.uDMAChannelTransferSet
                0x000000002000e2a0      0x104 ../../../driverlib/gcc/lib/Debug/libdriver.a(udma.o)
                0x000000002000e2a0                uDMAChannelTransferSet
 .text.uDMAIntStatus
                0x000000002000e3a4       0x14 ../../../driverlib/gcc/lib/Debug/libdriver.a(udma.o)
                0x000000002000e3a4                uDMAIntStatus
 .text.uDMAIntClear
                0x000000002000e3b8       0x1c ../../../driverlib/gcc/lib/Debug/libdriver.a(udma.o)
                0x000000002000e3b8                uDMAIntClear
 .text.uDMAChannelAssign
                0x000000002000e3d4       0x58 ../../../driverlib/gcc/lib/Debug/libdriver.a(udma.o)
                0x000000002000e3d4                uDMAChannelAssign
 .text.UtilsDelay
                0x000000002000e42c        0xa ../../../driverlib/gcc/lib/Debug/libdriver.a(utils.o)
                0x000000002000e42c                UtilsDelay
 .text.CPUcpsie
                0x000000002000e436       0x16 ../../../driverlib/gcc/lib/Debug/libdriver.a(cpu.o)
                0x000000002000e436                CPUcpsie
 .text.malloc   0x000000002000e44c       0x10 /Applications/ARM/bin/../lib/gcc/arm-none-eabi/10.3.1/../../../../arm-none-eabi/lib/thumb/v7e-m/nofp/libc_nano.a(lib_a-malloc.o)
                0x000000002000e44c                malloc
 .text.free     0x000000002000e45c       0x10 /Applications/ARM/bin/../lib/gcc/arm-none-eabi/10.3.1/../../../../arm-none-eabi/lib/thumb/v7e-m/nofp/libc_nano.a(lib_a-malloc.o)
                0x000000002000e45c                free
 .text.memcpy   0x000000002000e46c       0x1c /Applications/ARM/bin/../lib/gcc/arm-none-eabi/10.3.1/../../../../arm-none-eabi/lib/thumb/v7e-m/nofp/libc_nano.a(lib_a-memcpy-stub.o)
                0x000000002000e46c                memcpy
 .text.memmove  0x000000002000e488       0x34 /Applications/ARM/bin/../lib/gcc/arm-none-eabi/10.3.1/../../../../arm-none-eabi/lib/thumb/v7e-m/nofp/libc_nano.a(lib_a-memmove.o)
                0x000000002000e488                memmove
 .text.memset   0x000000002000e4bc       0x10 /Applications/ARM/bin/../lib/gcc/arm-none-eabi/10.3.1/../../../../arm-none-eabi/lib/thumb/v7e-m/nofp/libc_nano.a(lib_a-memset.o)
                0x000000002000e4bc                memset
 .text._free_r  0x000000002000e4cc       0x94 /Applications/ARM/bin/../lib/gcc/arm-none-eabi/10.3.1/../../../../arm-none-eabi/lib/thumb/v7e-m/nofp/libc_nano.a(lib_a-nano-freer.o)
                0x000000002000e4cc                _free_r
 .text.sbrk_aligned
                0x000000002000e560       0x40 /Applications/ARM/bin/../lib/gcc/arm-none-eabi/10.3.1/../../../../arm-none-eabi/lib/thumb/v7e-m/nofp/libc_nano.a(lib_a-nano-mallocr.o)
 .text._malloc_r
                0x000000002000e5a0       0xe8 /Applications/ARM/bin/../lib/gcc/arm-none-eabi/10.3.1/../../../../arm-none-eabi/lib/thumb/v7e-m/nofp/libc_nano.a(lib_a-nano-mallocr.o)
                0x000000002000e5a0                _malloc_r
 .text.realloc  0x000000002000e688       0x10 /Applications/ARM/bin/../lib/gcc/arm-none-eabi/10.3.1/../../../../arm-none-eabi/lib/thumb/v7e-m/nofp/libc_nano.a(lib_a-realloc.o)
                0x000000002000e688                realloc
 .text._sbrk_r  0x000000002000e698       0x20 /Applications/ARM/bin/../lib/gcc/arm-none-eabi/10.3.1/../../../../arm-none-eabi/lib/thumb/v7e-m/nofp/libc_nano.a(lib_a-sbrkr.o)
                0x000000002000e698                _sbrk_r
 .text._vsnprintf_r
                0x000000002000e6b8       0x56 /Applications/ARM/bin/../lib/gcc/arm-none-eabi/10.3.1/../../../../arm-none-eabi/lib/thumb/v7e-m/nofp/libc_nano.a(lib_a-vsnprintf.o)
                0x000000002000e6b8                _vsnprintf_r
                0x000000002000e6b8                _vsniprintf_r
 *fill*         0x000000002000e70e        0x2 
 .text.vsnprintf
                0x000000002000e710       0x1c /Applications/ARM/bin/../lib/gcc/arm-none-eabi/10.3.1/../../../../arm-none-eabi/lib/thumb/v7e-m/nofp/libc_nano.a(lib_a-vsnprintf.o)
                0x000000002000e710                vsnprintf
                0x000000002000e710                vsniprintf
 .text.__malloc_lock
                0x000000002000e72c        0xc /Applications/ARM/bin/../lib/gcc/arm-none-eabi/10.3.1/../../../../arm-none-eabi/lib/thumb/v7e-m/nofp/libc_nano.a(lib_a-mlock.o)
                0x000000002000e72c                __malloc_lock
 .text.__malloc_unlock
                0x000000002000e738        0xc /Applications/ARM/bin/../lib/gcc/arm-none-eabi/10.3.1/../../../../arm-none-eabi/lib/thumb/v7e-m/nofp/libc_nano.a(lib_a-mlock.o)
                0x000000002000e738                __malloc_unlock
 .text._realloc_r
                0x000000002000e744       0x5e /Applications/ARM/bin/../lib/gcc/arm-none-eabi/10.3.1/../../../../arm-none-eabi/lib/thumb/v7e-m/nofp/libc_nano.a(lib_a-nano-reallocr.o)
                0x000000002000e744                _realloc_r
 .text.__ssputs_r
                0x000000002000e7a2       0xb6 /Applications/ARM/bin/../lib/gcc/arm-none-eabi/10.3.1/../../../../arm-none-eabi/lib/thumb/v7e-m/nofp/libc_nano.a(lib_a-nano-svfprintf.o)
                0x000000002000e7a2                __ssputs_r
 .text._svfprintf_r
                0x000000002000e858      0x200 /Applications/ARM/bin/../lib/gcc/arm-none-eabi/10.3.1/../../../../arm-none-eabi/lib/thumb/v7e-m/nofp/libc_nano.a(lib_a-nano-svfprintf.o)
                0x000000002000e858                _svfprintf_r
                0x000000002000e858                _svfiprintf_r
 .text._printf_common
                0x000000002000ea58       0xda /Applications/ARM/bin/../lib/gcc/arm-none-eabi/10.3.1/../../../../arm-none-eabi/lib/thumb/v7e-m/nofp/libc_nano.a(lib_a-nano-vfprintf_i.o)
                0x000000002000ea58                _printf_common
 *fill*         0x000000002000eb32        0x2 
 .text._printf_i
                0x000000002000eb34      0x24c /Applications/ARM/bin/../lib/gcc/arm-none-eabi/10.3.1/../../../../arm-none-eabi/lib/thumb/v7e-m/nofp/libc_nano.a(lib_a-nano-vfprintf_i.o)
                0x000000002000eb34                _printf_i
 .text.__retarget_lock_acquire_recursive
                0x000000002000ed80        0x2 /Applications/ARM/bin/../lib/gcc/arm-none-eabi/10.3.1/../../../../arm-none-eabi/lib/thumb/v7e-m/nofp/libc_nano.a(lib_a-lock.o)
                0x000000002000ed80                __retarget_lock_acquire_recursive
 .text.__retarget_lock_release_recursive
                0x000000002000ed82        0x2 /Applications/ARM/bin/../lib/gcc/arm-none-eabi/10.3.1/../../../../arm-none-eabi/lib/thumb/v7e-m/nofp/libc_nano.a(lib_a-lock.o)
                0x000000002000ed82                __retarget_lock_release_recursive
 *fill*         0x000000002000ed84        0xc 
 .text          0x000000002000ed90       0xa0 /Applications/ARM/bin/../lib/gcc/arm-none-eabi/10.3.1/../../../../arm-none-eabi/lib/thumb/v7e-m/nofp/libc_nano.a(lib_a-memchr.o)
                0x000000002000ed90                memchr
 .text._malloc_usable_size_r
                0x000000002000ee30       0x10 /Applications/ARM/bin/../lib/gcc/arm-none-eabi/10.3.1/../../../../arm-none-eabi/lib/thumb/v7e-m/nofp/libc_nano.a(lib_a-nano-msizer.o)
                0x000000002000ee30                _malloc_usable_size_r
 .text          0x000000002000ee40       0x30 /Applications/ARM/bin/../lib/gcc/arm-none-eabi/10.3.1/thumb/v7e-m/nofp/libgcc.a(_aeabi_uldivmod.o)
                0x000000002000ee40                __aeabi_uldivmod
 .text          0x000000002000ee70      0x2d0 /Applications/ARM/bin/../lib/gcc/arm-none-eabi/10.3.1/thumb/v7e-m/nofp/libgcc.a(_udivmoddi4.o)
                0x000000002000ee70                __udivmoddi4
 .text          0x000000002000f140        0x4 /Applications/ARM/bin/../lib/gcc/arm-none-eabi/10.3.1/thumb/v7e-m/nofp/libgcc.a(_dvmd_tls.o)
                0x000000002000f140                __aeabi_ldiv0
                0x000000002000f140                __aeabi_idiv0
 *(.rodata*)
 .rodata        0x000000002000f144       0x6d obj/Unicast/Debug/audiocodec.o
 *fill*         0x000000002000f1b1        0x3 
 .rodata        0x000000002000f1b4       0xe9 obj/Unicast/Debug/control.o
 *fill*         0x000000002000f29d        0x3 
 .rodata.__FUNCTION__.2
                0x000000002000f2a0        0xc obj/Unicast/Debug/control.o
 .rodata.__FUNCTION__.1
                0x000000002000f2ac       0x12 obj/Unicast/Debug/control.o
 *fill*         0x000000002000f2be        0x2 
 .rodata        0x000000002000f2c0       0xa8 obj/Unicast/Debug/main.o
 .rodata.__FUNCTION__.0
                0x000000002000f368        0x5 obj/Unicast/Debug/main.o
 *fill*         0x000000002000f36d        0x3 
 .rodata        0x000000002000f370       0x30 obj/Unicast/Debug/microphone.o
 .rodata        0x000000002000f3a0      0x293 obj/Unicast/Debug/network.o
 *fill*         0x000000002000f633        0x1 
 .rodata.__FUNCTION__.2
                0x000000002000f634        0xe obj/Unicast/Debug/network.o
 *fill*         0x000000002000f642        0x2 
 .rodata.__FUNCTION__.1
                0x000000002000f644       0x11 obj/Unicast/Debug/network.o
 *fill*         0x000000002000f655        0x3 
 .rodata.__FUNCTION__.0
                0x000000002000f658       0x10 obj/Unicast/Debug/network.o
 .rodata        0x000000002000f668       0x2d obj/Unicast/Debug/smartconfig.o
 *fill*         0x000000002000f695        0x3 
 .rodata.__FUNCTION__.1
                0x000000002000f698       0x13 obj/Unicast/Debug/smartconfig.o
 *fill*         0x000000002000f6ab        0x1 
 .rodata        0x000000002000f6ac       0x16 obj/Unicast/Debug/speaker.o
 *fill*         0x000000002000f6c2        0x2 
 .rodata        0x000000002000f6c4       0x2a obj/Unicast/Debug/uart_if.o
 *fill*         0x000000002000f6ee        0x2 
 .rodata.StartResponseLUT
                0x000000002000f6f0        0x8 ../../../simplelink/gcc/lib/os/Debug/libsimplelink.a(device.o)
 .rodata._SlStopCmdCtrl
                0x000000002000f6f8        0x4 ../../../simplelink/gcc/lib/os/Debug/libsimplelink.a(device.o)
 .rodata.g_H2NSyncPattern
                0x000000002000f6fc        0x8 ../../../simplelink/gcc/lib/os/Debug/libsimplelink.a(driver.o)
 .rodata.g_H2NCnysPattern
                0x000000002000f704        0x8 ../../../simplelink/gcc/lib/os/Debug/libsimplelink.a(driver.o)
 .rodata._SlActionLookupTable
                0x000000002000f70c       0x38 ../../../simplelink/gcc/lib/os/Debug/libsimplelink.a(driver.o)
                0x000000002000f70c                _SlActionLookupTable
 .rodata.OpcodeTranslateTable
                0x000000002000f744       0x3c ../../../simplelink/gcc/lib/os/Debug/libsimplelink.a(driver.o)
                0x000000002000f744                OpcodeTranslateTable
 .rodata.RxMsgClassLUT
                0x000000002000f780       0x20 ../../../simplelink/gcc/lib/os/Debug/libsimplelink.a(driver.o)
 .rodata._SlRegisterServiceCtrl
                0x000000002000f7a0        0x4 ../../../simplelink/gcc/lib/os/Debug/libsimplelink.a(netapp.o)
 .rodata._SlGetHostByServiceCtrl
                0x000000002000f7a4        0x4 ../../../simplelink/gcc/lib/os/Debug/libsimplelink.a(netapp.o)
 .rodata._SlNetAppSendTokenValueCmdCtrl
                0x000000002000f7a8        0x4 ../../../simplelink/gcc/lib/os/Debug/libsimplelink.a(netapp.o)
                0x000000002000f7a8                _SlNetAppSendTokenValueCmdCtrl
 .rodata._SlPayloadByProtocolLUT
                0x000000002000f7ac       0x10 ../../../simplelink/gcc/lib/os/Debug/libsimplelink.a(socket.o)
 .rodata._SlSockSocketCmdCtrl
                0x000000002000f7bc        0x4 ../../../simplelink/gcc/lib/os/Debug/libsimplelink.a(socket.o)
 .rodata._SlRecvfomCmdCtrl
                0x000000002000f7c0        0x4 ../../../simplelink/gcc/lib/os/Debug/libsimplelink.a(socket.o)
 .rodata._SlSelectCmdCtrl
                0x000000002000f7c4        0x4 ../../../simplelink/gcc/lib/os/Debug/libsimplelink.a(socket.o)
 .rodata._SlPolicySetCmdCtrl
                0x000000002000f7c8        0x4 ../../../simplelink/gcc/lib/os/Debug/libsimplelink.a(wlan.o)
 .rodata._SlProfileDelCmdCtrl
                0x000000002000f7cc        0x4 ../../../simplelink/gcc/lib/os/Debug/libsimplelink.a(wlan.o)
 .rodata._SlSmartConfigStartCmdCtrl
                0x000000002000f7d0        0x4 ../../../simplelink/gcc/lib/os/Debug/libsimplelink.a(wlan.o)
 .rodata._SlWlanSetModeCmdCtrl
                0x000000002000f7d4        0x4 ../../../simplelink/gcc/lib/os/Debug/libsimplelink.a(wlan.o)
 .rodata        0x000000002000f7d8        0x9 ../../../simplelink/gcc/lib/os/Debug/libsimplelink.a(cc_pal.o)
 *fill*         0x000000002000f7e1        0x3 
 .rodata        0x000000002000f7e4        0x8 ../../../oslib/gcc/free_rtos/Debug/free_rtos.a(osi_freertos.o)
 .rodata        0x000000002000f7ec        0x5 ../../../oslib/gcc/free_rtos/Debug/free_rtos.a(tasks.o)
 *fill*         0x000000002000f7f1        0x3 
 .rodata.g_pulRegs
                0x000000002000f7f4       0xd4 ../../../driverlib/gcc/lib/Debug/libdriver.a(interrupt.o)
 .rodata.g_pulEnRegs
                0x000000002000f8c8       0x18 ../../../driverlib/gcc/lib/Debug/libdriver.a(interrupt.o)
 .rodata.g_pulDisRegs
                0x000000002000f8e0       0x18 ../../../driverlib/gcc/lib/Debug/libdriver.a(interrupt.o)
 .rodata.g_pulUnpendRegs
                0x000000002000f8f8       0x18 ../../../driverlib/gcc/lib/Debug/libdriver.a(interrupt.o)
 .rodata.g_ulPinToPadMap
                0x000000002000f910      0x100 ../../../driverlib/gcc/lib/Debug/libdriver.a(pin.o)
 .rodata.PRCM_PeriphRegsList
                0x000000002000fa10       0xa8 ../../../driverlib/gcc/lib/Debug/libdriver.a(prcm.o)
 .rodata.g_ulSPIDmaMaskMap
                0x000000002000fab8       0x18 ../../../driverlib/gcc/lib/Debug/libdriver.a(spi.o)
 .rodata._svfprintf_r.str1.1
                0x000000002000fad0       0x11 /Applications/ARM/bin/../lib/gcc/arm-none-eabi/10.3.1/../../../../arm-none-eabi/lib/thumb/v7e-m/nofp/libc_nano.a(lib_a-nano-svfprintf.o)
 .rodata._printf_i.str1.1
                0x000000002000fae1       0x22 /Applications/ARM/bin/../lib/gcc/arm-none-eabi/10.3.1/../../../../arm-none-eabi/lib/thumb/v7e-m/nofp/libc_nano.a(lib_a-nano-vfprintf_i.o)
 *(.ARM.extab* .gnu.linkonce.armextab.*)
                0x000000002000fb08                . = ALIGN (0x8)
 *fill*         0x000000002000fb03        0x5 
                0x000000002000fb08                _etext = .

.glue_7         0x000000002000fb08        0x0
 .glue_7        0x000000002000fb08        0x0 linker stubs

.glue_7t        0x000000002000fb08        0x0
 .glue_7t       0x000000002000fb08        0x0 linker stubs

.vfp11_veneer   0x000000002000fb08        0x0
 .vfp11_veneer  0x000000002000fb08        0x0 linker stubs

.v4_bx          0x000000002000fb08        0x0
 .v4_bx         0x000000002000fb08        0x0 linker stubs

.iplt           0x000000002000fb08        0x0
 .iplt          0x000000002000fb08        0x0 obj/Unicast/Debug/audiocodec.o

.ARM            0x000000002000fb08        0x8
                0x000000002000fb08                __exidx_start = .
 *(.ARM.exidx*)
 .ARM.exidx     0x000000002000fb08        0x8 /Applications/ARM/bin/../lib/gcc/arm-none-eabi/10.3.1/thumb/v7e-m/nofp/libgcc.a(_udivmoddi4.o)
                0x000000002000fb10                __exidx_end = .
                0x000000002000fb10                __init_data = .

.rel.dyn        0x000000002000fb10        0x0
 .rel.iplt      0x000000002000fb10        0x0 obj/Unicast/Debug/audiocodec.o

.data           0x000000002000fb10       0x88
                0x000000002000fb10                _data = .
 *(.data*)
 .data.g_loopback
                0x000000002000fb10        0x1 obj/Unicast/Debug/main.o
                0x000000002000fb10                g_loopback
 *fill*         0x000000002000fb11        0x3 
 .data.ulReg    0x000000002000fb14       0x14 obj/Unicast/Debug/gpio_if.o
 .data.wlan_callbacks
                0x000000002000fb28        0x4 ../../../simplelink/gcc/lib/os/Debug/libsimplelink.a(driver.o)
 .data.uxCriticalNesting
                0x000000002000fb2c        0x4 ../../../oslib/gcc/free_rtos/Debug/free_rtos.a(port.o)
 .data._impure_ptr
                0x000000002000fb30        0x4 /Applications/ARM/bin/../lib/gcc/arm-none-eabi/10.3.1/../../../../arm-none-eabi/lib/thumb/v7e-m/nofp/libc_nano.a(lib_a-impure.o)
                0x000000002000fb30                _impure_ptr
 .data.impure_data
                0x000000002000fb34       0x60 /Applications/ARM/bin/../lib/gcc/arm-none-eabi/10.3.1/../../../../arm-none-eabi/lib/thumb/v7e-m/nofp/libc_nano.a(lib_a-impure.o)
                0x000000002000fb98                . = ALIGN (0x8)
 *fill*         0x000000002000fb94        0x4 
                0x000000002000fb98                _edata = .

.igot.plt       0x000000002000fb98        0x0
 .igot.plt      0x000000002000fb98        0x0 obj/Unicast/Debug/audiocodec.o

.bss            0x000000002000fc00     0x5bd1
                0x000000002000fc00                _bss = .
 *(.bss*)
 .bss.val       0x000000002000fc00        0x2 obj/Unicast/Debug/audiocodec.o
 .bss.I         0x000000002000fc02        0x1 obj/Unicast/Debug/audiocodec.o
 .bss.J         0x000000002000fc03        0x1 obj/Unicast/Debug/audiocodec.o
 .bss.vol.0     0x000000002000fc04        0x1 obj/Unicast/Debug/audiocodec.o
 *fill*         0x000000002000fc05        0x3 
 .bss.g_pAudioInControlHdl
                0x000000002000fc08        0x4 obj/Unicast/Debug/control.o
                0x000000002000fc08                g_pAudioInControlHdl
 .bss.g_pAudioOutControlHdl
                0x000000002000fc0c        0x4 obj/Unicast/Debug/control.o
                0x000000002000fc0c                g_pAudioOutControlHdl
 .bss.g_AudioControlTask
                0x000000002000fc10        0x4 obj/Unicast/Debug/control.o
                0x000000002000fc10                g_AudioControlTask
 .bss.g_ControlMsgQueue
                0x000000002000fc14        0x4 obj/Unicast/Debug/control.o
                0x000000002000fc14                g_ControlMsgQueue
 .bss.g_ucMicStartFlag
                0x000000002000fc18        0x1 obj/Unicast/Debug/control.o
                0x000000002000fc18                g_ucMicStartFlag
 .bss.g_ucSpkrStartFlag
                0x000000002000fc19        0x1 obj/Unicast/Debug/control.o
                0x000000002000fc19                g_ucSpkrStartFlag
 *fill*         0x000000002000fc1a        0x2 
 .bss.pRecordBuffer
                0x000000002000fc1c        0x4 obj/Unicast/Debug/main.o
                0x000000002000fc1c                pRecordBuffer
 .bss.pPlayBuffer
                0x000000002000fc20        0x4 obj/Unicast/Debug/main.o
                0x000000002000fc20                pPlayBuffer
 .bss.g_UdpSock
                0x000000002000fc24       0x2c obj/Unicast/Debug/main.o
                0x000000002000fc24                g_UdpSock
 .bss.g_SpeakerTask
                0x000000002000fc50        0x4 obj/Unicast/Debug/main.o
                0x000000002000fc50                g_SpeakerTask
 .bss.g_MicTask
                0x000000002000fc54        0x4 obj/Unicast/Debug/main.o
                0x000000002000fc54                g_MicTask
 .bss.g_NetworkTask
                0x000000002000fc58        0x4 obj/Unicast/Debug/main.o
                0x000000002000fc58                g_NetworkTask
 .bss.g_iSentCount
                0x000000002000fc5c        0x4 obj/Unicast/Debug/microphone.o
                0x000000002000fc5c                g_iSentCount
 .bss.g_ulStatus
                0x000000002000fc60        0x4 obj/Unicast/Debug/network.o
                0x000000002000fc60                g_ulStatus
 .bss.g_uiIpAddress
                0x000000002000fc64        0x4 obj/Unicast/Debug/network.o
                0x000000002000fc64                g_uiIpAddress
 .bss.g_ucConnectionSSID
                0x000000002000fc68       0x21 obj/Unicast/Debug/network.o
                0x000000002000fc68                g_ucConnectionSSID
 *fill*         0x000000002000fc89        0x3 
 .bss.g_ucConnectionBSSID
                0x000000002000fc8c        0x6 obj/Unicast/Debug/network.o
                0x000000002000fc8c                g_ucConnectionBSSID
 *fill*         0x000000002000fc92        0x2 
 .bss.g_pRecordBuffer
                0x000000002000fc94        0x4 obj/Unicast/Debug/pcm_handler.o
                0x000000002000fc94                g_pRecordBuffer
 .bss.g_pPlayBuffer
                0x000000002000fc98        0x4 obj/Unicast/Debug/pcm_handler.o
                0x000000002000fc98                g_pPlayBuffer
 .bss.gaucZeroBuffer
                0x000000002000fc9c      0x200 obj/Unicast/Debug/pcm_handler.o
                0x000000002000fc9c                gaucZeroBuffer
 .bss.g_uiPlayWaterMark
                0x000000002000fe9c        0x4 obj/Unicast/Debug/pcm_handler.o
                0x000000002000fe9c                g_uiPlayWaterMark
 .bss.g_iReceiveCount
                0x000000002000fea0        0x4 obj/Unicast/Debug/speaker.o
                0x000000002000fea0                g_iReceiveCount
 .bss.g_iRetVal
                0x000000002000fea4        0x4 obj/Unicast/Debug/speaker.o
                0x000000002000fea4                g_iRetVal
 .bss.speaker_data
                0x000000002000fea8     0x4000 obj/Unicast/Debug/speaker.o
                0x000000002000fea8                speaker_data
 .bss.__Errorlog
                0x0000000020013ea8        0x4 obj/Unicast/Debug/uart_if.o
 .bss.iDone     0x0000000020013eac        0x1 obj/Unicast/Debug/udma_if.o
                0x0000000020013eac                iDone
 *fill*         0x0000000020013ead        0x3 
 .bss.gfpAppCallbackHndl
                0x0000000020013eb0      0x100 obj/Unicast/Debug/udma_if.o
                0x0000000020013eb0                gfpAppCallbackHndl
 *fill*         0x0000000020013fb0       0x50 
 .bss.gpCtlTbl  0x0000000020014000      0x400 obj/Unicast/Debug/udma_if.o
                0x0000000020014000                gpCtlTbl
 .bss.g_uiLED1Port
                0x0000000020014400        0x4 obj/Unicast/Debug/gpio_if.o
                0x0000000020014400                g_uiLED1Port
 .bss.g_uiLED2Port
                0x0000000020014404        0x4 obj/Unicast/Debug/gpio_if.o
                0x0000000020014404                g_uiLED2Port
 .bss.g_uiLED3Port
                0x0000000020014408        0x4 obj/Unicast/Debug/gpio_if.o
                0x0000000020014408                g_uiLED3Port
 .bss.g_ucLED1Pin
                0x000000002001440c        0x1 obj/Unicast/Debug/gpio_if.o
                0x000000002001440c                g_ucLED1Pin
 .bss.g_ucLED2Pin
                0x000000002001440d        0x1 obj/Unicast/Debug/gpio_if.o
                0x000000002001440d                g_ucLED2Pin
 .bss.g_ucLED3Pin
                0x000000002001440e        0x1 obj/Unicast/Debug/gpio_if.o
                0x000000002001440e                g_ucLED3Pin
 *fill*         0x000000002001440f        0x1 
 .bss.heap_end  0x0000000020014410        0x4 obj/Unicast/Debug/startup_gcc.o
 .bss.pui32Stack
                0x0000000020014414     0x1000 obj/Unicast/Debug/startup_gcc.o
 .bss.g_SlDeviceStatus
                0x0000000020015414        0x2 ../../../simplelink/gcc/lib/os/Debug/libsimplelink.a(driver.o)
                0x0000000020015414                g_SlDeviceStatus
 *fill*         0x0000000020015416        0x2 
 .bss.g_StatMem
                0x0000000020015418      0x178 ../../../simplelink/gcc/lib/os/Debug/libsimplelink.a(driver.o)
 .bss.RxIrqCnt  0x0000000020015590        0x1 ../../../simplelink/gcc/lib/os/Debug/libsimplelink.a(driver.o)
                0x0000000020015590                RxIrqCnt
 .bss.g_bDeviceRestartIsRequired
                0x0000000020015591        0x1 ../../../simplelink/gcc/lib/os/Debug/libsimplelink.a(driver.o)
                0x0000000020015591                g_bDeviceRestartIsRequired
 *fill*         0x0000000020015592        0x2 
 .bss.g_pCB     0x0000000020015594        0x4 ../../../simplelink/gcc/lib/os/Debug/libsimplelink.a(driver.o)
                0x0000000020015594                g_pCB
 .bss.pPingCallBackFunc
                0x0000000020015598        0x4 ../../../simplelink/gcc/lib/os/Debug/libsimplelink.a(driver.o)
                0x0000000020015598                pPingCallBackFunc
 .bss.gFirstCmdMode
                0x000000002001559c        0x1 ../../../simplelink/gcc/lib/os/Debug/libsimplelink.a(driver.o)
 *fill*         0x000000002001559d        0x3 
 .bss.g_SpiFd   0x00000000200155a0        0x4 ../../../simplelink/gcc/lib/os/Debug/libsimplelink.a(cc_pal.o)
                0x00000000200155a0                g_SpiFd
 .bss.g_ucDinDout
                0x00000000200155a4       0x50 ../../../simplelink/gcc/lib/os/Debug/libsimplelink.a(cc_pal.o)
                0x00000000200155a4                g_ucDinDout
 .bss.g_ucDMAEnabled
                0x00000000200155f4        0x1 ../../../simplelink/gcc/lib/os/Debug/libsimplelink.a(cc_pal.o)
                0x00000000200155f4                g_ucDMAEnabled
 *fill*         0x00000000200155f5        0x3 
 .bss.DMAMsgQ   0x00000000200155f8        0x4 ../../../simplelink/gcc/lib/os/Debug/libsimplelink.a(cc_pal.o)
                0x00000000200155f8                DMAMsgQ
 .bss.g_cDummy  0x00000000200155fc        0x4 ../../../simplelink/gcc/lib/os/Debug/libsimplelink.a(cc_pal.o)
                0x00000000200155fc                g_cDummy
 .bss.xHigherPriorityTaskWoken
                0x0000000020015600        0x4 ../../../oslib/gcc/free_rtos/Debug/free_rtos.a(osi_freertos.o)
                0x0000000020015600                xHigherPriorityTaskWoken
 .bss.xSimpleLinkSpawnQueue
                0x0000000020015604        0x4 ../../../oslib/gcc/free_rtos/Debug/free_rtos.a(osi_freertos.o)
                0x0000000020015604                xSimpleLinkSpawnQueue
 .bss.xSimpleLinkSpawnTaskHndl
                0x0000000020015608        0x4 ../../../oslib/gcc/free_rtos/Debug/free_rtos.a(osi_freertos.o)
                0x0000000020015608                xSimpleLinkSpawnTaskHndl
 .bss.xQueueRegistry
                0x000000002001560c       0x50 ../../../oslib/gcc/free_rtos/Debug/free_rtos.a(queue.o)
                0x000000002001560c                xQueueRegistry
 .bss.pxCurrentTCB
                0x000000002001565c        0x4 ../../../oslib/gcc/free_rtos/Debug/free_rtos.a(tasks.o)
                0x000000002001565c                pxCurrentTCB
 .bss.pxReadyTasksLists
                0x0000000020015660       0xc8 ../../../oslib/gcc/free_rtos/Debug/free_rtos.a(tasks.o)
 .bss.xDelayedTaskList1
                0x0000000020015728       0x14 ../../../oslib/gcc/free_rtos/Debug/free_rtos.a(tasks.o)
 .bss.xDelayedTaskList2
                0x000000002001573c       0x14 ../../../oslib/gcc/free_rtos/Debug/free_rtos.a(tasks.o)
 .bss.pxDelayedTaskList
                0x0000000020015750        0x4 ../../../oslib/gcc/free_rtos/Debug/free_rtos.a(tasks.o)
 .bss.pxOverflowDelayedTaskList
                0x0000000020015754        0x4 ../../../oslib/gcc/free_rtos/Debug/free_rtos.a(tasks.o)
 .bss.xPendingReadyList
                0x0000000020015758       0x14 ../../../oslib/gcc/free_rtos/Debug/free_rtos.a(tasks.o)
 .bss.xTasksWaitingTermination
                0x000000002001576c       0x14 ../../../oslib/gcc/free_rtos/Debug/free_rtos.a(tasks.o)
 .bss.uxDeletedTasksWaitingCleanUp
                0x0000000020015780        0x4 ../../../oslib/gcc/free_rtos/Debug/free_rtos.a(tasks.o)
 .bss.xSuspendedTaskList
                0x0000000020015784       0x14 ../../../oslib/gcc/free_rtos/Debug/free_rtos.a(tasks.o)
 .bss.uxCurrentNumberOfTasks
                0x0000000020015798        0x4 ../../../oslib/gcc/free_rtos/Debug/free_rtos.a(tasks.o)
 .bss.xTickCount
                0x000000002001579c        0x4 ../../../oslib/gcc/free_rtos/Debug/free_rtos.a(tasks.o)
 .bss.uxTopReadyPriority
                0x00000000200157a0        0x4 ../../../oslib/gcc/free_rtos/Debug/free_rtos.a(tasks.o)
 .bss.xSchedulerRunning
                0x00000000200157a4        0x4 ../../../oslib/gcc/free_rtos/Debug/free_rtos.a(tasks.o)
 .bss.uxPendedTicks
                0x00000000200157a8        0x4 ../../../oslib/gcc/free_rtos/Debug/free_rtos.a(tasks.o)
 .bss.xYieldPending
                0x00000000200157ac        0x4 ../../../oslib/gcc/free_rtos/Debug/free_rtos.a(tasks.o)
 .bss.xNumOfOverflows
                0x00000000200157b0        0x4 ../../../oslib/gcc/free_rtos/Debug/free_rtos.a(tasks.o)
 .bss.uxTaskNumber
                0x00000000200157b4        0x4 ../../../oslib/gcc/free_rtos/Debug/free_rtos.a(tasks.o)
 .bss.xNextTaskUnblockTime
                0x00000000200157b8        0x4 ../../../oslib/gcc/free_rtos/Debug/free_rtos.a(tasks.o)
 .bss.xIdleTaskHandle
                0x00000000200157bc        0x4 ../../../oslib/gcc/free_rtos/Debug/free_rtos.a(tasks.o)
 .bss.uxSchedulerSuspended
                0x00000000200157c0        0x4 ../../../oslib/gcc/free_rtos/Debug/free_rtos.a(tasks.o)
 .bss.__malloc_free_list
                0x00000000200157c4        0x4 /Applications/ARM/bin/../lib/gcc/arm-none-eabi/10.3.1/../../../../arm-none-eabi/lib/thumb/v7e-m/nofp/libc_nano.a(lib_a-nano-mallocr.o)
                0x00000000200157c4                __malloc_free_list
 .bss.__malloc_sbrk_start
                0x00000000200157c8        0x4 /Applications/ARM/bin/../lib/gcc/arm-none-eabi/10.3.1/../../../../arm-none-eabi/lib/thumb/v7e-m/nofp/libc_nano.a(lib_a-nano-mallocr.o)
                0x00000000200157c8                __malloc_sbrk_start
 .bss.errno     0x00000000200157cc        0x4 /Applications/ARM/bin/../lib/gcc/arm-none-eabi/10.3.1/../../../../arm-none-eabi/lib/thumb/v7e-m/nofp/libc_nano.a(lib_a-reent.o)
                0x00000000200157cc                errno
 .bss.__lock___malloc_recursive_mutex
                0x00000000200157d0        0x1 /Applications/ARM/bin/../lib/gcc/arm-none-eabi/10.3.1/../../../../arm-none-eabi/lib/thumb/v7e-m/nofp/libc_nano.a(lib_a-lock.o)
                0x00000000200157d0                __lock___malloc_recursive_mutex
 *(COMMON)
                0x00000000200157d1                _ebss = .

.heap           0x00000000200157d1    0x2a82f
                0x00000000200157d1                _heap = .
                0x000000002003fc68                . = (((((((. + LENGTH (SRAM)) - SIZEOF (.bss)) - SIZEOF (.data)) - SIZEOF (.ARM)) - SIZEOF (.text)) - SIZEOF (.bootloader)) - 0x400)
 *fill*         0x00000000200157d1    0x2a497 
                0x0000000020040000                . = ALIGN (0x400)
 *fill*         0x000000002003fc68      0x398 
                0x0000000020040000                _eheap = .
LOAD obj/Unicast/Debug/audiocodec.o
LOAD obj/Unicast/Debug/circ_buff.o
LOAD obj/Unicast/Debug/control.o
LOAD obj/Unicast/Debug/main.o
LOAD obj/Unicast/Debug/microphone.o
LOAD obj/Unicast/Debug/network.o
LOAD obj/Unicast/Debug/pcm_handler.o
LOAD obj/Unicast/Debug/pinmux.o
LOAD obj/Unicast/Debug/smartconfig.o
LOAD obj/Unicast/Debug/speaker.o
LOAD obj/Unicast/Debug/uart_if.o
LOAD obj/Unicast/Debug/i2c_if.o
LOAD obj/Unicast/Debug/i2s_if.o
LOAD obj/Unicast/Debug/udma_if.o
LOAD obj/Unicast/Debug/gpio_if.o
LOAD obj/Unicast/Debug/startup_gcc.o
LOAD ../../../simplelink/gcc/lib/os/Debug/libsimplelink.a
LOAD ../../../oslib/gcc/free_rtos/Debug/free_rtos.a
LOAD ../../../driverlib/gcc/lib/Debug/libdriver.a
LOAD /Applications/ARM/bin/../lib/gcc/arm-none-eabi/10.3.1/../../../../arm-none-eabi/lib/thumb/v7e-m/nofp/libm.a
LOAD /Applications/ARM/bin/../lib/gcc/arm-none-eabi/10.3.1/../../../../arm-none-eabi/lib/thumb/v7e-m/nofp/libc_nano.a
LOAD /Applications/ARM/bin/../lib/gcc/arm-none-eabi/10.3.1/thumb/v7e-m/nofp/libgcc.a
LOAD /Applications/ARM/bin/../lib/gcc/arm-none-eabi/10.3.1/../../../../arm-none-eabi/lib/thumb/v7e-m/nofp/libnosys.a
OUTPUT(bin/Unicast/Debug/wifi_audio_app.elf elf32-littlearm)
LOAD linker stubs

.debug_info     0x0000000000000000    0x15012
 .debug_info    0x0000000000000000      0x419 obj/Unicast/Debug/audiocodec.o
 .debug_info    0x0000000000000419      0x494 obj/Unicast/Debug/circ_buff.o
 .debug_info    0x00000000000008ad      0x60f obj/Unicast/Debug/control.o
 .debug_info    0x0000000000000ebc      0x3ec obj/Unicast/Debug/main.o
 .debug_info    0x00000000000012a8      0x2ae obj/Unicast/Debug/microphone.o
 .debug_info    0x0000000000001556      0xeda obj/Unicast/Debug/network.o
 .debug_info    0x0000000000002430      0x244 obj/Unicast/Debug/pcm_handler.o
 .debug_info    0x0000000000002674       0x46 obj/Unicast/Debug/pinmux.o
 .debug_info    0x00000000000026ba      0x123 obj/Unicast/Debug/smartconfig.o
 .debug_info    0x00000000000027dd      0x37d obj/Unicast/Debug/speaker.o
 .debug_info    0x0000000000002b5a      0x2c4 obj/Unicast/Debug/uart_if.o
 .debug_info    0x0000000000002e1e      0x2dd obj/Unicast/Debug/i2c_if.o
 .debug_info    0x00000000000030fb      0x19d obj/Unicast/Debug/i2s_if.o
 .debug_info    0x0000000000003298      0x39b obj/Unicast/Debug/udma_if.o
 .debug_info    0x0000000000003633      0x408 obj/Unicast/Debug/gpio_if.o
 .debug_info    0x0000000000003a3b      0x1f9 obj/Unicast/Debug/startup_gcc.o
 .debug_info    0x0000000000003c34     0x103a ../../../simplelink/gcc/lib/os/Debug/libsimplelink.a(device.o)
 .debug_info    0x0000000000004c6e     0x23de ../../../simplelink/gcc/lib/os/Debug/libsimplelink.a(driver.o)
 .debug_info    0x000000000000704c     0x1add ../../../simplelink/gcc/lib/os/Debug/libsimplelink.a(netapp.o)
 .debug_info    0x0000000000008b29     0x1c57 ../../../simplelink/gcc/lib/os/Debug/libsimplelink.a(socket.o)
 .debug_info    0x000000000000a780     0x1c53 ../../../simplelink/gcc/lib/os/Debug/libsimplelink.a(wlan.o)
 .debug_info    0x000000000000c3d3      0x72f ../../../simplelink/gcc/lib/os/Debug/libsimplelink.a(cc_pal.o)