Archive member included to satisfy reference by file (symbol)

../../../simplelink/gcc/lib/os/Release/libsimplelink.a(device.o)
                              obj//Release/main.o (sl_Start)
../../../simplelink/gcc/lib/os/Release/libsimplelink.a(driver.o)
                              ../../../simplelink/gcc/lib/os/Release/libsimplelink.a(device.o) (_SlDrvDriverCBDeinit)
../../../simplelink/gcc/lib/os/Release/libsimplelink.a(netapp.o)
                              obj//Release/main.o (sl_NetAppStart)
../../../simplelink/gcc/lib/os/Release/libsimplelink.a(netcfg.o)
                              obj//Release/main.o (sl_NetCfgSet)
../../../simplelink/gcc/lib/os/Release/libsimplelink.a(socket.o)
                              ../../../simplelink/gcc/lib/os/Release/libsimplelink.a(driver.o) (_sl_HandleAsync_Connect)
../../../simplelink/gcc/lib/os/Release/libsimplelink.a(wlan.o)
                              obj//Release/main.o (sl_WlanConnect)
../../../simplelink/gcc/lib/os/Release/libsimplelink.a(cc_pal.o)
                              ../../../simplelink/gcc/lib/os/Release/libsimplelink.a(device.o) (spi_Open)
../../../oslib/gcc/free_rtos/Release/free_rtos.a(osi_freertos.o)
                              ../../../simplelink/gcc/lib/os/Release/libsimplelink.a(cc_pal.o) (osi_InterruptRegister)
../../../oslib/gcc/free_rtos/Release/free_rtos.a(queue.o)
                              ../../../oslib/gcc/free_rtos/Release/free_rtos.a(osi_freertos.o) (xQueueGenericCreate)
../../../oslib/gcc/free_rtos/Release/free_rtos.a(tasks.o)
                              ../../../oslib/gcc/free_rtos/Release/free_rtos.a(osi_freertos.o) (xTaskCreate)
../../../oslib/gcc/free_rtos/Release/free_rtos.a(port.o)
                              ../../../oslib/gcc/free_rtos/Release/free_rtos.a(tasks.o) (pxPortInitialiseStack)
../../../oslib/gcc/free_rtos/Release/free_rtos.a(heap_3.o)
                              ../../../oslib/gcc/free_rtos/Release/free_rtos.a(osi_freertos.o) (pvPortMalloc)
../../../oslib/gcc/free_rtos/Release/free_rtos.a(list.o)
                              ../../../oslib/gcc/free_rtos/Release/free_rtos.a(queue.o) (vListInitialise)
../../../driverlib/gcc/lib/Release/libdriver.a(gpio.o)
                              obj//Release/main.o (GPIODirModeSet)
../../../driverlib/gcc/lib/Release/libdriver.a(interrupt.o)
                              obj//Release/main.o (IntMasterEnable)
../../../driverlib/gcc/lib/Release/libdriver.a(prcm.o)
                              obj//Release/main.o (PRCMPeripheralClkEnable)
../../../driverlib/gcc/lib/Release/libdriver.a(spi.o)
                              ../../../simplelink/gcc/lib/os/Release/libsimplelink.a(cc_pal.o) (SPIConfigSetExpClk)
../../../driverlib/gcc/lib/Release/libdriver.a(timer.o)
                              ../../../simplelink/gcc/lib/os/Release/libsimplelink.a(cc_pal.o) (TimerConfigure)
../../../driverlib/gcc/lib/Release/libdriver.a(utils.o)
                              obj//Release/main.o (UtilsDelay)
../../../driverlib/gcc/lib/Release/libdriver.a(cpu.o)
                              ../../../driverlib/gcc/lib/Release/libdriver.a(interrupt.o) (CPUcpsid)
../../../driverlib/gcc/lib/Release/libdriver.a(flash.o)
                              ../../../driverlib/gcc/lib/Release/libdriver.a(prcm.o) (FlashDisable)
/Applications/ARM/bin/../lib/gcc/arm-none-eabi/10.3.1/../../../../arm-none-eabi/lib/thumb/v7e-m/nofp/libc_nano.a(lib_a-malloc.o)
                              obj//Release/uart_if.o (malloc)
/Applications/ARM/bin/../lib/gcc/arm-none-eabi/10.3.1/../../../../arm-none-eabi/lib/thumb/v7e-m/nofp/libc_nano.a(lib_a-memcmp.o)
                              obj//Release/main.o (memcmp)
/Applications/ARM/bin/../lib/gcc/arm-none-eabi/10.3.1/../../../../arm-none-eabi/lib/thumb/v7e-m/nofp/libc_nano.a(lib_a-memcpy-stub.o)
                              obj//Release/main.o (memcpy)
/Applications/ARM/bin/../lib/gcc/arm-none-eabi/10.3.1/../../../../arm-none-eabi/lib/thumb/v7e-m/nofp/libc_nano.a(lib_a-memmove.o)
                              obj//Release/uart_if.o (memmove)
/Applications/ARM/bin/../lib/gcc/arm-none-eabi/10.3.1/../../../../arm-none-eabi/lib/thumb/v7e-m/nofp/libc_nano.a(lib_a-memset.o)
                              obj//Release/main.o (memset)
/Applications/ARM/bin/../lib/gcc/arm-none-eabi/10.3.1/../../../../arm-none-eabi/lib/thumb/v7e-m/nofp/libc_nano.a(lib_a-nano-freer.o)
                              /Applications/ARM/bin/../lib/gcc/arm-none-eabi/10.3.1/../../../../arm-none-eabi/lib/thumb/v7e-m/nofp/libc_nano.a(lib_a-malloc.o) (_free_r)
/Applications/ARM/bin/../lib/gcc/arm-none-eabi/10.3.1/../../../../arm-none-eabi/lib/thumb/v7e-m/nofp/libc_nano.a(lib_a-nano-mallocr.o)
                              /Applications/ARM/bin/../lib/gcc/arm-none-eabi/10.3.1/../../../../arm-none-eabi/lib/thumb/v7e-m/nofp/libc_nano.a(lib_a-malloc.o) (_malloc_r)
/Applications/ARM/bin/../lib/gcc/arm-none-eabi/10.3.1/../../../../arm-none-eabi/lib/thumb/v7e-m/nofp/libc_nano.a(lib_a-realloc.o)
[...]
Memory Configuration

Name             Origin             Length             Attributes
SRAM             0x0000000020000000 0x0000000000040000 xrw
*default*        0x0000000000000000 0xffffffffffffffff

Linker script and memory map

                0x0000000000004000                BOOTLOADER_SIZE = 0x4000

.bootloader     0x0000000020000000     0x4000
                0x0000000020000000                _heap2 = .
                0x0000000020004000                . = (. + BOOTLOADER_SIZE)
 *fill*         0x0000000020000000     0x4000 
                0x0000000020004000                . = ALIGN (0x8)
                0x0000000020004000                _eheap2 = .

.text           0x0000000020004000     0x5c98
                0x0000000020004000                _text = .
 *(.intvecs)
 .intvecs       0x0000000020004000      0x400 obj//Release/startup_gcc.o
                0x0000000020004000                g_pfnVectors
 *(.text*)
 .text.SortByRSSI
                0x0000000020004400       0x98 obj//Release/main.o
 .text.InitializeAppVariables
                0x0000000020004498       0x38 obj//Release/main.o
 .text.getRSSILevel
                0x00000000200044d0       0x48 obj//Release/main.o
 .text.ConfigureMode
                0x0000000020004518       0x44 obj//Release/main.o
 .text.GetScanResult
                0x000000002000455c       0x74 obj//Release/main.o
 .text.AntennaSelection
                0x00000000200045d0      0x468 obj//Release/main.o
                0x00000000200045d0                AntennaSelection
 .text.vApplicationIdleHook
                0x0000000020004a38        0x2 obj//Release/main.o
                0x0000000020004a38                vApplicationIdleHook
 .text.vApplicationMallocFailedHook
                0x0000000020004a3a        0x2 obj//Release/main.o
                0x0000000020004a3a                vApplicationMallocFailedHook
 .text.vApplicationStackOverflowHook
                0x0000000020004a3c        0x2 obj//Release/main.o
                0x0000000020004a3c                vApplicationStackOverflowHook
 *fill*         0x0000000020004a3e        0x2 
 .text.SimpleLinkWlanEventHandler
                0x0000000020004a40       0xc8 obj//Release/main.o
                0x0000000020004a40                SimpleLinkWlanEventHandler
 .text.SimpleLinkNetAppEventHandler
                0x0000000020004b08       0x64 obj//Release/main.o
                0x0000000020004b08                SimpleLinkNetAppEventHandler
 .text.SimpleLinkHttpServerCallback
                0x0000000020004b6c      0x3d0 obj//Release/main.o
                0x0000000020004b6c                SimpleLinkHttpServerCallback
 .text.SimpleLinkGeneralEventHandler
                0x0000000020004f3c       0x10 obj//Release/main.o
                0x0000000020004f3c                SimpleLinkGeneralEventHandler
 .text.SimpleLinkSockEventHandler
                0x0000000020004f4c       0x30 obj//Release/main.o
                0x0000000020004f4c                SimpleLinkSockEventHandler
 .text.startup.main
                0x0000000020004f7c       0xe8 obj//Release/main.o
                0x0000000020004f7c                main
 .text.Message.part.0
                0x0000000020005064       0x20 obj//Release/uart_if.o
 .text.InitTerm
                0x0000000020005084       0x30 obj//Release/uart_if.o
                0x0000000020005084                InitTerm
 .text.Message  0x00000000200050b4        0x8 obj//Release/uart_if.o
                0x00000000200050b4                Message
 .text.Report   0x00000000200050bc       0x68 obj//Release/uart_if.o
                0x00000000200050bc                Report
 .text.NmiSR    0x0000000020005124        0x2 obj//Release/startup_gcc.o
 .text.FaultISR
                0x0000000020005126        0x2 obj//Release/startup_gcc.o
 .text.BusFaultHandler
                0x0000000020005128        0x2 obj//Release/startup_gcc.o
 .text.IntDefaultHandler
                0x000000002000512a        0x2 obj//Release/startup_gcc.o
 .text.ResetISR
                0x000000002000512c       0x4c obj//Release/startup_gcc.o
                0x000000002000512c                ResetISR
 .text._sbrk    0x0000000020005178       0x28 obj//Release/startup_gcc.o
                0x0000000020005178                _sbrk
 .text.sl_Start
                0x00000000200051a0       0xd0 ../../../simplelink/gcc/lib/os/Release/libsimplelink.a(device.o)
                0x00000000200051a0                sl_Start
 .text._sl_HandleAsync_InitComplete
                0x0000000020005270       0x6c ../../../simplelink/gcc/lib/os/Release/libsimplelink.a(device.o)
                0x0000000020005270                _sl_HandleAsync_InitComplete
 .text._sl_HandleAsync_Stop
                0x00000000200052dc       0x38 ../../../simplelink/gcc/lib/os/Release/libsimplelink.a(device.o)
                0x00000000200052dc                _sl_HandleAsync_Stop
 .text.sl_Stop  0x0000000020005314       0xa8 ../../../simplelink/gcc/lib/os/Release/libsimplelink.a(device.o)
                0x0000000020005314                sl_Stop
 .text.sl_DevGet
                0x00000000200053bc       0x88 ../../../simplelink/gcc/lib/os/Release/libsimplelink.a(device.o)
                0x00000000200053bc                sl_DevGet
 .text._SlDrvDeviceEventHandler
                0x0000000020005444       0x5e ../../../simplelink/gcc/lib/os/Release/libsimplelink.a(device.o)
                0x0000000020005444                _SlDrvDeviceEventHandler
 *fill*         0x00000000200054a2        0x2 
 .text._SlAsyncEventGenericHandler
                0x00000000200054a4       0x54 ../../../simplelink/gcc/lib/os/Release/libsimplelink.a(driver.o)
 .text._SlRemoveFromList
                0x00000000200054f8       0x40 ../../../simplelink/gcc/lib/os/Release/libsimplelink.a(driver.o)
 .text._SlFindAndSetActiveObj
                0x0000000020005538       0x98 ../../../simplelink/gcc/lib/os/Release/libsimplelink.a(driver.o)
 .text._SlDrvHandleWlanEvents
                0x00000000200055d0       0x16 ../../../simplelink/gcc/lib/os/Release/libsimplelink.a(driver.o)
                0x00000000200055d0                _SlDrvHandleWlanEvents
 .text._SlDrvHandleNetAppEvents
                0x00000000200055e6       0x16 ../../../simplelink/gcc/lib/os/Release/libsimplelink.a(driver.o)
                0x00000000200055e6                _SlDrvHandleNetAppEvents
 .text._SlDrvObjGlobalLockWaitForever
                0x00000000200055fc       0x2c ../../../simplelink/gcc/lib/os/Release/libsimplelink.a(driver.o)
 .text._SlDrvMsgWrite
                0x0000000020005628       0xf4 ../../../simplelink/gcc/lib/os/Release/libsimplelink.a(driver.o)
 .text._SlDrvHandleHttpServerEvents
                0x000000002000571c       0x1a ../../../simplelink/gcc/lib/os/Release/libsimplelink.a(driver.o)
                0x000000002000571c                _SlDrvHandleHttpServerEvents
 *fill*         0x0000000020005736        0x2 
 .text._SlDrvDriverCBDeinit
                0x0000000020005738       0x90 ../../../simplelink/gcc/lib/os/Release/libsimplelink.a(driver.o)
                0x0000000020005738                _SlDrvDriverCBDeinit
 .text._SlDrvRxIrqHandler
                0x00000000200057c8       0x40 ../../../simplelink/gcc/lib/os/Release/libsimplelink.a(driver.o)
                0x00000000200057c8                _SlDrvRxIrqHandler
 .text._SlDrvCmdSend
                0x0000000020005808       0x78 ../../../simplelink/gcc/lib/os/Release/libsimplelink.a(driver.o)
                0x0000000020005808                _SlDrvCmdSend
 .text._SlDrvDispatchHttpServerEvents
                0x0000000020005880        0x4 ../../../simplelink/gcc/lib/os/Release/libsimplelink.a(driver.o)
                0x0000000020005880                _SlDrvDispatchHttpServerEvents
 .text._SlDrvSyncObjSignal
                0x0000000020005884        0xa ../../../simplelink/gcc/lib/os/Release/libsimplelink.a(driver.o)
                0x0000000020005884                _SlDrvSyncObjSignal
 *fill*         0x000000002000588e        0x2 
 .text._SlDrvProtectionObjLockWaitForever
                0x0000000020005890       0x18 ../../../simplelink/gcc/lib/os/Release/libsimplelink.a(driver.o)
                0x0000000020005890                _SlDrvProtectionObjLockWaitForever
 .text._SlDrvProtectionObjUnLock
                0x00000000200058a8       0x14 ../../../simplelink/gcc/lib/os/Release/libsimplelink.a(driver.o)
                0x00000000200058a8                _SlDrvProtectionObjUnLock
 .text._SlDrvReleasePoolObj
                0x00000000200058bc       0xc0 ../../../simplelink/gcc/lib/os/Release/libsimplelink.a(driver.o)
                0x00000000200058bc                _SlDrvReleasePoolObj
 .text._SlDrvGlobalObjUnLock
                0x000000002000597c       0x14 ../../../simplelink/gcc/lib/os/Release/libsimplelink.a(driver.o)
                0x000000002000597c                _SlDrvGlobalObjUnLock
 .text._SlDrvMemZero
                0x0000000020005990        0x8 ../../../simplelink/gcc/lib/os/Release/libsimplelink.a(driver.o)
                0x0000000020005990                _SlDrvMemZero
 .text._SlDrvDriverCBInit
                0x0000000020005998       0xdc ../../../simplelink/gcc/lib/os/Release/libsimplelink.a(driver.o)
                0x0000000020005998                _SlDrvDriverCBInit
 .text._SlDrvResetCmdExt
                0x0000000020005a74        0x6 ../../../simplelink/gcc/lib/os/Release/libsimplelink.a(driver.o)
                0x0000000020005a74                _SlDrvResetCmdExt
 *fill*         0x0000000020005a7a        0x2 
 .text._SlDrvSyncObjWaitForever
                0x0000000020005a7c       0x20 ../../../simplelink/gcc/lib/os/Release/libsimplelink.a(driver.o)
                0x0000000020005a7c                _SlDrvSyncObjWaitForever
 .text._SlDrvWaitForPoolObj
                0x0000000020005a9c       0xb8 ../../../simplelink/gcc/lib/os/Release/libsimplelink.a(driver.o)
                0x0000000020005a9c                _SlDrvWaitForPoolObj
 .text._SlDrvProtectAsyncRespSetting
                0x0000000020005b54       0x30 ../../../simplelink/gcc/lib/os/Release/libsimplelink.a(driver.o)
                0x0000000020005b54                _SlDrvProtectAsyncRespSetting
 .text._SlDriverHandleError
                0x0000000020005b84       0x58 ../../../simplelink/gcc/lib/os/Release/libsimplelink.a(driver.o)
                0x0000000020005b84                _SlDriverHandleError
 .text._SlDrvSyncObjWaitTimeout
                0x0000000020005bdc       0x30 ../../../simplelink/gcc/lib/os/Release/libsimplelink.a(driver.o)
                0x0000000020005bdc                _SlDrvSyncObjWaitTimeout
 .text._SlDrvIsTimeoutExpired
                0x0000000020005c0c       0x44 ../../../simplelink/gcc/lib/os/Release/libsimplelink.a(driver.o)
                0x0000000020005c0c                _SlDrvIsTimeoutExpired
 .text._SlDrvMsgRead
                0x0000000020005c50      0x4e0 ../../../simplelink/gcc/lib/os/Release/libsimplelink.a(driver.o)
 .text._SlDrvCmdOp
                0x0000000020006130      0x144 ../../../simplelink/gcc/lib/os/Release/libsimplelink.a(driver.o)
                0x0000000020006130                _SlDrvCmdOp
 .text._SlDrvBasicCmd
                0x0000000020006274       0x2c ../../../simplelink/gcc/lib/os/Release/libsimplelink.a(driver.o)
                0x0000000020006274                _SlDrvBasicCmd
 .text._SlDrvMsgReadSpawnCtx
                0x00000000200062a0       0x7c ../../../simplelink/gcc/lib/os/Release/libsimplelink.a(driver.o)
                0x00000000200062a0                _SlDrvMsgReadSpawnCtx
 .text.sl_NetAppStart
                0x000000002000631c       0x3c ../../../simplelink/gcc/lib/os/Release/libsimplelink.a(netapp.o)
                0x000000002000631c                sl_NetAppStart
 .text.sl_NetAppStop
                0x0000000020006358       0x3c ../../../simplelink/gcc/lib/os/Release/libsimplelink.a(netapp.o)
                0x0000000020006358                sl_NetAppStop
 .text.sl_NetAppMDNSRegisterUnregisterService
                0x0000000020006394       0x9c ../../../simplelink/gcc/lib/os/Release/libsimplelink.a(netapp.o)
                0x0000000020006394                sl_NetAppMDNSRegisterUnregisterService
 .text.sl_NetAppMDNSUnRegisterService
                0x0000000020006430       0x34 ../../../simplelink/gcc/lib/os/Release/libsimplelink.a(netapp.o)
                0x0000000020006430                sl_NetAppMDNSUnRegisterService
 .text._sl_HandleAsync_DnsGetHostByService
                0x0000000020006464       0x5c ../../../simplelink/gcc/lib/os/Release/libsimplelink.a(netapp.o)
                0x0000000020006464                _sl_HandleAsync_DnsGetHostByService
 .text._sl_HandleAsync_DnsGetHostByName
                0x00000000200064c0       0x5c ../../../simplelink/gcc/lib/os/Release/libsimplelink.a(netapp.o)
                0x00000000200064c0                _sl_HandleAsync_DnsGetHostByName
 .text._sl_HandleAsync_PingResponse
                0x000000002000651c       0x7c ../../../simplelink/gcc/lib/os/Release/libsimplelink.a(netapp.o)
                0x000000002000651c                _sl_HandleAsync_PingResponse
 .text._sl_NetAppSendTokenValue
                0x0000000020006598       0x50 ../../../simplelink/gcc/lib/os/Release/libsimplelink.a(netapp.o)
                0x0000000020006598                _sl_NetAppSendTokenValue
 .text._SlDrvNetAppEventHandler
                0x00000000200065e8       0xd0 ../../../simplelink/gcc/lib/os/Release/libsimplelink.a(netapp.o)
                0x00000000200065e8                _SlDrvNetAppEventHandler
 .text.sl_NetCfgSet
                0x00000000200066b8       0x60 ../../../simplelink/gcc/lib/os/Release/libsimplelink.a(netcfg.o)
                0x00000000200066b8                sl_NetCfgSet
 .text._sl_HandleAsync_Connect
                0x0000000020006718       0x48 ../../../simplelink/gcc/lib/os/Release/libsimplelink.a(socket.o)
                0x0000000020006718                _sl_HandleAsync_Connect
 .text._sl_HandleAsync_Accept
                0x0000000020006760       0x50 ../../../simplelink/gcc/lib/os/Release/libsimplelink.a(socket.o)
                0x0000000020006760                _sl_HandleAsync_Accept
 .text._sl_HandleAsync_Select
                0x00000000200067b0       0x3c ../../../simplelink/gcc/lib/os/Release/libsimplelink.a(socket.o)
                0x00000000200067b0                _sl_HandleAsync_Select
 .text.sl_WlanConnect
                0x00000000200067ec      0x1c4 ../../../simplelink/gcc/lib/os/Release/libsimplelink.a(wlan.o)
                0x00000000200067ec                sl_WlanConnect
 .text.sl_WlanDisconnect
                0x00000000200069b0       0x28 ../../../simplelink/gcc/lib/os/Release/libsimplelink.a(wlan.o)
                0x00000000200069b0                sl_WlanDisconnect
 .text.sl_WlanPolicySet
                0x00000000200069d8       0x5c ../../../simplelink/gcc/lib/os/Release/libsimplelink.a(wlan.o)
                0x00000000200069d8                sl_WlanPolicySet
 .text.sl_WlanProfileAdd
                0x0000000020006a34      0x1c8 ../../../simplelink/gcc/lib/os/Release/libsimplelink.a(wlan.o)
                0x0000000020006a34                sl_WlanProfileAdd
 .text.sl_WlanProfileDel
                0x0000000020006bfc       0x40 ../../../simplelink/gcc/lib/os/Release/libsimplelink.a(wlan.o)
                0x0000000020006bfc                sl_WlanProfileDel
 .text.sl_WlanGetNetworkList
                0x0000000020006c3c       0x68 ../../../simplelink/gcc/lib/os/Release/libsimplelink.a(wlan.o)
                0x0000000020006c3c                sl_WlanGetNetworkList
 .text.sl_WlanRxFilterSet
                0x0000000020006ca4       0x54 ../../../simplelink/gcc/lib/os/Release/libsimplelink.a(wlan.o)
                0x0000000020006ca4                sl_WlanRxFilterSet
 .text.sl_WlanSetMode
                0x0000000020006cf8       0x40 ../../../simplelink/gcc/lib/os/Release/libsimplelink.a(wlan.o)
                0x0000000020006cf8                sl_WlanSetMode
 .text.sl_WlanSet
                0x0000000020006d38       0x60 ../../../simplelink/gcc/lib/os/Release/libsimplelink.a(wlan.o)
                0x0000000020006d38                sl_WlanSet
 .text.DmaSpiSwIntHandler
                0x0000000020006d98       0x38 ../../../simplelink/gcc/lib/os/Release/libsimplelink.a(cc_pal.o)
                0x0000000020006d98                DmaSpiSwIntHandler
 .text.cc_UDMAChannelSelect.part.0
                0x0000000020006dd0       0x1e ../../../simplelink/gcc/lib/os/Release/libsimplelink.a(cc_pal.o)
 .text.cc_SetupTransfer.constprop.0
                0x0000000020006dee       0x4e ../../../simplelink/gcc/lib/os/Release/libsimplelink.a(cc_pal.o)
 .text.SetupDMAReceive
                0x0000000020006e3c       0x60 ../../../simplelink/gcc/lib/os/Release/libsimplelink.a(cc_pal.o)
 .text.spi_Open
                0x0000000020006e9c      0x144 ../../../simplelink/gcc/lib/os/Release/libsimplelink.a(cc_pal.o)
                0x0000000020006e9c                spi_Open
 .text.spi_Close
                0x0000000020006fe0       0x88 ../../../simplelink/gcc/lib/os/Release/libsimplelink.a(cc_pal.o)
                0x0000000020006fe0                spi_Close
 .text.spi_Read
                0x0000000020007068       0xf4 ../../../simplelink/gcc/lib/os/Release/libsimplelink.a(cc_pal.o)
                0x0000000020007068                spi_Read
 .text.spi_Write
                0x000000002000715c       0xec ../../../simplelink/gcc/lib/os/Release/libsimplelink.a(cc_pal.o)
                0x000000002000715c                spi_Write
 .text.NwpRegisterInterruptHandler
                0x0000000020007248       0x28 ../../../simplelink/gcc/lib/os/Release/libsimplelink.a(cc_pal.o)
                0x0000000020007248                NwpRegisterInterruptHandler
 .text.NwpMaskInterrupt
                0x0000000020007270       0x10 ../../../simplelink/gcc/lib/os/Release/libsimplelink.a(cc_pal.o)
                0x0000000020007270                NwpMaskInterrupt
 .text.NwpUnMaskInterrupt
                0x0000000020007280       0x10 ../../../simplelink/gcc/lib/os/Release/libsimplelink.a(cc_pal.o)
                0x0000000020007280                NwpUnMaskInterrupt
 .text.NwpPowerOn
                0x0000000020007290       0x3c ../../../simplelink/gcc/lib/os/Release/libsimplelink.a(cc_pal.o)
                0x0000000020007290                NwpPowerOn
 .text.NwpPowerOff
                0x00000000200072cc       0x44 ../../../simplelink/gcc/lib/os/Release/libsimplelink.a(cc_pal.o)
                0x00000000200072cc                NwpPowerOff
 .text.NwpPowerOnPreamble
                0x0000000020007310       0x60 ../../../simplelink/gcc/lib/os/Release/libsimplelink.a(cc_pal.o)
                0x0000000020007310                NwpPowerOnPreamble
 .text.NwpPrePowerOffTimout0
                0x0000000020007370       0x1c ../../../simplelink/gcc/lib/os/Release/libsimplelink.a(cc_pal.o)
                0x0000000020007370                NwpPrePowerOffTimout0
 .text.simplelink_timerA2_start
                0x000000002000738c       0x50 ../../../simplelink/gcc/lib/os/Release/libsimplelink.a(cc_pal.o)
                0x000000002000738c                simplelink_timerA2_start
 .text.TimerGetCurrentTimestamp
                0x00000000200073dc       0x24 ../../../simplelink/gcc/lib/os/Release/libsimplelink.a(cc_pal.o)
                0x00000000200073dc                TimerGetCurrentTimestamp
 .text.vSimpleLinkSpawnTask
                0x0000000020007400       0x20 ../../../oslib/gcc/free_rtos/Release/free_rtos.a(osi_freertos.o)
 .text.osi_InterruptRegister
                0x0000000020007420       0x26 ../../../oslib/gcc/free_rtos/Release/free_rtos.a(osi_freertos.o)
                0x0000000020007420                osi_InterruptRegister
 .text.osi_InterruptDeRegister
                0x0000000020007446       0x18 ../../../oslib/gcc/free_rtos/Release/free_rtos.a(osi_freertos.o)
                0x0000000020007446                osi_InterruptDeRegister
 .text.osi_SyncObjCreate
                0x000000002000745e       0x24 ../../../oslib/gcc/free_rtos/Release/free_rtos.a(osi_freertos.o)
                0x000000002000745e                osi_SyncObjCreate
 .text.osi_SyncObjDelete
                0x0000000020007482       0x14 ../../../oslib/gcc/free_rtos/Release/free_rtos.a(osi_freertos.o)
                0x0000000020007482                osi_SyncObjDelete
 .text.osi_SyncObjSignal
                0x0000000020007496       0x1a ../../../oslib/gcc/free_rtos/Release/free_rtos.a(osi_freertos.o)
                0x0000000020007496                osi_SyncObjSignal
 .text.osi_SyncObjSignalFromISR
                0x00000000200074b0       0x3c ../../../oslib/gcc/free_rtos/Release/free_rtos.a(osi_freertos.o)
                0x00000000200074b0                osi_SyncObjSignalFromISR
 .text.osi_SyncObjWait
                0x00000000200074ec       0x1c ../../../oslib/gcc/free_rtos/Release/free_rtos.a(osi_freertos.o)
                0x00000000200074ec                osi_SyncObjWait
 .text.osi_LockObjCreate
                0x0000000020007508       0x18 ../../../oslib/gcc/free_rtos/Release/free_rtos.a(osi_freertos.o)
                0x0000000020007508                osi_LockObjCreate
 .text.osi_TaskCreate
                0x0000000020007520       0x1e ../../../oslib/gcc/free_rtos/Release/free_rtos.a(osi_freertos.o)
                0x0000000020007520                osi_TaskCreate
 .text.osi_LockObjDelete
                0x000000002000753e        0xc ../../../oslib/gcc/free_rtos/Release/free_rtos.a(osi_freertos.o)
                0x000000002000753e                osi_LockObjDelete
 .text.osi_LockObjLock
                0x000000002000754a        0x4 ../../../oslib/gcc/free_rtos/Release/free_rtos.a(osi_freertos.o)
                0x000000002000754a                osi_LockObjLock
 .text.osi_LockObjUnlock
                0x000000002000754e       0x22 ../../../oslib/gcc/free_rtos/Release/free_rtos.a(osi_freertos.o)
                0x000000002000754e                osi_LockObjUnlock
 .text.osi_Spawn
                0x0000000020007570       0x4c ../../../oslib/gcc/free_rtos/Release/free_rtos.a(osi_freertos.o)
                0x0000000020007570                osi_Spawn
 .text.VStartSimpleLinkSpawnTask
                0x00000000200075bc       0x48 ../../../oslib/gcc/free_rtos/Release/free_rtos.a(osi_freertos.o)
                0x00000000200075bc                VStartSimpleLinkSpawnTask
 .text.osi_MsgQCreate
                0x0000000020007604       0x24 ../../../oslib/gcc/free_rtos/Release/free_rtos.a(osi_freertos.o)
                0x0000000020007604                osi_MsgQCreate
 .text.osi_MsgQDelete
                0x0000000020007628        0x4 ../../../oslib/gcc/free_rtos/Release/free_rtos.a(osi_freertos.o)
                0x0000000020007628                osi_MsgQDelete
 .text.osi_MsgQWrite
                0x000000002000762c       0x3c ../../../oslib/gcc/free_rtos/Release/free_rtos.a(osi_freertos.o)
                0x000000002000762c                osi_MsgQWrite
 .text.osi_MsgQRead
                0x0000000020007668       0x1c ../../../oslib/gcc/free_rtos/Release/free_rtos.a(osi_freertos.o)
                0x0000000020007668                osi_MsgQRead
 .text.osi_start
                0x0000000020007684        0x4 ../../../oslib/gcc/free_rtos/Release/free_rtos.a(osi_freertos.o)
                0x0000000020007684                osi_start
 .text.osi_Sleep
                0x0000000020007688        0x4 ../../../oslib/gcc/free_rtos/Release/free_rtos.a(osi_freertos.o)
                0x0000000020007688                osi_Sleep
 .text.prvIsQueueEmpty
                0x000000002000768c       0x16 ../../../oslib/gcc/free_rtos/Release/free_rtos.a(queue.o)
 .text.prvCopyDataToQueue
                0x00000000200076a2       0x6a ../../../oslib/gcc/free_rtos/Release/free_rtos.a(queue.o)
 .text.prvNotifyQueueSetContainer
                0x000000002000770c       0x4a ../../../oslib/gcc/free_rtos/Release/free_rtos.a(queue.o)
 .text.prvCopyDataFromQueue
                0x0000000020007756       0x28 ../../../oslib/gcc/free_rtos/Release/free_rtos.a(queue.o)
 .text.prvUnlockQueue
                0x000000002000777e       0x7e ../../../oslib/gcc/free_rtos/Release/free_rtos.a(queue.o)
 .text.xQueueGenericReset
                0x00000000200077fc       0x6a ../../../oslib/gcc/free_rtos/Release/free_rtos.a(queue.o)
                0x00000000200077fc                xQueueGenericReset
 .text.xQueueGenericCreate
                0x0000000020007866       0x38 ../../../oslib/gcc/free_rtos/Release/free_rtos.a(queue.o)
                0x0000000020007866                xQueueGenericCreate
 .text.xQueueGenericSend
                0x000000002000789e      0x114 ../../../oslib/gcc/free_rtos/Release/free_rtos.a(queue.o)
                0x000000002000789e                xQueueGenericSend
 .text.xQueueCreateMutex
                0x00000000200079b2       0x24 ../../../oslib/gcc/free_rtos/Release/free_rtos.a(queue.o)
                0x00000000200079b2                xQueueCreateMutex
 .text.xQueueGenericSendFromISR
                0x00000000200079d6       0x80 ../../../oslib/gcc/free_rtos/Release/free_rtos.a(queue.o)
                0x00000000200079d6                xQueueGenericSendFromISR
 .text.xQueueGiveFromISR
                0x0000000020007a56       0x68 ../../../oslib/gcc/free_rtos/Release/free_rtos.a(queue.o)
                0x0000000020007a56                xQueueGiveFromISR
 .text.xQueueReceive
                0x0000000020007abe       0xee ../../../oslib/gcc/free_rtos/Release/free_rtos.a(queue.o)
                0x0000000020007abe                xQueueReceive
 .text.xQueueSemaphoreTake
                0x0000000020007bac      0x126 ../../../oslib/gcc/free_rtos/Release/free_rtos.a(queue.o)
                0x0000000020007bac                xQueueSemaphoreTake
 *fill*         0x0000000020007cd2        0x2 
 .text.vQueueUnregisterQueue
                0x0000000020007cd4       0x28 ../../../oslib/gcc/free_rtos/Release/free_rtos.a(queue.o)
                0x0000000020007cd4                vQueueUnregisterQueue
 .text.vQueueDelete
                0x0000000020007cfc       0x12 ../../../oslib/gcc/free_rtos/Release/free_rtos.a(queue.o)
                0x0000000020007cfc                vQueueDelete
 *fill*         0x0000000020007d0e        0x2 
 .text.prvAddCurrentTaskToDelayedList
                0x0000000020007d10       0x88 ../../../oslib/gcc/free_rtos/Release/free_rtos.a(tasks.o)
 .text.prvResetNextTaskUnblockTime
                0x0000000020007d98       0x24 ../../../oslib/gcc/free_rtos/Release/free_rtos.a(tasks.o)
 .text.prvIdleTask
                0x0000000020007dbc       0x4c ../../../oslib/gcc/free_rtos/Release/free_rtos.a(tasks.o)
 .text.xTaskCreate
                0x0000000020007e08      0x1ac ../../../oslib/gcc/free_rtos/Release/free_rtos.a(tasks.o)
                0x0000000020007e08                xTaskCreate
 .text.vTaskStartScheduler
                0x0000000020007fb4       0x60 ../../../oslib/gcc/free_rtos/Release/free_rtos.a(tasks.o)
                0x0000000020007fb4                vTaskStartScheduler
 .text.vTaskSuspendAll
                0x0000000020008014       0x10 ../../../oslib/gcc/free_rtos/Release/free_rtos.a(tasks.o)
                0x0000000020008014                vTaskSuspendAll
 .text.xTaskIncrementTick
                0x0000000020008024      0x10c ../../../oslib/gcc/free_rtos/Release/free_rtos.a(tasks.o)
                0x0000000020008024                xTaskIncrementTick
 .text.xTaskResumeAll
                0x0000000020008130       0xd8 ../../../oslib/gcc/free_rtos/Release/free_rtos.a(tasks.o)
                0x0000000020008130                xTaskResumeAll
 .text.vTaskDelay
                0x0000000020008208       0x2e ../../../oslib/gcc/free_rtos/Release/free_rtos.a(tasks.o)
                0x0000000020008208                vTaskDelay
 *fill*         0x0000000020008236        0x2 
 .text.vTaskSwitchContext
                0x0000000020008238       0x74 ../../../oslib/gcc/free_rtos/Release/free_rtos.a(tasks.o)
                0x0000000020008238                vTaskSwitchContext
 .text.vTaskPlaceOnEventList
                0x00000000200082ac       0x20 ../../../oslib/gcc/free_rtos/Release/free_rtos.a(tasks.o)
                0x00000000200082ac                vTaskPlaceOnEventList
 .text.xTaskRemoveFromEventList
                0x00000000200082cc       0x70 ../../../oslib/gcc/free_rtos/Release/free_rtos.a(tasks.o)
                0x00000000200082cc                xTaskRemoveFromEventList
 .text.vTaskInternalSetTimeOutState
                0x000000002000833c       0x18 ../../../oslib/gcc/free_rtos/Release/free_rtos.a(tasks.o)
                0x000000002000833c                vTaskInternalSetTimeOutState
 .text.xTaskCheckForTimeOut
                0x0000000020008354       0x50 ../../../oslib/gcc/free_rtos/Release/free_rtos.a(tasks.o)
                0x0000000020008354                xTaskCheckForTimeOut
 .text.vTaskMissedYield
                0x00000000200083a4        0xc ../../../oslib/gcc/free_rtos/Release/free_rtos.a(tasks.o)
                0x00000000200083a4                vTaskMissedYield
 .text.xTaskPriorityInherit
                0x00000000200083b0       0xa4 ../../../oslib/gcc/free_rtos/Release/free_rtos.a(tasks.o)
                0x00000000200083b0                xTaskPriorityInherit
 .text.xTaskPriorityDisinherit
                0x0000000020008454       0x70 ../../../oslib/gcc/free_rtos/Release/free_rtos.a(tasks.o)
                0x0000000020008454                xTaskPriorityDisinherit
 .text.vTaskPriorityDisinheritAfterTimeout
                0x00000000200084c4       0x80 ../../../oslib/gcc/free_rtos/Release/free_rtos.a(tasks.o)
                0x00000000200084c4                vTaskPriorityDisinheritAfterTimeout
 .text.pvTaskIncrementMutexHeldCount
                0x0000000020008544       0x18 ../../../oslib/gcc/free_rtos/Release/free_rtos.a(tasks.o)
                0x0000000020008544                pvTaskIncrementMutexHeldCount
 .text.prvTaskExitError
                0x000000002000855c       0x20 ../../../oslib/gcc/free_rtos/Release/free_rtos.a(port.o)
 .text.prvPortStartFirstTask
                0x000000002000857c       0x20 ../../../oslib/gcc/free_rtos/Release/free_rtos.a(port.o)
 .text.pxPortInitialiseStack
                0x000000002000859c       0x24 ../../../oslib/gcc/free_rtos/Release/free_rtos.a(port.o)
                0x000000002000859c                pxPortInitialiseStack
 .text.vPortSVCHandler
                0x00000000200085c0       0x24 ../../../oslib/gcc/free_rtos/Release/free_rtos.a(port.o)
                0x00000000200085c0                vPortSVCHandler
 .text.vPortEnterCritical
                0x00000000200085e4       0x20 ../../../oslib/gcc/free_rtos/Release/free_rtos.a(port.o)
                0x00000000200085e4                vPortEnterCritical
 .text.vPortExitCritical
                0x0000000020008604       0x14 ../../../oslib/gcc/free_rtos/Release/free_rtos.a(port.o)
                0x0000000020008604                vPortExitCritical
 *fill*         0x0000000020008618        0x8 
 .text.xPortPendSVHandler
                0x0000000020008620       0x44 ../../../oslib/gcc/free_rtos/Release/free_rtos.a(port.o)
                0x0000000020008620                xPortPendSVHandler
 .text.xPortSysTickHandler
                0x0000000020008664       0x2c ../../../oslib/gcc/free_rtos/Release/free_rtos.a(port.o)
                0x0000000020008664                xPortSysTickHandler
 .text.vPortSetupTimerInterrupt
                0x0000000020008690       0x18 ../../../oslib/gcc/free_rtos/Release/free_rtos.a(port.o)
                0x0000000020008690                vPortSetupTimerInterrupt
 .text.xPortStartScheduler
                0x00000000200086a8       0x3c ../../../oslib/gcc/free_rtos/Release/free_rtos.a(port.o)
                0x00000000200086a8                xPortStartScheduler
 .text.pvPortMalloc
                0x00000000200086e4       0x1e ../../../oslib/gcc/free_rtos/Release/free_rtos.a(heap_3.o)
                0x00000000200086e4                pvPortMalloc
 .text.vPortFree
                0x0000000020008702       0x1a ../../../oslib/gcc/free_rtos/Release/free_rtos.a(heap_3.o)
                0x0000000020008702                vPortFree
 .text.vListInitialise
                0x000000002000871c       0x16 ../../../oslib/gcc/free_rtos/Release/free_rtos.a(list.o)
                0x000000002000871c                vListInitialise
 .text.vListInitialiseItem
                0x0000000020008732        0x6 ../../../oslib/gcc/free_rtos/Release/free_rtos.a(list.o)
                0x0000000020008732                vListInitialiseItem
 .text.vListInsertEnd
                0x0000000020008738       0x18 ../../../oslib/gcc/free_rtos/Release/free_rtos.a(list.o)
                0x0000000020008738                vListInsertEnd
 .text.vListInsert
                0x0000000020008750       0x2e ../../../oslib/gcc/free_rtos/Release/free_rtos.a(list.o)
                0x0000000020008750                vListInsert
 .text.uxListRemove
                0x000000002000877e       0x20 ../../../oslib/gcc/free_rtos/Release/free_rtos.a(list.o)
                0x000000002000877e                uxListRemove
 .text.GPIODirModeSet
                0x000000002000879e       0x14 ../../../driverlib/gcc/lib/Release/libdriver.a(gpio.o)
                0x000000002000879e                GPIODirModeSet
 .text.GPIOPinWrite
                0x00000000200087b2        0x6 ../../../driverlib/gcc/lib/Release/libdriver.a(gpio.o)
                0x00000000200087b2                GPIOPinWrite
 .text.IntMasterEnable
                0x00000000200087b8        0xa ../../../driverlib/gcc/lib/Release/libdriver.a(interrupt.o)
                0x00000000200087b8                IntMasterEnable
 *fill*         0x00000000200087c2        0x2 
 .text.IntEnable
                0x00000000200087c4       0x74 ../../../driverlib/gcc/lib/Release/libdriver.a(interrupt.o)
                0x00000000200087c4                IntEnable
 .text.IntDisable
                0x0000000020008838       0x74 ../../../driverlib/gcc/lib/Release/libdriver.a(interrupt.o)
                0x0000000020008838                IntDisable
 .text.PRCMPeripheralReset.part.0
                0x00000000200088ac       0x3c ../../../driverlib/gcc/lib/Release/libdriver.a(prcm.o)
 .text.PRCMSysResetCauseGet
                0x00000000200088e8       0x2c ../../../driverlib/gcc/lib/Release/libdriver.a(prcm.o)
                0x00000000200088e8                PRCMSysResetCauseGet
 .text.PRCMPeripheralClkEnable
                0x0000000020008914       0x2c ../../../driverlib/gcc/lib/Release/libdriver.a(prcm.o)
                0x0000000020008914                PRCMPeripheralClkEnable
 .text.PRCMPeripheralClkDisable
                0x0000000020008940       0x1c ../../../driverlib/gcc/lib/Release/libdriver.a(prcm.o)
                0x0000000020008940                PRCMPeripheralClkDisable
 .text.PRCMPeripheralReset
                0x000000002000895c        0xa ../../../driverlib/gcc/lib/Release/libdriver.a(prcm.o)
                0x000000002000895c                PRCMPeripheralReset
 *fill*         0x0000000020008966        0x2 
 .text.PRCMPeripheralStatusGet
                0x0000000020008968       0x1c ../../../driverlib/gcc/lib/Release/libdriver.a(prcm.o)
                0x0000000020008968                PRCMPeripheralStatusGet
 .text.PRCMCC3200MCUInit
                0x0000000020008984      0x144 ../../../driverlib/gcc/lib/Release/libdriver.a(prcm.o)
                0x0000000020008984                PRCMCC3200MCUInit
 .text.SPIConfigSetExpClk
                0x0000000020008ac8       0x58 ../../../driverlib/gcc/lib/Release/libdriver.a(spi.o)
                0x0000000020008ac8                SPIConfigSetExpClk
 .text.SPIFIFODisable
                0x0000000020008b20        0xe ../../../driverlib/gcc/lib/Release/libdriver.a(spi.o)
                0x0000000020008b20                SPIFIFODisable
 .text.SPIDmaDisable
                0x0000000020008b2e        0x4 ../../../driverlib/gcc/lib/Release/libdriver.a(spi.o)
                0x0000000020008b2e                SPIDmaDisable
 *fill*         0x0000000020008b32        0x2 
 .text.TimerConfigure
                0x0000000020008b34       0x28 ../../../driverlib/gcc/lib/Release/libdriver.a(timer.o)
                0x0000000020008b34                TimerConfigure
 .text.UtilsDelay
                0x0000000020008b5c        0x8 ../../../driverlib/gcc/lib/Release/libdriver.a(utils.o)
                0x0000000020008b5c                UtilsDelay
 .text.CPUcpsie
                0x0000000020008b64       0x10 ../../../driverlib/gcc/lib/Release/libdriver.a(cpu.o)
                0x0000000020008b64                CPUcpsie
 .text.malloc   0x0000000020008b74       0x10 /Applications/ARM/bin/../lib/gcc/arm-none-eabi/10.3.1/../../../../arm-none-eabi/lib/thumb/v7e-m/nofp/libc_nano.a(lib_a-malloc.o)
                0x0000000020008b74                malloc
 .text.free     0x0000000020008b84       0x10 /Applications/ARM/bin/../lib/gcc/arm-none-eabi/10.3.1/../../../../arm-none-eabi/lib/thumb/v7e-m/nofp/libc_nano.a(lib_a-malloc.o)
                0x0000000020008b84                free
 .text.memcmp   0x0000000020008b94       0x20 /Applications/ARM/bin/../lib/gcc/arm-none-eabi/10.3.1/../../../../arm-none-eabi/lib/thumb/v7e-m/nofp/libc_nano.a(lib_a-memcmp.o)
                0x0000000020008b94                memcmp
 .text.memcpy   0x0000000020008bb4       0x1c /Applications/ARM/bin/../lib/gcc/arm-none-eabi/10.3.1/../../../../arm-none-eabi/lib/thumb/v7e-m/nofp/libc_nano.a(lib_a-memcpy-stub.o)
                0x0000000020008bb4                memcpy
 .text.memmove  0x0000000020008bd0       0x34 /Applications/ARM/bin/../lib/gcc/arm-none-eabi/10.3.1/../../../../arm-none-eabi/lib/thumb/v7e-m/nofp/libc_nano.a(lib_a-memmove.o)
                0x0000000020008bd0                memmove
 .text.memset   0x0000000020008c04       0x10 /Applications/ARM/bin/../lib/gcc/arm-none-eabi/10.3.1/../../../../arm-none-eabi/lib/thumb/v7e-m/nofp/libc_nano.a(lib_a-memset.o)
                0x0000000020008c04                memset
 .text._free_r  0x0000000020008c14       0x94 /Applications/ARM/bin/../lib/gcc/arm-none-eabi/10.3.1/../../../../arm-none-eabi/lib/thumb/v7e-m/nofp/libc_nano.a(lib_a-nano-freer.o)
                0x0000000020008c14                _free_r
 .text.sbrk_aligned
                0x0000000020008ca8       0x40 /Applications/ARM/bin/../lib/gcc/arm-none-eabi/10.3.1/../../../../arm-none-eabi/lib/thumb/v7e-m/nofp/libc_nano.a(lib_a-nano-mallocr.o)
 .text._malloc_r
                0x0000000020008ce8       0xe8 /Applications/ARM/bin/../lib/gcc/arm-none-eabi/10.3.1/../../../../arm-none-eabi/lib/thumb/v7e-m/nofp/libc_nano.a(lib_a-nano-mallocr.o)
                0x0000000020008ce8                _malloc_r
 .text.realloc  0x0000000020008dd0       0x10 /Applications/ARM/bin/../lib/gcc/arm-none-eabi/10.3.1/../../../../arm-none-eabi/lib/thumb/v7e-m/nofp/libc_nano.a(lib_a-realloc.o)
                0x0000000020008dd0                realloc
 .text._sbrk_r  0x0000000020008de0       0x20 /Applications/ARM/bin/../lib/gcc/arm-none-eabi/10.3.1/../../../../arm-none-eabi/lib/thumb/v7e-m/nofp/libc_nano.a(lib_a-sbrkr.o)
                0x0000000020008de0                _sbrk_r
 .text          0x0000000020008e00       0x10 /Applications/ARM/bin/../lib/gcc/arm-none-eabi/10.3.1/../../../../arm-none-eabi/lib/thumb/v7e-m/nofp/libc_nano.a(lib_a-strlen.o)
                0x0000000020008e00                strlen
 .text._vsnprintf_r
                0x0000000020008e10       0x56 /Applications/ARM/bin/../lib/gcc/arm-none-eabi/10.3.1/../../../../arm-none-eabi/lib/thumb/v7e-m/nofp/libc_nano.a(lib_a-vsnprintf.o)
                0x0000000020008e10                _vsnprintf_r
                0x0000000020008e10                _vsniprintf_r
 *fill*         0x0000000020008e66        0x2 
 .text.vsnprintf
                0x0000000020008e68       0x1c /Applications/ARM/bin/../lib/gcc/arm-none-eabi/10.3.1/../../../../arm-none-eabi/lib/thumb/v7e-m/nofp/libc_nano.a(lib_a-vsnprintf.o)
                0x0000000020008e68                vsnprintf
                0x0000000020008e68                vsniprintf
 .text.__malloc_lock
                0x0000000020008e84        0xc /Applications/ARM/bin/../lib/gcc/arm-none-eabi/10.3.1/../../../../arm-none-eabi/lib/thumb/v7e-m/nofp/libc_nano.a(lib_a-mlock.o)
                0x0000000020008e84                __malloc_lock
 .text.__malloc_unlock
                0x0000000020008e90        0xc /Applications/ARM/bin/../lib/gcc/arm-none-eabi/10.3.1/../../../../arm-none-eabi/lib/thumb/v7e-m/nofp/libc_nano.a(lib_a-mlock.o)
                0x0000000020008e90                __malloc_unlock
 .text._realloc_r
                0x0000000020008e9c       0x5e /Applications/ARM/bin/../lib/gcc/arm-none-eabi/10.3.1/../../../../arm-none-eabi/lib/thumb/v7e-m/nofp/libc_nano.a(lib_a-nano-reallocr.o)
                0x0000000020008e9c                _realloc_r
 .text.__ssputs_r
                0x0000000020008efa       0xb6 /Applications/ARM/bin/../lib/gcc/arm-none-eabi/10.3.1/../../../../arm-none-eabi/lib/thumb/v7e-m/nofp/libc_nano.a(lib_a-nano-svfprintf.o)
                0x0000000020008efa                __ssputs_r
 .text._svfprintf_r
                0x0000000020008fb0      0x200 /Applications/ARM/bin/../lib/gcc/arm-none-eabi/10.3.1/../../../../arm-none-eabi/lib/thumb/v7e-m/nofp/libc_nano.a(lib_a-nano-svfprintf.o)
                0x0000000020008fb0                _svfprintf_r
                0x0000000020008fb0                _svfiprintf_r
 .text._printf_common
                0x00000000200091b0       0xda /Applications/ARM/bin/../lib/gcc/arm-none-eabi/10.3.1/../../../../arm-none-eabi/lib/thumb/v7e-m/nofp/libc_nano.a(lib_a-nano-vfprintf_i.o)
                0x00000000200091b0                _printf_common
 *fill*         0x000000002000928a        0x2 
 .text._printf_i
                0x000000002000928c      0x24c /Applications/ARM/bin/../lib/gcc/arm-none-eabi/10.3.1/../../../../arm-none-eabi/lib/thumb/v7e-m/nofp/libc_nano.a(lib_a-nano-vfprintf_i.o)
                0x000000002000928c                _printf_i
 .text.__retarget_lock_acquire_recursive
                0x00000000200094d8        0x2 /Applications/ARM/bin/../lib/gcc/arm-none-eabi/10.3.1/../../../../arm-none-eabi/lib/thumb/v7e-m/nofp/libc_nano.a(lib_a-lock.o)
                0x00000000200094d8                __retarget_lock_acquire_recursive
 .text.__retarget_lock_release_recursive
                0x00000000200094da        0x2 /Applications/ARM/bin/../lib/gcc/arm-none-eabi/10.3.1/../../../../arm-none-eabi/lib/thumb/v7e-m/nofp/libc_nano.a(lib_a-lock.o)
                0x00000000200094da                __retarget_lock_release_recursive
 *fill*         0x00000000200094dc        0x4 
 .text          0x00000000200094e0       0xa0 /Applications/ARM/bin/../lib/gcc/arm-none-eabi/10.3.1/../../../../arm-none-eabi/lib/thumb/v7e-m/nofp/libc_nano.a(lib_a-memchr.o)
                0x00000000200094e0                memchr
 .text._malloc_usable_size_r
                0x0000000020009580       0x10 /Applications/ARM/bin/../lib/gcc/arm-none-eabi/10.3.1/../../../../arm-none-eabi/lib/thumb/v7e-m/nofp/libc_nano.a(lib_a-nano-msizer.o)
                0x0000000020009580                _malloc_usable_size_r
 *(.rodata*)
 .rodata.ConfigureMode.str1.1
                0x0000000020009590       0x2d obj//Release/main.o
 .rodata.AntennaSelection.str1.1
                0x00000000200095bd      0x144 obj//Release/main.o
 .rodata.SimpleLinkWlanEventHandler.str1.1
                0x0000000020009701      0x130 obj//Release/main.o
 .rodata.SimpleLinkNetAppEventHandler.str1.1
                0x0000000020009831       0x6d obj//Release/main.o
 .rodata.SimpleLinkHttpServerCallback.str1.1
                0x000000002000989e       0x85 obj//Release/main.o
 .rodata.SimpleLinkGeneralEventHandler.str1.1
                0x0000000020009923       0x28 obj//Release/main.o
 .rodata.SimpleLinkSockEventHandler.str1.1
                0x000000002000994b       0xb4 obj//Release/main.o
 .rodata.main.str1.1
                0x00000000200099ff       0x11 obj//Release/main.o
 .rodata.__FUNCTION__.0
                0x0000000020009a10        0x5 obj//Release/main.o
 .rodata.__FUNCTION__.1
                0x0000000020009a15        0xc obj//Release/main.o
 .rodata.__FUNCTION__.2
                0x0000000020009a21        0xe obj//Release/main.o
 .rodata.__FUNCTION__.3
                0x0000000020009a2f        0xe obj//Release/main.o
 .rodata.__FUNCTION__.4
                0x0000000020009a3d       0x22 obj//Release/main.o
 .rodata.__FUNCTION__.5
                0x0000000020009a5f       0x11 obj//Release/main.o
 .rodata.Report.str1.1
                0x0000000020009a70       0x1e obj//Release/uart_if.o
 .rodata.StartResponseLUT
                0x0000000020009a8e        0x8 ../../../simplelink/gcc/lib/os/Release/libsimplelink.a(device.o)
 .rodata._SlDeviceGetCmdCtrl
                0x0000000020009a96        0x4 ../../../simplelink/gcc/lib/os/Release/libsimplelink.a(device.o)
 .rodata._SlStopCmdCtrl
                0x0000000020009a9a        0x4 ../../../simplelink/gcc/lib/os/Release/libsimplelink.a(device.o)
 .rodata.OpcodeTranslateTable
                0x0000000020009a9e       0x3c ../../../simplelink/gcc/lib/os/Release/libsimplelink.a(driver.o)
                0x0000000020009a9e                OpcodeTranslateTable
 *fill*         0x0000000020009ada        0x2 
 .rodata.RxMsgClassLUT
                0x0000000020009adc       0x20 ../../../simplelink/gcc/lib/os/Release/libsimplelink.a(driver.o)
 .rodata._SlActionLookupTable
                0x0000000020009afc       0x38 ../../../simplelink/gcc/lib/os/Release/libsimplelink.a(driver.o)
                0x0000000020009afc                _SlActionLookupTable
 .rodata.g_H2NCnysPattern
                0x0000000020009b34        0x8 ../../../simplelink/gcc/lib/os/Release/libsimplelink.a(driver.o)
 .rodata.g_H2NSyncPattern
                0x0000000020009b3c        0x8 ../../../simplelink/gcc/lib/os/Release/libsimplelink.a(driver.o)
 .rodata._SlNetAppSendTokenValueCmdCtrl
                0x0000000020009b44        0x4 ../../../simplelink/gcc/lib/os/Release/libsimplelink.a(netapp.o)
                0x0000000020009b44                _SlNetAppSendTokenValueCmdCtrl
 .rodata._SlNetAppStartCtrl
                0x0000000020009b48        0x4 ../../../simplelink/gcc/lib/os/Release/libsimplelink.a(netapp.o)
 .rodata._SlNetAppStopCtrl
                0x0000000020009b4c        0x4 ../../../simplelink/gcc/lib/os/Release/libsimplelink.a(netapp.o)
 .rodata._SlRegisterServiceCtrl
                0x0000000020009b50        0x4 ../../../simplelink/gcc/lib/os/Release/libsimplelink.a(netapp.o)
 .rodata._SlNetCfgSetCmdCtrl
                0x0000000020009b54        0x4 ../../../simplelink/gcc/lib/os/Release/libsimplelink.a(netcfg.o)
 .rodata._SlPolicySetCmdCtrl
                0x0000000020009b58        0x4 ../../../simplelink/gcc/lib/os/Release/libsimplelink.a(wlan.o)
 .rodata._SlProfileDelCmdCtrl
                0x0000000020009b5c        0x4 ../../../simplelink/gcc/lib/os/Release/libsimplelink.a(wlan.o)
 .rodata._SlRxFilterSetCmdCtrl
                0x0000000020009b60        0x4 ../../../simplelink/gcc/lib/os/Release/libsimplelink.a(wlan.o)
 .rodata._SlWlanCfgSetCmdCtrl
                0x0000000020009b64        0x4 ../../../simplelink/gcc/lib/os/Release/libsimplelink.a(wlan.o)
 .rodata._SlWlanGetNetworkListCtrl
                0x0000000020009b68        0x4 ../../../simplelink/gcc/lib/os/Release/libsimplelink.a(wlan.o)
 .rodata._SlWlanSetModeCmdCtrl
                0x0000000020009b6c        0x4 ../../../simplelink/gcc/lib/os/Release/libsimplelink.a(wlan.o)
 .rodata.spi_Open.str1.1
                0x0000000020009b70        0x9 ../../../simplelink/gcc/lib/os/Release/libsimplelink.a(cc_pal.o)
 .rodata.VStartSimpleLinkSpawnTask.str1.1
                0x0000000020009b79        0x8 ../../../oslib/gcc/free_rtos/Release/free_rtos.a(osi_freertos.o)
 .rodata.vTaskStartScheduler.str1.1
                0x0000000020009b81        0x5 ../../../oslib/gcc/free_rtos/Release/free_rtos.a(tasks.o)
 *fill*         0x0000000020009b86        0x2 
 .rodata.g_pulDisRegs
                0x0000000020009b88       0x18 ../../../driverlib/gcc/lib/Release/libdriver.a(interrupt.o)
 .rodata.g_pulEnRegs
                0x0000000020009ba0       0x18 ../../../driverlib/gcc/lib/Release/libdriver.a(interrupt.o)
 .rodata.PRCM_PeriphRegsList
                0x0000000020009bb8       0xa8 ../../../driverlib/gcc/lib/Release/libdriver.a(prcm.o)
 .rodata._svfprintf_r.str1.1
                0x0000000020009c60       0x11 /Applications/ARM/bin/../lib/gcc/arm-none-eabi/10.3.1/../../../../arm-none-eabi/lib/thumb/v7e-m/nofp/libc_nano.a(lib_a-nano-svfprintf.o)
 .rodata._printf_i.str1.1
                0x0000000020009c71       0x22 /Applications/ARM/bin/../lib/gcc/arm-none-eabi/10.3.1/../../../../arm-none-eabi/lib/thumb/v7e-m/nofp/libc_nano.a(lib_a-nano-vfprintf_i.o)
 *(.ARM.extab* .gnu.linkonce.armextab.*)
                0x0000000020009c98                . = ALIGN (0x8)
 *fill*         0x0000000020009c93        0x5 
                0x0000000020009c98                _etext = .

.glue_7         0x0000000020009c98        0x0
 .glue_7        0x0000000020009c98        0x0 linker stubs

.glue_7t        0x0000000020009c98        0x0
 .glue_7t       0x0000000020009c98        0x0 linker stubs

.vfp11_veneer   0x0000000020009c98        0x0
 .vfp11_veneer  0x0000000020009c98        0x0 linker stubs

.v4_bx          0x0000000020009c98        0x0
 .v4_bx         0x0000000020009c98        0x0 linker stubs

.iplt           0x0000000020009c98        0x0
 .iplt          0x0000000020009c98        0x0 obj//Release/main.o

.rel.dyn        0x0000000020009c98        0x0
 .rel.iplt      0x0000000020009c98        0x0 obj//Release/main.o

.ARM            0x0000000020009c98        0x0
                0x0000000020009c98                __exidx_start = .
 *(.ARM.exidx*)
                0x0000000020009c98                __exidx_end = .
                0x0000000020009c98                __init_data = .

.data           0x0000000020009c98      0x190
                0x0000000020009c98                _data = .
 *(.data*)
 .data.g_cRssiImg
                0x0000000020009c98       0x50 obj//Release/main.o
                0x0000000020009c98                g_cRssiImg
 .data.g_cTokenGetAnt1
                0x0000000020009ce8       0x3c obj//Release/main.o
                0x0000000020009ce8                g_cTokenGetAnt1
 .data.g_cTokenGetAnt2
                0x0000000020009d24       0x32 obj//Release/main.o
                0x0000000020009d24                g_cTokenGetAnt2
 .data.g_cTokenGetRssiAnt1
                0x0000000020009d56       0x32 obj//Release/main.o
                0x0000000020009d56                g_cTokenGetRssiAnt1
 .data.g_cTokenGetRssiAnt2
                0x0000000020009d88       0x32 obj//Release/main.o
                0x0000000020009d88                g_cTokenGetRssiAnt2
 .data.g_ucProfileAdded
                0x0000000020009dba        0x1 obj//Release/main.o
                0x0000000020009dba                g_ucProfileAdded
 *fill*         0x0000000020009dbb        0x1 
 .data.uxCriticalNesting
                0x0000000020009dbc        0x4 ../../../oslib/gcc/free_rtos/Release/free_rtos.a(port.o)
 .data._impure_ptr
                0x0000000020009dc0        0x4 /Applications/ARM/bin/../lib/gcc/arm-none-eabi/10.3.1/../../../../arm-none-eabi/lib/thumb/v7e-m/nofp/libc_nano.a(lib_a-impure.o)
                0x0000000020009dc0                _impure_ptr
 .data.impure_data
                0x0000000020009dc4       0x60 /Applications/ARM/bin/../lib/gcc/arm-none-eabi/10.3.1/../../../../arm-none-eabi/lib/thumb/v7e-m/nofp/libc_nano.a(lib_a-impure.o)
                0x0000000020009e28                . = ALIGN (0x8)
 *fill*         0x0000000020009e24        0x4 
                0x0000000020009e28                _edata = .

.igot.plt       0x0000000020009e28        0x0
 .igot.plt      0x0000000020009e28        0x0 obj//Release/main.o

.bss            0x0000000020009e28     0x1b35
                0x0000000020009e28                _bss = .
 *(.bss*)
 .bss.g_SecParams
                0x0000000020009e28        0xc obj//Release/main.o
                0x0000000020009e28                g_SecParams
 .bss.g_cWlanSSID
                0x0000000020009e34       0x21 obj//Release/main.o
                0x0000000020009e34                g_cWlanSSID
 .bss.g_cWlanSecurityKey
                0x0000000020009e55       0x32 obj//Release/main.o
                0x0000000020009e55                g_cWlanSecurityKey
 .bss.g_netEntries
                0x0000000020009e87      0x370 obj//Release/main.o
                0x0000000020009e87                g_netEntries
 .bss.g_netEntriesAnt2
                0x000000002000a1f7      0x370 obj//Release/main.o
                0x000000002000a1f7                g_netEntriesAnt2
 .bss.g_ucAntSelectDone
                0x000000002000a567        0x1 obj//Release/main.o
                0x000000002000a567                g_ucAntSelectDone
 .bss.g_ucConnectedToConfAP
                0x000000002000a568        0x1 obj//Release/main.o
                0x000000002000a568                g_ucConnectedToConfAP
 .bss.g_ucConnectionBSSID
                0x000000002000a569        0x6 obj//Release/main.o
                0x000000002000a569                g_ucConnectionBSSID
 .bss.g_ucConnectionSSID
                0x000000002000a56f       0x21 obj//Release/main.o
                0x000000002000a56f                g_ucConnectionSSID
 .bss.g_ucPriority
                0x000000002000a590        0x1 obj//Release/main.o
                0x000000002000a590                g_ucPriority
 *fill*         0x000000002000a591        0x3 
 .bss.g_ulGatewayIP
                0x000000002000a594        0x4 obj//Release/main.o
                0x000000002000a594                g_ulGatewayIP
 .bss.g_ulStatus
                0x000000002000a598        0x1 obj//Release/main.o
                0x000000002000a598                g_ulStatus
 *fill*         0x000000002000a599        0x3 
 .bss.__Errorlog
                0x000000002000a59c        0x4 obj//Release/uart_if.o
 .bss.heap_end  0x000000002000a5a0        0x4 obj//Release/startup_gcc.o
 .bss.pui32Stack
                0x000000002000a5a4     0x1000 obj//Release/startup_gcc.o
 .bss.RxIrqCnt  0x000000002000b5a4        0x1 ../../../simplelink/gcc/lib/os/Release/libsimplelink.a(driver.o)
                0x000000002000b5a4                RxIrqCnt
 .bss.gFirstCmdMode
                0x000000002000b5a5        0x1 ../../../simplelink/gcc/lib/os/Release/libsimplelink.a(driver.o)
 .bss.g_SlDeviceStatus
                0x000000002000b5a6        0x2 ../../../simplelink/gcc/lib/os/Release/libsimplelink.a(driver.o)
                0x000000002000b5a6                g_SlDeviceStatus
 .bss.g_StatMem
                0x000000002000b5a8      0x178 ../../../simplelink/gcc/lib/os/Release/libsimplelink.a(driver.o)
 .bss.g_bDeviceRestartIsRequired
                0x000000002000b720        0x1 ../../../simplelink/gcc/lib/os/Release/libsimplelink.a(driver.o)
                0x000000002000b720                g_bDeviceRestartIsRequired
 *fill*         0x000000002000b721        0x3 
 .bss.g_pCB     0x000000002000b724        0x4 ../../../simplelink/gcc/lib/os/Release/libsimplelink.a(driver.o)
                0x000000002000b724                g_pCB
 .bss.pPingCallBackFunc
                0x000000002000b728        0x4 ../../../simplelink/gcc/lib/os/Release/libsimplelink.a(driver.o)
                0x000000002000b728                pPingCallBackFunc
 .bss.DMAMsgQ   0x000000002000b72c        0x4 ../../../simplelink/gcc/lib/os/Release/libsimplelink.a(cc_pal.o)
                0x000000002000b72c                DMAMsgQ
 .bss.g_SpiFd   0x000000002000b730        0x4 ../../../simplelink/gcc/lib/os/Release/libsimplelink.a(cc_pal.o)
                0x000000002000b730                g_SpiFd
 .bss.g_cDummy  0x000000002000b734        0x4 ../../../simplelink/gcc/lib/os/Release/libsimplelink.a(cc_pal.o)
                0x000000002000b734                g_cDummy
 .bss.g_ucDMAEnabled
                0x000000002000b738        0x1 ../../../simplelink/gcc/lib/os/Release/libsimplelink.a(cc_pal.o)
                0x000000002000b738                g_ucDMAEnabled
 *fill*         0x000000002000b739        0x3 
 .bss.g_ucDinDout
                0x000000002000b73c       0x50 ../../../simplelink/gcc/lib/os/Release/libsimplelink.a(cc_pal.o)
                0x000000002000b73c                g_ucDinDout
 .bss.xHigherPriorityTaskWoken
                0x000000002000b78c        0x4 ../../../oslib/gcc/free_rtos/Release/free_rtos.a(osi_freertos.o)
                0x000000002000b78c                xHigherPriorityTaskWoken
 .bss.xSimpleLinkSpawnQueue
                0x000000002000b790        0x4 ../../../oslib/gcc/free_rtos/Release/free_rtos.a(osi_freertos.o)
                0x000000002000b790                xSimpleLinkSpawnQueue
 .bss.xSimpleLinkSpawnTaskHndl
                0x000000002000b794        0x4 ../../../oslib/gcc/free_rtos/Release/free_rtos.a(osi_freertos.o)
                0x000000002000b794                xSimpleLinkSpawnTaskHndl
 .bss.xQueueRegistry
                0x000000002000b798       0x50 ../../../oslib/gcc/free_rtos/Release/free_rtos.a(queue.o)
                0x000000002000b798                xQueueRegistry
 .bss.pxCurrentTCB
                0x000000002000b7e8        0x4 ../../../oslib/gcc/free_rtos/Release/free_rtos.a(tasks.o)
                0x000000002000b7e8                pxCurrentTCB
 .bss.pxDelayedTaskList
                0x000000002000b7ec        0x4 ../../../oslib/gcc/free_rtos/Release/free_rtos.a(tasks.o)
 .bss.pxOverflowDelayedTaskList
                0x000000002000b7f0        0x4 ../../../oslib/gcc/free_rtos/Release/free_rtos.a(tasks.o)
 .bss.pxReadyTasksLists
                0x000000002000b7f4       0xc8 ../../../oslib/gcc/free_rtos/Release/free_rtos.a(tasks.o)
 .bss.uxCurrentNumberOfTasks
                0x000000002000b8bc        0x4 ../../../oslib/gcc/free_rtos/Release/free_rtos.a(tasks.o)
 .bss.uxDeletedTasksWaitingCleanUp
                0x000000002000b8c0        0x4 ../../../oslib/gcc/free_rtos/Release/free_rtos.a(tasks.o)
 .bss.uxPendedTicks
                0x000000002000b8c4        0x4 ../../../oslib/gcc/free_rtos/Release/free_rtos.a(tasks.o)
 .bss.uxSchedulerSuspended
                0x000000002000b8c8        0x4 ../../../oslib/gcc/free_rtos/Release/free_rtos.a(tasks.o)
 .bss.uxTaskNumber
                0x000000002000b8cc        0x4 ../../../oslib/gcc/free_rtos/Release/free_rtos.a(tasks.o)
 .bss.uxTopReadyPriority
                0x000000002000b8d0        0x4 ../../../oslib/gcc/free_rtos/Release/free_rtos.a(tasks.o)
 .bss.xDelayedTaskList1
                0x000000002000b8d4       0x14 ../../../oslib/gcc/free_rtos/Release/free_rtos.a(tasks.o)
 .bss.xDelayedTaskList2
                0x000000002000b8e8       0x14 ../../../oslib/gcc/free_rtos/Release/free_rtos.a(tasks.o)
 .bss.xIdleTaskHandle
                0x000000002000b8fc        0x4 ../../../oslib/gcc/free_rtos/Release/free_rtos.a(tasks.o)
 .bss.xNextTaskUnblockTime
                0x000000002000b900        0x4 ../../../oslib/gcc/free_rtos/Release/free_rtos.a(tasks.o)
 .bss.xNumOfOverflows
                0x000000002000b904        0x4 ../../../oslib/gcc/free_rtos/Release/free_rtos.a(tasks.o)
 .bss.xPendingReadyList
                0x000000002000b908       0x14 ../../../oslib/gcc/free_rtos/Release/free_rtos.a(tasks.o)
 .bss.xSchedulerRunning
                0x000000002000b91c        0x4 ../../../oslib/gcc/free_rtos/Release/free_rtos.a(tasks.o)
 .bss.xSuspendedTaskList
                0x000000002000b920       0x14 ../../../oslib/gcc/free_rtos/Release/free_rtos.a(tasks.o)
 .bss.xTasksWaitingTermination
                0x000000002000b934       0x14 ../../../oslib/gcc/free_rtos/Release/free_rtos.a(tasks.o)
 .bss.xTickCount
                0x000000002000b948        0x4 ../../../oslib/gcc/free_rtos/Release/free_rtos.a(tasks.o)
 .bss.xYieldPending
                0x000000002000b94c        0x4 ../../../oslib/gcc/free_rtos/Release/free_rtos.a(tasks.o)
 .bss.__malloc_free_list
                0x000000002000b950        0x4 /Applications/ARM/bin/../lib/gcc/arm-none-eabi/10.3.1/../../../../arm-none-eabi/lib/thumb/v7e-m/nofp/libc_nano.a(lib_a-nano-mallocr.o)
                0x000000002000b950                __malloc_free_list
 .bss.__malloc_sbrk_start
                0x000000002000b954        0x4 /Applications/ARM/bin/../lib/gcc/arm-none-eabi/10.3.1/../../../../arm-none-eabi/lib/thumb/v7e-m/nofp/libc_nano.a(lib_a-nano-mallocr.o)
                0x000000002000b954                __malloc_sbrk_start
 .bss.errno     0x000000002000b958        0x4 /Applications/ARM/bin/../lib/gcc/arm-none-eabi/10.3.1/../../../../arm-none-eabi/lib/thumb/v7e-m/nofp/libc_nano.a(lib_a-reent.o)
                0x000000002000b958                errno
 .bss.__lock___malloc_recursive_mutex
                0x000000002000b95c        0x1 /Applications/ARM/bin/../lib/gcc/arm-none-eabi/10.3.1/../../../../arm-none-eabi/lib/thumb/v7e-m/nofp/libc_nano.a(lib_a-lock.o)
                0x000000002000b95c                __lock___malloc_recursive_mutex
 *(COMMON)
                0x000000002000b95d                _ebss = .

.heap           0x000000002000b95d    0x342a3
                0x000000002000b95d                _heap = .
                0x000000002003fc00                . = (((((((. + LENGTH (SRAM)) - SIZEOF (.bss)) - SIZEOF (.data)) - SIZEOF (.ARM)) - SIZEOF (.text)) - SIZEOF (.bootloader)) - 0x400)
 *fill*         0x000000002000b95d    0x342a3 
                0x000000002003fc00                . = ALIGN (0x400)
                0x000000002003fc00                _eheap = .
LOAD obj//Release/main.o
LOAD obj//Release/uart_if.o
LOAD obj//Release/startup_gcc.o
LOAD ../../../simplelink/gcc/lib/os/Release/libsimplelink.a
LOAD ../../../oslib/gcc/free_rtos/Release/free_rtos.a
LOAD ../../../driverlib/gcc/lib/Release/libdriver.a
LOAD /Applications/ARM/bin/../lib/gcc/arm-none-eabi/10.3.1/../../../../arm-none-eabi/lib/thumb/v7e-m/nofp/libm.a
LOAD /Applications/ARM/bin/../lib/gcc/arm-none-eabi/10.3.1/../../../../arm-none-eabi/lib/thumb/v7e-m/nofp/libc_nano.a
LOAD /Applications/ARM/bin/../lib/gcc/arm-none-eabi/10.3.1/thumb/v7e-m/nofp/libgcc.a
LOAD /Applications/ARM/bin/../lib/gcc/arm-none-eabi/10.3.1/../../../../arm-none-eabi/lib/thumb/v7e-m/nofp/libnosys.a
OUTPUT(bin//Release/antenna_selection.elf elf32-littlearm)
LOAD linker stubs

.debug_info     0x0000000000000000    0x18c0f
 .debug_info    0x0000000000000000     0x25c1 obj//Release/main.o
 .debug_info    0x00000000000025c1      0x632 obj//Release/uart_if.o
 .debug_info    0x0000000000002bf3      0x226 obj//Release/startup_gcc.o
 .debug_info    0x0000000000002e19     0x1550 ../../../simplelink/gcc/lib/os/Release/libsimplelink.a(device.o)
 .debug_info    0x0000000000004369     0x3326 ../../../simplelink/gcc/lib/os/Release/libsimplelink.a(driver.o)
 .debug_info    0x000000000000768f     0x21db ../../../simplelink/gcc/lib/os/Release/libsimplelink.a(netapp.o)
 .debug_info    0x000000000000986a      0x4cc ../../../simplelink/gcc/lib/os/Release/libsimplelink.a(netcfg.o)
 .debug_info    0x0000000000009d36     0x2270 ../../../simplelink/gcc/lib/os/Release/libsimplelink.a(socket.o)
 .debug_info    0x000000000000bfa6     0x22f0 ../../../simplelink/gcc/lib/os/Release/libsimplelink.a(wlan.o)
 .debug_info    0x000000000000e296     0x127d ../../../simplelink/gcc/lib/os/Release/libsimplelink.a(cc_pal.o)
 .debug_info    0x000000000000f513      0xe13 ../../../oslib/gcc/free_rtos/Release/free_rtos.a(osi_freertos.o)
 .debug_info    0x0000000000010326     0x1ea2 ../../../oslib/gcc/free_rtos/Release/free_rtos.a(queue.o)
 .debug_info    0x00000000000121c8     0x2954 ../../../oslib/gcc/free_rtos/Release/free_rtos.a(tasks.o)
 .debug_info    0x0000000000014b1c      0x34f ../../../oslib/gcc/free_rtos/Release/free_rtos.a(port.o)
 .debug_info    0x0000000000014e6b      0x197 ../../../oslib/gcc/free_rtos/Release/free_rtos.a(heap_3.o)
 .debug_info    0x0000000000015002      0x2d3 ../../../oslib/gcc/free_rtos/Release/free_rtos.a(list.o)
 .debug_info    0x00000000000152d5      0x4d1 ../../../driverlib/gcc/lib/Release/libdriver.a(gpio.o)
 .debug_info    0x00000000000157a6      0x443 ../../../driverlib/gcc/lib/Release/libdriver.a(interrupt.o)
 .debug_info    0x0000000000015be9     0x19ec ../../../driverlib/gcc/lib/Release/libdriver.a(prcm.o)
 .debug_info    0x00000000000175d5      0xdb1 ../../../driverlib/gcc/lib/Release/libdriver.a(spi.o)
 .debug_info    0x0000000000018386      0x716 ../../../driverlib/gcc/lib/Release/libdriver.a(timer.o)
 .debug_info    0x0000000000018a9c       0x52 ../../../driverlib/gcc/lib/Release/libdriver.a(utils.o)
 .debug_info    0x0000000000018aee      0x121 ../../../driverlib/gcc/lib/Release/libdriver.a(cpu.o)

.debug_abbrev   0x0000000000000000     0x3a5b
 .debug_abbrev  0x0000000000000000      0x479 obj//Release/main.o
 .debug_abbrev  0x0000000000000479      0x277 obj//Release/uart_if.o
 .debug_abbrev  0x00000000000006f0      0x187 obj//Release/startup_gcc.o
 .debug_abbrev  0x0000000000000877      0x37a ../../../simplelink/gcc/lib/os/Release/libsimplelink.a(device.o)
 .debug_abbrev  0x0000000000000bf1      0x528 ../../../simplelink/gcc/lib/os/Release/libsimplelink.a(driver.o)
 .debug_abbrev  0x0000000000001119      0x3ba ../../../simplelink/gcc/lib/os/Release/libsimplelink.a(netapp.o)
 .debug_abbrev  0x00000000000014d3      0x1ae ../../../simplelink/gcc/lib/os/Release/libsimplelink.a(netcfg.o)
 .debug_abbrev  0x0000000000001681      0x3bc ../../../simplelink/gcc/lib/os/Release/libsimplelink.a(socket.o)
 .debug_abbrev  0x0000000000001a3d      0x2fb ../../../simplelink/gcc/lib/os/Release/libsimplelink.a(wlan.o)
 .debug_abbrev  0x0000000000001d38      0x348 ../../../simplelink/gcc/lib/os/Release/libsimplelink.a(cc_pal.o)
 .debug_abbrev  0x0000000000002080      0x32a ../../../oslib/gcc/free_rtos/Release/free_rtos.a(osi_freertos.o)
 .debug_abbrev  0x00000000000023aa      0x383 ../../../oslib/gcc/free_rtos/Release/free_rtos.a(queue.o)
 .debug_abbrev  0x000000000000272d      0x439 ../../../oslib/gcc/free_rtos/Release/free_rtos.a(tasks.o)
 .debug_abbrev  0x0000000000002b66      0x217 ../../../oslib/gcc/free_rtos/Release/free_rtos.a(port.o)
 .debug_abbrev  0x0000000000002d7d      0x12c ../../../oslib/gcc/free_rtos/Release/free_rtos.a(heap_3.o)
 .debug_abbrev  0x0000000000002ea9      0x106 ../../../oslib/gcc/free_rtos/Release/free_rtos.a(list.o)
 .debug_abbrev  0x0000000000002faf      0x17a ../../../driverlib/gcc/lib/Release/libdriver.a(gpio.o)
 .debug_abbrev  0x0000000000003129      0x198 ../../../driverlib/gcc/lib/Release/libdriver.a(interrupt.o)
 .debug_abbrev  0x00000000000032c1      0x33e ../../../driverlib/gcc/lib/Release/libdriver.a(prcm.o)
 .debug_abbrev  0x00000000000035ff      0x212 ../../../driverlib/gcc/lib/Release/libdriver.a(spi.o)
 .debug_abbrev  0x0000000000003811      0x118 ../../../driverlib/gcc/lib/Release/libdriver.a(timer.o)
 .debug_abbrev  0x0000000000003929       0x4c ../../../driverlib/gcc/lib/Release/libdriver.a(utils.o)
 .debug_abbrev  0x0000000000003975       0xe6 ../../../driverlib/gcc/lib/Release/libdriver.a(cpu.o)

.debug_loc      0x0000000000000000     0xe0b6
 .debug_loc     0x0000000000000000      0xc9a obj//Release/main.o
 .debug_loc     0x0000000000000c9a      0x37a obj//Release/uart_if.o
 .debug_loc     0x0000000000001014       0x47 obj//Release/startup_gcc.o
 .debug_loc     0x000000000000105b      0x83a ../../../simplelink/gcc/lib/os/Release/libsimplelink.a(device.o)
 .debug_loc     0x0000000000001895     0x1c2e ../../../simplelink/gcc/lib/os/Release/libsimplelink.a(driver.o)
 .debug_loc     0x00000000000034c3     0x1308 ../../../simplelink/gcc/lib/os/Release/libsimplelink.a(netapp.o)
 .debug_loc     0x00000000000047cb      0x1de ../../../simplelink/gcc/lib/os/Release/libsimplelink.a(netcfg.o)
 .debug_loc     0x00000000000049a9     0x10cc ../../../simplelink/gcc/lib/os/Release/libsimplelink.a(socket.o)
 .debug_loc     0x0000000000005a75      0xfa4 ../../../simplelink/gcc/lib/os/Release/libsimplelink.a(wlan.o)
 .debug_loc     0x0000000000006a19      0xa85 ../../../simplelink/gcc/lib/os/Release/libsimplelink.a(cc_pal.o)
 .debug_loc     0x000000000000749e      0x903 ../../../oslib/gcc/free_rtos/Release/free_rtos.a(osi_freertos.o)
 .debug_loc     0x0000000000007da1     0x177b ../../../oslib/gcc/free_rtos/Release/free_rtos.a(queue.o)
 .debug_loc     0x000000000000951c     0x1e43 ../../../oslib/gcc/free_rtos/Release/free_rtos.a(tasks.o)
 .debug_loc     0x000000000000b35f       0xbe ../../../oslib/gcc/free_rtos/Release/free_rtos.a(port.o)
 .debug_loc     0x000000000000b41d       0x93 ../../../oslib/gcc/free_rtos/Release/free_rtos.a(heap_3.o)
 .debug_loc     0x000000000000b4b0       0xaf ../../../oslib/gcc/free_rtos/Release/free_rtos.a(list.o)
 .debug_loc     0x000000000000b55f      0x362 ../../../driverlib/gcc/lib/Release/libdriver.a(gpio.o)
 .debug_loc     0x000000000000b8c1      0x21a ../../../driverlib/gcc/lib/Release/libdriver.a(interrupt.o)
 .debug_loc     0x000000000000badb     0x128f ../../../driverlib/gcc/lib/Release/libdriver.a(prcm.o)
 .debug_loc     0x000000000000cd6a      0xe5f ../../../driverlib/gcc/lib/Release/libdriver.a(spi.o)
 .debug_loc     0x000000000000dbc9      0x499 ../../../driverlib/gcc/lib/Release/libdriver.a(timer.o)
 .debug_loc     0x000000000000e062       0x54 ../../../driverlib/gcc/lib/Release/libdriver.a(cpu.o)

.debug_aranges  0x0000000000000000      0xf58
 .debug_aranges
                0x0000000000000000       0x98 obj//Release/main.o
 .debug_aranges
                0x0000000000000098       0x58 obj//Release/uart_if.o
 .debug_aranges
                0x00000000000000f0       0x48 obj//Release/startup_gcc.o
 .debug_aranges
                0x0000000000000138       0x68 ../../../simplelink/gcc/lib/os/Release/libsimplelink.a(device.o)
 .debug_aranges
                0x00000000000001a0      0x130 ../../../simplelink/gcc/lib/os/Release/libsimplelink.a(driver.o)
 .debug_aranges
                0x00000000000002d0       0xa0 ../../../simplelink/gcc/lib/os/Release/libsimplelink.a(netapp.o)
 .debug_aranges
                0x0000000000000370       0x28 ../../../simplelink/gcc/lib/os/Release/libsimplelink.a(netcfg.o)
 .debug_aranges
                0x0000000000000398       0xe0 ../../../simplelink/gcc/lib/os/Release/libsimplelink.a(socket.o)
 .debug_aranges
                0x0000000000000478       0xb0 ../../../simplelink/gcc/lib/os/Release/libsimplelink.a(wlan.o)
 .debug_aranges
                0x0000000000000528       0xa8 ../../../simplelink/gcc/lib/os/Release/libsimplelink.a(cc_pal.o)
 .debug_aranges
                0x00000000000005d0      0x110 ../../../oslib/gcc/free_rtos/Release/free_rtos.a(osi_freertos.o)
 .debug_aranges
                0x00000000000006e0      0x128 ../../../oslib/gcc/free_rtos/Release/free_rtos.a(queue.o)
 .debug_aranges
                0x0000000000000808      0x1a8 ../../../oslib/gcc/free_rtos/Release/free_rtos.a(tasks.o)
 .debug_aranges
                0x00000000000009b0       0x70 ../../../oslib/gcc/free_rtos/Release/free_rtos.a(port.o)
 .debug_aranges
                0x0000000000000a20       0x28 ../../../oslib/gcc/free_rtos/Release/free_rtos.a(heap_3.o)
 .debug_aranges
                0x0000000000000a48       0x40 ../../../oslib/gcc/free_rtos/Release/free_rtos.a(list.o)
 .debug_aranges
                0x0000000000000a88       0x90 ../../../driverlib/gcc/lib/Release/libdriver.a(gpio.o)
 .debug_aranges
                0x0000000000000b18       0x98 ../../../driverlib/gcc/lib/Release/libdriver.a(interrupt.o)
 .debug_aranges
                0x0000000000000bb0      0x198 ../../../driverlib/gcc/lib/Release/libdriver.a(prcm.o)
 .debug_aranges
                0x0000000000000d48       0xd0 ../../../driverlib/gcc/lib/Release/libdriver.a(spi.o)
 .debug_aranges
                0x0000000000000e18       0xd8 ../../../driverlib/gcc/lib/Release/libdriver.a(timer.o)
 .debug_aranges
                0x0000000000000ef0       0x20 ../../../driverlib/gcc/lib/Release/libdriver.a(utils.o)
 .debug_aranges
                0x0000000000000f10       0x48 ../../../driverlib/gcc/lib/Release/libdriver.a(cpu.o)

.debug_ranges   0x0000000000000000     0x1aa0
 .debug_ranges  0x0000000000000000      0x120 obj//Release/main.o
 .debug_ranges  0x0000000000000120       0x48 obj//Release/uart_if.o
 .debug_ranges  0x0000000000000168       0x38 obj//Release/startup_gcc.o
 .debug_ranges  0x00000000000001a0       0xc8 ../../../simplelink/gcc/lib/os/Release/libsimplelink.a(device.o)
 .debug_ranges  0x0000000000000268      0x340 ../../../simplelink/gcc/lib/os/Release/libsimplelink.a(driver.o)
 .debug_ranges  0x00000000000005a8      0x128 ../../../simplelink/gcc/lib/os/Release/libsimplelink.a(netapp.o)
 .debug_ranges  0x00000000000006d0       0x38 ../../../simplelink/gcc/lib/os/Release/libsimplelink.a(netcfg.o)
 .debug_ranges  0x0000000000000708      0x110 ../../../simplelink/gcc/lib/os/Release/libsimplelink.a(socket.o)
 .debug_ranges  0x0000000000000818      0x160 ../../../simplelink/gcc/lib/os/Release/libsimplelink.a(wlan.o)
 .debug_ranges  0x0000000000000978      0x108 ../../../simplelink/gcc/lib/os/Release/libsimplelink.a(cc_pal.o)
 .debug_ranges  0x0000000000000a80      0x100 ../../../oslib/gcc/free_rtos/Release/free_rtos.a(osi_freertos.o)
 .debug_ranges  0x0000000000000b80      0x2d0 ../../../oslib/gcc/free_rtos/Release/free_rtos.a(queue.o)
 .debug_ranges  0x0000000000000e50      0x2f8 ../../../oslib/gcc/free_rtos/Release/free_rtos.a(tasks.o)
 .debug_ranges  0x0000000000001148       0x78 ../../../oslib/gcc/free_rtos/Release/free_rtos.a(port.o)
 .debug_ranges  0x00000000000011c0       0x18 ../../../oslib/gcc/free_rtos/Release/free_rtos.a(heap_3.o)
 .debug_ranges  0x00000000000011d8       0x30 ../../../oslib/gcc/free_rtos/Release/free_rtos.a(list.o)
 .debug_ranges  0x0000000000001208       0x80 ../../../driverlib/gcc/lib/Release/libdriver.a(gpio.o)
 .debug_ranges  0x0000000000001288       0x88 ../../../driverlib/gcc/lib/Release/libdriver.a(interrupt.o)
 .debug_ranges  0x0000000000001310      0x538 ../../../driverlib/gcc/lib/Release/libdriver.a(prcm.o)
 .debug_ranges  0x0000000000001848      0x148 ../../../driverlib/gcc/lib/Release/libdriver.a(spi.o)
 .debug_ranges  0x0000000000001990       0xc8 ../../../driverlib/gcc/lib/Release/libdriver.a(timer.o)
 .debug_ranges  0x0000000000001a58       0x10 ../../../driverlib/gcc/lib/Release/libdriver.a(utils.o)
 .debug_ranges  0x0000000000001a68       0x38 ../../../driverlib/gcc/lib/Release/libdriver.a(cpu.o)

.debug_line     0x0000000000000000     0xd76e
 .debug_line    0x0000000000000000      0xfce obj//Release/main.o
 .debug_line    0x0000000000000fce      0x3d7 obj//Release/uart_if.o
 .debug_line    0x00000000000013a5      0x1f1 obj//Release/startup_gcc.o
 .debug_line    0x0000000000001596      0x71d ../../../simplelink/gcc/lib/os/Release/libsimplelink.a(device.o)
 .debug_line    0x0000000000001cb3     0x1941 ../../../simplelink/gcc/lib/os/Release/libsimplelink.a(driver.o)
 .debug_line    0x00000000000035f4      0xe68 ../../../simplelink/gcc/lib/os/Release/libsimplelink.a(netapp.o)
 .debug_line    0x000000000000445c      0x24b ../../../simplelink/gcc/lib/os/Release/libsimplelink.a(netcfg.o)
 .debug_line    0x00000000000046a7     0x11b9 ../../../simplelink/gcc/lib/os/Release/libsimplelink.a(socket.o)
 .debug_line    0x0000000000005860      0xfd1 ../../../simplelink/gcc/lib/os/Release/libsimplelink.a(wlan.o)
 .debug_line    0x0000000000006831      0x7a3 ../../../simplelink/gcc/lib/os/Release/libsimplelink.a(cc_pal.o)
 .debug_line    0x0000000000006fd4      0x743 ../../../oslib/gcc/free_rtos/Release/free_rtos.a(osi_freertos.o)
 .debug_line    0x0000000000007717     0x12c8 ../../../oslib/gcc/free_rtos/Release/free_rtos.a(queue.o)
 .debug_line    0x00000000000089df     0x1dbc ../../../oslib/gcc/free_rtos/Release/free_rtos.a(tasks.o)
 .debug_line    0x000000000000a79b      0x384 ../../../oslib/gcc/free_rtos/Release/free_rtos.a(port.o)
 .debug_line    0x000000000000ab1f      0x17d ../../../oslib/gcc/free_rtos/Release/free_rtos.a(heap_3.o)
 .debug_line    0x000000000000ac9c      0x2e4 ../../../oslib/gcc/free_rtos/Release/free_rtos.a(list.o)
 .debug_line    0x000000000000af80      0x36c ../../../driverlib/gcc/lib/Release/libdriver.a(gpio.o)
 .debug_line    0x000000000000b2ec      0x42f ../../../driverlib/gcc/lib/Release/libdriver.a(interrupt.o)
 .debug_line    0x000000000000b71b     0x10c1 ../../../driverlib/gcc/lib/Release/libdriver.a(prcm.o)
 .debug_line    0x000000000000c7dc      0x941 ../../../driverlib/gcc/lib/Release/libdriver.a(spi.o)
 .debug_line    0x000000000000d11d      0x54d ../../../driverlib/gcc/lib/Release/libdriver.a(timer.o)
 .debug_line    0x000000000000d66a       0x42 ../../../driverlib/gcc/lib/Release/libdriver.a(utils.o)
 .debug_line    0x000000000000d6ac       0xc2 ../../../driverlib/gcc/lib/Release/libdriver.a(cpu.o)

.debug_str      0x0000000000000000     0x6dd9
 .debug_str     0x0000000000000000     0x126e obj//Release/main.o
                                       0x1388 (size before relaxing)
 .debug_str     0x000000000000126e      0x105 obj//Release/uart_if.o
                                        0x2b2 (size before relaxing)
 .debug_str     0x0000000000001373       0xcf obj//Release/startup_gcc.o
                                        0x273 (size before relaxing)
 .debug_str     0x0000000000001442      0xad6 ../../../simplelink/gcc/lib/os/Release/libsimplelink.a(device.o)
                                       0x1028 (size before relaxing)
 .debug_str     0x0000000000001f18      0x94d ../../../simplelink/gcc/lib/os/Release/libsimplelink.a(driver.o)
                                       0x1a6e (size before relaxing)
 .debug_str     0x0000000000002865      0x922 ../../../simplelink/gcc/lib/os/Release/libsimplelink.a(netapp.o)
                                       0x1536 (size before relaxing)
 .debug_str     0x0000000000003187       0x90 ../../../simplelink/gcc/lib/os/Release/libsimplelink.a(netcfg.o)
                                        0x4f9 (size before relaxing)
 .debug_str     0x0000000000003217      0x64d ../../../simplelink/gcc/lib/os/Release/libsimplelink.a(socket.o)
                                        0xff6 (size before relaxing)
 .debug_str     0x0000000000003864      0xc45 ../../../simplelink/gcc/lib/os/Release/libsimplelink.a(wlan.o)
                                       0x1187 (size before relaxing)
 .debug_str     0x00000000000044a9      0x368 ../../../simplelink/gcc/lib/os/Release/libsimplelink.a(cc_pal.o)
                                        0x5f2 (size before relaxing)
 .debug_str     0x0000000000004811      0x3b6 ../../../oslib/gcc/free_rtos/Release/free_rtos.a(osi_freertos.o)
                                        0x7c9 (size before relaxing)
 .debug_str     0x0000000000004bc7      0x7bc ../../../oslib/gcc/free_rtos/Release/free_rtos.a(queue.o)
                                        0xad4 (size before relaxing)
 .debug_str     0x0000000000005383      0xb85 ../../../oslib/gcc/free_rtos/Release/free_rtos.a(tasks.o)
                                       0x10e3 (size before relaxing)
 .debug_str     0x0000000000005f08       0xd6 ../../../oslib/gcc/free_rtos/Release/free_rtos.a(port.o)
                                        0x361 (size before relaxing)
 .debug_str     0x0000000000005fde       0x51 ../../../oslib/gcc/free_rtos/Release/free_rtos.a(heap_3.o)
                                        0x212 (size before relaxing)
 .debug_str     0x000000000000602f       0x6a ../../../oslib/gcc/free_rtos/Release/free_rtos.a(list.o)
                                        0x2d7 (size before relaxing)
 .debug_str     0x0000000000006099      0x184 ../../../driverlib/gcc/lib/Release/libdriver.a(gpio.o)
                                        0x2a3 (size before relaxing)
 .debug_str     0x000000000000621d      0x18a ../../../driverlib/gcc/lib/Release/libdriver.a(interrupt.o)
                                        0x303 (size before relaxing)
 .debug_str     0x00000000000063a7      0x5be ../../../driverlib/gcc/lib/Release/libdriver.a(prcm.o)
                                        0x7bb (size before relaxing)
 .debug_str     0x0000000000006965      0x29c ../../../driverlib/gcc/lib/Release/libdriver.a(spi.o)
                                        0x489 (size before relaxing)
 .debug_str     0x0000000000006c01      0x1a6 ../../../driverlib/gcc/lib/Release/libdriver.a(timer.o)
                                        0x319 (size before relaxing)
 .debug_str     0x0000000000006da7        0xb ../../../driverlib/gcc/lib/Release/libdriver.a(utils.o)
                                        0x106 (size before relaxing)
 .debug_str     0x0000000000006db2       0x27 ../../../driverlib/gcc/lib/Release/libdriver.a(cpu.o)
                                        0x144 (size before relaxing)

.comment        0x0000000000000000       0x49
 .comment       0x0000000000000000       0x49 obj//Release/main.o
                                         0x4a (size before relaxing)
 .comment       0x0000000000000049       0x4a obj//Release/uart_if.o
 .comment       0x0000000000000049       0x4a obj//Release/startup_gcc.o
 .comment       0x0000000000000049       0x4a ../../../simplelink/gcc/lib/os/Release/libsimplelink.a(device.o)
 .comment       0x0000000000000049       0x4a ../../../simplelink/gcc/lib/os/Release/libsimplelink.a(driver.o)
 .comment       0x0000000000000049       0x4a ../../../simplelink/gcc/lib/os/Release/libsimplelink.a(netapp.o)
 .comment       0x0000000000000049       0x4a ../../../simplelink/gcc/lib/os/Release/libsimplelink.a(netcfg.o)
 .comment       0x0000000000000049       0x4a ../../../simplelink/gcc/lib/os/Release/libsimplelink.a(socket.o)
 .comment       0x0000000000000049       0x4a ../../../simplelink/gcc/lib/os/Release/libsimplelink.a(wlan.o)
 .comment       0x0000000000000049       0x4a ../../../simplelink/gcc/lib/os/Release/libsimplelink.a(cc_pal.o)
 .comment       0x0000000000000049       0x4a ../../../oslib/gcc/free_rtos/Release/free_rtos.a(osi_freertos.o)
 .comment       0x0000000000000049       0x4a ../../../oslib/gcc/free_rtos/Release/free_rtos.a(queue.o)
 .comment       0x0000000000000049       0x4a ../../../oslib/gcc/free_rtos/Release/free_rtos.a(tasks.o)
 .comment       0x0000000000000049       0x4a ../../../oslib/gcc/free_rtos/Release/free_rtos.a(port.o)
 .comment       0x0000000000000049       0x4a ../../../oslib/gcc/free_rtos/Release/free_rtos.a(heap_3.o)
 .comment       0x0000000000000049       0x4a ../../../oslib/gcc/free_rtos/Release/free_rtos.a(list.o)
 .comment       0x0000000000000049       0x4a ../../../driverlib/gcc/lib/Release/libdriver.a(gpio.o)
 .comment       0x0000000000000049       0x4a ../../../driverlib/gcc/lib/Release/libdriver.a(interrupt.o)
 .comment       0x0000000000000049       0x4a ../../../driverlib/gcc/lib/Release/libdriver.a(prcm.o)
 .comment       0x0000000000000049       0x4a ../../../driverlib/gcc/lib/Release/libdriver.a(spi.o)
 .comment       0x0000000000000049       0x4a ../../../driverlib/gcc/lib/Release/libdriver.a(timer.o)
 .comment       0x0000000000000049       0x4a ../../../driverlib/gcc/lib/Release/libdriver.a(utils.o)
 .comment       0x0000000000000049       0x4a ../../../driverlib/gcc/lib/Release/libdriver.a(cpu.o)

.ARM.attributes
                0x0000000000000000       0x2c
 .ARM.attributes
                0x0000000000000000       0x2e obj//Release/main.o
 .ARM.attributes
                0x000000000000002e       0x2e obj//Release/uart_if.o
 .ARM.attributes
                0x000000000000005c       0x2e obj//Release/startup_gcc.o
 .ARM.attributes
                0x000000000000008a       0x2e ../../../simplelink/gcc/lib/os/Release/libsimplelink.a(device.o)
 .ARM.attributes
                0x00000000000000b8       0x2e ../../../simplelink/gcc/lib/os/Release/libsimplelink.a(driver.o)
 .ARM.attributes
                0x00000000000000e6       0x2e ../../../simplelink/gcc/lib/os/Release/libsimplelink.a(netapp.o)
 .ARM.attributes
                0x0000000000000114       0x2e ../../../simplelink/gcc/lib/os/Release/libsimplelink.a(netcfg.o)
 .ARM.attributes
                0x0000000000000142       0x2e ../../../simplelink/gcc/lib/os/Release/libsimplelink.a(socket.o)
 .ARM.attributes
                0x0000000000000170       0x2e ../../../simplelink/gcc/lib/os/Release/libsimplelink.a(wlan.o)
 .ARM.attributes
                0x000000000000019e       0x2e ../../../simplelink/gcc/lib/os/Release/libsimplelink.a(cc_pal.o)
 .ARM.attributes
                0x00000000000001cc       0x2e ../../../oslib/gcc/free_rtos/Release/free_rtos.a(osi_freertos.o)
 .ARM.attributes
                0x00000000000001fa       0x2e ../../../oslib/gcc/free_rtos/Release/free_rtos.a(queue.o)
 .ARM.attributes
                0x0000000000000228       0x2e ../../../oslib/gcc/free_rtos/Release/free_rtos.a(tasks.o)
 .ARM.attributes
                0x0000000000000256       0x2e ../../../oslib/gcc/free_rtos/Release/free_rtos.a(port.o)
 .ARM.attributes
                0x0000000000000284       0x2e ../../../oslib/gcc/free_rtos/Release/free_rtos.a(heap_3.o)
 .ARM.attributes
                0x00000000000002b2       0x2e ../../../oslib/gcc/free_rtos/Release/free_rtos.a(list.o)
 .ARM.attributes
                0x00000000000002e0       0x2e ../../../driverlib/gcc/lib/Release/libdriver.a(gpio.o)
 .ARM.attributes
                0x000000000000030e       0x2e ../../../driverlib/gcc/lib/Release/libdriver.a(interrupt.o)
 .ARM.attributes
                0x000000000000033c       0x2e ../../../driverlib/gcc/lib/Release/libdriver.a(prcm.o)
 .ARM.attributes
                0x000000000000036a       0x2e ../../../driverlib/gcc/lib/Release/libdriver.a(spi.o)
 .ARM.attributes
                0x0000000000000398       0x2e ../../../driverlib/gcc/lib/Release/libdriver.a(timer.o)
 .ARM.attributes
                0x00000000000003c6       0x2e ../../../driverlib/gcc/lib/Release/libdriver.a(utils.o)
 .ARM.attributes
                0x00000000000003f4       0x2e ../../../driverlib/gcc/lib/Release/libdriver.a(cpu.o)
 .ARM.attributes
                0x0000000000000422       0x2e /Applications/ARM/bin/../lib/gcc/arm-none-eabi/10.3.1/../../../../arm-none-eabi/lib/thumb/v7e-m/nofp/libc_nano.a(lib_a-malloc.o)
 .ARM.attributes
                0x0000000000000450       0x2e /Applications/ARM/bin/../lib/gcc/arm-none-eabi/10.3.1/../../../../arm-none-eabi/lib/thumb/v7e-m/nofp/libc_nano.a(lib_a-memcmp.o)
 .ARM.attributes
                0x000000000000047e       0x2e /Applications/ARM/bin/../lib/gcc/arm-none-eabi/10.3.1/../../../../arm-none-eabi/lib/thumb/v7e-m/nofp/libc_nano.a(lib_a-memcpy-stub.o)
 .ARM.attributes
                0x00000000000004ac       0x2e /Applications/ARM/bin/../lib/gcc/arm-none-eabi/10.3.1/../../../../arm-none-eabi/lib/thumb/v7e-m/nofp/libc_nano.a(lib_a-memmove.o)
 .ARM.attributes
                0x00000000000004da       0x2e /Applications/ARM/bin/../lib/gcc/arm-none-eabi/10.3.1/../../../../arm-none-eabi/lib/thumb/v7e-m/nofp/libc_nano.a(lib_a-memset.o)
 .ARM.attributes
                0x0000000000000508       0x2e /Applications/ARM/bin/../lib/gcc/arm-none-eabi/10.3.1/../../../../arm-none-eabi/lib/thumb/v7e-m/nofp/libc_nano.a(lib_a-nano-freer.o)
 .ARM.attributes
                0x0000000000000536       0x2e /Applications/ARM/bin/../lib/gcc/arm-none-eabi/10.3.1/../../../../arm-none-eabi/lib/thumb/v7e-m/nofp/libc_nano.a(lib_a-nano-mallocr.o)
 .ARM.attributes
                0x0000000000000564       0x2e /Applications/ARM/bin/../lib/gcc/arm-none-eabi/10.3.1/../../../../arm-none-eabi/lib/thumb/v7e-m/nofp/libc_nano.a(lib_a-realloc.o)
 .ARM.attributes
                0x0000000000000592       0x2e /Applications/ARM/bin/../lib/gcc/arm-none-eabi/10.3.1/../../../../arm-none-eabi/lib/thumb/v7e-m/nofp/libc_nano.a(lib_a-sbrkr.o)
 .ARM.attributes
                0x00000000000005c0       0x17 /Applications/ARM/bin/../lib/gcc/arm-none-eabi/10.3.1/../../../../arm-none-eabi/lib/thumb/v7e-m/nofp/libc_nano.a(lib_a-strlen.o)
 .ARM.attributes
                0x00000000000005d7       0x2e /Applications/ARM/bin/../lib/gcc/arm-none-eabi/10.3.1/../../../../arm-none-eabi/lib/thumb/v7e-m/nofp/libc_nano.a(lib_a-vsnprintf.o)
 .ARM.attributes
                0x0000000000000605       0x2e /Applications/ARM/bin/../lib/gcc/arm-none-eabi/10.3.1/../../../../arm-none-eabi/lib/thumb/v7e-m/nofp/libc_nano.a(lib_a-impure.o)
 .ARM.attributes
                0x0000000000000633       0x2e /Applications/ARM/bin/../lib/gcc/arm-none-eabi/10.3.1/../../../../arm-none-eabi/lib/thumb/v7e-m/nofp/libc_nano.a(lib_a-mlock.o)
 .ARM.attributes
                0x0000000000000661       0x2e /Applications/ARM/bin/../lib/gcc/arm-none-eabi/10.3.1/../../../../arm-none-eabi/lib/thumb/v7e-m/nofp/libc_nano.a(lib_a-nano-reallocr.o)
 .ARM.attributes
                0x000000000000068f       0x2e /Applications/ARM/bin/../lib/gcc/arm-none-eabi/10.3.1/../../../../arm-none-eabi/lib/thumb/v7e-m/nofp/libc_nano.a(lib_a-nano-svfprintf.o)
 .ARM.attributes
                0x00000000000006bd       0x2e /Applications/ARM/bin/../lib/gcc/arm-none-eabi/10.3.1/../../../../arm-none-eabi/lib/thumb/v7e-m/nofp/libc_nano.a(lib_a-nano-vfprintf_i.o)
 .ARM.attributes
                0x00000000000006eb       0x2e /Applications/ARM/bin/../lib/gcc/arm-none-eabi/10.3.1/../../../../arm-none-eabi/lib/thumb/v7e-m/nofp/libc_nano.a(lib_a-reent.o)
 .ARM.attributes
                0x0000000000000719       0x2e /Applications/ARM/bin/../lib/gcc/arm-none-eabi/10.3.1/../../../../arm-none-eabi/lib/thumb/v7e-m/nofp/libc_nano.a(lib_a-lock.o)
 .ARM.attributes
                0x0000000000000747       0x1c /Applications/ARM/bin/../lib/gcc/arm-none-eabi/10.3.1/../../../../arm-none-eabi/lib/thumb/v7e-m/nofp/libc_nano.a(lib_a-memchr.o)
 .ARM.attributes
                0x0000000000000763       0x2e /Applications/ARM/bin/../lib/gcc/arm-none-eabi/10.3.1/../../../../arm-none-eabi/lib/thumb/v7e-m/nofp/libc_nano.a(lib_a-nano-msizer.o)

.debug_frame    0x0000000000000000     0x30bc
 .debug_frame   0x0000000000000000      0x1c4 obj//Release/main.o
 .debug_frame   0x00000000000001c4      0x128 obj//Release/uart_if.o
 .debug_frame   0x00000000000002ec       0x7c obj//Release/startup_gcc.o
 .debug_frame   0x0000000000000368      0x160 ../../../simplelink/gcc/lib/os/Release/libsimplelink.a(device.o)
 .debug_frame   0x00000000000004c8      0x438 ../../../simplelink/gcc/lib/os/Release/libsimplelink.a(driver.o)
 .debug_frame   0x0000000000000900      0x254 ../../../simplelink/gcc/lib/os/Release/libsimplelink.a(netapp.o)
 .debug_frame   0x0000000000000b54       0x60 ../../../simplelink/gcc/lib/os/Release/libsimplelink.a(netcfg.o)
 .debug_frame   0x0000000000000bb4      0x2f4 ../../../simplelink/gcc/lib/os/Release/libsimplelink.a(socket.o)
 .debug_frame   0x0000000000000ea8      0x288 ../../../simplelink/gcc/lib/os/Release/libsimplelink.a(wlan.o)
 .debug_frame   0x0000000000001130      0x240 ../../../simplelink/gcc/lib/os/Release/libsimplelink.a(cc_pal.o)
 .debug_frame   0x0000000000001370      0x2f8 ../../../oslib/gcc/free_rtos/Release/free_rtos.a(osi_freertos.o)
 .debug_frame   0x0000000000001668      0x3a0 ../../../oslib/gcc/free_rtos/Release/free_rtos.a(queue.o)
 .debug_frame   0x0000000000001a08      0x57c ../../../oslib/gcc/free_rtos/Release/free_rtos.a(tasks.o)
 .debug_frame   0x0000000000001f84       0xd8 ../../../oslib/gcc/free_rtos/Release/free_rtos.a(port.o)
 .debug_frame   0x000000000000205c       0x48 ../../../oslib/gcc/free_rtos/Release/free_rtos.a(heap_3.o)
 .debug_frame   0x00000000000020a4       0x6c ../../../oslib/gcc/free_rtos/Release/free_rtos.a(list.o)
 .debug_frame   0x0000000000002110      0x124 ../../../driverlib/gcc/lib/Release/libdriver.a(gpio.o)
 .debug_frame   0x0000000000002234      0x128 ../../../driverlib/gcc/lib/Release/libdriver.a(interrupt.o)
 .debug_frame   0x000000000000235c      0x4a0 ../../../driverlib/gcc/lib/Release/libdriver.a(prcm.o)
 .debug_frame   0x00000000000027fc      0x204 ../../../driverlib/gcc/lib/Release/libdriver.a(spi.o)
 .debug_frame   0x0000000000002a00      0x1c0 ../../../driverlib/gcc/lib/Release/libdriver.a(timer.o)
 .debug_frame   0x0000000000002bc0       0x20 ../../../driverlib/gcc/lib/Release/libdriver.a(utils.o)
 .debug_frame   0x0000000000002be0       0x70 ../../../driverlib/gcc/lib/Release/libdriver.a(cpu.o)
 .debug_frame   0x0000000000002c50       0x30 /Applications/ARM/bin/../lib/gcc/arm-none-eabi/10.3.1/../../../../arm-none-eabi/lib/thumb/v7e-m/nofp/libc_nano.a(lib_a-malloc.o)
 .debug_frame   0x0000000000002c80       0x28 /Applications/ARM/bin/../lib/gcc/arm-none-eabi/10.3.1/../../../../arm-none-eabi/lib/thumb/v7e-m/nofp/libc_nano.a(lib_a-memcmp.o)
 .debug_frame   0x0000000000002ca8       0x28 /Applications/ARM/bin/../lib/gcc/arm-none-eabi/10.3.1/../../../../arm-none-eabi/lib/thumb/v7e-m/nofp/libc_nano.a(lib_a-memcpy-stub.o)
 .debug_frame   0x0000000000002cd0       0x28 /Applications/ARM/bin/../lib/gcc/arm-none-eabi/10.3.1/../../../../arm-none-eabi/lib/thumb/v7e-m/nofp/libc_nano.a(lib_a-memmove.o)
 .debug_frame   0x0000000000002cf8       0x20 /Applications/ARM/bin/../lib/gcc/arm-none-eabi/10.3.1/../../../../arm-none-eabi/lib/thumb/v7e-m/nofp/libc_nano.a(lib_a-memset.o)
 .debug_frame   0x0000000000002d18       0x38 /Applications/ARM/bin/../lib/gcc/arm-none-eabi/10.3.1/../../../../arm-none-eabi/lib/thumb/v7e-m/nofp/libc_nano.a(lib_a-nano-freer.o)
 .debug_frame   0x0000000000002d50       0x4c /Applications/ARM/bin/../lib/gcc/arm-none-eabi/10.3.1/../../../../arm-none-eabi/lib/thumb/v7e-m/nofp/libc_nano.a(lib_a-nano-mallocr.o)
 .debug_frame   0x0000000000002d9c       0x20 /Applications/ARM/bin/../lib/gcc/arm-none-eabi/10.3.1/../../../../arm-none-eabi/lib/thumb/v7e-m/nofp/libc_nano.a(lib_a-realloc.o)
 .debug_frame   0x0000000000002dbc       0x2c /Applications/ARM/bin/../lib/gcc/arm-none-eabi/10.3.1/../../../../arm-none-eabi/lib/thumb/v7e-m/nofp/libc_nano.a(lib_a-sbrkr.o)
 .debug_frame   0x0000000000002de8       0x4c /Applications/ARM/bin/../lib/gcc/arm-none-eabi/10.3.1/../../../../arm-none-eabi/lib/thumb/v7e-m/nofp/libc_nano.a(lib_a-vsnprintf.o)
 .debug_frame   0x0000000000002e34       0x30 /Applications/ARM/bin/../lib/gcc/arm-none-eabi/10.3.1/../../../../arm-none-eabi/lib/thumb/v7e-m/nofp/libc_nano.a(lib_a-mlock.o)
 .debug_frame   0x0000000000002e64       0x3c /Applications/ARM/bin/../lib/gcc/arm-none-eabi/10.3.1/../../../../arm-none-eabi/lib/thumb/v7e-m/nofp/libc_nano.a(lib_a-nano-reallocr.o)
 .debug_frame   0x0000000000002ea0       0x90 /Applications/ARM/bin/../lib/gcc/arm-none-eabi/10.3.1/../../../../arm-none-eabi/lib/thumb/v7e-m/nofp/libc_nano.a(lib_a-nano-svfprintf.o)