Archive member included to satisfy reference by file (symbol)

../../../oslib/gcc/free_rtos/Debug/free_rtos.a(osi_freertos.o)
                              obj//Debug/main.o (osi_TaskCreate)
../../../oslib/gcc/free_rtos/Debug/free_rtos.a(queue.o)
                              ../../../oslib/gcc/free_rtos/Debug/free_rtos.a(osi_freertos.o) (xQueueGenericCreate)
../../../oslib/gcc/free_rtos/Debug/free_rtos.a(tasks.o)
                              ../../../oslib/gcc/free_rtos/Debug/free_rtos.a(osi_freertos.o) (xTaskCreate)
../../../oslib/gcc/free_rtos/Debug/free_rtos.a(port.o)
                              ../../../oslib/gcc/free_rtos/Debug/free_rtos.a(tasks.o) (pxPortInitialiseStack)
../../../oslib/gcc/free_rtos/Debug/free_rtos.a(heap_3.o)
                              ../../../oslib/gcc/free_rtos/Debug/free_rtos.a(osi_freertos.o) (pvPortMalloc)
../../../oslib/gcc/free_rtos/Debug/free_rtos.a(list.o)
                              ../../../oslib/gcc/free_rtos/Debug/free_rtos.a(queue.o) (vListInitialise)
../../../driverlib/gcc/lib/Debug/libdriver.a(interrupt.o)
                              obj//Debug/main.o (IntMasterEnable)
../../../driverlib/gcc/lib/Debug/libdriver.a(pin.o)
                              obj//Debug/pinmux.o (PinTypeUART)
../../../driverlib/gcc/lib/Debug/libdriver.a(prcm.o)
                              obj//Debug/pinmux.o (PRCMPeripheralClkEnable)
../../../driverlib/gcc/lib/Debug/libdriver.a(uart.o)
                              obj//Debug/uart_if.o (UARTConfigSetExpClk)
../../../driverlib/gcc/lib/Debug/libdriver.a(utils.o)
                              ../../../driverlib/gcc/lib/Debug/libdriver.a(prcm.o) (UtilsDelay)
../../../driverlib/gcc/lib/Debug/libdriver.a(cpu.o)
                              ../../../driverlib/gcc/lib/Debug/libdriver.a(interrupt.o) (CPUcpsid)
../../../driverlib/gcc/lib/Debug/libdriver.a(flash.o)
                              ../../../driverlib/gcc/lib/Debug/libdriver.a(prcm.o) (FlashDisable)
/Applications/ARM/bin/../lib/gcc/arm-none-eabi/10.3.1/../../../../arm-none-eabi/lib/thumb/v7e-m/nofp/libc_nano.a(lib_a-malloc.o)
                              obj//Debug/uart_if.o (malloc)
/Applications/ARM/bin/../lib/gcc/arm-none-eabi/10.3.1/../../../../arm-none-eabi/lib/thumb/v7e-m/nofp/libc_nano.a(lib_a-memcpy-stub.o)
                              ../../../oslib/gcc/free_rtos/Debug/free_rtos.a(osi_freertos.o) (memcpy)
/Applications/ARM/bin/../lib/gcc/arm-none-eabi/10.3.1/../../../../arm-none-eabi/lib/thumb/v7e-m/nofp/libc_nano.a(lib_a-memmove.o)
                              obj//Debug/uart_if.o (memmove)
/Applications/ARM/bin/../lib/gcc/arm-none-eabi/10.3.1/../../../../arm-none-eabi/lib/thumb/v7e-m/nofp/libc_nano.a(lib_a-memset.o)
                              ../../../oslib/gcc/free_rtos/Debug/free_rtos.a(osi_freertos.o) (memset)
/Applications/ARM/bin/../lib/gcc/arm-none-eabi/10.3.1/../../../../arm-none-eabi/lib/thumb/v7e-m/nofp/libc_nano.a(lib_a-nano-freer.o)
                              /Applications/ARM/bin/../lib/gcc/arm-none-eabi/10.3.1/../../../../arm-none-eabi/lib/thumb/v7e-m/nofp/libc_nano.a(lib_a-malloc.o) (_free_r)
/Applications/ARM/bin/../lib/gcc/arm-none-eabi/10.3.1/../../../../arm-none-eabi/lib/thumb/v7e-m/nofp/libc_nano.a(lib_a-nano-mallocr.o)
                              /Applications/ARM/bin/../lib/gcc/arm-none-eabi/10.3.1/../../../../arm-none-eabi/lib/thumb/v7e-m/nofp/libc_nano.a(lib_a-malloc.o) (_malloc_r)
/Applications/ARM/bin/../lib/gcc/arm-none-eabi/10.3.1/../../../../arm-none-eabi/lib/thumb/v7e-m/nofp/libc_nano.a(lib_a-realloc.o)
                              obj//Debug/uart_if.o (realloc)
/Applications/ARM/bin/../lib/gcc/arm-none-eabi/10.3.1/../../../../arm-none-eabi/lib/thumb/v7e-m/nofp/libc_nano.a(lib_a-sbrkr.o)
                              /Applications/ARM/bin/../lib/gcc/arm-none-eabi/10.3.1/../../../../arm-none-eabi/lib/thumb/v7e-m/nofp/libc_nano.a(lib_a-nano-mallocr.o) (_sbrk_r)
/Applications/ARM/bin/../lib/gcc/arm-none-eabi/10.3.1/../../../../arm-none-eabi/lib/thumb/v7e-m/nofp/libc_nano.a(lib_a-strlen.o)
                              obj//Debug/uart_if.o (strlen)
/Applications/ARM/bin/../lib/gcc/arm-none-eabi/10.3.1/../../../../arm-none-eabi/lib/thumb/v7e-m/nofp/libc_nano.a(lib_a-vsnprintf.o)
                              obj//Debug/uart_if.o (vsnprintf)
/Applications/ARM/bin/../lib/gcc/arm-none-eabi/10.3.1/../../../../arm-none-eabi/lib/thumb/v7e-m/nofp/libc_nano.a(lib_a-impure.o)
                              /Applications/ARM/bin/../lib/gcc/arm-none-eabi/10.3.1/../../../../arm-none-eabi/lib/thumb/v7e-m/nofp/libc_nano.a(lib_a-malloc.o) (_impure_ptr)
/Applications/ARM/bin/../lib/gcc/arm-none-eabi/10.3.1/../../../../arm-none-eabi/lib/thumb/v7e-m/nofp/libc_nano.a(lib_a-mlock.o)
                              /Applications/ARM/bin/../lib/gcc/arm-none-eabi/10.3.1/../../../../arm-none-eabi/lib/thumb/v7e-m/nofp/libc_nano.a(lib_a-nano-freer.o) (__malloc_lock)
[...]
Memory Configuration

Name             Origin             Length             Attributes
SRAM             0x0000000020000000 0x0000000000040000 xrw
*default*        0x0000000000000000 0xffffffffffffffff

Linker script and memory map

                0x0000000000004000                BOOTLOADER_SIZE = 0x4000

.bootloader     0x0000000020000000     0x4000
                0x0000000020000000                _heap2 = .
                0x0000000020004000                . = (. + BOOTLOADER_SIZE)
 *fill*         0x0000000020000000     0x4000 
                0x0000000020004000                . = ALIGN (0x8)
                0x0000000020004000                _eheap2 = .

.text           0x0000000020004000     0x31c0
                0x0000000020004000                _text = .
 *(.intvecs)
 .intvecs       0x0000000020004000      0x400 obj//Debug/startup_gcc.o
                0x0000000020004000                g_pfnVectors
 *(.text*)
 .text.vApplicationIdleHook
                0x0000000020004400        0xc obj//Debug/main.o
                0x0000000020004400                vApplicationIdleHook
 .text.vApplicationMallocFailedHook
                0x000000002000440c        0x6 obj//Debug/main.o
                0x000000002000440c                vApplicationMallocFailedHook
 .text.vApplicationStackOverflowHook
                0x0000000020004412        0xc obj//Debug/main.o
                0x0000000020004412                vApplicationStackOverflowHook
 *fill*         0x000000002000441e        0x2 
 .text.vTestTask1
                0x0000000020004420       0x44 obj//Debug/main.o
 .text.vTestTask2
                0x0000000020004464       0x48 obj//Debug/main.o
 .text.DisplayBanner
                0x00000000200044ac       0x3c obj//Debug/main.o
 .text.BoardInit
                0x00000000200044e8       0x24 obj//Debug/main.o
 .text.main     0x000000002000450c       0x8c obj//Debug/main.o
                0x000000002000450c                main
 .text.PinMuxConfig
                0x0000000020004598       0x20 obj//Debug/pinmux.o
                0x0000000020004598                PinMuxConfig
 .text.InitTerm
                0x00000000200045b8       0x2c obj//Debug/uart_if.o
                0x00000000200045b8                InitTerm
 .text.Message  0x00000000200045e4       0x34 obj//Debug/uart_if.o
                0x00000000200045e4                Message
 .text.ClearTerm
                0x0000000020004618       0x14 obj//Debug/uart_if.o
                0x0000000020004618                ClearTerm
 .text.Report   0x000000002000462c       0x98 obj//Debug/uart_if.o
                0x000000002000462c                Report
 .text.ResetISR
                0x00000000200046c4       0x5c obj//Debug/startup_gcc.o
                0x00000000200046c4                ResetISR
 .text.NmiSR    0x0000000020004720        0x6 obj//Debug/startup_gcc.o
 .text.FaultISR
                0x0000000020004726        0x6 obj//Debug/startup_gcc.o
 .text.BusFaultHandler
                0x000000002000472c        0x6 obj//Debug/startup_gcc.o
 .text.IntDefaultHandler
                0x0000000020004732        0x6 obj//Debug/startup_gcc.o
 .text._sbrk    0x0000000020004738       0x54 obj//Debug/startup_gcc.o
                0x0000000020004738                _sbrk
 .text.osi_TaskCreate
                0x000000002000478c       0x3e ../../../oslib/gcc/free_rtos/Debug/free_rtos.a(osi_freertos.o)
                0x000000002000478c                osi_TaskCreate
 .text.osi_MsgQCreate
                0x00000000200047ca       0x46 ../../../oslib/gcc/free_rtos/Debug/free_rtos.a(osi_freertos.o)
                0x00000000200047ca                osi_MsgQCreate
 .text.osi_MsgQWrite
                0x0000000020004810       0x54 ../../../oslib/gcc/free_rtos/Debug/free_rtos.a(osi_freertos.o)
                0x0000000020004810                osi_MsgQWrite
 .text.osi_MsgQRead
                0x0000000020004864       0x4a ../../../oslib/gcc/free_rtos/Debug/free_rtos.a(osi_freertos.o)
                0x0000000020004864                osi_MsgQRead
 .text.osi_start
                0x00000000200048ae        0xc ../../../oslib/gcc/free_rtos/Debug/free_rtos.a(osi_freertos.o)
                0x00000000200048ae                osi_start
 .text.osi_Sleep
                0x00000000200048ba       0x1a ../../../oslib/gcc/free_rtos/Debug/free_rtos.a(osi_freertos.o)
                0x00000000200048ba                osi_Sleep
 .text.xQueueGenericReset
                0x00000000200048d4       0xb4 ../../../oslib/gcc/free_rtos/Debug/free_rtos.a(queue.o)
                0x00000000200048d4                xQueueGenericReset
 .text.xQueueGenericCreate
                0x0000000020004988       0x58 ../../../oslib/gcc/free_rtos/Debug/free_rtos.a(queue.o)
                0x0000000020004988                xQueueGenericCreate
 .text.prvInitialiseNewQueue
                0x00000000200049e0       0x4c ../../../oslib/gcc/free_rtos/Debug/free_rtos.a(queue.o)
 .text.xQueueGenericSendFromISR
                0x0000000020004a2c       0xd8 ../../../oslib/gcc/free_rtos/Debug/free_rtos.a(queue.o)
                0x0000000020004a2c                xQueueGenericSendFromISR
 .text.xQueueReceive
                0x0000000020004b04      0x144 ../../../oslib/gcc/free_rtos/Debug/free_rtos.a(queue.o)
                0x0000000020004b04                xQueueReceive
 .text.prvCopyDataToQueue
                0x0000000020004c48       0xd4 ../../../oslib/gcc/free_rtos/Debug/free_rtos.a(queue.o)
 .text.prvCopyDataFromQueue
                0x0000000020004d1c       0x4c ../../../oslib/gcc/free_rtos/Debug/free_rtos.a(queue.o)
 .text.prvUnlockQueue
                0x0000000020004d68       0xc0 ../../../oslib/gcc/free_rtos/Debug/free_rtos.a(queue.o)
 .text.prvIsQueueEmpty
                0x0000000020004e28       0x2c ../../../oslib/gcc/free_rtos/Debug/free_rtos.a(queue.o)
 .text.prvNotifyQueueSetContainer
                0x0000000020004e54       0x76 ../../../oslib/gcc/free_rtos/Debug/free_rtos.a(queue.o)
 .text.xTaskCreate
                0x0000000020004eca       0x82 ../../../oslib/gcc/free_rtos/Debug/free_rtos.a(tasks.o)
                0x0000000020004eca                xTaskCreate
 .text.prvInitialiseNewTask
                0x0000000020004f4c       0xee ../../../oslib/gcc/free_rtos/Debug/free_rtos.a(tasks.o)
 *fill*         0x000000002000503a        0x2 
 .text.prvAddNewTaskToReadyList
                0x000000002000503c       0xdc ../../../oslib/gcc/free_rtos/Debug/free_rtos.a(tasks.o)
 .text.vTaskDelay
                0x0000000020005118       0x48 ../../../oslib/gcc/free_rtos/Debug/free_rtos.a(tasks.o)
                0x0000000020005118                vTaskDelay
 .text.vTaskStartScheduler
                0x0000000020005160       0x70 ../../../oslib/gcc/free_rtos/Debug/free_rtos.a(tasks.o)
                0x0000000020005160                vTaskStartScheduler
 .text.vTaskSuspendAll
                0x00000000200051d0       0x1c ../../../oslib/gcc/free_rtos/Debug/free_rtos.a(tasks.o)
                0x00000000200051d0                vTaskSuspendAll
 .text.xTaskResumeAll
                0x00000000200051ec      0x11c ../../../oslib/gcc/free_rtos/Debug/free_rtos.a(tasks.o)
                0x00000000200051ec                xTaskResumeAll
 .text.xTaskIncrementTick
                0x0000000020005308      0x158 ../../../oslib/gcc/free_rtos/Debug/free_rtos.a(tasks.o)
                0x0000000020005308                xTaskIncrementTick
 .text.vTaskSwitchContext
                0x0000000020005460       0xac ../../../oslib/gcc/free_rtos/Debug/free_rtos.a(tasks.o)
                0x0000000020005460                vTaskSwitchContext
 .text.vTaskPlaceOnEventList
                0x000000002000550c       0x2c ../../../oslib/gcc/free_rtos/Debug/free_rtos.a(tasks.o)
                0x000000002000550c                vTaskPlaceOnEventList
 .text.xTaskRemoveFromEventList
                0x0000000020005538       0xa8 ../../../oslib/gcc/free_rtos/Debug/free_rtos.a(tasks.o)
                0x0000000020005538                xTaskRemoveFromEventList
 .text.vTaskInternalSetTimeOutState
                0x00000000200055e0       0x2c ../../../oslib/gcc/free_rtos/Debug/free_rtos.a(tasks.o)
                0x00000000200055e0                vTaskInternalSetTimeOutState
 .text.xTaskCheckForTimeOut
                0x000000002000560c       0x8c ../../../oslib/gcc/free_rtos/Debug/free_rtos.a(tasks.o)
                0x000000002000560c                xTaskCheckForTimeOut
 .text.vTaskMissedYield
                0x0000000020005698       0x18 ../../../oslib/gcc/free_rtos/Debug/free_rtos.a(tasks.o)
                0x0000000020005698                vTaskMissedYield
 .text.prvIdleTask
                0x00000000200056b0       0x12 ../../../oslib/gcc/free_rtos/Debug/free_rtos.a(tasks.o)
 *fill*         0x00000000200056c2        0x2 
 .text.prvInitialiseTaskLists
                0x00000000200056c4       0x80 ../../../oslib/gcc/free_rtos/Debug/free_rtos.a(tasks.o)
 .text.prvCheckTasksWaitingTermination
                0x0000000020005744       0x5c ../../../oslib/gcc/free_rtos/Debug/free_rtos.a(tasks.o)
 .text.prvDeleteTCB
                0x00000000200057a0       0x20 ../../../oslib/gcc/free_rtos/Debug/free_rtos.a(tasks.o)
 .text.prvResetNextTaskUnblockTime
                0x00000000200057c0       0x48 ../../../oslib/gcc/free_rtos/Debug/free_rtos.a(tasks.o)
 .text.xTaskPriorityDisinherit
                0x0000000020005808       0xc8 ../../../oslib/gcc/free_rtos/Debug/free_rtos.a(tasks.o)
                0x0000000020005808                xTaskPriorityDisinherit
 .text.prvAddCurrentTaskToDelayedList
                0x00000000200058d0       0xcc ../../../oslib/gcc/free_rtos/Debug/free_rtos.a(tasks.o)
 .text.pxPortInitialiseStack
                0x000000002000599c       0x58 ../../../oslib/gcc/free_rtos/Debug/free_rtos.a(port.o)
                0x000000002000599c                pxPortInitialiseStack
 .text.prvTaskExitError
                0x00000000200059f4       0x32 ../../../oslib/gcc/free_rtos/Debug/free_rtos.a(port.o)
 *fill*         0x0000000020005a26        0xa 
 .text.vPortSVCHandler
                0x0000000020005a30       0x28 ../../../oslib/gcc/free_rtos/Debug/free_rtos.a(port.o)
                0x0000000020005a30                vPortSVCHandler
 .text.prvPortStartFirstTask
                0x0000000020005a58       0x20 ../../../oslib/gcc/free_rtos/Debug/free_rtos.a(port.o)
 .text.xPortStartScheduler
                0x0000000020005a78       0x40 ../../../oslib/gcc/free_rtos/Debug/free_rtos.a(port.o)
                0x0000000020005a78                xPortStartScheduler
 .text.vPortEnterCritical
                0x0000000020005ab8       0x34 ../../../oslib/gcc/free_rtos/Debug/free_rtos.a(port.o)
                0x0000000020005ab8                vPortEnterCritical
 .text.vPortExitCritical
                0x0000000020005aec       0x34 ../../../oslib/gcc/free_rtos/Debug/free_rtos.a(port.o)
                0x0000000020005aec                vPortExitCritical
 .text.xPortPendSVHandler
                0x0000000020005b20       0x48 ../../../oslib/gcc/free_rtos/Debug/free_rtos.a(port.o)
                0x0000000020005b20                xPortPendSVHandler
 .text.xPortSysTickHandler
                0x0000000020005b68       0x44 ../../../oslib/gcc/free_rtos/Debug/free_rtos.a(port.o)
                0x0000000020005b68                xPortSysTickHandler
 .text.vPortSetupTimerInterrupt
                0x0000000020005bac       0x34 ../../../oslib/gcc/free_rtos/Debug/free_rtos.a(port.o)
                0x0000000020005bac                vPortSetupTimerInterrupt
 .text.pvPortMalloc
                0x0000000020005be0       0x2e ../../../oslib/gcc/free_rtos/Debug/free_rtos.a(heap_3.o)
                0x0000000020005be0                pvPortMalloc
 .text.vPortFree
                0x0000000020005c0e       0x24 ../../../oslib/gcc/free_rtos/Debug/free_rtos.a(heap_3.o)
                0x0000000020005c0e                vPortFree
 .text.vListInitialise
                0x0000000020005c32       0x3e ../../../oslib/gcc/free_rtos/Debug/free_rtos.a(list.o)
                0x0000000020005c32                vListInitialise
 .text.vListInitialiseItem
                0x0000000020005c70       0x18 ../../../oslib/gcc/free_rtos/Debug/free_rtos.a(list.o)
                0x0000000020005c70                vListInitialiseItem
 .text.vListInsertEnd
                0x0000000020005c88       0x46 ../../../oslib/gcc/free_rtos/Debug/free_rtos.a(list.o)
                0x0000000020005c88                vListInsertEnd
 .text.vListInsert
                0x0000000020005cce       0x70 ../../../oslib/gcc/free_rtos/Debug/free_rtos.a(list.o)
                0x0000000020005cce                vListInsert
 .text.uxListRemove
                0x0000000020005d3e       0x52 ../../../oslib/gcc/free_rtos/Debug/free_rtos.a(list.o)
                0x0000000020005d3e                uxListRemove
 .text.IntMasterEnable
                0x0000000020005d90       0x10 ../../../driverlib/gcc/lib/Debug/libdriver.a(interrupt.o)
                0x0000000020005d90                IntMasterEnable
 .text.IntVTableBaseSet
                0x0000000020005da0       0x1c ../../../driverlib/gcc/lib/Debug/libdriver.a(interrupt.o)
                0x0000000020005da0                IntVTableBaseSet
 .text.IntEnable
                0x0000000020005dbc       0xbc ../../../driverlib/gcc/lib/Debug/libdriver.a(interrupt.o)
                0x0000000020005dbc                IntEnable
 .text.PinModeSet
                0x0000000020005e78       0x48 ../../../driverlib/gcc/lib/Debug/libdriver.a(pin.o)
                0x0000000020005e78                PinModeSet
 .text.PinConfigSet
                0x0000000020005ec0       0x9c ../../../driverlib/gcc/lib/Debug/libdriver.a(pin.o)
                0x0000000020005ec0                PinConfigSet
 .text.PinTypeUART
                0x0000000020005f5c       0x24 ../../../driverlib/gcc/lib/Debug/libdriver.a(pin.o)
                0x0000000020005f5c                PinTypeUART
 .text.PRCMSysResetCauseGet
                0x0000000020005f80       0x3c ../../../driverlib/gcc/lib/Debug/libdriver.a(prcm.o)
                0x0000000020005f80                PRCMSysResetCauseGet
 .text.PRCMPeripheralClkEnable
                0x0000000020005fbc       0x5c ../../../driverlib/gcc/lib/Debug/libdriver.a(prcm.o)
                0x0000000020005fbc                PRCMPeripheralClkEnable
 .text.PRCMPeripheralClkDisable
                0x0000000020006018       0x48 ../../../driverlib/gcc/lib/Debug/libdriver.a(prcm.o)
                0x0000000020006018                PRCMPeripheralClkDisable
 .text.PRCMPeripheralClockGet
                0x0000000020006060       0xa8 ../../../driverlib/gcc/lib/Debug/libdriver.a(prcm.o)
                0x0000000020006060                PRCMPeripheralClockGet
 .text.PRCMPeripheralReset
                0x0000000020006108       0x8c ../../../driverlib/gcc/lib/Debug/libdriver.a(prcm.o)
                0x0000000020006108                PRCMPeripheralReset
 .text.PRCMCC3200MCUInit
                0x0000000020006194      0x1a0 ../../../driverlib/gcc/lib/Debug/libdriver.a(prcm.o)
                0x0000000020006194                PRCMCC3200MCUInit
 .text.PRCMHIBRegRead
                0x0000000020006334       0x20 ../../../driverlib/gcc/lib/Debug/libdriver.a(prcm.o)
                0x0000000020006334                PRCMHIBRegRead
 .text.PRCMHIBRegWrite
                0x0000000020006354       0x20 ../../../driverlib/gcc/lib/Debug/libdriver.a(prcm.o)
                0x0000000020006354                PRCMHIBRegWrite
 .text.UARTConfigSetExpClk
                0x0000000020006374       0x92 ../../../driverlib/gcc/lib/Debug/libdriver.a(uart.o)
                0x0000000020006374                UARTConfigSetExpClk
 .text.UARTEnable
                0x0000000020006406       0x36 ../../../driverlib/gcc/lib/Debug/libdriver.a(uart.o)
                0x0000000020006406                UARTEnable
 .text.UARTDisable
                0x000000002000643c       0x46 ../../../driverlib/gcc/lib/Debug/libdriver.a(uart.o)
                0x000000002000643c                UARTDisable
 .text.UARTCharPut
                0x0000000020006482       0x2c ../../../driverlib/gcc/lib/Debug/libdriver.a(uart.o)
                0x0000000020006482                UARTCharPut
 .text.UtilsDelay
                0x00000000200064ae        0xa ../../../driverlib/gcc/lib/Debug/libdriver.a(utils.o)
                0x00000000200064ae                UtilsDelay
 .text.CPUcpsie
                0x00000000200064b8       0x16 ../../../driverlib/gcc/lib/Debug/libdriver.a(cpu.o)
                0x00000000200064b8                CPUcpsie
 *fill*         0x00000000200064ce        0x2 
 .text.malloc   0x00000000200064d0       0x10 /Applications/ARM/bin/../lib/gcc/arm-none-eabi/10.3.1/../../../../arm-none-eabi/lib/thumb/v7e-m/nofp/libc_nano.a(lib_a-malloc.o)
                0x00000000200064d0                malloc
 .text.free     0x00000000200064e0       0x10 /Applications/ARM/bin/../lib/gcc/arm-none-eabi/10.3.1/../../../../arm-none-eabi/lib/thumb/v7e-m/nofp/libc_nano.a(lib_a-malloc.o)
                0x00000000200064e0                free
 .text.memcpy   0x00000000200064f0       0x1c /Applications/ARM/bin/../lib/gcc/arm-none-eabi/10.3.1/../../../../arm-none-eabi/lib/thumb/v7e-m/nofp/libc_nano.a(lib_a-memcpy-stub.o)
                0x00000000200064f0                memcpy
 .text.memmove  0x000000002000650c       0x34 /Applications/ARM/bin/../lib/gcc/arm-none-eabi/10.3.1/../../../../arm-none-eabi/lib/thumb/v7e-m/nofp/libc_nano.a(lib_a-memmove.o)
                0x000000002000650c                memmove
 .text.memset   0x0000000020006540       0x10 /Applications/ARM/bin/../lib/gcc/arm-none-eabi/10.3.1/../../../../arm-none-eabi/lib/thumb/v7e-m/nofp/libc_nano.a(lib_a-memset.o)
                0x0000000020006540                memset
 .text._free_r  0x0000000020006550       0x94 /Applications/ARM/bin/../lib/gcc/arm-none-eabi/10.3.1/../../../../arm-none-eabi/lib/thumb/v7e-m/nofp/libc_nano.a(lib_a-nano-freer.o)
                0x0000000020006550                _free_r
 .text.sbrk_aligned
                0x00000000200065e4       0x40 /Applications/ARM/bin/../lib/gcc/arm-none-eabi/10.3.1/../../../../arm-none-eabi/lib/thumb/v7e-m/nofp/libc_nano.a(lib_a-nano-mallocr.o)
 .text._malloc_r
                0x0000000020006624       0xe8 /Applications/ARM/bin/../lib/gcc/arm-none-eabi/10.3.1/../../../../arm-none-eabi/lib/thumb/v7e-m/nofp/libc_nano.a(lib_a-nano-mallocr.o)
                0x0000000020006624                _malloc_r
 .text.realloc  0x000000002000670c       0x10 /Applications/ARM/bin/../lib/gcc/arm-none-eabi/10.3.1/../../../../arm-none-eabi/lib/thumb/v7e-m/nofp/libc_nano.a(lib_a-realloc.o)
                0x000000002000670c                realloc
 .text._sbrk_r  0x000000002000671c       0x20 /Applications/ARM/bin/../lib/gcc/arm-none-eabi/10.3.1/../../../../arm-none-eabi/lib/thumb/v7e-m/nofp/libc_nano.a(lib_a-sbrkr.o)
                0x000000002000671c                _sbrk_r
 .text._vsnprintf_r
                0x000000002000673c       0x56 /Applications/ARM/bin/../lib/gcc/arm-none-eabi/10.3.1/../../../../arm-none-eabi/lib/thumb/v7e-m/nofp/libc_nano.a(lib_a-vsnprintf.o)
                0x000000002000673c                _vsnprintf_r
                0x000000002000673c                _vsniprintf_r
 *fill*         0x0000000020006792        0x2 
 .text.vsnprintf
                0x0000000020006794       0x1c /Applications/ARM/bin/../lib/gcc/arm-none-eabi/10.3.1/../../../../arm-none-eabi/lib/thumb/v7e-m/nofp/libc_nano.a(lib_a-vsnprintf.o)
                0x0000000020006794                vsnprintf
                0x0000000020006794                vsniprintf
 .text.__malloc_lock
                0x00000000200067b0        0xc /Applications/ARM/bin/../lib/gcc/arm-none-eabi/10.3.1/../../../../arm-none-eabi/lib/thumb/v7e-m/nofp/libc_nano.a(lib_a-mlock.o)
                0x00000000200067b0                __malloc_lock
 .text.__malloc_unlock
                0x00000000200067bc        0xc /Applications/ARM/bin/../lib/gcc/arm-none-eabi/10.3.1/../../../../arm-none-eabi/lib/thumb/v7e-m/nofp/libc_nano.a(lib_a-mlock.o)
                0x00000000200067bc                __malloc_unlock
 .text._realloc_r
                0x00000000200067c8       0x5e /Applications/ARM/bin/../lib/gcc/arm-none-eabi/10.3.1/../../../../arm-none-eabi/lib/thumb/v7e-m/nofp/libc_nano.a(lib_a-nano-reallocr.o)
                0x00000000200067c8                _realloc_r
 .text.__ssputs_r
                0x0000000020006826       0xb6 /Applications/ARM/bin/../lib/gcc/arm-none-eabi/10.3.1/../../../../arm-none-eabi/lib/thumb/v7e-m/nofp/libc_nano.a(lib_a-nano-svfprintf.o)
                0x0000000020006826                __ssputs_r
 .text._svfprintf_r
                0x00000000200068dc      0x200 /Applications/ARM/bin/../lib/gcc/arm-none-eabi/10.3.1/../../../../arm-none-eabi/lib/thumb/v7e-m/nofp/libc_nano.a(lib_a-nano-svfprintf.o)
                0x00000000200068dc                _svfprintf_r
                0x00000000200068dc                _svfiprintf_r
 .text._printf_common
                0x0000000020006adc       0xda /Applications/ARM/bin/../lib/gcc/arm-none-eabi/10.3.1/../../../../arm-none-eabi/lib/thumb/v7e-m/nofp/libc_nano.a(lib_a-nano-vfprintf_i.o)
                0x0000000020006adc                _printf_common
 *fill*         0x0000000020006bb6        0x2 
 .text._printf_i
                0x0000000020006bb8      0x24c /Applications/ARM/bin/../lib/gcc/arm-none-eabi/10.3.1/../../../../arm-none-eabi/lib/thumb/v7e-m/nofp/libc_nano.a(lib_a-nano-vfprintf_i.o)
                0x0000000020006bb8                _printf_i
 .text.__retarget_lock_acquire_recursive
                0x0000000020006e04        0x2 /Applications/ARM/bin/../lib/gcc/arm-none-eabi/10.3.1/../../../../arm-none-eabi/lib/thumb/v7e-m/nofp/libc_nano.a(lib_a-lock.o)
                0x0000000020006e04                __retarget_lock_acquire_recursive
 .text.__retarget_lock_release_recursive
                0x0000000020006e06        0x2 /Applications/ARM/bin/../lib/gcc/arm-none-eabi/10.3.1/../../../../arm-none-eabi/lib/thumb/v7e-m/nofp/libc_nano.a(lib_a-lock.o)
                0x0000000020006e06                __retarget_lock_release_recursive
 *fill*         0x0000000020006e08        0x8 
 .text          0x0000000020006e10       0xa0 /Applications/ARM/bin/../lib/gcc/arm-none-eabi/10.3.1/../../../../arm-none-eabi/lib/thumb/v7e-m/nofp/libc_nano.a(lib_a-memchr.o)
                0x0000000020006e10                memchr
 .text._malloc_usable_size_r
                0x0000000020006eb0       0x10 /Applications/ARM/bin/../lib/gcc/arm-none-eabi/10.3.1/../../../../arm-none-eabi/lib/thumb/v7e-m/nofp/libc_nano.a(lib_a-nano-msizer.o)
                0x0000000020006eb0                _malloc_usable_size_r
 *(.rodata*)
 .rodata        0x0000000020006ec0       0xd2 obj//Debug/main.o
 *fill*         0x0000000020006f92        0x2 
 .rodata        0x0000000020006f94       0x2a obj//Debug/uart_if.o
 *fill*         0x0000000020006fbe        0x2 
 .rodata        0x0000000020006fc0        0x5 ../../../oslib/gcc/free_rtos/Debug/free_rtos.a(tasks.o)
 *fill*         0x0000000020006fc5        0x3 
 .rodata.g_pulEnRegs
                0x0000000020006fc8       0x18 ../../../driverlib/gcc/lib/Debug/libdriver.a(interrupt.o)
 .rodata.g_ulPinToPadMap
                0x0000000020006fe0      0x100 ../../../driverlib/gcc/lib/Debug/libdriver.a(pin.o)
 .rodata.PRCM_PeriphRegsList
                0x00000000200070e0       0xa8 ../../../driverlib/gcc/lib/Debug/libdriver.a(prcm.o)
 .rodata._svfprintf_r.str1.1
                0x0000000020007188       0x11 /Applications/ARM/bin/../lib/gcc/arm-none-eabi/10.3.1/../../../../arm-none-eabi/lib/thumb/v7e-m/nofp/libc_nano.a(lib_a-nano-svfprintf.o)
 .rodata._printf_i.str1.1
                0x0000000020007199       0x22 /Applications/ARM/bin/../lib/gcc/arm-none-eabi/10.3.1/../../../../arm-none-eabi/lib/thumb/v7e-m/nofp/libc_nano.a(lib_a-nano-vfprintf_i.o)
 *(.ARM.extab* .gnu.linkonce.armextab.*)
                0x00000000200071c0                . = ALIGN (0x8)
 *fill*         0x00000000200071bb        0x5 
                0x00000000200071c0                _etext = .

.glue_7         0x00000000200071c0        0x0
 .glue_7        0x00000000200071c0        0x0 linker stubs

.glue_7t        0x00000000200071c0        0x0
 .glue_7t       0x00000000200071c0        0x0 linker stubs

.vfp11_veneer   0x00000000200071c0        0x0
 .vfp11_veneer  0x00000000200071c0        0x0 linker stubs

.v4_bx          0x00000000200071c0        0x0
 .v4_bx         0x00000000200071c0        0x0 linker stubs

.iplt           0x00000000200071c0        0x0
 .iplt          0x00000000200071c0        0x0 obj//Debug/main.o

.rel.dyn        0x00000000200071c0        0x0
 .rel.iplt      0x00000000200071c0        0x0 obj//Debug/main.o

.ARM            0x00000000200071c0        0x0
                0x00000000200071c0                __exidx_start = .
 *(.ARM.exidx*)
                0x00000000200071c0                __exidx_end = .
                0x00000000200071c0                __init_data = .

.data           0x00000000200071c0       0x68
                0x00000000200071c0                _data = .
 *(.data*)
 .data.uxCriticalNesting
                0x00000000200071c0        0x4 ../../../oslib/gcc/free_rtos/Debug/free_rtos.a(port.o)
 .data._impure_ptr
                0x00000000200071c4        0x4 /Applications/ARM/bin/../lib/gcc/arm-none-eabi/10.3.1/../../../../arm-none-eabi/lib/thumb/v7e-m/nofp/libc_nano.a(lib_a-impure.o)
                0x00000000200071c4                _impure_ptr
 .data.impure_data
                0x00000000200071c8       0x60 /Applications/ARM/bin/../lib/gcc/arm-none-eabi/10.3.1/../../../../arm-none-eabi/lib/thumb/v7e-m/nofp/libc_nano.a(lib_a-impure.o)
                0x0000000020007228                . = ALIGN (0x8)
                0x0000000020007228                _edata = .

.igot.plt       0x0000000020007228        0x0
 .igot.plt      0x0000000020007228        0x0 obj//Debug/main.o

.bss            0x0000000020007228     0x1185
                0x0000000020007228                _bss = .
 *(.bss*)
 .bss.MsgQ      0x0000000020007228        0x4 obj//Debug/main.o
                0x0000000020007228                MsgQ
 .bss.__Errorlog
                0x000000002000722c        0x4 obj//Debug/uart_if.o
 .bss.heap_end  0x0000000020007230        0x4 obj//Debug/startup_gcc.o
 .bss.pui32Stack
                0x0000000020007234     0x1000 obj//Debug/startup_gcc.o
 .bss.xHigherPriorityTaskWoken
                0x0000000020008234        0x4 ../../../oslib/gcc/free_rtos/Debug/free_rtos.a(osi_freertos.o)
                0x0000000020008234                xHigherPriorityTaskWoken
 .bss.pxCurrentTCB
                0x0000000020008238        0x4 ../../../oslib/gcc/free_rtos/Debug/free_rtos.a(tasks.o)
                0x0000000020008238                pxCurrentTCB
 .bss.pxReadyTasksLists
                0x000000002000823c       0xc8 ../../../oslib/gcc/free_rtos/Debug/free_rtos.a(tasks.o)
 .bss.xDelayedTaskList1
                0x0000000020008304       0x14 ../../../oslib/gcc/free_rtos/Debug/free_rtos.a(tasks.o)
 .bss.xDelayedTaskList2
                0x0000000020008318       0x14 ../../../oslib/gcc/free_rtos/Debug/free_rtos.a(tasks.o)
 .bss.pxDelayedTaskList
                0x000000002000832c        0x4 ../../../oslib/gcc/free_rtos/Debug/free_rtos.a(tasks.o)
 .bss.pxOverflowDelayedTaskList
                0x0000000020008330        0x4 ../../../oslib/gcc/free_rtos/Debug/free_rtos.a(tasks.o)
 .bss.xPendingReadyList
                0x0000000020008334       0x14 ../../../oslib/gcc/free_rtos/Debug/free_rtos.a(tasks.o)
 .bss.xTasksWaitingTermination
                0x0000000020008348       0x14 ../../../oslib/gcc/free_rtos/Debug/free_rtos.a(tasks.o)
 .bss.uxDeletedTasksWaitingCleanUp
                0x000000002000835c        0x4 ../../../oslib/gcc/free_rtos/Debug/free_rtos.a(tasks.o)
 .bss.xSuspendedTaskList
                0x0000000020008360       0x14 ../../../oslib/gcc/free_rtos/Debug/free_rtos.a(tasks.o)
 .bss.uxCurrentNumberOfTasks
                0x0000000020008374        0x4 ../../../oslib/gcc/free_rtos/Debug/free_rtos.a(tasks.o)
 .bss.xTickCount
                0x0000000020008378        0x4 ../../../oslib/gcc/free_rtos/Debug/free_rtos.a(tasks.o)
 .bss.uxTopReadyPriority
                0x000000002000837c        0x4 ../../../oslib/gcc/free_rtos/Debug/free_rtos.a(tasks.o)
 .bss.xSchedulerRunning
                0x0000000020008380        0x4 ../../../oslib/gcc/free_rtos/Debug/free_rtos.a(tasks.o)
 .bss.uxPendedTicks
                0x0000000020008384        0x4 ../../../oslib/gcc/free_rtos/Debug/free_rtos.a(tasks.o)
 .bss.xYieldPending
                0x0000000020008388        0x4 ../../../oslib/gcc/free_rtos/Debug/free_rtos.a(tasks.o)
 .bss.xNumOfOverflows
                0x000000002000838c        0x4 ../../../oslib/gcc/free_rtos/Debug/free_rtos.a(tasks.o)
 .bss.uxTaskNumber
                0x0000000020008390        0x4 ../../../oslib/gcc/free_rtos/Debug/free_rtos.a(tasks.o)
 .bss.xNextTaskUnblockTime
                0x0000000020008394        0x4 ../../../oslib/gcc/free_rtos/Debug/free_rtos.a(tasks.o)
 .bss.xIdleTaskHandle
                0x0000000020008398        0x4 ../../../oslib/gcc/free_rtos/Debug/free_rtos.a(tasks.o)
 .bss.uxSchedulerSuspended
                0x000000002000839c        0x4 ../../../oslib/gcc/free_rtos/Debug/free_rtos.a(tasks.o)
 .bss.__malloc_free_list
                0x00000000200083a0        0x4 /Applications/ARM/bin/../lib/gcc/arm-none-eabi/10.3.1/../../../../arm-none-eabi/lib/thumb/v7e-m/nofp/libc_nano.a(lib_a-nano-mallocr.o)
                0x00000000200083a0                __malloc_free_list
 .bss.__malloc_sbrk_start
                0x00000000200083a4        0x4 /Applications/ARM/bin/../lib/gcc/arm-none-eabi/10.3.1/../../../../arm-none-eabi/lib/thumb/v7e-m/nofp/libc_nano.a(lib_a-nano-mallocr.o)
                0x00000000200083a4                __malloc_sbrk_start
 .bss.errno     0x00000000200083a8        0x4 /Applications/ARM/bin/../lib/gcc/arm-none-eabi/10.3.1/../../../../arm-none-eabi/lib/thumb/v7e-m/nofp/libc_nano.a(lib_a-reent.o)
                0x00000000200083a8                errno
 .bss.__lock___malloc_recursive_mutex
                0x00000000200083ac        0x1 /Applications/ARM/bin/../lib/gcc/arm-none-eabi/10.3.1/../../../../arm-none-eabi/lib/thumb/v7e-m/nofp/libc_nano.a(lib_a-lock.o)
                0x00000000200083ac                __lock___malloc_recursive_mutex
 *(COMMON)
                0x00000000200083ad                _ebss = .

.heap           0x00000000200083ad    0x37853
                0x00000000200083ad                _heap = .
                0x000000002003fc00                . = (((((((. + LENGTH (SRAM)) - SIZEOF (.bss)) - SIZEOF (.data)) - SIZEOF (.ARM)) - SIZEOF (.text)) - SIZEOF (.bootloader)) - 0x400)
 *fill*         0x00000000200083ad    0x37853 
                0x000000002003fc00                . = ALIGN (0x400)
                0x000000002003fc00                _eheap = .
LOAD obj//Debug/main.o
LOAD obj//Debug/pinmux.o
LOAD obj//Debug/uart_if.o
LOAD obj//Debug/startup_gcc.o
LOAD ../../../oslib/gcc/free_rtos/Debug/free_rtos.a
LOAD ../../../driverlib/gcc/lib/Debug/libdriver.a
LOAD /Applications/ARM/bin/../lib/gcc/arm-none-eabi/10.3.1/../../../../arm-none-eabi/lib/thumb/v7e-m/nofp/libm.a
LOAD /Applications/ARM/bin/../lib/gcc/arm-none-eabi/10.3.1/../../../../arm-none-eabi/lib/thumb/v7e-m/nofp/libc_nano.a
LOAD /Applications/ARM/bin/../lib/gcc/arm-none-eabi/10.3.1/thumb/v7e-m/nofp/libgcc.a
LOAD /Applications/ARM/bin/../lib/gcc/arm-none-eabi/10.3.1/../../../../arm-none-eabi/lib/thumb/v7e-m/nofp/libnosys.a
OUTPUT(bin//Debug/freertos_demo.elf elf32-littlearm)
LOAD linker stubs

.debug_info     0x0000000000000000     0x60de
 .debug_info    0x0000000000000000      0x2bf obj//Debug/main.o
 .debug_info    0x00000000000002bf       0x46 obj//Debug/pinmux.o
 .debug_info    0x0000000000000305      0x2c4 obj//Debug/uart_if.o
 .debug_info    0x00000000000005c9      0x1f9 obj//Debug/startup_gcc.o
 .debug_info    0x00000000000007c2      0x94e ../../../oslib/gcc/free_rtos/Debug/free_rtos.a(osi_freertos.o)
 .debug_info    0x0000000000001110     0x12b5 ../../../oslib/gcc/free_rtos/Debug/free_rtos.a(queue.o)
 .debug_info    0x00000000000023c5     0x1a12 ../../../oslib/gcc/free_rtos/Debug/free_rtos.a(tasks.o)
 .debug_info    0x0000000000003dd7      0x2d6 ../../../oslib/gcc/free_rtos/Debug/free_rtos.a(port.o)
 .debug_info    0x00000000000040ad       0xed ../../../oslib/gcc/free_rtos/Debug/free_rtos.a(heap_3.o)
 .debug_info    0x000000000000419a      0x2c0 ../../../oslib/gcc/free_rtos/Debug/free_rtos.a(list.o)
 .debug_info    0x000000000000445a      0x3a2 ../../../driverlib/gcc/lib/Debug/libdriver.a(interrupt.o)
 .debug_info    0x00000000000047fc      0x422 ../../../driverlib/gcc/lib/Debug/libdriver.a(pin.o)
 .debug_info    0x0000000000004c1e      0xac8 ../../../driverlib/gcc/lib/Debug/libdriver.a(prcm.o)
 .debug_info    0x00000000000056e6      0x89d ../../../driverlib/gcc/lib/Debug/libdriver.a(uart.o)
 .debug_info    0x0000000000005f83       0x52 ../../../driverlib/gcc/lib/Debug/libdriver.a(utils.o)
 .debug_info    0x0000000000005fd5      0x109 ../../../driverlib/gcc/lib/Debug/libdriver.a(cpu.o)

.debug_abbrev   0x0000000000000000     0x172b
 .debug_abbrev  0x0000000000000000      0x1cf obj//Debug/main.o
 .debug_abbrev  0x00000000000001cf       0x39 obj//Debug/pinmux.o
 .debug_abbrev  0x0000000000000208      0x15d obj//Debug/uart_if.o
 .debug_abbrev  0x0000000000000365      0x135 obj//Debug/startup_gcc.o
 .debug_abbrev  0x000000000000049a      0x271 ../../../oslib/gcc/free_rtos/Debug/free_rtos.a(osi_freertos.o)
 .debug_abbrev  0x000000000000070b      0x299 ../../../oslib/gcc/free_rtos/Debug/free_rtos.a(queue.o)
 .debug_abbrev  0x00000000000009a4      0x2fa ../../../oslib/gcc/free_rtos/Debug/free_rtos.a(tasks.o)
 .debug_abbrev  0x0000000000000c9e      0x1e3 ../../../oslib/gcc/free_rtos/Debug/free_rtos.a(port.o)
 .debug_abbrev  0x0000000000000e81       0xc7 ../../../oslib/gcc/free_rtos/Debug/free_rtos.a(heap_3.o)
 .debug_abbrev  0x0000000000000f48       0xef ../../../oslib/gcc/free_rtos/Debug/free_rtos.a(list.o)
 .debug_abbrev  0x0000000000001037      0x15d ../../../driverlib/gcc/lib/Debug/libdriver.a(interrupt.o)
 .debug_abbrev  0x0000000000001194      0x120 ../../../driverlib/gcc/lib/Debug/libdriver.a(pin.o)
 .debug_abbrev  0x00000000000012b4      0x206 ../../../driverlib/gcc/lib/Debug/libdriver.a(prcm.o)
 .debug_abbrev  0x00000000000014ba      0x145 ../../../driverlib/gcc/lib/Debug/libdriver.a(uart.o)
 .debug_abbrev  0x00000000000015ff       0x4c ../../../driverlib/gcc/lib/Debug/libdriver.a(utils.o)
 .debug_abbrev  0x000000000000164b       0xe0 ../../../driverlib/gcc/lib/Debug/libdriver.a(cpu.o)

.debug_aranges  0x0000000000000000      0xad0
 .debug_aranges
                0x0000000000000000       0x60 obj//Debug/main.o
 .debug_aranges
                0x0000000000000060       0x20 obj//Debug/pinmux.o
 .debug_aranges
                0x0000000000000080       0x50 obj//Debug/uart_if.o
 .debug_aranges
                0x00000000000000d0       0x48 obj//Debug/startup_gcc.o
 .debug_aranges
                0x0000000000000118      0x128 ../../../oslib/gcc/free_rtos/Debug/free_rtos.a(osi_freertos.o)
 .debug_aranges
                0x0000000000000240      0x148 ../../../oslib/gcc/free_rtos/Debug/free_rtos.a(queue.o)
 .debug_aranges
                0x0000000000000388      0x1e8 ../../../oslib/gcc/free_rtos/Debug/free_rtos.a(tasks.o)
 .debug_aranges
                0x0000000000000570       0x70 ../../../oslib/gcc/free_rtos/Debug/free_rtos.a(port.o)
 .debug_aranges
                0x00000000000005e0       0x28 ../../../oslib/gcc/free_rtos/Debug/free_rtos.a(heap_3.o)
 .debug_aranges
                0x0000000000000608       0x40 ../../../oslib/gcc/free_rtos/Debug/free_rtos.a(list.o)
 .debug_aranges
                0x0000000000000648       0x98 ../../../driverlib/gcc/lib/Debug/libdriver.a(interrupt.o)
 .debug_aranges
                0x00000000000006e0       0x90 ../../../driverlib/gcc/lib/Debug/libdriver.a(pin.o)
 .debug_aranges
                0x0000000000000770      0x1b8 ../../../driverlib/gcc/lib/Debug/libdriver.a(prcm.o)
 .debug_aranges
                0x0000000000000928      0x140 ../../../driverlib/gcc/lib/Debug/libdriver.a(uart.o)
 .debug_aranges
                0x0000000000000a68       0x20 ../../../driverlib/gcc/lib/Debug/libdriver.a(utils.o)
 .debug_aranges
                0x0000000000000a88       0x48 ../../../driverlib/gcc/lib/Debug/libdriver.a(cpu.o)

.debug_ranges   0x0000000000000000      0x9d0
 .debug_ranges  0x0000000000000000       0x50 obj//Debug/main.o
 .debug_ranges  0x0000000000000050       0x10 obj//Debug/pinmux.o
 .debug_ranges  0x0000000000000060       0x40 obj//Debug/uart_if.o
 .debug_ranges  0x00000000000000a0       0x38 obj//Debug/startup_gcc.o
 .debug_ranges  0x00000000000000d8      0x118 ../../../oslib/gcc/free_rtos/Debug/free_rtos.a(osi_freertos.o)
 .debug_ranges  0x00000000000001f0      0x138 ../../../oslib/gcc/free_rtos/Debug/free_rtos.a(queue.o)
 .debug_ranges  0x0000000000000328      0x1d8 ../../../oslib/gcc/free_rtos/Debug/free_rtos.a(tasks.o)
 .debug_ranges  0x0000000000000500       0x60 ../../../oslib/gcc/free_rtos/Debug/free_rtos.a(port.o)
 .debug_ranges  0x0000000000000560       0x18 ../../../oslib/gcc/free_rtos/Debug/free_rtos.a(heap_3.o)
 .debug_ranges  0x0000000000000578       0x30 ../../../oslib/gcc/free_rtos/Debug/free_rtos.a(list.o)
 .debug_ranges  0x00000000000005a8       0x88 ../../../driverlib/gcc/lib/Debug/libdriver.a(interrupt.o)
 .debug_ranges  0x0000000000000630       0x80 ../../../driverlib/gcc/lib/Debug/libdriver.a(pin.o)
 .debug_ranges  0x00000000000006b0      0x1a8 ../../../driverlib/gcc/lib/Debug/libdriver.a(prcm.o)
 .debug_ranges  0x0000000000000858      0x130 ../../../driverlib/gcc/lib/Debug/libdriver.a(uart.o)
 .debug_ranges  0x0000000000000988       0x10 ../../../driverlib/gcc/lib/Debug/libdriver.a(utils.o)
 .debug_ranges  0x0000000000000998       0x38 ../../../driverlib/gcc/lib/Debug/libdriver.a(cpu.o)

.debug_line     0x0000000000000000     0x475d
 .debug_line    0x0000000000000000      0x182 obj//Debug/main.o
 .debug_line    0x0000000000000182       0x45 obj//Debug/pinmux.o
 .debug_line    0x00000000000001c7      0x259 obj//Debug/uart_if.o
 .debug_line    0x0000000000000420      0x18c obj//Debug/startup_gcc.o
 .debug_line    0x00000000000005ac      0x5ed ../../../oslib/gcc/free_rtos/Debug/free_rtos.a(osi_freertos.o)
 .debug_line    0x0000000000000b99      0xc96 ../../../oslib/gcc/free_rtos/Debug/free_rtos.a(queue.o)
 .debug_line    0x000000000000182f     0x131f ../../../oslib/gcc/free_rtos/Debug/free_rtos.a(tasks.o)
 .debug_line    0x0000000000002b4e      0x2e8 ../../../oslib/gcc/free_rtos/Debug/free_rtos.a(port.o)
 .debug_line    0x0000000000002e36       0xe6 ../../../oslib/gcc/free_rtos/Debug/free_rtos.a(heap_3.o)
 .debug_line    0x0000000000002f1c      0x257 ../../../oslib/gcc/free_rtos/Debug/free_rtos.a(list.o)
 .debug_line    0x0000000000003173      0x379 ../../../driverlib/gcc/lib/Debug/libdriver.a(interrupt.o)
 .debug_line    0x00000000000034ec      0x26f ../../../driverlib/gcc/lib/Debug/libdriver.a(pin.o)
 .debug_line    0x000000000000375b      0x940 ../../../driverlib/gcc/lib/Debug/libdriver.a(prcm.o)
 .debug_line    0x000000000000409b      0x5b3 ../../../driverlib/gcc/lib/Debug/libdriver.a(uart.o)
 .debug_line    0x000000000000464e       0x43 ../../../driverlib/gcc/lib/Debug/libdriver.a(utils.o)
 .debug_line    0x0000000000004691       0xcc ../../../driverlib/gcc/lib/Debug/libdriver.a(cpu.o)

.debug_str      0x0000000000000000     0x2b4a
 .debug_str     0x0000000000000000      0x302 obj//Debug/main.o
                                        0x340 (size before relaxing)
 .debug_str     0x0000000000000302       0x19 obj//Debug/pinmux.o
                                        0x11b (size before relaxing)
 .debug_str     0x000000000000031b       0xe8 obj//Debug/uart_if.o
                                        0x26e (size before relaxing)
 .debug_str     0x0000000000000403       0xc2 obj//Debug/startup_gcc.o
                                        0x252 (size before relaxing)
 .debug_str     0x00000000000004c5      0x42d ../../../oslib/gcc/free_rtos/Debug/free_rtos.a(osi_freertos.o)
                                        0x671 (size before relaxing)
 .debug_str     0x00000000000008f2      0x75d ../../../oslib/gcc/free_rtos/Debug/free_rtos.a(queue.o)
                                        0x970 (size before relaxing)
 .debug_str     0x000000000000104f      0xc44 ../../../oslib/gcc/free_rtos/Debug/free_rtos.a(tasks.o)
                                        0xffa (size before relaxing)
 .debug_str     0x0000000000001c93      0x137 ../../../oslib/gcc/free_rtos/Debug/free_rtos.a(port.o)
                                        0x33b (size before relaxing)
 .debug_str     0x0000000000001dca       0x68 ../../../oslib/gcc/free_rtos/Debug/free_rtos.a(heap_3.o)
                                        0x1e7 (size before relaxing)
 .debug_str     0x0000000000001e32       0xb6 ../../../oslib/gcc/free_rtos/Debug/free_rtos.a(list.o)
                                        0x2d7 (size before relaxing)
 .debug_str     0x0000000000001ee8      0x1bc ../../../driverlib/gcc/lib/Debug/libdriver.a(interrupt.o)
                                        0x2d5 (size before relaxing)
 .debug_str     0x00000000000020a4      0x115 ../../../driverlib/gcc/lib/Debug/libdriver.a(pin.o)
                                        0x239 (size before relaxing)
 .debug_str     0x00000000000021b9      0x613 ../../../driverlib/gcc/lib/Debug/libdriver.a(prcm.o)
                                        0x75c (size before relaxing)
 .debug_str     0x00000000000027cc      0x30c ../../../driverlib/gcc/lib/Debug/libdriver.a(uart.o)
                                        0x462 (size before relaxing)
 .debug_str     0x0000000000002ad8       0x16 ../../../driverlib/gcc/lib/Debug/libdriver.a(utils.o)
                                        0x106 (size before relaxing)
 .debug_str     0x0000000000002aee       0x5c ../../../driverlib/gcc/lib/Debug/libdriver.a(cpu.o)
                                        0x144 (size before relaxing)

.comment        0x0000000000000000       0x49
 .comment       0x0000000000000000       0x49 obj//Debug/main.o
                                         0x4a (size before relaxing)
 .comment       0x0000000000000049       0x4a obj//Debug/pinmux.o
 .comment       0x0000000000000049       0x4a obj//Debug/uart_if.o
 .comment       0x0000000000000049       0x4a obj//Debug/startup_gcc.o
 .comment       0x0000000000000049       0x4a ../../../oslib/gcc/free_rtos/Debug/free_rtos.a(osi_freertos.o)
 .comment       0x0000000000000049       0x4a ../../../oslib/gcc/free_rtos/Debug/free_rtos.a(queue.o)
 .comment       0x0000000000000049       0x4a ../../../oslib/gcc/free_rtos/Debug/free_rtos.a(tasks.o)
 .comment       0x0000000000000049       0x4a ../../../oslib/gcc/free_rtos/Debug/free_rtos.a(port.o)
 .comment       0x0000000000000049       0x4a ../../../oslib/gcc/free_rtos/Debug/free_rtos.a(heap_3.o)
 .comment       0x0000000000000049       0x4a ../../../oslib/gcc/free_rtos/Debug/free_rtos.a(list.o)
 .comment       0x0000000000000049       0x4a ../../../driverlib/gcc/lib/Debug/libdriver.a(interrupt.o)
 .comment       0x0000000000000049       0x4a ../../../driverlib/gcc/lib/Debug/libdriver.a(pin.o)
 .comment       0x0000000000000049       0x4a ../../../driverlib/gcc/lib/Debug/libdriver.a(prcm.o)
 .comment       0x0000000000000049       0x4a ../../../driverlib/gcc/lib/Debug/libdriver.a(uart.o)
 .comment       0x0000000000000049       0x4a ../../../driverlib/gcc/lib/Debug/libdriver.a(utils.o)
 .comment       0x0000000000000049       0x4a ../../../driverlib/gcc/lib/Debug/libdriver.a(cpu.o)

.ARM.attributes
                0x0000000000000000       0x2c
 .ARM.attributes
                0x0000000000000000       0x2e obj//Debug/main.o
 .ARM.attributes
                0x000000000000002e       0x2e obj//Debug/pinmux.o
 .ARM.attributes
                0x000000000000005c       0x2e obj//Debug/uart_if.o
 .ARM.attributes
                0x000000000000008a       0x2e obj//Debug/startup_gcc.o
 .ARM.attributes
                0x00000000000000b8       0x2e ../../../oslib/gcc/free_rtos/Debug/free_rtos.a(osi_freertos.o)
 .ARM.attributes
                0x00000000000000e6       0x2e ../../../oslib/gcc/free_rtos/Debug/free_rtos.a(queue.o)
 .ARM.attributes
                0x0000000000000114       0x2e ../../../oslib/gcc/free_rtos/Debug/free_rtos.a(tasks.o)
 .ARM.attributes
                0x0000000000000142       0x2e ../../../oslib/gcc/free_rtos/Debug/free_rtos.a(port.o)
 .ARM.attributes
                0x0000000000000170       0x2e ../../../oslib/gcc/free_rtos/Debug/free_rtos.a(heap_3.o)
 .ARM.attributes
                0x000000000000019e       0x2e ../../../oslib/gcc/free_rtos/Debug/free_rtos.a(list.o)
 .ARM.attributes
                0x00000000000001cc       0x2e ../../../driverlib/gcc/lib/Debug/libdriver.a(interrupt.o)
 .ARM.attributes
                0x00000000000001fa       0x2e ../../../driverlib/gcc/lib/Debug/libdriver.a(pin.o)
 .ARM.attributes
                0x0000000000000228       0x2e ../../../driverlib/gcc/lib/Debug/libdriver.a(prcm.o)
 .ARM.attributes
                0x0000000000000256       0x2e ../../../driverlib/gcc/lib/Debug/libdriver.a(uart.o)
 .ARM.attributes
                0x0000000000000284       0x2e ../../../driverlib/gcc/lib/Debug/libdriver.a(utils.o)
 .ARM.attributes
                0x00000000000002b2       0x2e ../../../driverlib/gcc/lib/Debug/libdriver.a(cpu.o)
 .ARM.attributes
                0x00000000000002e0       0x2e /Applications/ARM/bin/../lib/gcc/arm-none-eabi/10.3.1/../../../../arm-none-eabi/lib/thumb/v7e-m/nofp/libc_nano.a(lib_a-malloc.o)
 .ARM.attributes
                0x000000000000030e       0x2e /Applications/ARM/bin/../lib/gcc/arm-none-eabi/10.3.1/../../../../arm-none-eabi/lib/thumb/v7e-m/nofp/libc_nano.a(lib_a-memcpy-stub.o)
 .ARM.attributes
                0x000000000000033c       0x2e /Applications/ARM/bin/../lib/gcc/arm-none-eabi/10.3.1/../../../../arm-none-eabi/lib/thumb/v7e-m/nofp/libc_nano.a(lib_a-memmove.o)
 .ARM.attributes
                0x000000000000036a       0x2e /Applications/ARM/bin/../lib/gcc/arm-none-eabi/10.3.1/../../../../arm-none-eabi/lib/thumb/v7e-m/nofp/libc_nano.a(lib_a-memset.o)
 .ARM.attributes
                0x0000000000000398       0x2e /Applications/ARM/bin/../lib/gcc/arm-none-eabi/10.3.1/../../../../arm-none-eabi/lib/thumb/v7e-m/nofp/libc_nano.a(lib_a-nano-freer.o)
 .ARM.attributes
                0x00000000000003c6       0x2e /Applications/ARM/bin/../lib/gcc/arm-none-eabi/10.3.1/../../../../arm-none-eabi/lib/thumb/v7e-m/nofp/libc_nano.a(lib_a-nano-mallocr.o)
 .ARM.attributes
                0x00000000000003f4       0x2e /Applications/ARM/bin/../lib/gcc/arm-none-eabi/10.3.1/../../../../arm-none-eabi/lib/thumb/v7e-m/nofp/libc_nano.a(lib_a-realloc.o)
 .ARM.attributes
                0x0000000000000422       0x2e /Applications/ARM/bin/../lib/gcc/arm-none-eabi/10.3.1/../../../../arm-none-eabi/lib/thumb/v7e-m/nofp/libc_nano.a(lib_a-sbrkr.o)
 .ARM.attributes
                0x0000000000000450       0x2e /Applications/ARM/bin/../lib/gcc/arm-none-eabi/10.3.1/../../../../arm-none-eabi/lib/thumb/v7e-m/nofp/libc_nano.a(lib_a-vsnprintf.o)
 .ARM.attributes
                0x000000000000047e       0x2e /Applications/ARM/bin/../lib/gcc/arm-none-eabi/10.3.1/../../../../arm-none-eabi/lib/thumb/v7e-m/nofp/libc_nano.a(lib_a-impure.o)
 .ARM.attributes
                0x00000000000004ac       0x2e /Applications/ARM/bin/../lib/gcc/arm-none-eabi/10.3.1/../../../../arm-none-eabi/lib/thumb/v7e-m/nofp/libc_nano.a(lib_a-mlock.o)
 .ARM.attributes
                0x00000000000004da       0x2e /Applications/ARM/bin/../lib/gcc/arm-none-eabi/10.3.1/../../../../arm-none-eabi/lib/thumb/v7e-m/nofp/libc_nano.a(lib_a-nano-reallocr.o)
 .ARM.attributes
                0x0000000000000508       0x2e /Applications/ARM/bin/../lib/gcc/arm-none-eabi/10.3.1/../../../../arm-none-eabi/lib/thumb/v7e-m/nofp/libc_nano.a(lib_a-nano-svfprintf.o)
 .ARM.attributes
                0x0000000000000536       0x2e /Applications/ARM/bin/../lib/gcc/arm-none-eabi/10.3.1/../../../../arm-none-eabi/lib/thumb/v7e-m/nofp/libc_nano.a(lib_a-nano-vfprintf_i.o)
 .ARM.attributes
                0x0000000000000564       0x2e /Applications/ARM/bin/../lib/gcc/arm-none-eabi/10.3.1/../../../../arm-none-eabi/lib/thumb/v7e-m/nofp/libc_nano.a(lib_a-reent.o)
 .ARM.attributes
                0x0000000000000592       0x2e /Applications/ARM/bin/../lib/gcc/arm-none-eabi/10.3.1/../../../../arm-none-eabi/lib/thumb/v7e-m/nofp/libc_nano.a(lib_a-lock.o)
 .ARM.attributes
                0x00000000000005c0       0x1c /Applications/ARM/bin/../lib/gcc/arm-none-eabi/10.3.1/../../../../arm-none-eabi/lib/thumb/v7e-m/nofp/libc_nano.a(lib_a-memchr.o)
 .ARM.attributes
                0x00000000000005dc       0x2e /Applications/ARM/bin/../lib/gcc/arm-none-eabi/10.3.1/../../../../arm-none-eabi/lib/thumb/v7e-m/nofp/libc_nano.a(lib_a-nano-msizer.o)

.debug_frame    0x0000000000000000     0x2f38
 .debug_frame   0x0000000000000000      0x124 obj//Debug/main.o
 .debug_frame   0x0000000000000124       0x2c obj//Debug/pinmux.o
 .debug_frame   0x0000000000000150      0x12c obj//Debug/uart_if.o
 .debug_frame   0x000000000000027c       0xbc obj//Debug/startup_gcc.o
 .debug_frame   0x0000000000000338      0x4ac ../../../oslib/gcc/free_rtos/Debug/free_rtos.a(osi_freertos.o)
 .debug_frame   0x00000000000007e4      0x590 ../../../oslib/gcc/free_rtos/Debug/free_rtos.a(queue.o)
 .debug_frame   0x0000000000000d74      0x854 ../../../oslib/gcc/free_rtos/Debug/free_rtos.a(tasks.o)
 .debug_frame   0x00000000000015c8      0x160 ../../../oslib/gcc/free_rtos/Debug/free_rtos.a(port.o)
 .debug_frame   0x0000000000001728       0x58 ../../../oslib/gcc/free_rtos/Debug/free_rtos.a(heap_3.o)
 .debug_frame   0x0000000000001780       0xd8 ../../../oslib/gcc/free_rtos/Debug/free_rtos.a(list.o)
 .debug_frame   0x0000000000001858      0x258 ../../../driverlib/gcc/lib/Debug/libdriver.a(interrupt.o)
 .debug_frame   0x0000000000001ab0      0x244 ../../../driverlib/gcc/lib/Debug/libdriver.a(pin.o)
 .debug_frame   0x0000000000001cf4      0x7a4 ../../../driverlib/gcc/lib/Debug/libdriver.a(prcm.o)
 .debug_frame   0x0000000000002498      0x5cc ../../../driverlib/gcc/lib/Debug/libdriver.a(uart.o)
 .debug_frame   0x0000000000002a64       0x20 ../../../driverlib/gcc/lib/Debug/libdriver.a(utils.o)
 .debug_frame   0x0000000000002a84       0x70 ../../../driverlib/gcc/lib/Debug/libdriver.a(cpu.o)
 .debug_frame   0x0000000000002af4       0x30 /Applications/ARM/bin/../lib/gcc/arm-none-eabi/10.3.1/../../../../arm-none-eabi/lib/thumb/v7e-m/nofp/libc_nano.a(lib_a-malloc.o)
 .debug_frame   0x0000000000002b24       0x28 /Applications/ARM/bin/../lib/gcc/arm-none-eabi/10.3.1/../../../../arm-none-eabi/lib/thumb/v7e-m/nofp/libc_nano.a(lib_a-memcpy-stub.o)
 .debug_frame   0x0000000000002b4c       0x28 /Applications/ARM/bin/../lib/gcc/arm-none-eabi/10.3.1/../../../../arm-none-eabi/lib/thumb/v7e-m/nofp/libc_nano.a(lib_a-memmove.o)
 .debug_frame   0x0000000000002b74       0x20 /Applications/ARM/bin/../lib/gcc/arm-none-eabi/10.3.1/../../../../arm-none-eabi/lib/thumb/v7e-m/nofp/libc_nano.a(lib_a-memset.o)
 .debug_frame   0x0000000000002b94       0x38 /Applications/ARM/bin/../lib/gcc/arm-none-eabi/10.3.1/../../../../arm-none-eabi/lib/thumb/v7e-m/nofp/libc_nano.a(lib_a-nano-freer.o)
 .debug_frame   0x0000000000002bcc       0x4c /Applications/ARM/bin/../lib/gcc/arm-none-eabi/10.3.1/../../../../arm-none-eabi/lib/thumb/v7e-m/nofp/libc_nano.a(lib_a-nano-mallocr.o)
 .debug_frame   0x0000000000002c18       0x20 /Applications/ARM/bin/../lib/gcc/arm-none-eabi/10.3.1/../../../../arm-none-eabi/lib/thumb/v7e-m/nofp/libc_nano.a(lib_a-realloc.o)
 .debug_frame   0x0000000000002c38       0x2c /Applications/ARM/bin/../lib/gcc/arm-none-eabi/10.3.1/../../../../arm-none-eabi/lib/thumb/v7e-m/nofp/libc_nano.a(lib_a-sbrkr.o)
 .debug_frame   0x0000000000002c64       0x4c /Applications/ARM/bin/../lib/gcc/arm-none-eabi/10.3.1/../../../../arm-none-eabi/lib/thumb/v7e-m/nofp/libc_nano.a(lib_a-vsnprintf.o)
 .debug_frame   0x0000000000002cb0       0x30 /Applications/ARM/bin/../lib/gcc/arm-none-eabi/10.3.1/../../../../arm-none-eabi/lib/thumb/v7e-m/nofp/libc_nano.a(lib_a-mlock.o)
 .debug_frame   0x0000000000002ce0       0x3c /Applications/ARM/bin/../lib/gcc/arm-none-eabi/10.3.1/../../../../arm-none-eabi/lib/thumb/v7e-m/nofp/libc_nano.a(lib_a-nano-reallocr.o)
 .debug_frame   0x0000000000002d1c       0x90 /Applications/ARM/bin/../lib/gcc/arm-none-eabi/10.3.1/../../../../arm-none-eabi/lib/thumb/v7e-m/nofp/libc_nano.a(lib_a-nano-svfprintf.o)
 .debug_frame   0x0000000000002dac       0x60 /Applications/ARM/bin/../lib/gcc/arm-none-eabi/10.3.1/../../../../arm-none-eabi/lib/thumb/v7e-m/nofp/libc_nano.a(lib_a-nano-vfprintf_i.o)
 .debug_frame   0x0000000000002e0c       0x5c /Applications/ARM/bin/../lib/gcc/arm-none-eabi/10.3.1/../../../../arm-none-eabi/lib/thumb/v7e-m/nofp/libc_nano.a(lib_a-reent.o)
 .debug_frame   0x0000000000002e68       0xb0 /Applications/ARM/bin/../lib/gcc/arm-none-eabi/10.3.1/../../../../arm-none-eabi/lib/thumb/v7e-m/nofp/libc_nano.a(lib_a-lock.o)
 .debug_frame   0x0000000000002f18       0x20 /Applications/ARM/bin/../lib/gcc/arm-none-eabi/10.3.1/../../../../arm-none-eabi/lib/thumb/v7e-m/nofp/libc_nano.a(lib_a-nano-msizer.o)
