Archive member included to satisfy reference by file (symbol)

../../../simplelink/gcc/lib/os_PM/Release/libsimplelink.a(device.o)
                              obj//Release/network_if.o (sl_Start)
../../../simplelink/gcc/lib/os_PM/Release/libsimplelink.a(driver.o)
                              ../../../simplelink/gcc/lib/os_PM/Release/libsimplelink.a(device.o) (_SlDrvDriverCBDeinit)
../../../simplelink/gcc/lib/os_PM/Release/libsimplelink.a(netapp.o)
                              obj//Release/network_if.o (sl_NetAppMDNSUnRegisterService)
../../../simplelink/gcc/lib/os_PM/Release/libsimplelink.a(netcfg.o)
                              obj//Release/network_if.o (sl_NetCfgSet)
../../../simplelink/gcc/lib/os_PM/Release/libsimplelink.a(socket.o)
                              obj//Release/main.o (sl_Socket)
../../../simplelink/gcc/lib/os_PM/Release/libsimplelink.a(wlan.o)
                              obj//Release/network_if.o (sl_WlanConnect)
../../../simplelink/gcc/lib/os_PM/Release/libsimplelink.a(cc_pal_pm.o)
                              ../../../simplelink/gcc/lib/os_PM/Release/libsimplelink.a(device.o) (spi_Open)
../../../middleware/gcc/lib/Release/middleware.a(spi_drv.o)
                              ../../../simplelink/gcc/lib/os_PM/Release/libsimplelink.a(cc_pal_pm.o) (spi_open)
../../../middleware/gcc/lib/Release/middleware.a(cc_pm.o)
                              ../../../middleware/gcc/lib/Release/middleware.a(spi_drv.o) (cc_module_drv_register)
../../../middleware/gcc/lib/Release/middleware.a(dma_hal.o)
                              ../../../middleware/gcc/lib/Release/middleware.a(spi_drv.o) (cc_dma_alloc)
../../../middleware/gcc/lib/Release/middleware.a(interrupt_hal.o)
                              ../../../middleware/gcc/lib/Release/middleware.a(spi_drv.o) (register_isr)
../../../middleware/gcc/lib/Release/middleware.a(spi_hal.o)
                              ../../../middleware/gcc/lib/Release/middleware.a(spi_drv.o) (cc_spi_init)
../../../oslib/gcc/free_rtos/Release/free_rtos.a(osi_freertos.o)
                              obj//Release/timer_if.o (osi_InterruptRegister)
../../../oslib/gcc/free_rtos/Release/free_rtos.a(queue.o)
                              ../../../oslib/gcc/free_rtos/Release/free_rtos.a(osi_freertos.o) (xQueueGenericCreate)
../../../oslib/gcc/free_rtos/Release/free_rtos.a(tasks.o)
                              ../../../oslib/gcc/free_rtos/Release/free_rtos.a(osi_freertos.o) (xTaskCreate)
../../../oslib/gcc/free_rtos/Release/free_rtos.a(port.o)
                              ../../../oslib/gcc/free_rtos/Release/free_rtos.a(tasks.o) (pxPortInitialiseStack)
../../../oslib/gcc/free_rtos/Release/free_rtos.a(heap_3.o)
                              ../../../oslib/gcc/free_rtos/Release/free_rtos.a(osi_freertos.o) (pvPortMalloc)
../../../oslib/gcc/free_rtos/Release/free_rtos.a(list.o)
                              ../../../oslib/gcc/free_rtos/Release/free_rtos.a(queue.o) (vListInitialise)
../../../driverlib/gcc/lib/Release/libdriver.a(interrupt.o)
                              obj//Release/main.o (IntEnable)
../../../driverlib/gcc/lib/Release/libdriver.a(prcm.o)
                              obj//Release/main.o (PRCMSysResetCauseGet)
../../../driverlib/gcc/lib/Release/libdriver.a(spi.o)
                              obj//Release/utils_if.o (SPIConfigSetExpClk)
../../../driverlib/gcc/lib/Release/libdriver.a(timer.o)
                              obj//Release/timer_if.o (TimerConfigure)
../../../driverlib/gcc/lib/Release/libdriver.a(utils.o)
                              ../../../simplelink/gcc/lib/os_PM/Release/libsimplelink.a(cc_pal_pm.o) (UtilsDelay)
../../../driverlib/gcc/lib/Release/libdriver.a(cpu.o)
                              ../../../driverlib/gcc/lib/Release/libdriver.a(interrupt.o) (CPUcpsid)
../../../driverlib/gcc/lib/Release/libdriver.a(flash.o)
                              ../../../driverlib/gcc/lib/Release/libdriver.a(prcm.o) (FlashDisable)
/Applications/ARM/bin/../lib/gcc/arm-none-eabi/10.3.1/../../../../arm-none-eabi/lib/thumb/v7e-m/nofp/libc_nano.a(lib_a-malloc.o)
                              obj//Release/uart_if.o (malloc)
/Applications/ARM/bin/../lib/gcc/arm-none-eabi/10.3.1/../../../../arm-none-eabi/lib/thumb/v7e-m/nofp/libc_nano.a(lib_a-memcpy-stub.o)
                              obj//Release/network_if.o (memcpy)
/Applications/ARM/bin/../lib/gcc/arm-none-eabi/10.3.1/../../../../arm-none-eabi/lib/thumb/v7e-m/nofp/libc_nano.a(lib_a-memmove.o)
                              obj//Release/uart_if.o (memmove)
/Applications/ARM/bin/../lib/gcc/arm-none-eabi/10.3.1/../../../../arm-none-eabi/lib/thumb/v7e-m/nofp/libc_nano.a(lib_a-memset.o)
                              obj//Release/network_if.o (memset)
/Applications/ARM/bin/../lib/gcc/arm-none-eabi/10.3.1/../../../../arm-none-eabi/lib/thumb/v7e-m/nofp/libc_nano.a(lib_a-nano-freer.o)
[...]
Memory Configuration

Name             Origin             Length             Attributes
SRAM             0x0000000020000000 0x0000000000040000 xrw
*default*        0x0000000000000000 0xffffffffffffffff

Linker script and memory map

                0x0000000000004000                BOOTLOADER_SIZE = 0x4000

.bootloader     0x0000000020000000     0x4000
                0x0000000020000000                _heap2 = .
                0x0000000020004000                . = (. + BOOTLOADER_SIZE)
 *fill*         0x0000000020000000     0x4000 
                0x0000000020004000                . = ALIGN (0x8)
                0x0000000020004000                _eheap2 = .

.text           0x0000000020004000     0x6750
                0x0000000020004000                _text = .
 *(.intvecs)
 .intvecs       0x0000000020004000      0x400 obj//Release/startup_gcc.o
                0x0000000020004000                g_pfnVectors
 *(.text*)
 .text.TimerPeriodicIntHandler
                0x0000000020004400       0x48 obj//Release/main.o
                0x0000000020004400                TimerPeriodicIntHandler
 .text.LedTimerConfigNStart
                0x0000000020004448       0x38 obj//Release/main.o
                0x0000000020004448                LedTimerConfigNStart
 .text.LedTimerDeinitStop
                0x0000000020004480       0x1c obj//Release/main.o
                0x0000000020004480                LedTimerDeinitStop
 .text.EnterHIBernate
                0x000000002000449c       0x38 obj//Release/main.o
                0x000000002000449c                EnterHIBernate
 .text.HIBUDPBroadcastTask
                0x00000000200044d4      0x198 obj//Release/main.o
                0x00000000200044d4                HIBUDPBroadcastTask
 .text.startup.main
                0x000000002000466c       0x78 obj//Release/main.o
                0x000000002000466c                main
 .text.PinMuxConfig
                0x00000000200046e4       0x50 obj//Release/pinmux.o
                0x00000000200046e4                PinMuxConfig
 .text.Message.part.0
                0x0000000020004734       0x20 obj//Release/uart_if.o
 .text.InitTerm
                0x0000000020004754       0x30 obj//Release/uart_if.o
                0x0000000020004754                InitTerm
 .text.Message  0x0000000020004784        0x8 obj//Release/uart_if.o
                0x0000000020004784                Message
 .text.TrimSpace
                0x000000002000478c       0x4c obj//Release/uart_if.o
                0x000000002000478c                TrimSpace
 .text.Report   0x00000000200047d8       0x68 obj//Release/uart_if.o
                0x00000000200047d8                Report
 .text.GetCmd   0x0000000020004840       0xa8 obj//Release/uart_if.o
                0x0000000020004840                GetCmd
 .text.GetPeripheralIntNum.part.0
                0x00000000200048e8       0x28 obj//Release/timer_if.o
 .text.Timer_IF_Init
                0x0000000020004910       0x38 obj//Release/timer_if.o
                0x0000000020004910                Timer_IF_Init
 .text.Timer_IF_IntSetup
                0x0000000020004948       0xb4 obj//Release/timer_if.o
                0x0000000020004948                Timer_IF_IntSetup
 .text.Timer_IF_Start
                0x00000000200049fc       0x2c obj//Release/timer_if.o
                0x00000000200049fc                Timer_IF_Start
 .text.Timer_IF_Stop
                0x0000000020004a28        0xa obj//Release/timer_if.o
                0x0000000020004a28                Timer_IF_Stop
 .text.Timer_IF_DeInit
                0x0000000020004a32       0x24 obj//Release/timer_if.o
                0x0000000020004a32                Timer_IF_DeInit
 *fill*         0x0000000020004a56        0x2 
 .text.GPIO_IF_LedConfigure
                0x0000000020004a58       0x50 obj//Release/gpio_if.o
                0x0000000020004a58                GPIO_IF_LedConfigure
 .text.GPIO_IF_Set
                0x0000000020004aa8       0x1e obj//Release/gpio_if.o
                0x0000000020004aa8                GPIO_IF_Set
 *fill*         0x0000000020004ac6        0x2 
 .text.GPIO_IF_LedOn
                0x0000000020004ac8       0x84 obj//Release/gpio_if.o
                0x0000000020004ac8                GPIO_IF_LedOn
 .text.GPIO_IF_LedOff
                0x0000000020004b4c       0x84 obj//Release/gpio_if.o
                0x0000000020004b4c                GPIO_IF_LedOff
 .text.Utils_SpiFlashDeepPowerDown
                0x0000000020004bd0       0xf8 obj//Release/utils_if.o
                0x0000000020004bd0                Utils_SpiFlashDeepPowerDown
 .text.vApplicationIdleHook
                0x0000000020004cc8        0x2 obj//Release/network_if.o
                0x0000000020004cc8                vApplicationIdleHook
 .text.vApplicationMallocFailedHook
                0x0000000020004cca        0x2 obj//Release/network_if.o
                0x0000000020004cca                vApplicationMallocFailedHook
 .text.vApplicationStackOverflowHook
                0x0000000020004ccc        0x2 obj//Release/network_if.o
                0x0000000020004ccc                vApplicationStackOverflowHook
 *fill*         0x0000000020004cce        0x2 
 .text.SimpleLinkWlanEventHandler
                0x0000000020004cd0      0x138 obj//Release/network_if.o
                0x0000000020004cd0                SimpleLinkWlanEventHandler
 .text.SimpleLinkNetAppEventHandler
                0x0000000020004e08       0x70 obj//Release/network_if.o
                0x0000000020004e08                SimpleLinkNetAppEventHandler
 .text.SimpleLinkGeneralEventHandler
                0x0000000020004e78       0x14 obj//Release/network_if.o
                0x0000000020004e78                SimpleLinkGeneralEventHandler
 .text.SimpleLinkSockEventHandler
                0x0000000020004e8c       0x68 obj//Release/network_if.o
                0x0000000020004e8c                SimpleLinkSockEventHandler
 .text.SimpleLinkHttpServerCallback
                0x0000000020004ef4        0x2 obj//Release/network_if.o
                0x0000000020004ef4                SimpleLinkHttpServerCallback
 *fill*         0x0000000020004ef6        0x2 
 .text.InitializeAppVariables
                0x0000000020004ef8       0x38 obj//Release/network_if.o
                0x0000000020004ef8                InitializeAppVariables
 .text.ConfigureSimpleLinkToDefaultState
                0x0000000020004f30      0x22c obj//Release/network_if.o
                0x0000000020004f30                ConfigureSimpleLinkToDefaultState
 .text.Network_IF_InitDriver
                0x000000002000515c      0x140 obj//Release/network_if.o
                0x000000002000515c                Network_IF_InitDriver
 .text.Network_IF_DisconnectFromAP
                0x000000002000529c       0x28 obj//Release/network_if.o
                0x000000002000529c                Network_IF_DisconnectFromAP
 .text.Network_IF_DeInitDriver
                0x00000000200052c4       0x28 obj//Release/network_if.o
                0x00000000200052c4                Network_IF_DeInitDriver
 .text.Network_IF_IpConfigGet
                0x00000000200052ec       0x58 obj//Release/network_if.o
                0x00000000200052ec                Network_IF_IpConfigGet
 .text.Network_IF_ConnectAP
                0x0000000020005344      0x1b8 obj//Release/network_if.o
                0x0000000020005344                Network_IF_ConnectAP
 .text.Network_IF_ResetMCUStateMachine
                0x00000000200054fc        0xc obj//Release/network_if.o
                0x00000000200054fc                Network_IF_ResetMCUStateMachine
 .text.NmiSR    0x0000000020005508        0x2 obj//Release/startup_gcc.o
 .text.FaultISR
                0x000000002000550a        0x2 obj//Release/startup_gcc.o
 .text.BusFaultHandler
                0x000000002000550c        0x2 obj//Release/startup_gcc.o
 .text.IntDefaultHandler
                0x000000002000550e        0x2 obj//Release/startup_gcc.o
 .text.ResetISR
                0x0000000020005510       0x4c obj//Release/startup_gcc.o
                0x0000000020005510                ResetISR
 .text._sbrk    0x000000002000555c       0x28 obj//Release/startup_gcc.o
                0x000000002000555c                _sbrk
 .text.sl_Start
                0x0000000020005584       0xd0 ../../../simplelink/gcc/lib/os_PM/Release/libsimplelink.a(device.o)
                0x0000000020005584                sl_Start
 .text._sl_HandleAsync_InitComplete
                0x0000000020005654       0x6c ../../../simplelink/gcc/lib/os_PM/Release/libsimplelink.a(device.o)
                0x0000000020005654                _sl_HandleAsync_InitComplete
 .text._sl_HandleAsync_Stop
                0x00000000200056c0       0x38 ../../../simplelink/gcc/lib/os_PM/Release/libsimplelink.a(device.o)
                0x00000000200056c0                _sl_HandleAsync_Stop
 .text.sl_Stop  0x00000000200056f8       0xa8 ../../../simplelink/gcc/lib/os_PM/Release/libsimplelink.a(device.o)
                0x00000000200056f8                sl_Stop
 .text.sl_DevGet
                0x00000000200057a0       0x88 ../../../simplelink/gcc/lib/os_PM/Release/libsimplelink.a(device.o)
                0x00000000200057a0                sl_DevGet
 .text._SlDrvDeviceEventHandler
                0x0000000020005828       0x5e ../../../simplelink/gcc/lib/os_PM/Release/libsimplelink.a(device.o)
                0x0000000020005828                _SlDrvDeviceEventHandler
 *fill*         0x0000000020005886        0x2 
 .text._SlAsyncEventGenericHandler
                0x0000000020005888       0x54 ../../../simplelink/gcc/lib/os_PM/Release/libsimplelink.a(driver.o)
 .text._SlRemoveFromList
                0x00000000200058dc       0x40 ../../../simplelink/gcc/lib/os_PM/Release/libsimplelink.a(driver.o)
 .text._SlFindAndSetActiveObj
                0x000000002000591c       0x98 ../../../simplelink/gcc/lib/os_PM/Release/libsimplelink.a(driver.o)
 .text._SlDrvHandleWlanEvents
                0x00000000200059b4       0x16 ../../../simplelink/gcc/lib/os_PM/Release/libsimplelink.a(driver.o)
                0x00000000200059b4                _SlDrvHandleWlanEvents
 .text._SlDrvHandleNetAppEvents
                0x00000000200059ca       0x16 ../../../simplelink/gcc/lib/os_PM/Release/libsimplelink.a(driver.o)
                0x00000000200059ca                _SlDrvHandleNetAppEvents
 .text._SlDrvObjGlobalLockWaitForever
                0x00000000200059e0       0x2c ../../../simplelink/gcc/lib/os_PM/Release/libsimplelink.a(driver.o)
 .text._SlDrvMsgWrite
                0x0000000020005a0c       0xf4 ../../../simplelink/gcc/lib/os_PM/Release/libsimplelink.a(driver.o)
 .text._SlDrvHandleHttpServerEvents
                0x0000000020005b00       0x1a ../../../simplelink/gcc/lib/os_PM/Release/libsimplelink.a(driver.o)
                0x0000000020005b00                _SlDrvHandleHttpServerEvents
 *fill*         0x0000000020005b1a        0x2 
 .text._SlDrvDriverCBDeinit
                0x0000000020005b1c       0x90 ../../../simplelink/gcc/lib/os_PM/Release/libsimplelink.a(driver.o)
                0x0000000020005b1c                _SlDrvDriverCBDeinit
 .text._SlDrvRxIrqHandler
                0x0000000020005bac       0x40 ../../../simplelink/gcc/lib/os_PM/Release/libsimplelink.a(driver.o)
                0x0000000020005bac                _SlDrvRxIrqHandler
 .text._SlDrvCmdSend
                0x0000000020005bec       0x78 ../../../simplelink/gcc/lib/os_PM/Release/libsimplelink.a(driver.o)
                0x0000000020005bec                _SlDrvCmdSend
 .text._SlDrvDispatchHttpServerEvents
                0x0000000020005c64        0x4 ../../../simplelink/gcc/lib/os_PM/Release/libsimplelink.a(driver.o)
                0x0000000020005c64                _SlDrvDispatchHttpServerEvents
 .text._SlDrvSyncObjSignal
                0x0000000020005c68        0xa ../../../simplelink/gcc/lib/os_PM/Release/libsimplelink.a(driver.o)
                0x0000000020005c68                _SlDrvSyncObjSignal
 .text._SlDrvObjLockWaitForever
                0x0000000020005c72        0xe ../../../simplelink/gcc/lib/os_PM/Release/libsimplelink.a(driver.o)
                0x0000000020005c72                _SlDrvObjLockWaitForever
 .text._SlDrvProtectionObjLockWaitForever
                0x0000000020005c80       0x18 ../../../simplelink/gcc/lib/os_PM/Release/libsimplelink.a(driver.o)
                0x0000000020005c80                _SlDrvProtectionObjLockWaitForever
 .text._SlDrvObjUnLock
                0x0000000020005c98        0xa ../../../simplelink/gcc/lib/os_PM/Release/libsimplelink.a(driver.o)
                0x0000000020005c98                _SlDrvObjUnLock
 *fill*         0x0000000020005ca2        0x2 
 .text._SlDrvProtectionObjUnLock
                0x0000000020005ca4       0x14 ../../../simplelink/gcc/lib/os_PM/Release/libsimplelink.a(driver.o)
                0x0000000020005ca4                _SlDrvProtectionObjUnLock
 .text._SlDrvReleasePoolObj
                0x0000000020005cb8       0xc0 ../../../simplelink/gcc/lib/os_PM/Release/libsimplelink.a(driver.o)
                0x0000000020005cb8                _SlDrvReleasePoolObj
 .text._SlDrvGlobalObjUnLock
                0x0000000020005d78       0x14 ../../../simplelink/gcc/lib/os_PM/Release/libsimplelink.a(driver.o)
                0x0000000020005d78                _SlDrvGlobalObjUnLock
 .text._SlDrvMemZero
                0x0000000020005d8c        0x8 ../../../simplelink/gcc/lib/os_PM/Release/libsimplelink.a(driver.o)
                0x0000000020005d8c                _SlDrvMemZero
 .text._SlDrvDriverCBInit
                0x0000000020005d94       0xdc ../../../simplelink/gcc/lib/os_PM/Release/libsimplelink.a(driver.o)
                0x0000000020005d94                _SlDrvDriverCBInit
 .text._SlDrvResetCmdExt
                0x0000000020005e70        0x6 ../../../simplelink/gcc/lib/os_PM/Release/libsimplelink.a(driver.o)
                0x0000000020005e70                _SlDrvResetCmdExt
 *fill*         0x0000000020005e76        0x2 
 .text._SlDrvSyncObjWaitForever
                0x0000000020005e78       0x20 ../../../simplelink/gcc/lib/os_PM/Release/libsimplelink.a(driver.o)
                0x0000000020005e78                _SlDrvSyncObjWaitForever
 .text._SlDrvDataWriteOp
                0x0000000020005e98       0xd8 ../../../simplelink/gcc/lib/os_PM/Release/libsimplelink.a(driver.o)
                0x0000000020005e98                _SlDrvDataWriteOp
 .text._SlDrvWaitForPoolObj
                0x0000000020005f70       0xb8 ../../../simplelink/gcc/lib/os_PM/Release/libsimplelink.a(driver.o)
                0x0000000020005f70                _SlDrvWaitForPoolObj
 .text._SlDrvProtectAsyncRespSetting
                0x0000000020006028       0x30 ../../../simplelink/gcc/lib/os_PM/Release/libsimplelink.a(driver.o)
                0x0000000020006028                _SlDrvProtectAsyncRespSetting
 .text._SlDriverHandleError
                0x0000000020006058       0x58 ../../../simplelink/gcc/lib/os_PM/Release/libsimplelink.a(driver.o)
                0x0000000020006058                _SlDriverHandleError
 .text._SlDrvSyncObjWaitTimeout
                0x00000000200060b0       0x30 ../../../simplelink/gcc/lib/os_PM/Release/libsimplelink.a(driver.o)
                0x00000000200060b0                _SlDrvSyncObjWaitTimeout
 .text._SlDrvIsTimeoutExpired
                0x00000000200060e0       0x44 ../../../simplelink/gcc/lib/os_PM/Release/libsimplelink.a(driver.o)
                0x00000000200060e0                _SlDrvIsTimeoutExpired
 .text._SlDrvMsgRead
                0x0000000020006124      0x4e0 ../../../simplelink/gcc/lib/os_PM/Release/libsimplelink.a(driver.o)
 .text._SlDrvCmdOp
                0x0000000020006604      0x144 ../../../simplelink/gcc/lib/os_PM/Release/libsimplelink.a(driver.o)
                0x0000000020006604                _SlDrvCmdOp
 .text._SlDrvBasicCmd
                0x0000000020006748       0x2c ../../../simplelink/gcc/lib/os_PM/Release/libsimplelink.a(driver.o)
                0x0000000020006748                _SlDrvBasicCmd
 .text._SlDrvMsgReadSpawnCtx
                0x0000000020006774       0x7c ../../../simplelink/gcc/lib/os_PM/Release/libsimplelink.a(driver.o)
                0x0000000020006774                _SlDrvMsgReadSpawnCtx
 .text.sl_NetAppMDNSRegisterUnregisterService
                0x00000000200067f0       0x9c ../../../simplelink/gcc/lib/os_PM/Release/libsimplelink.a(netapp.o)
                0x00000000200067f0                sl_NetAppMDNSRegisterUnregisterService
 .text.sl_NetAppMDNSUnRegisterService
                0x000000002000688c       0x34 ../../../simplelink/gcc/lib/os_PM/Release/libsimplelink.a(netapp.o)
                0x000000002000688c                sl_NetAppMDNSUnRegisterService
 .text._sl_HandleAsync_DnsGetHostByService
                0x00000000200068c0       0x5c ../../../simplelink/gcc/lib/os_PM/Release/libsimplelink.a(netapp.o)
                0x00000000200068c0                _sl_HandleAsync_DnsGetHostByService
 .text._sl_HandleAsync_DnsGetHostByName
                0x000000002000691c       0x5c ../../../simplelink/gcc/lib/os_PM/Release/libsimplelink.a(netapp.o)
                0x000000002000691c                _sl_HandleAsync_DnsGetHostByName
 .text._sl_HandleAsync_PingResponse
                0x0000000020006978       0x7c ../../../simplelink/gcc/lib/os_PM/Release/libsimplelink.a(netapp.o)
                0x0000000020006978                _sl_HandleAsync_PingResponse
 .text._sl_NetAppSendTokenValue
                0x00000000200069f4       0x50 ../../../simplelink/gcc/lib/os_PM/Release/libsimplelink.a(netapp.o)
                0x00000000200069f4                _sl_NetAppSendTokenValue
 .text._SlDrvNetAppEventHandler
                0x0000000020006a44       0xd0 ../../../simplelink/gcc/lib/os_PM/Release/libsimplelink.a(netapp.o)
                0x0000000020006a44                _SlDrvNetAppEventHandler
 .text.sl_NetCfgSet
                0x0000000020006b14       0x60 ../../../simplelink/gcc/lib/os_PM/Release/libsimplelink.a(netcfg.o)
                0x0000000020006b14                sl_NetCfgSet
 .text.sl_NetCfgGet
                0x0000000020006b74       0x90 ../../../simplelink/gcc/lib/os_PM/Release/libsimplelink.a(netcfg.o)
                0x0000000020006b74                sl_NetCfgGet
 .text._sl_TruncatePayloadByProtocol
                0x0000000020006c04       0x18 ../../../simplelink/gcc/lib/os_PM/Release/libsimplelink.a(socket.o)
 .text._sl_BuildAddress
                0x0000000020006c1c       0x24 ../../../simplelink/gcc/lib/os_PM/Release/libsimplelink.a(socket.o)
 .text.sl_Socket
                0x0000000020006c40       0x50 ../../../simplelink/gcc/lib/os_PM/Release/libsimplelink.a(socket.o)
                0x0000000020006c40                sl_Socket
 .text.sl_Close
                0x0000000020006c90       0x40 ../../../simplelink/gcc/lib/os_PM/Release/libsimplelink.a(socket.o)
                0x0000000020006c90                sl_Close
 .text.sl_SendTo
                0x0000000020006cd0       0xd4 ../../../simplelink/gcc/lib/os_PM/Release/libsimplelink.a(socket.o)
                0x0000000020006cd0                sl_SendTo
 .text._sl_HandleAsync_Connect
                0x0000000020006da4       0x48 ../../../simplelink/gcc/lib/os_PM/Release/libsimplelink.a(socket.o)
                0x0000000020006da4                _sl_HandleAsync_Connect
 .text.sl_Htonl
                0x0000000020006dec        0x8 ../../../simplelink/gcc/lib/os_PM/Release/libsimplelink.a(socket.o)
                0x0000000020006dec                sl_Htonl
 .text.sl_Htons
                0x0000000020006df4        0xa ../../../simplelink/gcc/lib/os_PM/Release/libsimplelink.a(socket.o)
                0x0000000020006df4                sl_Htons
 *fill*         0x0000000020006dfe        0x2 
 .text._sl_HandleAsync_Accept
                0x0000000020006e00       0x50 ../../../simplelink/gcc/lib/os_PM/Release/libsimplelink.a(socket.o)
                0x0000000020006e00                _sl_HandleAsync_Accept
 .text._sl_HandleAsync_Select
                0x0000000020006e50       0x3c ../../../simplelink/gcc/lib/os_PM/Release/libsimplelink.a(socket.o)
                0x0000000020006e50                _sl_HandleAsync_Select
 .text.sl_WlanConnect
                0x0000000020006e8c      0x1c4 ../../../simplelink/gcc/lib/os_PM/Release/libsimplelink.a(wlan.o)
                0x0000000020006e8c                sl_WlanConnect
 .text.sl_WlanDisconnect
                0x0000000020007050       0x28 ../../../simplelink/gcc/lib/os_PM/Release/libsimplelink.a(wlan.o)
                0x0000000020007050                sl_WlanDisconnect
 .text.sl_WlanPolicySet
                0x0000000020007078       0x5c ../../../simplelink/gcc/lib/os_PM/Release/libsimplelink.a(wlan.o)
                0x0000000020007078                sl_WlanPolicySet
 .text.sl_WlanProfileDel
                0x00000000200070d4       0x40 ../../../simplelink/gcc/lib/os_PM/Release/libsimplelink.a(wlan.o)
                0x00000000200070d4                sl_WlanProfileDel
 .text.sl_WlanRxFilterSet
                0x0000000020007114       0x54 ../../../simplelink/gcc/lib/os_PM/Release/libsimplelink.a(wlan.o)
                0x0000000020007114                sl_WlanRxFilterSet
 .text.sl_WlanSetMode
                0x0000000020007168       0x40 ../../../simplelink/gcc/lib/os_PM/Release/libsimplelink.a(wlan.o)
                0x0000000020007168                sl_WlanSetMode
 .text.sl_WlanSet
                0x00000000200071a8       0x60 ../../../simplelink/gcc/lib/os_PM/Release/libsimplelink.a(wlan.o)
                0x00000000200071a8                sl_WlanSet
 .text.spi_Open
                0x0000000020007208       0x12 ../../../simplelink/gcc/lib/os_PM/Release/libsimplelink.a(cc_pal_pm.o)
                0x0000000020007208                spi_Open
 .text.spi_Close
                0x000000002000721a        0xa ../../../simplelink/gcc/lib/os_PM/Release/libsimplelink.a(cc_pal_pm.o)
                0x000000002000721a                spi_Close
 .text.spi_Read
                0x0000000020007224       0x40 ../../../simplelink/gcc/lib/os_PM/Release/libsimplelink.a(cc_pal_pm.o)
                0x0000000020007224                spi_Read
 .text.spi_Write
                0x0000000020007264        0xe ../../../simplelink/gcc/lib/os_PM/Release/libsimplelink.a(cc_pal_pm.o)
                0x0000000020007264                spi_Write
 .text.NwpRegisterInterruptHandler
                0x0000000020007272       0x28 ../../../simplelink/gcc/lib/os_PM/Release/libsimplelink.a(cc_pal_pm.o)
                0x0000000020007272                NwpRegisterInterruptHandler
 *fill*         0x000000002000729a        0x2 
 .text.NwpMaskInterrupt
                0x000000002000729c       0x10 ../../../simplelink/gcc/lib/os_PM/Release/libsimplelink.a(cc_pal_pm.o)
                0x000000002000729c                NwpMaskInterrupt
 .text.NwpUnMaskInterrupt
                0x00000000200072ac       0x10 ../../../simplelink/gcc/lib/os_PM/Release/libsimplelink.a(cc_pal_pm.o)
                0x00000000200072ac                NwpUnMaskInterrupt
 .text.NwpPowerOn
                0x00000000200072bc       0x38 ../../../simplelink/gcc/lib/os_PM/Release/libsimplelink.a(cc_pal_pm.o)
                0x00000000200072bc                NwpPowerOn
 .text.NwpPowerOff
                0x00000000200072f4       0x44 ../../../simplelink/gcc/lib/os_PM/Release/libsimplelink.a(cc_pal_pm.o)
                0x00000000200072f4                NwpPowerOff
 .text.NwpPowerOnPreamble
                0x0000000020007338       0x60 ../../../simplelink/gcc/lib/os_PM/Release/libsimplelink.a(cc_pal_pm.o)
                0x0000000020007338                NwpPowerOnPreamble
 .text.NwpPrePowerOffTimout0
                0x0000000020007398       0x1c ../../../simplelink/gcc/lib/os_PM/Release/libsimplelink.a(cc_pal_pm.o)
                0x0000000020007398                NwpPrePowerOffTimout0
 .text.simplelink_timerA2_start
                0x00000000200073b4       0x50 ../../../simplelink/gcc/lib/os_PM/Release/libsimplelink.a(cc_pal_pm.o)
                0x00000000200073b4                simplelink_timerA2_start
 .text.TimerGetCurrentTimestamp
                0x0000000020007404       0x24 ../../../simplelink/gcc/lib/os_PM/Release/libsimplelink.a(cc_pal_pm.o)
                0x0000000020007404                TimerGetCurrentTimestamp
 .text.setup_dma_desc.constprop.0
                0x0000000020007428       0x24 ../../../middleware/gcc/lib/Release/middleware.a(spi_drv.o)
 .text.setup_spi_dma
                0x000000002000744c       0x64 ../../../middleware/gcc/lib/Release/middleware.a(spi_drv.o)
 .text.trigger_spi_dma_transfer
                0x00000000200074b0       0xce ../../../middleware/gcc/lib/Release/middleware.a(spi_drv.o)
 *fill*         0x000000002000757e        0x2 
 .text.spi_open
                0x0000000020007580       0xac ../../../middleware/gcc/lib/Release/middleware.a(spi_drv.o)
                0x0000000020007580                spi_open
 .text.spi_close
                0x000000002000762c       0x22 ../../../middleware/gcc/lib/Release/middleware.a(spi_drv.o)
                0x000000002000762c                spi_close
 .text.spi_write
                0x000000002000764e       0x6c ../../../middleware/gcc/lib/Release/middleware.a(spi_drv.o)
                0x000000002000764e                spi_write
 .text.spi_read
                0x00000000200076ba       0x6c ../../../middleware/gcc/lib/Release/middleware.a(spi_drv.o)
                0x00000000200076ba                spi_read
 *fill*         0x0000000020007726        0x2 
 .text.dma_submit_endp
                0x0000000020007728       0x74 ../../../middleware/gcc/lib/Release/middleware.a(dma_hal.o)
 .text.cc_dma_desc_config
                0x000000002000779c       0x96 ../../../middleware/gcc/lib/Release/middleware.a(dma_hal.o)
                0x000000002000779c                cc_dma_desc_config
 .text.cc_dma_submit_endp
                0x0000000020007832       0x6e ../../../middleware/gcc/lib/Release/middleware.a(dma_hal.o)
                0x0000000020007832                cc_dma_submit_endp
 .text.cc_spi_configure
                0x00000000200078a0       0xb8 ../../../middleware/gcc/lib/Release/middleware.a(spi_hal.o)
                0x00000000200078a0                cc_spi_configure
 .text.cc_spi_wr_submit
                0x0000000020007958       0x58 ../../../middleware/gcc/lib/Release/middleware.a(spi_hal.o)
                0x0000000020007958                cc_spi_wr_submit
 .text.cc_spi_rd_submit
                0x00000000200079b0       0x58 ../../../middleware/gcc/lib/Release/middleware.a(spi_hal.o)
                0x00000000200079b0                cc_spi_rd_submit
 .text.cc_spi_control
                0x0000000020007a08       0x68 ../../../middleware/gcc/lib/Release/middleware.a(spi_hal.o)
                0x0000000020007a08                cc_spi_control
 .text.vSimpleLinkSpawnTask
                0x0000000020007a70       0x20 ../../../oslib/gcc/free_rtos/Release/free_rtos.a(osi_freertos.o)
 .text.osi_InterruptRegister
                0x0000000020007a90       0x26 ../../../oslib/gcc/free_rtos/Release/free_rtos.a(osi_freertos.o)
                0x0000000020007a90                osi_InterruptRegister
 .text.osi_InterruptDeRegister
                0x0000000020007ab6       0x18 ../../../oslib/gcc/free_rtos/Release/free_rtos.a(osi_freertos.o)
                0x0000000020007ab6                osi_InterruptDeRegister
 .text.osi_SyncObjCreate
                0x0000000020007ace       0x24 ../../../oslib/gcc/free_rtos/Release/free_rtos.a(osi_freertos.o)
                0x0000000020007ace                osi_SyncObjCreate
 .text.osi_SyncObjDelete
                0x0000000020007af2       0x14 ../../../oslib/gcc/free_rtos/Release/free_rtos.a(osi_freertos.o)
                0x0000000020007af2                osi_SyncObjDelete
 .text.osi_SyncObjSignal
                0x0000000020007b06       0x1a ../../../oslib/gcc/free_rtos/Release/free_rtos.a(osi_freertos.o)
                0x0000000020007b06                osi_SyncObjSignal
 .text.osi_SyncObjSignalFromISR
                0x0000000020007b20       0x3c ../../../oslib/gcc/free_rtos/Release/free_rtos.a(osi_freertos.o)
                0x0000000020007b20                osi_SyncObjSignalFromISR
 .text.osi_SyncObjWait
                0x0000000020007b5c       0x1c ../../../oslib/gcc/free_rtos/Release/free_rtos.a(osi_freertos.o)
                0x0000000020007b5c                osi_SyncObjWait
 .text.osi_LockObjCreate
                0x0000000020007b78       0x18 ../../../oslib/gcc/free_rtos/Release/free_rtos.a(osi_freertos.o)
                0x0000000020007b78                osi_LockObjCreate
 .text.osi_TaskCreate
                0x0000000020007b90       0x1e ../../../oslib/gcc/free_rtos/Release/free_rtos.a(osi_freertos.o)
                0x0000000020007b90                osi_TaskCreate
 .text.osi_LockObjDelete
                0x0000000020007bae        0xc ../../../oslib/gcc/free_rtos/Release/free_rtos.a(osi_freertos.o)
                0x0000000020007bae                osi_LockObjDelete
 .text.osi_LockObjLock
                0x0000000020007bba        0x4 ../../../oslib/gcc/free_rtos/Release/free_rtos.a(osi_freertos.o)
                0x0000000020007bba                osi_LockObjLock
 .text.osi_LockObjUnlock
                0x0000000020007bbe       0x22 ../../../oslib/gcc/free_rtos/Release/free_rtos.a(osi_freertos.o)
                0x0000000020007bbe                osi_LockObjUnlock
 .text.osi_Spawn
                0x0000000020007be0       0x4c ../../../oslib/gcc/free_rtos/Release/free_rtos.a(osi_freertos.o)
                0x0000000020007be0                osi_Spawn
 .text.VStartSimpleLinkSpawnTask
                0x0000000020007c2c       0x48 ../../../oslib/gcc/free_rtos/Release/free_rtos.a(osi_freertos.o)
                0x0000000020007c2c                VStartSimpleLinkSpawnTask
 .text.osi_start
                0x0000000020007c74        0x4 ../../../oslib/gcc/free_rtos/Release/free_rtos.a(osi_freertos.o)
                0x0000000020007c74                osi_start
 .text.osi_Sleep
                0x0000000020007c78        0x4 ../../../oslib/gcc/free_rtos/Release/free_rtos.a(osi_freertos.o)
                0x0000000020007c78                osi_Sleep
 .text.prvIsQueueEmpty
                0x0000000020007c7c       0x16 ../../../oslib/gcc/free_rtos/Release/free_rtos.a(queue.o)
 .text.prvCopyDataToQueue
                0x0000000020007c92       0x6a ../../../oslib/gcc/free_rtos/Release/free_rtos.a(queue.o)
 .text.prvNotifyQueueSetContainer
                0x0000000020007cfc       0x4a ../../../oslib/gcc/free_rtos/Release/free_rtos.a(queue.o)
 .text.prvCopyDataFromQueue
                0x0000000020007d46       0x28 ../../../oslib/gcc/free_rtos/Release/free_rtos.a(queue.o)
 .text.prvUnlockQueue
                0x0000000020007d6e       0x7e ../../../oslib/gcc/free_rtos/Release/free_rtos.a(queue.o)
 .text.xQueueGenericReset
                0x0000000020007dec       0x6a ../../../oslib/gcc/free_rtos/Release/free_rtos.a(queue.o)
                0x0000000020007dec                xQueueGenericReset
 .text.xQueueGenericCreate
                0x0000000020007e56       0x38 ../../../oslib/gcc/free_rtos/Release/free_rtos.a(queue.o)
                0x0000000020007e56                xQueueGenericCreate
 .text.xQueueGenericSend
                0x0000000020007e8e      0x114 ../../../oslib/gcc/free_rtos/Release/free_rtos.a(queue.o)
                0x0000000020007e8e                xQueueGenericSend
 .text.xQueueCreateMutex
                0x0000000020007fa2       0x24 ../../../oslib/gcc/free_rtos/Release/free_rtos.a(queue.o)
                0x0000000020007fa2                xQueueCreateMutex
 .text.xQueueGenericSendFromISR
                0x0000000020007fc6       0x80 ../../../oslib/gcc/free_rtos/Release/free_rtos.a(queue.o)
                0x0000000020007fc6                xQueueGenericSendFromISR
 .text.xQueueGiveFromISR
                0x0000000020008046       0x68 ../../../oslib/gcc/free_rtos/Release/free_rtos.a(queue.o)
                0x0000000020008046                xQueueGiveFromISR
 .text.xQueueReceive
                0x00000000200080ae       0xee ../../../oslib/gcc/free_rtos/Release/free_rtos.a(queue.o)
                0x00000000200080ae                xQueueReceive
 .text.xQueueSemaphoreTake
                0x000000002000819c      0x126 ../../../oslib/gcc/free_rtos/Release/free_rtos.a(queue.o)
                0x000000002000819c                xQueueSemaphoreTake
 *fill*         0x00000000200082c2        0x2 
 .text.vQueueUnregisterQueue
                0x00000000200082c4       0x28 ../../../oslib/gcc/free_rtos/Release/free_rtos.a(queue.o)
                0x00000000200082c4                vQueueUnregisterQueue
 .text.vQueueDelete
                0x00000000200082ec       0x12 ../../../oslib/gcc/free_rtos/Release/free_rtos.a(queue.o)
                0x00000000200082ec                vQueueDelete
 *fill*         0x00000000200082fe        0x2 
 .text.prvAddCurrentTaskToDelayedList
                0x0000000020008300       0x88 ../../../oslib/gcc/free_rtos/Release/free_rtos.a(tasks.o)
 .text.prvResetNextTaskUnblockTime
                0x0000000020008388       0x24 ../../../oslib/gcc/free_rtos/Release/free_rtos.a(tasks.o)
 .text.prvIdleTask
                0x00000000200083ac       0x4c ../../../oslib/gcc/free_rtos/Release/free_rtos.a(tasks.o)
 .text.xTaskCreate
                0x00000000200083f8      0x1ac ../../../oslib/gcc/free_rtos/Release/free_rtos.a(tasks.o)
                0x00000000200083f8                xTaskCreate
 .text.vTaskStartScheduler
                0x00000000200085a4       0x60 ../../../oslib/gcc/free_rtos/Release/free_rtos.a(tasks.o)
                0x00000000200085a4                vTaskStartScheduler
 .text.vTaskSuspendAll
                0x0000000020008604       0x10 ../../../oslib/gcc/free_rtos/Release/free_rtos.a(tasks.o)
                0x0000000020008604                vTaskSuspendAll
 .text.xTaskIncrementTick
                0x0000000020008614      0x10c ../../../oslib/gcc/free_rtos/Release/free_rtos.a(tasks.o)
                0x0000000020008614                xTaskIncrementTick
 .text.xTaskResumeAll
                0x0000000020008720       0xd8 ../../../oslib/gcc/free_rtos/Release/free_rtos.a(tasks.o)
                0x0000000020008720                xTaskResumeAll
 .text.vTaskDelay
                0x00000000200087f8       0x2e ../../../oslib/gcc/free_rtos/Release/free_rtos.a(tasks.o)
                0x00000000200087f8                vTaskDelay
 *fill*         0x0000000020008826        0x2 
 .text.vTaskSwitchContext
                0x0000000020008828       0x74 ../../../oslib/gcc/free_rtos/Release/free_rtos.a(tasks.o)
                0x0000000020008828                vTaskSwitchContext
 .text.vTaskPlaceOnEventList
                0x000000002000889c       0x20 ../../../oslib/gcc/free_rtos/Release/free_rtos.a(tasks.o)
                0x000000002000889c                vTaskPlaceOnEventList
 .text.xTaskRemoveFromEventList
                0x00000000200088bc       0x70 ../../../oslib/gcc/free_rtos/Release/free_rtos.a(tasks.o)
                0x00000000200088bc                xTaskRemoveFromEventList
 .text.vTaskInternalSetTimeOutState
                0x000000002000892c       0x18 ../../../oslib/gcc/free_rtos/Release/free_rtos.a(tasks.o)
                0x000000002000892c                vTaskInternalSetTimeOutState
 .text.xTaskCheckForTimeOut
                0x0000000020008944       0x50 ../../../oslib/gcc/free_rtos/Release/free_rtos.a(tasks.o)
                0x0000000020008944                xTaskCheckForTimeOut
 .text.vTaskMissedYield
                0x0000000020008994        0xc ../../../oslib/gcc/free_rtos/Release/free_rtos.a(tasks.o)
                0x0000000020008994                vTaskMissedYield
 .text.xTaskPriorityInherit
                0x00000000200089a0       0xa4 ../../../oslib/gcc/free_rtos/Release/free_rtos.a(tasks.o)
                0x00000000200089a0                xTaskPriorityInherit
 .text.xTaskPriorityDisinherit
                0x0000000020008a44       0x70 ../../../oslib/gcc/free_rtos/Release/free_rtos.a(tasks.o)
                0x0000000020008a44                xTaskPriorityDisinherit
 .text.vTaskPriorityDisinheritAfterTimeout
                0x0000000020008ab4       0x80 ../../../oslib/gcc/free_rtos/Release/free_rtos.a(tasks.o)
                0x0000000020008ab4                vTaskPriorityDisinheritAfterTimeout
 .text.pvTaskIncrementMutexHeldCount
                0x0000000020008b34       0x18 ../../../oslib/gcc/free_rtos/Release/free_rtos.a(tasks.o)
                0x0000000020008b34                pvTaskIncrementMutexHeldCount
 .text.prvTaskExitError
                0x0000000020008b4c       0x20 ../../../oslib/gcc/free_rtos/Release/free_rtos.a(port.o)
 .text.prvPortStartFirstTask
                0x0000000020008b6c       0x20 ../../../oslib/gcc/free_rtos/Release/free_rtos.a(port.o)
 .text.pxPortInitialiseStack
                0x0000000020008b8c       0x24 ../../../oslib/gcc/free_rtos/Release/free_rtos.a(port.o)
                0x0000000020008b8c                pxPortInitialiseStack
 .text.vPortSVCHandler
                0x0000000020008bb0       0x24 ../../../oslib/gcc/free_rtos/Release/free_rtos.a(port.o)
                0x0000000020008bb0                vPortSVCHandler
 .text.vPortEnterCritical
                0x0000000020008bd4       0x20 ../../../oslib/gcc/free_rtos/Release/free_rtos.a(port.o)
                0x0000000020008bd4                vPortEnterCritical
 .text.vPortExitCritical
                0x0000000020008bf4       0x14 ../../../oslib/gcc/free_rtos/Release/free_rtos.a(port.o)
                0x0000000020008bf4                vPortExitCritical
 *fill*         0x0000000020008c08        0x8 
 .text.xPortPendSVHandler
                0x0000000020008c10       0x44 ../../../oslib/gcc/free_rtos/Release/free_rtos.a(port.o)
                0x0000000020008c10                xPortPendSVHandler
 .text.xPortSysTickHandler
                0x0000000020008c54       0x2c ../../../oslib/gcc/free_rtos/Release/free_rtos.a(port.o)
                0x0000000020008c54                xPortSysTickHandler
 .text.vPortSetupTimerInterrupt
                0x0000000020008c80       0x18 ../../../oslib/gcc/free_rtos/Release/free_rtos.a(port.o)
                0x0000000020008c80                vPortSetupTimerInterrupt
 .text.xPortStartScheduler
                0x0000000020008c98       0x3c ../../../oslib/gcc/free_rtos/Release/free_rtos.a(port.o)
                0x0000000020008c98                xPortStartScheduler
 .text.pvPortMalloc
                0x0000000020008cd4       0x1e ../../../oslib/gcc/free_rtos/Release/free_rtos.a(heap_3.o)
                0x0000000020008cd4                pvPortMalloc
 .text.vPortFree
                0x0000000020008cf2       0x1a ../../../oslib/gcc/free_rtos/Release/free_rtos.a(heap_3.o)
                0x0000000020008cf2                vPortFree
 .text.vListInitialise
                0x0000000020008d0c       0x16 ../../../oslib/gcc/free_rtos/Release/free_rtos.a(list.o)
                0x0000000020008d0c                vListInitialise
 .text.vListInitialiseItem
                0x0000000020008d22        0x6 ../../../oslib/gcc/free_rtos/Release/free_rtos.a(list.o)
                0x0000000020008d22                vListInitialiseItem
 .text.vListInsertEnd
                0x0000000020008d28       0x18 ../../../oslib/gcc/free_rtos/Release/free_rtos.a(list.o)
                0x0000000020008d28                vListInsertEnd
 .text.vListInsert
                0x0000000020008d40       0x2e ../../../oslib/gcc/free_rtos/Release/free_rtos.a(list.o)
                0x0000000020008d40                vListInsert
 .text.uxListRemove
                0x0000000020008d6e       0x20 ../../../oslib/gcc/free_rtos/Release/free_rtos.a(list.o)
                0x0000000020008d6e                uxListRemove
 *fill*         0x0000000020008d8e        0x2 
 .text.IntEnable
                0x0000000020008d90       0x74 ../../../driverlib/gcc/lib/Release/libdriver.a(interrupt.o)
                0x0000000020008d90                IntEnable
 .text.IntDisable
                0x0000000020008e04       0x74 ../../../driverlib/gcc/lib/Release/libdriver.a(interrupt.o)
                0x0000000020008e04                IntDisable
 .text.PRCMPeripheralReset.part.0
                0x0000000020008e78       0x3c ../../../driverlib/gcc/lib/Release/libdriver.a(prcm.o)
 .text.PRCMSysResetCauseGet
                0x0000000020008eb4       0x2c ../../../driverlib/gcc/lib/Release/libdriver.a(prcm.o)
                0x0000000020008eb4                PRCMSysResetCauseGet
 .text.PRCMPeripheralClkEnable
                0x0000000020008ee0       0x2c ../../../driverlib/gcc/lib/Release/libdriver.a(prcm.o)
                0x0000000020008ee0                PRCMPeripheralClkEnable
 .text.PRCMPeripheralClkDisable
                0x0000000020008f0c       0x1c ../../../driverlib/gcc/lib/Release/libdriver.a(prcm.o)
                0x0000000020008f0c                PRCMPeripheralClkDisable
 .text.PRCMPeripheralClockGet
                0x0000000020008f28       0x4c ../../../driverlib/gcc/lib/Release/libdriver.a(prcm.o)
                0x0000000020008f28                PRCMPeripheralClockGet
 .text.PRCMPeripheralReset
                0x0000000020008f74        0xa ../../../driverlib/gcc/lib/Release/libdriver.a(prcm.o)
                0x0000000020008f74                PRCMPeripheralReset
 *fill*         0x0000000020008f7e        0x2 
 .text.PRCMPeripheralStatusGet
                0x0000000020008f80       0x1c ../../../driverlib/gcc/lib/Release/libdriver.a(prcm.o)
                0x0000000020008f80                PRCMPeripheralStatusGet
 .text.PRCMHibernateWakeupSourceEnable
                0x0000000020008f9c       0x4c ../../../driverlib/gcc/lib/Release/libdriver.a(prcm.o)
                0x0000000020008f9c                PRCMHibernateWakeupSourceEnable
 .text.PRCMHibernateIntervalSet
                0x0000000020008fe8       0x58 ../../../driverlib/gcc/lib/Release/libdriver.a(prcm.o)
                0x0000000020008fe8                PRCMHibernateIntervalSet
 .text.PRCMHibernateEnter
                0x0000000020009040       0x1c ../../../driverlib/gcc/lib/Release/libdriver.a(prcm.o)
                0x0000000020009040                PRCMHibernateEnter
 .text.PRCMCC3200MCUInit
                0x000000002000905c      0x144 ../../../driverlib/gcc/lib/Release/libdriver.a(prcm.o)
                0x000000002000905c                PRCMCC3200MCUInit
 .text.SPIConfigSetExpClk
                0x00000000200091a0       0x58 ../../../driverlib/gcc/lib/Release/libdriver.a(spi.o)
                0x00000000200091a0                SPIConfigSetExpClk
 .text.TimerConfigure
                0x00000000200091f8       0x28 ../../../driverlib/gcc/lib/Release/libdriver.a(timer.o)
                0x00000000200091f8                TimerConfigure
 .text.UtilsDelay
                0x0000000020009220        0x8 ../../../driverlib/gcc/lib/Release/libdriver.a(utils.o)
                0x0000000020009220                UtilsDelay
 .text.malloc   0x0000000020009228       0x10 /Applications/ARM/bin/../lib/gcc/arm-none-eabi/10.3.1/../../../../arm-none-eabi/lib/thumb/v7e-m/nofp/libc_nano.a(lib_a-malloc.o)
                0x0000000020009228                malloc
 .text.free     0x0000000020009238       0x10 /Applications/ARM/bin/../lib/gcc/arm-none-eabi/10.3.1/../../../../arm-none-eabi/lib/thumb/v7e-m/nofp/libc_nano.a(lib_a-malloc.o)
                0x0000000020009238                free
 .text.memcpy   0x0000000020009248       0x1c /Applications/ARM/bin/../lib/gcc/arm-none-eabi/10.3.1/../../../../arm-none-eabi/lib/thumb/v7e-m/nofp/libc_nano.a(lib_a-memcpy-stub.o)
                0x0000000020009248                memcpy
 .text.memmove  0x0000000020009264       0x34 /Applications/ARM/bin/../lib/gcc/arm-none-eabi/10.3.1/../../../../arm-none-eabi/lib/thumb/v7e-m/nofp/libc_nano.a(lib_a-memmove.o)
                0x0000000020009264                memmove
 .text.memset   0x0000000020009298       0x10 /Applications/ARM/bin/../lib/gcc/arm-none-eabi/10.3.1/../../../../arm-none-eabi/lib/thumb/v7e-m/nofp/libc_nano.a(lib_a-memset.o)
                0x0000000020009298                memset
 .text._free_r  0x00000000200092a8       0x94 /Applications/ARM/bin/../lib/gcc/arm-none-eabi/10.3.1/../../../../arm-none-eabi/lib/thumb/v7e-m/nofp/libc_nano.a(lib_a-nano-freer.o)
                0x00000000200092a8                _free_r
 .text.sbrk_aligned
                0x000000002000933c       0x40 /Applications/ARM/bin/../lib/gcc/arm-none-eabi/10.3.1/../../../../arm-none-eabi/lib/thumb/v7e-m/nofp/libc_nano.a(lib_a-nano-mallocr.o)
 .text._malloc_r
                0x000000002000937c       0xe8 /Applications/ARM/bin/../lib/gcc/arm-none-eabi/10.3.1/../../../../arm-none-eabi/lib/thumb/v7e-m/nofp/libc_nano.a(lib_a-nano-mallocr.o)
                0x000000002000937c                _malloc_r
 .text.realloc  0x0000000020009464       0x10 /Applications/ARM/bin/../lib/gcc/arm-none-eabi/10.3.1/../../../../arm-none-eabi/lib/thumb/v7e-m/nofp/libc_nano.a(lib_a-realloc.o)
                0x0000000020009464                realloc
 .text._sbrk_r  0x0000000020009474       0x20 /Applications/ARM/bin/../lib/gcc/arm-none-eabi/10.3.1/../../../../arm-none-eabi/lib/thumb/v7e-m/nofp/libc_nano.a(lib_a-sbrkr.o)
                0x0000000020009474                _sbrk_r
 .text          0x0000000020009494       0x10 /Applications/ARM/bin/../lib/gcc/arm-none-eabi/10.3.1/../../../../arm-none-eabi/lib/thumb/v7e-m/nofp/libc_nano.a(lib_a-strlen.o)
                0x0000000020009494                strlen
 .text.strncpy  0x00000000200094a4       0x26 /Applications/ARM/bin/../lib/gcc/arm-none-eabi/10.3.1/../../../../arm-none-eabi/lib/thumb/v7e-m/nofp/libc_nano.a(lib_a-strncpy.o)
                0x00000000200094a4                strncpy
 .text._vsnprintf_r
                0x00000000200094ca       0x56 /Applications/ARM/bin/../lib/gcc/arm-none-eabi/10.3.1/../../../../arm-none-eabi/lib/thumb/v7e-m/nofp/libc_nano.a(lib_a-vsnprintf.o)
                0x00000000200094ca                _vsnprintf_r
                0x00000000200094ca                _vsniprintf_r
 .text.vsnprintf
                0x0000000020009520       0x1c /Applications/ARM/bin/../lib/gcc/arm-none-eabi/10.3.1/../../../../arm-none-eabi/lib/thumb/v7e-m/nofp/libc_nano.a(lib_a-vsnprintf.o)
                0x0000000020009520                vsnprintf
                0x0000000020009520                vsniprintf
 .text.__malloc_lock
                0x000000002000953c        0xc /Applications/ARM/bin/../lib/gcc/arm-none-eabi/10.3.1/../../../../arm-none-eabi/lib/thumb/v7e-m/nofp/libc_nano.a(lib_a-mlock.o)
                0x000000002000953c                __malloc_lock
 .text.__malloc_unlock
                0x0000000020009548        0xc /Applications/ARM/bin/../lib/gcc/arm-none-eabi/10.3.1/../../../../arm-none-eabi/lib/thumb/v7e-m/nofp/libc_nano.a(lib_a-mlock.o)
                0x0000000020009548                __malloc_unlock
 .text._realloc_r
                0x0000000020009554       0x5e /Applications/ARM/bin/../lib/gcc/arm-none-eabi/10.3.1/../../../../arm-none-eabi/lib/thumb/v7e-m/nofp/libc_nano.a(lib_a-nano-reallocr.o)
                0x0000000020009554                _realloc_r
 .text.__ssputs_r
                0x00000000200095b2       0xb6 /Applications/ARM/bin/../lib/gcc/arm-none-eabi/10.3.1/../../../../arm-none-eabi/lib/thumb/v7e-m/nofp/libc_nano.a(lib_a-nano-svfprintf.o)
                0x00000000200095b2                __ssputs_r
 .text._svfprintf_r
                0x0000000020009668      0x200 /Applications/ARM/bin/../lib/gcc/arm-none-eabi/10.3.1/../../../../arm-none-eabi/lib/thumb/v7e-m/nofp/libc_nano.a(lib_a-nano-svfprintf.o)
                0x0000000020009668                _svfprintf_r
                0x0000000020009668                _svfiprintf_r
 .text._printf_common
                0x0000000020009868       0xda /Applications/ARM/bin/../lib/gcc/arm-none-eabi/10.3.1/../../../../arm-none-eabi/lib/thumb/v7e-m/nofp/libc_nano.a(lib_a-nano-vfprintf_i.o)
                0x0000000020009868                _printf_common
 *fill*         0x0000000020009942        0x2 
 .text._printf_i
                0x0000000020009944      0x24c /Applications/ARM/bin/../lib/gcc/arm-none-eabi/10.3.1/../../../../arm-none-eabi/lib/thumb/v7e-m/nofp/libc_nano.a(lib_a-nano-vfprintf_i.o)
                0x0000000020009944                _printf_i
 .text.__retarget_lock_acquire_recursive
                0x0000000020009b90        0x2 /Applications/ARM/bin/../lib/gcc/arm-none-eabi/10.3.1/../../../../arm-none-eabi/lib/thumb/v7e-m/nofp/libc_nano.a(lib_a-lock.o)
                0x0000000020009b90                __retarget_lock_acquire_recursive
 .text.__retarget_lock_release_recursive
                0x0000000020009b92        0x2 /Applications/ARM/bin/../lib/gcc/arm-none-eabi/10.3.1/../../../../arm-none-eabi/lib/thumb/v7e-m/nofp/libc_nano.a(lib_a-lock.o)
                0x0000000020009b92                __retarget_lock_release_recursive
 *fill*         0x0000000020009b94        0xc 
 .text          0x0000000020009ba0       0xa0 /Applications/ARM/bin/../lib/gcc/arm-none-eabi/10.3.1/../../../../arm-none-eabi/lib/thumb/v7e-m/nofp/libc_nano.a(lib_a-memchr.o)
                0x0000000020009ba0                memchr
 .text._malloc_usable_size_r
                0x0000000020009c40       0x10 /Applications/ARM/bin/../lib/gcc/arm-none-eabi/10.3.1/../../../../arm-none-eabi/lib/thumb/v7e-m/nofp/libc_nano.a(lib_a-nano-msizer.o)
                0x0000000020009c40                _malloc_usable_size_r
 *(.rodata*)
 .rodata.EnterHIBernate.str1.1
                0x0000000020009c50       0x1d obj//Release/main.o
 .rodata.HIBUDPBroadcastTask.str1.1
                0x0000000020009c6d      0x1ce obj//Release/main.o
                                        0x1cf (size before relaxing)
 .rodata.main.str1.1
                0x0000000020009e3b       0x12 obj//Release/main.o
 .rodata.__FUNCTION__.0
                0x0000000020009e4d        0x5 obj//Release/main.o
 .rodata.__FUNCTION__.1
                0x0000000020009e52       0x14 obj//Release/main.o
 .rodata.Report.str1.1
                0x0000000020009e66       0x1e obj//Release/uart_if.o
 .rodata.GetCmd.str1.1
                0x0000000020009e84       0x1e obj//Release/uart_if.o
                                          0x3 (size before relaxing)
 .rodata.SimpleLinkWlanEventHandler.str1.1
                0x0000000020009e84      0x12d obj//Release/network_if.o
 .rodata.SimpleLinkNetAppEventHandler.str1.1
                0x0000000020009fb1       0xa0 obj//Release/network_if.o
 .rodata.SimpleLinkGeneralEventHandler.str1.1
                0x000000002000a051       0x28 obj//Release/network_if.o
 .rodata.SimpleLinkSockEventHandler.str1.1
                0x000000002000a079      0x1ea obj//Release/network_if.o
 .rodata.ConfigureSimpleLinkToDefaultState.str1.1
                0x000000002000a263       0x5a obj//Release/network_if.o
                                         0x87 (size before relaxing)
 .rodata.Network_IF_InitDriver.str1.1
                0x000000002000a2bd      0x152 obj//Release/network_if.o
 .rodata.Network_IF_DeInitDriver.str1.1
                0x000000002000a40f       0x13 obj//Release/network_if.o
 .rodata.Network_IF_ConnectAP.str1.1
                0x000000002000a422       0xb5 obj//Release/network_if.o
                                         0xb6 (size before relaxing)
 .rodata.__FUNCTION__.1
                0x000000002000a4d7       0x17 obj//Release/network_if.o
 .rodata.__FUNCTION__.2
                0x000000002000a4ee       0x15 obj//Release/network_if.o
 .rodata.__FUNCTION__.3
                0x000000002000a503       0x16 obj//Release/network_if.o
 .rodata.__FUNCTION__.4
                0x000000002000a519       0x22 obj//Release/network_if.o
 .rodata.StartResponseLUT
                0x000000002000a53b        0x8 ../../../simplelink/gcc/lib/os_PM/Release/libsimplelink.a(device.o)
 *fill*         0x000000002000a543        0x1 
 .rodata._SlDeviceGetCmdCtrl
                0x000000002000a544        0x4 ../../../simplelink/gcc/lib/os_PM/Release/libsimplelink.a(device.o)
 .rodata._SlStopCmdCtrl
                0x000000002000a548        0x4 ../../../simplelink/gcc/lib/os_PM/Release/libsimplelink.a(device.o)
 .rodata.OpcodeTranslateTable
                0x000000002000a54c       0x3c ../../../simplelink/gcc/lib/os_PM/Release/libsimplelink.a(driver.o)
                0x000000002000a54c                OpcodeTranslateTable
 .rodata.RxMsgClassLUT
                0x000000002000a588       0x20 ../../../simplelink/gcc/lib/os_PM/Release/libsimplelink.a(driver.o)
 .rodata._SlActionLookupTable
                0x000000002000a5a8       0x38 ../../../simplelink/gcc/lib/os_PM/Release/libsimplelink.a(driver.o)
                0x000000002000a5a8                _SlActionLookupTable
 .rodata.g_H2NCnysPattern
                0x000000002000a5e0        0x8 ../../../simplelink/gcc/lib/os_PM/Release/libsimplelink.a(driver.o)
 .rodata.g_H2NSyncPattern
                0x000000002000a5e8        0x8 ../../../simplelink/gcc/lib/os_PM/Release/libsimplelink.a(driver.o)
 .rodata._SlNetAppSendTokenValueCmdCtrl
                0x000000002000a5f0        0x4 ../../../simplelink/gcc/lib/os_PM/Release/libsimplelink.a(netapp.o)
                0x000000002000a5f0                _SlNetAppSendTokenValueCmdCtrl
 .rodata._SlRegisterServiceCtrl
                0x000000002000a5f4        0x4 ../../../simplelink/gcc/lib/os_PM/Release/libsimplelink.a(netapp.o)
 .rodata._SlNetCfgGetCmdCtrl
                0x000000002000a5f8        0x4 ../../../simplelink/gcc/lib/os_PM/Release/libsimplelink.a(netcfg.o)
 .rodata._SlNetCfgSetCmdCtrl
                0x000000002000a5fc        0x4 ../../../simplelink/gcc/lib/os_PM/Release/libsimplelink.a(netcfg.o)
 .rodata._SlPayloadByProtocolLUT
                0x000000002000a600       0x10 ../../../simplelink/gcc/lib/os_PM/Release/libsimplelink.a(socket.o)
 .rodata._SlSockCloseCmdCtrl
                0x000000002000a610        0x4 ../../../simplelink/gcc/lib/os_PM/Release/libsimplelink.a(socket.o)
 .rodata._SlSockSocketCmdCtrl
                0x000000002000a614        0x4 ../../../simplelink/gcc/lib/os_PM/Release/libsimplelink.a(socket.o)
 .rodata._SlPolicySetCmdCtrl
                0x000000002000a618        0x4 ../../../simplelink/gcc/lib/os_PM/Release/libsimplelink.a(wlan.o)
 .rodata._SlProfileDelCmdCtrl
                0x000000002000a61c        0x4 ../../../simplelink/gcc/lib/os_PM/Release/libsimplelink.a(wlan.o)
 .rodata._SlRxFilterSetCmdCtrl
                0x000000002000a620        0x4 ../../../simplelink/gcc/lib/os_PM/Release/libsimplelink.a(wlan.o)
 .rodata._SlWlanCfgSetCmdCtrl
                0x000000002000a624        0x4 ../../../simplelink/gcc/lib/os_PM/Release/libsimplelink.a(wlan.o)
 .rodata._SlWlanSetModeCmdCtrl
                0x000000002000a628        0x4 ../../../simplelink/gcc/lib/os_PM/Release/libsimplelink.a(wlan.o)
 .rodata.CSWTCH.16
                0x000000002000a62c        0x5 ../../../middleware/gcc/lib/Release/middleware.a(dma_hal.o)
 .rodata.VStartSimpleLinkSpawnTask.str1.1
                0x000000002000a631        0x8 ../../../oslib/gcc/free_rtos/Release/free_rtos.a(osi_freertos.o)
 .rodata.vTaskStartScheduler.str1.1
                0x000000002000a639        0x5 ../../../oslib/gcc/free_rtos/Release/free_rtos.a(tasks.o)
 *fill*         0x000000002000a63e        0x2 
 .rodata.g_pulDisRegs
                0x000000002000a640       0x18 ../../../driverlib/gcc/lib/Release/libdriver.a(interrupt.o)
 .rodata.g_pulEnRegs
                0x000000002000a658       0x18 ../../../driverlib/gcc/lib/Release/libdriver.a(interrupt.o)
 .rodata.PRCM_PeriphRegsList
                0x000000002000a670       0xa8 ../../../driverlib/gcc/lib/Release/libdriver.a(prcm.o)
 .rodata._svfprintf_r.str1.1
                0x000000002000a718       0x11 /Applications/ARM/bin/../lib/gcc/arm-none-eabi/10.3.1/../../../../arm-none-eabi/lib/thumb/v7e-m/nofp/libc_nano.a(lib_a-nano-svfprintf.o)
 .rodata._printf_i.str1.1
                0x000000002000a729       0x22 /Applications/ARM/bin/../lib/gcc/arm-none-eabi/10.3.1/../../../../arm-none-eabi/lib/thumb/v7e-m/nofp/libc_nano.a(lib_a-nano-vfprintf_i.o)
 *(.ARM.extab* .gnu.linkonce.armextab.*)
                0x000000002000a750                . = ALIGN (0x8)
 *fill*         0x000000002000a74b        0x5 
                0x000000002000a750                _etext = .

.glue_7         0x000000002000a750        0x0
 .glue_7        0x000000002000a750        0x0 linker stubs

.glue_7t        0x000000002000a750        0x0
 .glue_7t       0x000000002000a750        0x0 linker stubs

.vfp11_veneer   0x000000002000a750        0x0
 .vfp11_veneer  0x000000002000a750        0x0 linker stubs

.v4_bx          0x000000002000a750        0x0
 .v4_bx         0x000000002000a750        0x0 linker stubs

.iplt           0x000000002000a750        0x0
 .iplt          0x000000002000a750        0x0 obj//Release/main.o

.rel.dyn        0x000000002000a750        0x0
 .rel.iplt      0x000000002000a750        0x0 obj//Release/main.o

.ARM            0x000000002000a750        0x0
                0x000000002000a750                __exidx_start = .
 *(.ARM.exidx*)
                0x000000002000a750                __exidx_end = .
                0x000000002000a750                __init_data = .

.data           0x000000002000a750       0x68
                0x000000002000a750                _data = .
 *(.data*)
 .data.uxCriticalNesting
                0x000000002000a750        0x4 ../../../oslib/gcc/free_rtos/Release/free_rtos.a(port.o)
 .data._impure_ptr
                0x000000002000a754        0x4 /Applications/ARM/bin/../lib/gcc/arm-none-eabi/10.3.1/../../../../arm-none-eabi/lib/thumb/v7e-m/nofp/libc_nano.a(lib_a-impure.o)
                0x000000002000a754                _impure_ptr
 .data.impure_data
                0x000000002000a758       0x60 /Applications/ARM/bin/../lib/gcc/arm-none-eabi/10.3.1/../../../../arm-none-eabi/lib/thumb/v7e-m/nofp/libc_nano.a(lib_a-impure.o)
                0x000000002000a7b8                . = ALIGN (0x8)
                0x000000002000a7b8                _edata = .

.igot.plt       0x000000002000a7b8        0x0
 .igot.plt      0x000000002000a7b8        0x0 obj//Release/main.o

.bss            0x000000002000a7b8     0x1455
                0x000000002000a7b8                _bss = .
 *(.bss*)
 .bss.SecurityParams
                0x000000002000a7b8        0xc obj//Release/main.o
                0x000000002000a7b8                SecurityParams
 .bss.g_usTimerInts
                0x000000002000a7c4        0x2 obj//Release/main.o
                0x000000002000a7c4                g_usTimerInts
 *fill*         0x000000002000a7c6        0x2 
 .bss.__Errorlog
                0x000000002000a7c8        0x4 obj//Release/uart_if.o
 .bss.g_ucLED1Pin
                0x000000002000a7cc        0x1 obj//Release/gpio_if.o
                0x000000002000a7cc                g_ucLED1Pin
 .bss.g_ucLED2Pin
                0x000000002000a7cd        0x1 obj//Release/gpio_if.o
                0x000000002000a7cd                g_ucLED2Pin
 .bss.g_ucLED3Pin
                0x000000002000a7ce        0x1 obj//Release/gpio_if.o
                0x000000002000a7ce                g_ucLED3Pin
 *fill*         0x000000002000a7cf        0x1 
 .bss.g_uiLED1Port
                0x000000002000a7d0        0x4 obj//Release/gpio_if.o
                0x000000002000a7d0                g_uiLED1Port
 .bss.g_uiLED2Port
                0x000000002000a7d4        0x4 obj//Release/gpio_if.o
                0x000000002000a7d4                g_uiLED2Port
 .bss.g_uiLED3Port
                0x000000002000a7d8        0x4 obj//Release/gpio_if.o
                0x000000002000a7d8                g_uiLED3Port
 .bss.g_ucConnectionBSSID
                0x000000002000a7dc        0x6 obj//Release/network_if.o
                0x000000002000a7dc                g_ucConnectionBSSID
 .bss.g_ucConnectionSSID
                0x000000002000a7e2       0x21 obj//Release/network_if.o
                0x000000002000a7e2                g_ucConnectionSSID
 *fill*         0x000000002000a803        0x1 
 .bss.g_ulGatewayIP
                0x000000002000a804        0x4 obj//Release/network_if.o
                0x000000002000a804                g_ulGatewayIP
 .bss.g_ulStaIp
                0x000000002000a808        0x4 obj//Release/network_if.o
                0x000000002000a808                g_ulStaIp
 .bss.g_ulStatus
                0x000000002000a80c        0x4 obj//Release/network_if.o
                0x000000002000a80c                g_ulStatus
 .bss.g_usConnectIndex
                0x000000002000a810        0x2 obj//Release/network_if.o
                0x000000002000a810                g_usConnectIndex
 *fill*         0x000000002000a812        0x2 
 .bss.heap_end  0x000000002000a814        0x4 obj//Release/startup_gcc.o
 .bss.pui32Stack
                0x000000002000a818     0x1000 obj//Release/startup_gcc.o
 .bss.RxIrqCnt  0x000000002000b818        0x1 ../../../simplelink/gcc/lib/os_PM/Release/libsimplelink.a(driver.o)
                0x000000002000b818                RxIrqCnt
 .bss.gFirstCmdMode
                0x000000002000b819        0x1 ../../../simplelink/gcc/lib/os_PM/Release/libsimplelink.a(driver.o)
 .bss.g_SlDeviceStatus
                0x000000002000b81a        0x2 ../../../simplelink/gcc/lib/os_PM/Release/libsimplelink.a(driver.o)
                0x000000002000b81a                g_SlDeviceStatus
 .bss.g_StatMem
                0x000000002000b81c      0x178 ../../../simplelink/gcc/lib/os_PM/Release/libsimplelink.a(driver.o)
 .bss.g_bDeviceRestartIsRequired
                0x000000002000b994        0x1 ../../../simplelink/gcc/lib/os_PM/Release/libsimplelink.a(driver.o)
                0x000000002000b994                g_bDeviceRestartIsRequired
 *fill*         0x000000002000b995        0x3 
 .bss.g_pCB     0x000000002000b998        0x4 ../../../simplelink/gcc/lib/os_PM/Release/libsimplelink.a(driver.o)
                0x000000002000b998                g_pCB
 .bss.pPingCallBackFunc
                0x000000002000b99c        0x4 ../../../simplelink/gcc/lib/os_PM/Release/libsimplelink.a(driver.o)
                0x000000002000b99c                pPingCallBackFunc
 .bss.spi_rtos_drv
                0x000000002000b9a0       0x9c ../../../middleware/gcc/lib/Release/middleware.a(spi_drv.o)
                0x000000002000b9a0                spi_rtos_drv
 .bss.xHigherPriorityTaskWoken
                0x000000002000ba3c        0x4 ../../../oslib/gcc/free_rtos/Release/free_rtos.a(osi_freertos.o)
                0x000000002000ba3c                xHigherPriorityTaskWoken
 .bss.xSimpleLinkSpawnQueue
                0x000000002000ba40        0x4 ../../../oslib/gcc/free_rtos/Release/free_rtos.a(osi_freertos.o)
                0x000000002000ba40                xSimpleLinkSpawnQueue
 .bss.xSimpleLinkSpawnTaskHndl
                0x000000002000ba44        0x4 ../../../oslib/gcc/free_rtos/Release/free_rtos.a(osi_freertos.o)
                0x000000002000ba44                xSimpleLinkSpawnTaskHndl
 .bss.xQueueRegistry
                0x000000002000ba48       0x50 ../../../oslib/gcc/free_rtos/Release/free_rtos.a(queue.o)
                0x000000002000ba48                xQueueRegistry
 .bss.pxCurrentTCB
                0x000000002000ba98        0x4 ../../../oslib/gcc/free_rtos/Release/free_rtos.a(tasks.o)
                0x000000002000ba98                pxCurrentTCB
 .bss.pxDelayedTaskList
                0x000000002000ba9c        0x4 ../../../oslib/gcc/free_rtos/Release/free_rtos.a(tasks.o)
 .bss.pxOverflowDelayedTaskList
                0x000000002000baa0        0x4 ../../../oslib/gcc/free_rtos/Release/free_rtos.a(tasks.o)
 .bss.pxReadyTasksLists
                0x000000002000baa4       0xc8 ../../../oslib/gcc/free_rtos/Release/free_rtos.a(tasks.o)
 .bss.uxCurrentNumberOfTasks
                0x000000002000bb6c        0x4 ../../../oslib/gcc/free_rtos/Release/free_rtos.a(tasks.o)
 .bss.uxDeletedTasksWaitingCleanUp
                0x000000002000bb70        0x4 ../../../oslib/gcc/free_rtos/Release/free_rtos.a(tasks.o)
 .bss.uxPendedTicks
                0x000000002000bb74        0x4 ../../../oslib/gcc/free_rtos/Release/free_rtos.a(tasks.o)
 .bss.uxSchedulerSuspended
                0x000000002000bb78        0x4 ../../../oslib/gcc/free_rtos/Release/free_rtos.a(tasks.o)
 .bss.uxTaskNumber
                0x000000002000bb7c        0x4 ../../../oslib/gcc/free_rtos/Release/free_rtos.a(tasks.o)
 .bss.uxTopReadyPriority
                0x000000002000bb80        0x4 ../../../oslib/gcc/free_rtos/Release/free_rtos.a(tasks.o)
 .bss.xDelayedTaskList1
                0x000000002000bb84       0x14 ../../../oslib/gcc/free_rtos/Release/free_rtos.a(tasks.o)
 .bss.xDelayedTaskList2
                0x000000002000bb98       0x14 ../../../oslib/gcc/free_rtos/Release/free_rtos.a(tasks.o)
 .bss.xIdleTaskHandle
                0x000000002000bbac        0x4 ../../../oslib/gcc/free_rtos/Release/free_rtos.a(tasks.o)
 .bss.xNextTaskUnblockTime
                0x000000002000bbb0        0x4 ../../../oslib/gcc/free_rtos/Release/free_rtos.a(tasks.o)
 .bss.xNumOfOverflows
                0x000000002000bbb4        0x4 ../../../oslib/gcc/free_rtos/Release/free_rtos.a(tasks.o)
 .bss.xPendingReadyList
                0x000000002000bbb8       0x14 ../../../oslib/gcc/free_rtos/Release/free_rtos.a(tasks.o)
 .bss.xSchedulerRunning
                0x000000002000bbcc        0x4 ../../../oslib/gcc/free_rtos/Release/free_rtos.a(tasks.o)
 .bss.xSuspendedTaskList
                0x000000002000bbd0       0x14 ../../../oslib/gcc/free_rtos/Release/free_rtos.a(tasks.o)
 .bss.xTasksWaitingTermination
                0x000000002000bbe4       0x14 ../../../oslib/gcc/free_rtos/Release/free_rtos.a(tasks.o)
 .bss.xTickCount
                0x000000002000bbf8        0x4 ../../../oslib/gcc/free_rtos/Release/free_rtos.a(tasks.o)
 .bss.xYieldPending
                0x000000002000bbfc        0x4 ../../../oslib/gcc/free_rtos/Release/free_rtos.a(tasks.o)
 .bss.__malloc_free_list
                0x000000002000bc00        0x4 /Applications/ARM/bin/../lib/gcc/arm-none-eabi/10.3.1/../../../../arm-none-eabi/lib/thumb/v7e-m/nofp/libc_nano.a(lib_a-nano-mallocr.o)
                0x000000002000bc00                __malloc_free_list
 .bss.__malloc_sbrk_start
                0x000000002000bc04        0x4 /Applications/ARM/bin/../lib/gcc/arm-none-eabi/10.3.1/../../../../arm-none-eabi/lib/thumb/v7e-m/nofp/libc_nano.a(lib_a-nano-mallocr.o)
                0x000000002000bc04                __malloc_sbrk_start
 .bss.errno     0x000000002000bc08        0x4 /Applications/ARM/bin/../lib/gcc/arm-none-eabi/10.3.1/../../../../arm-none-eabi/lib/thumb/v7e-m/nofp/libc_nano.a(lib_a-reent.o)
                0x000000002000bc08                errno
 .bss.__lock___malloc_recursive_mutex
                0x000000002000bc0c        0x1 /Applications/ARM/bin/../lib/gcc/arm-none-eabi/10.3.1/../../../../arm-none-eabi/lib/thumb/v7e-m/nofp/libc_nano.a(lib_a-lock.o)
                0x000000002000bc0c                __lock___malloc_recursive_mutex
 *(COMMON)
                0x000000002000bc0d                _ebss = .

.heap           0x000000002000bc0d    0x33ff3
                0x000000002000bc0d                _heap = .
                0x000000002003fc00                . = (((((((. + LENGTH (SRAM)) - SIZEOF (.bss)) - SIZEOF (.data)) - SIZEOF (.ARM)) - SIZEOF (.text)) - SIZEOF (.bootloader)) - 0x400)
 *fill*         0x000000002000bc0d    0x33ff3 
                0x000000002003fc00                . = ALIGN (0x400)
                0x000000002003fc00                _eheap = .
LOAD obj//Release/main.o
LOAD obj//Release/pinmux.o
LOAD obj//Release/uart_if.o
LOAD obj//Release/timer_if.o
LOAD obj//Release/gpio_if.o
LOAD obj//Release/utils_if.o
LOAD obj//Release/network_if.o
LOAD obj//Release/startup_gcc.o
LOAD ../../../simplelink/gcc/lib/os_PM/Release/libsimplelink.a
LOAD ../../../middleware/gcc/lib/Release/middleware.a
LOAD ../../../oslib/gcc/free_rtos/Release/free_rtos.a
LOAD ../../../driverlib/gcc/lib/Release/libdriver.a
LOAD /Applications/ARM/bin/../lib/gcc/arm-none-eabi/10.3.1/../../../../arm-none-eabi/lib/thumb/v7e-m/nofp/libm.a
LOAD /Applications/ARM/bin/../lib/gcc/arm-none-eabi/10.3.1/../../../../arm-none-eabi/lib/thumb/v7e-m/nofp/libc_nano.a
LOAD /Applications/ARM/bin/../lib/gcc/arm-none-eabi/10.3.1/thumb/v7e-m/nofp/libgcc.a
LOAD /Applications/ARM/bin/../lib/gcc/arm-none-eabi/10.3.1/../../../../arm-none-eabi/lib/thumb/v7e-m/nofp/libnosys.a
OUTPUT(bin//Release/hib.elf elf32-littlearm)
LOAD linker stubs

.debug_info     0x0000000000000000    0x1c155
 .debug_info    0x0000000000000000      0xa84 obj//Release/main.o
 .debug_info    0x0000000000000a84       0xe6 obj//Release/pinmux.o
 .debug_info    0x0000000000000b6a      0x632 obj//Release/uart_if.o
 .debug_info    0x000000000000119c      0x5dc obj//Release/timer_if.o
 .debug_info    0x0000000000001778      0x671 obj//Release/gpio_if.o
 .debug_info    0x0000000000001de9      0x2e7 obj//Release/utils_if.o
 .debug_info    0x00000000000020d0     0x1d4d obj//Release/network_if.o
 .debug_info    0x0000000000003e1d      0x226 obj//Release/startup_gcc.o
 .debug_info    0x0000000000004043     0x1550 ../../../simplelink/gcc/lib/os_PM/Release/libsimplelink.a(device.o)
 .debug_info    0x0000000000005593     0x3326 ../../../simplelink/gcc/lib/os_PM/Release/libsimplelink.a(driver.o)
 .debug_info    0x00000000000088b9     0x21db ../../../simplelink/gcc/lib/os_PM/Release/libsimplelink.a(netapp.o)
 .debug_info    0x000000000000aa94      0x4cc ../../../simplelink/gcc/lib/os_PM/Release/libsimplelink.a(netcfg.o)
 .debug_info    0x000000000000af60     0x2270 ../../../simplelink/gcc/lib/os_PM/Release/libsimplelink.a(socket.o)
 .debug_info    0x000000000000d1d0     0x22f0 ../../../simplelink/gcc/lib/os_PM/Release/libsimplelink.a(wlan.o)
 .debug_info    0x000000000000f4c0      0x6c9 ../../../simplelink/gcc/lib/os_PM/Release/libsimplelink.a(cc_pal_pm.o)
 .debug_info    0x000000000000fb89     0x1806 ../../../middleware/gcc/lib/Release/middleware.a(spi_drv.o)
 .debug_info    0x000000000001138f      0xf6d ../../../middleware/gcc/lib/Release/middleware.a(dma_hal.o)
 .debug_info    0x00000000000122fc      0xd4f ../../../middleware/gcc/lib/Release/middleware.a(spi_hal.o)
 .debug_info    0x000000000001304b      0xe13 ../../../oslib/gcc/free_rtos/Release/free_rtos.a(osi_freertos.o)
 .debug_info    0x0000000000013e5e     0x1ea2 ../../../oslib/gcc/free_rtos/Release/free_rtos.a(queue.o)
 .debug_info    0x0000000000015d00     0x2954 ../../../oslib/gcc/free_rtos/Release/free_rtos.a(tasks.o)
 .debug_info    0x0000000000018654      0x34f ../../../oslib/gcc/free_rtos/Release/free_rtos.a(port.o)
 .debug_info    0x00000000000189a3      0x197 ../../../oslib/gcc/free_rtos/Release/free_rtos.a(heap_3.o)
 .debug_info    0x0000000000018b3a      0x2d3 ../../../oslib/gcc/free_rtos/Release/free_rtos.a(list.o)
 .debug_info    0x0000000000018e0d      0x443 ../../../driverlib/gcc/lib/Release/libdriver.a(interrupt.o)
 .debug_info    0x0000000000019250     0x19ec ../../../driverlib/gcc/lib/Release/libdriver.a(prcm.o)
 .debug_info    0x000000000001ac3c      0xdb1 ../../../driverlib/gcc/lib/Release/libdriver.a(spi.o)
 .debug_info    0x000000000001b9ed      0x716 ../../../driverlib/gcc/lib/Release/libdriver.a(timer.o)
 .debug_info    0x000000000001c103       0x52 ../../../driverlib/gcc/lib/Release/libdriver.a(utils.o)

.debug_abbrev   0x0000000000000000     0x4a0a
 .debug_abbrev  0x0000000000000000      0x2ca obj//Release/main.o
 .debug_abbrev  0x00000000000002ca       0x7e obj//Release/pinmux.o
 .debug_abbrev  0x0000000000000348      0x277 obj//Release/uart_if.o
 .debug_abbrev  0x00000000000005bf      0x1c1 obj//Release/timer_if.o
 .debug_abbrev  0x0000000000000780      0x258 obj//Release/gpio_if.o
 .debug_abbrev  0x00000000000009d8       0xdd obj//Release/utils_if.o
 .debug_abbrev  0x0000000000000ab5      0x439 obj//Release/network_if.o
 .debug_abbrev  0x0000000000000eee      0x187 obj//Release/startup_gcc.o
 .debug_abbrev  0x0000000000001075      0x37a ../../../simplelink/gcc/lib/os_PM/Release/libsimplelink.a(device.o)
 .debug_abbrev  0x00000000000013ef      0x528 ../../../simplelink/gcc/lib/os_PM/Release/libsimplelink.a(driver.o)
 .debug_abbrev  0x0000000000001917      0x3ba ../../../simplelink/gcc/lib/os_PM/Release/libsimplelink.a(netapp.o)
 .debug_abbrev  0x0000000000001cd1      0x1ae ../../../simplelink/gcc/lib/os_PM/Release/libsimplelink.a(netcfg.o)
 .debug_abbrev  0x0000000000001e7f      0x3bc ../../../simplelink/gcc/lib/os_PM/Release/libsimplelink.a(socket.o)
 .debug_abbrev  0x000000000000223b      0x2fb ../../../simplelink/gcc/lib/os_PM/Release/libsimplelink.a(wlan.o)
 .debug_abbrev  0x0000000000002536      0x208 ../../../simplelink/gcc/lib/os_PM/Release/libsimplelink.a(cc_pal_pm.o)
 .debug_abbrev  0x000000000000273e      0x3e2 ../../../middleware/gcc/lib/Release/middleware.a(spi_drv.o)
 .debug_abbrev  0x0000000000002b20      0x389 ../../../middleware/gcc/lib/Release/middleware.a(dma_hal.o)
 .debug_abbrev  0x0000000000002ea9      0x3e6 ../../../middleware/gcc/lib/Release/middleware.a(spi_hal.o)
 .debug_abbrev  0x000000000000328f      0x32a ../../../oslib/gcc/free_rtos/Release/free_rtos.a(osi_freertos.o)
 .debug_abbrev  0x00000000000035b9      0x383 ../../../oslib/gcc/free_rtos/Release/free_rtos.a(queue.o)
 .debug_abbrev  0x000000000000393c      0x439 ../../../oslib/gcc/free_rtos/Release/free_rtos.a(tasks.o)
 .debug_abbrev  0x0000000000003d75      0x217 ../../../oslib/gcc/free_rtos/Release/free_rtos.a(port.o)
 .debug_abbrev  0x0000000000003f8c      0x12c ../../../oslib/gcc/free_rtos/Release/free_rtos.a(heap_3.o)
 .debug_abbrev  0x00000000000040b8      0x106 ../../../oslib/gcc/free_rtos/Release/free_rtos.a(list.o)
 .debug_abbrev  0x00000000000041be      0x198 ../../../driverlib/gcc/lib/Release/libdriver.a(interrupt.o)
 .debug_abbrev  0x0000000000004356      0x33e ../../../driverlib/gcc/lib/Release/libdriver.a(prcm.o)
 .debug_abbrev  0x0000000000004694      0x212 ../../../driverlib/gcc/lib/Release/libdriver.a(spi.o)
 .debug_abbrev  0x00000000000048a6      0x118 ../../../driverlib/gcc/lib/Release/libdriver.a(timer.o)
 .debug_abbrev  0x00000000000049be       0x4c ../../../driverlib/gcc/lib/Release/libdriver.a(utils.o)

.debug_loc      0x0000000000000000    0x10803
 .debug_loc     0x0000000000000000      0x18b obj//Release/main.o
 .debug_loc     0x000000000000018b      0x37a obj//Release/uart_if.o
 .debug_loc     0x0000000000000505      0x725 obj//Release/timer_if.o
 .debug_loc     0x0000000000000c2a      0x435 obj//Release/gpio_if.o
 .debug_loc     0x000000000000105f      0x9e8 obj//Release/network_if.o
 .debug_loc     0x0000000000001a47       0x47 obj//Release/startup_gcc.o
 .debug_loc     0x0000000000001a8e      0x83a ../../../simplelink/gcc/lib/os_PM/Release/libsimplelink.a(device.o)
 .debug_loc     0x00000000000022c8     0x1c2e ../../../simplelink/gcc/lib/os_PM/Release/libsimplelink.a(driver.o)
 .debug_loc     0x0000000000003ef6     0x1308 ../../../simplelink/gcc/lib/os_PM/Release/libsimplelink.a(netapp.o)
 .debug_loc     0x00000000000051fe      0x1de ../../../simplelink/gcc/lib/os_PM/Release/libsimplelink.a(netcfg.o)
 .debug_loc     0x00000000000053dc     0x10cc ../../../simplelink/gcc/lib/os_PM/Release/libsimplelink.a(socket.o)
 .debug_loc     0x00000000000064a8      0xfa4 ../../../simplelink/gcc/lib/os_PM/Release/libsimplelink.a(wlan.o)
 .debug_loc     0x000000000000744c      0x3d0 ../../../simplelink/gcc/lib/os_PM/Release/libsimplelink.a(cc_pal_pm.o)
 .debug_loc     0x000000000000781c      0xb63 ../../../middleware/gcc/lib/Release/middleware.a(spi_drv.o)
 .debug_loc     0x000000000000837f     0x1029 ../../../middleware/gcc/lib/Release/middleware.a(dma_hal.o)
 .debug_loc     0x00000000000093a8      0xbf9 ../../../middleware/gcc/lib/Release/middleware.a(spi_hal.o)
 .debug_loc     0x0000000000009fa1      0x903 ../../../oslib/gcc/free_rtos/Release/free_rtos.a(osi_freertos.o)
 .debug_loc     0x000000000000a8a4     0x177b ../../../oslib/gcc/free_rtos/Release/free_rtos.a(queue.o)
 .debug_loc     0x000000000000c01f     0x1e43 ../../../oslib/gcc/free_rtos/Release/free_rtos.a(tasks.o)
 .debug_loc     0x000000000000de62       0xbe ../../../oslib/gcc/free_rtos/Release/free_rtos.a(port.o)
 .debug_loc     0x000000000000df20       0x93 ../../../oslib/gcc/free_rtos/Release/free_rtos.a(heap_3.o)
 .debug_loc     0x000000000000dfb3       0xaf ../../../oslib/gcc/free_rtos/Release/free_rtos.a(list.o)
 .debug_loc     0x000000000000e062      0x21a ../../../driverlib/gcc/lib/Release/libdriver.a(interrupt.o)
 .debug_loc     0x000000000000e27c     0x128f ../../../driverlib/gcc/lib/Release/libdriver.a(prcm.o)
 .debug_loc     0x000000000000f50b      0xe5f ../../../driverlib/gcc/lib/Release/libdriver.a(spi.o)
 .debug_loc     0x000000000001036a      0x499 ../../../driverlib/gcc/lib/Release/libdriver.a(timer.o)

.debug_aranges  0x0000000000000000     0x1130
 .debug_aranges
                0x0000000000000000       0x48 obj//Release/main.o
 .debug_aranges
                0x0000000000000048       0x20 obj//Release/pinmux.o
 .debug_aranges
                0x0000000000000068       0x58 obj//Release/uart_if.o
 .debug_aranges
                0x00000000000000c0       0x60 obj//Release/timer_if.o
 .debug_aranges
                0x0000000000000120       0x60 obj//Release/gpio_if.o
 .debug_aranges
                0x0000000000000180       0x28 obj//Release/utils_if.o
 .debug_aranges
                0x00000000000001a8       0xc8 obj//Release/network_if.o
 .debug_aranges
                0x0000000000000270       0x48 obj//Release/startup_gcc.o
 .debug_aranges
                0x00000000000002b8       0x68 ../../../simplelink/gcc/lib/os_PM/Release/libsimplelink.a(device.o)
 .debug_aranges
                0x0000000000000320      0x130 ../../../simplelink/gcc/lib/os_PM/Release/libsimplelink.a(driver.o)
 .debug_aranges
                0x0000000000000450       0xa0 ../../../simplelink/gcc/lib/os_PM/Release/libsimplelink.a(netapp.o)
 .debug_aranges
                0x00000000000004f0       0x28 ../../../simplelink/gcc/lib/os_PM/Release/libsimplelink.a(netcfg.o)
 .debug_aranges
                0x0000000000000518       0xe0 ../../../simplelink/gcc/lib/os_PM/Release/libsimplelink.a(socket.o)
 .debug_aranges
                0x00000000000005f8       0xb0 ../../../simplelink/gcc/lib/os_PM/Release/libsimplelink.a(wlan.o)
 .debug_aranges
                0x00000000000006a8       0x88 ../../../simplelink/gcc/lib/os_PM/Release/libsimplelink.a(cc_pal_pm.o)
 .debug_aranges
                0x0000000000000730       0x78 ../../../middleware/gcc/lib/Release/middleware.a(spi_drv.o)
 .debug_aranges
                0x00000000000007a8       0x80 ../../../middleware/gcc/lib/Release/middleware.a(dma_hal.o)
 .debug_aranges
                0x0000000000000828       0x58 ../../../middleware/gcc/lib/Release/middleware.a(spi_hal.o)
 .debug_aranges
                0x0000000000000880      0x110 ../../../oslib/gcc/free_rtos/Release/free_rtos.a(osi_freertos.o)
 .debug_aranges
                0x0000000000000990      0x128 ../../../oslib/gcc/free_rtos/Release/free_rtos.a(queue.o)
 .debug_aranges
                0x0000000000000ab8      0x1a8 ../../../oslib/gcc/free_rtos/Release/free_rtos.a(tasks.o)
 .debug_aranges
                0x0000000000000c60       0x70 ../../../oslib/gcc/free_rtos/Release/free_rtos.a(port.o)
 .debug_aranges
                0x0000000000000cd0       0x28 ../../../oslib/gcc/free_rtos/Release/free_rtos.a(heap_3.o)
 .debug_aranges
                0x0000000000000cf8       0x40 ../../../oslib/gcc/free_rtos/Release/free_rtos.a(list.o)
 .debug_aranges
                0x0000000000000d38       0x98 ../../../driverlib/gcc/lib/Release/libdriver.a(interrupt.o)
 .debug_aranges
                0x0000000000000dd0      0x198 ../../../driverlib/gcc/lib/Release/libdriver.a(prcm.o)
 .debug_aranges
                0x0000000000000f68       0xd0 ../../../driverlib/gcc/lib/Release/libdriver.a(spi.o)
 .debug_aranges
                0x0000000000001038       0xd8 ../../../driverlib/gcc/lib/Release/libdriver.a(timer.o)
 .debug_aranges
                0x0000000000001110       0x20 ../../../driverlib/gcc/lib/Release/libdriver.a(utils.o)

.debug_ranges   0x0000000000000000     0x1ea0
 .debug_ranges  0x0000000000000000       0x50 obj//Release/main.o
 .debug_ranges  0x0000000000000050       0x10 obj//Release/pinmux.o
 .debug_ranges  0x0000000000000060       0x48 obj//Release/uart_if.o
 .debug_ranges  0x00000000000000a8       0x80 obj//Release/timer_if.o
 .debug_ranges  0x0000000000000128       0x68 obj//Release/gpio_if.o
 .debug_ranges  0x0000000000000190       0x18 obj//Release/utils_if.o
 .debug_ranges  0x00000000000001a8       0xb8 obj//Release/network_if.o
 .debug_ranges  0x0000000000000260       0x38 obj//Release/startup_gcc.o
 .debug_ranges  0x0000000000000298       0xc8 ../../../simplelink/gcc/lib/os_PM/Release/libsimplelink.a(device.o)
 .debug_ranges  0x0000000000000360      0x340 ../../../simplelink/gcc/lib/os_PM/Release/libsimplelink.a(driver.o)
 .debug_ranges  0x00000000000006a0      0x128 ../../../simplelink/gcc/lib/os_PM/Release/libsimplelink.a(netapp.o)
 .debug_ranges  0x00000000000007c8       0x38 ../../../simplelink/gcc/lib/os_PM/Release/libsimplelink.a(netcfg.o)
 .debug_ranges  0x0000000000000800      0x110 ../../../simplelink/gcc/lib/os_PM/Release/libsimplelink.a(socket.o)
 .debug_ranges  0x0000000000000910      0x160 ../../../simplelink/gcc/lib/os_PM/Release/libsimplelink.a(wlan.o)
 .debug_ranges  0x0000000000000a70       0xd0 ../../../simplelink/gcc/lib/os_PM/Release/libsimplelink.a(cc_pal_pm.o)
 .debug_ranges  0x0000000000000b40      0x158 ../../../middleware/gcc/lib/Release/middleware.a(spi_drv.o)
 .debug_ranges  0x0000000000000c98      0x1c8 ../../../middleware/gcc/lib/Release/middleware.a(dma_hal.o)
 .debug_ranges  0x0000000000000e60       0xd8 ../../../middleware/gcc/lib/Release/middleware.a(spi_hal.o)
 .debug_ranges  0x0000000000000f38      0x100 ../../../oslib/gcc/free_rtos/Release/free_rtos.a(osi_freertos.o)
 .debug_ranges  0x0000000000001038      0x2d0 ../../../oslib/gcc/free_rtos/Release/free_rtos.a(queue.o)
 .debug_ranges  0x0000000000001308      0x2f8 ../../../oslib/gcc/free_rtos/Release/free_rtos.a(tasks.o)
 .debug_ranges  0x0000000000001600       0x78 ../../../oslib/gcc/free_rtos/Release/free_rtos.a(port.o)
 .debug_ranges  0x0000000000001678       0x18 ../../../oslib/gcc/free_rtos/Release/free_rtos.a(heap_3.o)
 .debug_ranges  0x0000000000001690       0x30 ../../../oslib/gcc/free_rtos/Release/free_rtos.a(list.o)
 .debug_ranges  0x00000000000016c0       0x88 ../../../driverlib/gcc/lib/Release/libdriver.a(interrupt.o)
 .debug_ranges  0x0000000000001748      0x538 ../../../driverlib/gcc/lib/Release/libdriver.a(prcm.o)
 .debug_ranges  0x0000000000001c80      0x148 ../../../driverlib/gcc/lib/Release/libdriver.a(spi.o)
 .debug_ranges  0x0000000000001dc8       0xc8 ../../../driverlib/gcc/lib/Release/libdriver.a(timer.o)
 .debug_ranges  0x0000000000001e90       0x10 ../../../driverlib/gcc/lib/Release/libdriver.a(utils.o)

.debug_line     0x0000000000000000     0xec92
 .debug_line    0x0000000000000000      0x3ff obj//Release/main.o
 .debug_line    0x00000000000003ff       0x75 obj//Release/pinmux.o
 .debug_line    0x0000000000000474      0x3d7 obj//Release/uart_if.o
 .debug_line    0x000000000000084b      0x276 obj//Release/timer_if.o
 .debug_line    0x0000000000000ac1      0x2ce obj//Release/gpio_if.o
 .debug_line    0x0000000000000d8f      0x19f obj//Release/utils_if.o
 .debug_line    0x0000000000000f2e      0xd3a obj//Release/network_if.o
 .debug_line    0x0000000000001c68      0x1f1 obj//Release/startup_gcc.o
 .debug_line    0x0000000000001e59      0x71d ../../../simplelink/gcc/lib/os_PM/Release/libsimplelink.a(device.o)
 .debug_line    0x0000000000002576     0x1941 ../../../simplelink/gcc/lib/os_PM/Release/libsimplelink.a(driver.o)
 .debug_line    0x0000000000003eb7      0xe68 ../../../simplelink/gcc/lib/os_PM/Release/libsimplelink.a(netapp.o)
 .debug_line    0x0000000000004d1f      0x24b ../../../simplelink/gcc/lib/os_PM/Release/libsimplelink.a(netcfg.o)
 .debug_line    0x0000000000004f6a     0x11b9 ../../../simplelink/gcc/lib/os_PM/Release/libsimplelink.a(socket.o)
 .debug_line    0x0000000000006123      0xfd1 ../../../simplelink/gcc/lib/os_PM/Release/libsimplelink.a(wlan.o)
 .debug_line    0x00000000000070f4      0x469 ../../../simplelink/gcc/lib/os_PM/Release/libsimplelink.a(cc_pal_pm.o)
 .debug_line    0x000000000000755d      0x835 ../../../middleware/gcc/lib/Release/middleware.a(spi_drv.o)
 .debug_line    0x0000000000007d92      0x697 ../../../middleware/gcc/lib/Release/middleware.a(dma_hal.o)
 .debug_line    0x0000000000008429      0x4fd ../../../middleware/gcc/lib/Release/middleware.a(spi_hal.o)
 .debug_line    0x0000000000008926      0x743 ../../../oslib/gcc/free_rtos/Release/free_rtos.a(osi_freertos.o)
 .debug_line    0x0000000000009069     0x12c8 ../../../oslib/gcc/free_rtos/Release/free_rtos.a(queue.o)
 .debug_line    0x000000000000a331     0x1dbc ../../../oslib/gcc/free_rtos/Release/free_rtos.a(tasks.o)
 .debug_line    0x000000000000c0ed      0x384 ../../../oslib/gcc/free_rtos/Release/free_rtos.a(port.o)
 .debug_line    0x000000000000c471      0x17d ../../../oslib/gcc/free_rtos/Release/free_rtos.a(heap_3.o)
 .debug_line    0x000000000000c5ee      0x2e4 ../../../oslib/gcc/free_rtos/Release/free_rtos.a(list.o)
 .debug_line    0x000000000000c8d2      0x42f ../../../driverlib/gcc/lib/Release/libdriver.a(interrupt.o)
 .debug_line    0x000000000000cd01     0x10c1 ../../../driverlib/gcc/lib/Release/libdriver.a(prcm.o)
 .debug_line    0x000000000000ddc2      0x941 ../../../driverlib/gcc/lib/Release/libdriver.a(spi.o)
 .debug_line    0x000000000000e703      0x54d ../../../driverlib/gcc/lib/Release/libdriver.a(timer.o)
 .debug_line    0x000000000000ec50       0x42 ../../../driverlib/gcc/lib/Release/libdriver.a(utils.o)

.debug_str      0x0000000000000000     0x7e08
 .debug_str     0x0000000000000000      0x5f3 obj//Release/main.o
                                        0x64e (size before relaxing)
 .debug_str     0x00000000000005f3       0x24 obj//Release/pinmux.o
                                        0x129 (size before relaxing)
 .debug_str     0x0000000000000617      0x100 obj//Release/uart_if.o
                                        0x2a4 (size before relaxing)
 .debug_str     0x0000000000000717       0xf4 obj//Release/timer_if.o
                                        0x2c1 (size before relaxing)
 .debug_str     0x000000000000080b      0x159 obj//Release/gpio_if.o
                                        0x432 (size before relaxing)
 .debug_str     0x0000000000000964       0x85 obj//Release/utils_if.o
                                        0x286 (size before relaxing)
 .debug_str     0x00000000000009e9      0xf60 obj//Release/network_if.o
                                       0x1299 (size before relaxing)
 .debug_str     0x0000000000001949       0xca obj//Release/startup_gcc.o
                                        0x265 (size before relaxing)
 .debug_str     0x0000000000001a13      0xad6 ../../../simplelink/gcc/lib/os_PM/Release/libsimplelink.a(device.o)
                                       0x1028 (size before relaxing)
 .debug_str     0x00000000000024e9      0x947 ../../../simplelink/gcc/lib/os_PM/Release/libsimplelink.a(driver.o)
                                       0x1a6e (size before relaxing)
 .debug_str     0x0000000000002e30      0x925 ../../../simplelink/gcc/lib/os_PM/Release/libsimplelink.a(netapp.o)
                                       0x1536 (size before relaxing)
 .debug_str     0x0000000000003755       0x83 ../../../simplelink/gcc/lib/os_PM/Release/libsimplelink.a(netcfg.o)
                                        0x4f9 (size before relaxing)
 .debug_str     0x00000000000037d8      0x5b1 ../../../simplelink/gcc/lib/os_PM/Release/libsimplelink.a(socket.o)
                                        0xff6 (size before relaxing)
 .debug_str     0x0000000000003d89      0xc96 ../../../simplelink/gcc/lib/os_PM/Release/libsimplelink.a(wlan.o)
                                       0x1187 (size before relaxing)
 .debug_str     0x0000000000004a1f      0x120 ../../../simplelink/gcc/lib/os_PM/Release/libsimplelink.a(cc_pal_pm.o)
                                        0x3e9 (size before relaxing)
 .debug_str     0x0000000000004b3f      0xb20 ../../../middleware/gcc/lib/Release/middleware.a(spi_drv.o)
                                        0xdc1 (size before relaxing)
 .debug_str     0x000000000000565f      0x1fd ../../../middleware/gcc/lib/Release/middleware.a(dma_hal.o)
                                        0x638 (size before relaxing)
 .debug_str     0x000000000000585c      0x14a ../../../middleware/gcc/lib/Release/middleware.a(spi_hal.o)
                                        0x77d (size before relaxing)
 .debug_str     0x00000000000059a6      0x3f0 ../../../oslib/gcc/free_rtos/Release/free_rtos.a(osi_freertos.o)
                                        0x7c9 (size before relaxing)
 .debug_str     0x0000000000005d96      0x7bc ../../../oslib/gcc/free_rtos/Release/free_rtos.a(queue.o)
                                        0xad4 (size before relaxing)
 .debug_str     0x0000000000006552      0xb76 ../../../oslib/gcc/free_rtos/Release/free_rtos.a(tasks.o)
                                       0x10e3 (size before relaxing)
 .debug_str     0x00000000000070c8       0xd6 ../../../oslib/gcc/free_rtos/Release/free_rtos.a(port.o)
                                        0x361 (size before relaxing)
 .debug_str     0x000000000000719e       0x51 ../../../oslib/gcc/free_rtos/Release/free_rtos.a(heap_3.o)
                                        0x212 (size before relaxing)
 .debug_str     0x00000000000071ef       0x6a ../../../oslib/gcc/free_rtos/Release/free_rtos.a(list.o)
                                        0x2d7 (size before relaxing)
 .debug_str     0x0000000000007259      0x1e1 ../../../driverlib/gcc/lib/Release/libdriver.a(interrupt.o)
                                        0x303 (size before relaxing)
 .debug_str     0x000000000000743a      0x56a ../../../driverlib/gcc/lib/Release/libdriver.a(prcm.o)
                                        0x7bb (size before relaxing)
 .debug_str     0x00000000000079a4      0x2bb ../../../driverlib/gcc/lib/Release/libdriver.a(spi.o)
                                        0x489 (size before relaxing)
 .debug_str     0x0000000000007c5f      0x19e ../../../driverlib/gcc/lib/Release/libdriver.a(timer.o)
                                        0x319 (size before relaxing)
 .debug_str     0x0000000000007dfd        0xb ../../../driverlib/gcc/lib/Release/libdriver.a(utils.o)
                                        0x106 (size before relaxing)

.comment        0x0000000000000000       0x49
 .comment       0x0000000000000000       0x49 obj//Release/main.o
                                         0x4a (size before relaxing)
 .comment       0x0000000000000049       0x4a obj//Release/pinmux.o
 .comment       0x0000000000000049       0x4a obj//Release/uart_if.o
 .comment       0x0000000000000049       0x4a obj//Release/timer_if.o
 .comment       0x0000000000000049       0x4a obj//Release/gpio_if.o
 .comment       0x0000000000000049       0x4a obj//Release/utils_if.o
 .comment       0x0000000000000049       0x4a obj//Release/network_if.o
 .comment       0x0000000000000049       0x4a obj//Release/startup_gcc.o
 .comment       0x0000000000000049       0x4a ../../../simplelink/gcc/lib/os_PM/Release/libsimplelink.a(device.o)
 .comment       0x0000000000000049       0x4a ../../../simplelink/gcc/lib/os_PM/Release/libsimplelink.a(driver.o)
 .comment       0x0000000000000049       0x4a ../../../simplelink/gcc/lib/os_PM/Release/libsimplelink.a(netapp.o)
 .comment       0x0000000000000049       0x4a ../../../simplelink/gcc/lib/os_PM/Release/libsimplelink.a(netcfg.o)
 .comment       0x0000000000000049       0x4a ../../../simplelink/gcc/lib/os_PM/Release/libsimplelink.a(socket.o)
 .comment       0x0000000000000049       0x4a ../../../simplelink/gcc/lib/os_PM/Release/libsimplelink.a(wlan.o)
 .comment       0x0000000000000049       0x4a ../../../simplelink/gcc/lib/os_PM/Release/libsimplelink.a(cc_pal_pm.o)
 .comment       0x0000000000000049       0x4a ../../../middleware/gcc/lib/Release/middleware.a(spi_drv.o)
 .comment       0x0000000000000049       0x4a ../../../middleware/gcc/lib/Release/middleware.a(dma_hal.o)
 .comment       0x0000000000000049       0x4a ../../../middleware/gcc/lib/Release/middleware.a(spi_hal.o)
 .comment       0x0000000000000049       0x4a ../../../oslib/gcc/free_rtos/Release/free_rtos.a(osi_freertos.o)
 .comment       0x0000000000000049       0x4a ../../../oslib/gcc/free_rtos/Release/free_rtos.a(queue.o)
 .comment       0x0000000000000049       0x4a ../../../oslib/gcc/free_rtos/Release/free_rtos.a(tasks.o)
 .comment       0x0000000000000049       0x4a ../../../oslib/gcc/free_rtos/Release/free_rtos.a(port.o)
 .comment       0x0000000000000049       0x4a ../../../oslib/gcc/free_rtos/Release/free_rtos.a(heap_3.o)
 .comment       0x0000000000000049       0x4a ../../../oslib/gcc/free_rtos/Release/free_rtos.a(list.o)
 .comment       0x0000000000000049       0x4a ../../../driverlib/gcc/lib/Release/libdriver.a(interrupt.o)
 .comment       0x0000000000000049       0x4a ../../../driverlib/gcc/lib/Release/libdriver.a(prcm.o)
 .comment       0x0000000000000049       0x4a ../../../driverlib/gcc/lib/Release/libdriver.a(spi.o)
 .comment       0x0000000000000049       0x4a ../../../driverlib/gcc/lib/Release/libdriver.a(timer.o)
 .comment       0x0000000000000049       0x4a ../../../driverlib/gcc/lib/Release/libdriver.a(utils.o)

.ARM.attributes
                0x0000000000000000       0x2c
 .ARM.attributes
                0x0000000000000000       0x2e obj//Release/main.o
 .ARM.attributes
                0x000000000000002e       0x2e obj//Release/pinmux.o
 .ARM.attributes
                0x000000000000005c       0x2e obj//Release/uart_if.o
 .ARM.attributes
                0x000000000000008a       0x2e obj//Release/timer_if.o
 .ARM.attributes
                0x00000000000000b8       0x2e obj//Release/gpio_if.o
 .ARM.attributes
                0x00000000000000e6       0x2e obj//Release/utils_if.o
 .ARM.attributes
                0x0000000000000114       0x2e obj//Release/network_if.o
 .ARM.attributes
                0x0000000000000142       0x2e obj//Release/startup_gcc.o
 .ARM.attributes
                0x0000000000000170       0x2e ../../../simplelink/gcc/lib/os_PM/Release/libsimplelink.a(device.o)
 .ARM.attributes