Archive member included to satisfy reference by file (symbol)

../../../simplelink/gcc/lib/nonos/Debug/libsimplelink.a(cc_pal.o)
                              obj//Debug/lp3p0_plat_ops.o (spi_Open)
../../../simplelink/gcc/lib/nonos/Debug/libsimplelink.a(device.o)
                              obj//Debug/main.o (sl_Start)
../../../simplelink/gcc/lib/nonos/Debug/libsimplelink.a(driver.o)
                              ../../../simplelink/gcc/lib/nonos/Debug/libsimplelink.a(device.o) (g_SlDeviceStatus)
../../../simplelink/gcc/lib/nonos/Debug/libsimplelink.a(netapp.o)
                              ../../../simplelink/gcc/lib/nonos/Debug/libsimplelink.a(driver.o) (_sl_HandleAsync_DnsGetHostByService)
../../../simplelink/gcc/lib/nonos/Debug/libsimplelink.a(nonos.o)
                              ../../../simplelink/gcc/lib/nonos/Debug/libsimplelink.a(driver.o) (g__SlNonOsCB)
../../../simplelink/gcc/lib/nonos/Debug/libsimplelink.a(socket.o)
                              obj//Debug/main.o (sl_Socket)
../../../simplelink/gcc/lib/nonos/Debug/libsimplelink.a(wlan.o)
                              obj//Debug/main.o (sl_WlanConnect)
../../../middleware/gcc/lib/Debug/middleware.a(cc_pm.o)
                              obj//Debug/main.o (cc_idle_task_pm)
../../../middleware/gcc/lib/Debug/middleware.a(cc_io_park.o)
                              obj//Debug/lp3p0_plat_ops.o (cc_io_park_safe)
../../../middleware/gcc/lib/Debug/middleware.a(cc_pm_ops.o)
                              obj//Debug/lp3p0_board.o (wake_interrupt_handler)
../../../middleware/gcc/lib/Debug/middleware.a(gpio_hal.o)
                              ../../../middleware/gcc/lib/Debug/middleware.a(cc_pm_ops.o) (gpio_wake_interrupt_handler)
../../../middleware/gcc/lib/Debug/middleware.a(interrupt_hal.o)
                              ../../../middleware/gcc/lib/Debug/middleware.a(gpio_hal.o) (register_isr)
../../../middleware/gcc/lib/Debug/middleware.a(rtc_hal.o)
                              ../../../middleware/gcc/lib/Debug/middleware.a(cc_pm_ops.o) (cc_rtc_has_alarm)
../../../middleware/gcc/lib/Debug/middleware.a(util64.o)
                              ../../../middleware/gcc/lib/Debug/middleware.a(rtc_hal.o) (util_u64_time_add)
../../../driverlib/gcc/lib/Debug/libdriver.a(cpu.o)
                              obj//Debug/lp3p0_plat_ops.o (CPUcpsid)
../../../driverlib/gcc/lib/Debug/libdriver.a(gpio.o)
                              obj//Debug/pinmux.o (GPIODirModeSet)
../../../driverlib/gcc/lib/Debug/libdriver.a(hwspinlock.o)
                              obj//Debug/utils_if.o (HwSpinLockTryAcquire)
../../../driverlib/gcc/lib/Debug/libdriver.a(interrupt.o)
                              obj//Debug/main.o (IntMasterEnable)
../../../driverlib/gcc/lib/Debug/libdriver.a(pin.o)
                              ../../../middleware/gcc/lib/Debug/middleware.a(cc_io_park.o) (PinModeSet)
../../../driverlib/gcc/lib/Debug/libdriver.a(prcm.o)
                              obj//Debug/pinmux.o (PRCMPeripheralClkEnable)
../../../driverlib/gcc/lib/Debug/libdriver.a(spi.o)
                              obj//Debug/utils_if.o (SPIEnable)
../../../driverlib/gcc/lib/Debug/libdriver.a(timer.o)
                              ../../../simplelink/gcc/lib/nonos/Debug/libsimplelink.a(cc_pal.o) (TimerEnable)
../../../driverlib/gcc/lib/Debug/libdriver.a(uart.o)
                              obj//Debug/uart_if.o (UARTConfigSetExpClk)
../../../driverlib/gcc/lib/Debug/libdriver.a(udma.o)
                              obj//Debug/udma_if.o (uDMAEnable)
../../../driverlib/gcc/lib/Debug/libdriver.a(utils.o)
                              obj//Debug/main.o (UtilsDelay)
../../../driverlib/gcc/lib/Debug/libdriver.a(flash.o)
                              ../../../driverlib/gcc/lib/Debug/libdriver.a(prcm.o) (FlashDisable)
/Applications/ARM/bin/../lib/gcc/arm-none-eabi/10.3.1/../../../../arm-none-eabi/lib/thumb/v7e-m/nofp/libc_nano.a(lib_a-malloc.o)
                              obj//Debug/uart_if.o (malloc)
/Applications/ARM/bin/../lib/gcc/arm-none-eabi/10.3.1/../../../../arm-none-eabi/lib/thumb/v7e-m/nofp/libc_nano.a(lib_a-memcpy-stub.o)
                              ../../../simplelink/gcc/lib/nonos/Debug/libsimplelink.a(driver.o) (memcpy)
/Applications/ARM/bin/../lib/gcc/arm-none-eabi/10.3.1/../../../../arm-none-eabi/lib/thumb/v7e-m/nofp/libc_nano.a(lib_a-memmove.o)
                              obj//Debug/uart_if.o (memmove)
/Applications/ARM/bin/../lib/gcc/arm-none-eabi/10.3.1/../../../../arm-none-eabi/lib/thumb/v7e-m/nofp/libc_nano.a(lib_a-memset.o)
                              obj//Debug/udma_if.o (memset)
/Applications/ARM/bin/../lib/gcc/arm-none-eabi/10.3.1/../../../../arm-none-eabi/lib/thumb/v7e-m/nofp/libc_nano.a(lib_a-nano-freer.o)
                              /Applications/ARM/bin/../lib/gcc/arm-none-eabi/10.3.1/../../../../arm-none-eabi/lib/thumb/v7e-m/nofp/libc_nano.a(lib_a-malloc.o) (_free_r)
[...]
Memory Configuration

Name             Origin             Length             Attributes
SRAM             0x0000000020000000 0x0000000000040000 xrw
*default*        0x0000000000000000 0xffffffffffffffff

Linker script and memory map

                0x0000000000004000                BOOTLOADER_SIZE = 0x4000

.bootloader     0x0000000020000000     0x4000
                0x0000000020000000                _heap2 = .
                0x0000000020004000                . = (. + BOOTLOADER_SIZE)
 *fill*         0x0000000020000000     0x4000 
                0x0000000020004000                . = ALIGN (0x8)
                0x0000000020004000                _eheap2 = .

.text           0x0000000020004000     0x86d8
                0x0000000020004000                _text = .
 *(.intvecs)
 .intvecs       0x0000000020004000      0x400 obj//Debug/startup_gcc.o
                0x0000000020004000                g_pfnVectors
 *(.text*)
 .text.DisplayBanner
                0x0000000020004400       0x34 obj//Debug/main.o
 .text.SimpleLinkWlanEventHandler
                0x0000000020004434       0x38 obj//Debug/main.o
                0x0000000020004434                SimpleLinkWlanEventHandler
 .text.SimpleLinkNetAppEventHandler
                0x000000002000446c       0x60 obj//Debug/main.o
                0x000000002000446c                SimpleLinkNetAppEventHandler
 .text.SimpleLinkHttpServerCallback
                0x00000000200044cc       0x14 obj//Debug/main.o
                0x00000000200044cc                SimpleLinkHttpServerCallback
 .text.SimpleLinkGeneralEventHandler
                0x00000000200044e0       0x12 obj//Debug/main.o
                0x00000000200044e0                SimpleLinkGeneralEventHandler
 .text.SimpleLinkSockEventHandler
                0x00000000200044f2       0x12 obj//Debug/main.o
                0x00000000200044f2                SimpleLinkSockEventHandler
 .text.WlanConnect
                0x0000000020004504       0x78 obj//Debug/main.o
 .text.BoardInit
                0x000000002000457c       0x24 obj//Debug/main.o
 .text.SwitchToStaMode
                0x00000000200045a0       0x3c obj//Debug/main.o
                0x00000000200045a0                SwitchToStaMode
 .text.ParseCmd
                0x00000000200045dc       0x68 obj//Debug/main.o
                0x00000000200045dc                ParseCmd
 .text.main     0x0000000020004644      0x2f0 obj//Debug/main.o
                0x0000000020004644                main
 .text.PinMuxConfig
                0x0000000020004934       0x7c obj//Debug/pinmux.o
                0x0000000020004934                PinMuxConfig
 .text.prcm_interrupt_handler
                0x00000000200049b0       0x3c obj//Debug/lp3p0_board.o
                0x00000000200049b0                prcm_interrupt_handler
 .text.platform_init
                0x00000000200049ec       0x50 obj//Debug/lp3p0_board.o
                0x00000000200049ec                platform_init
 .text.lp3p0_can_try_pm_state
                0x0000000020004a3c       0x70 obj//Debug/lp3p0_plat_ops.o
                0x0000000020004a3c                lp3p0_can_try_pm_state
 .text.lp3p0_back_up_soc_data
                0x0000000020004aac       0x34 obj//Debug/lp3p0_plat_ops.o
                0x0000000020004aac                lp3p0_back_up_soc_data
 .text.enable_peripherals
                0x0000000020004ae0       0x18 obj//Debug/lp3p0_plat_ops.o
                0x0000000020004ae0                enable_peripherals
 .text.lp3p0_restore_soc_data
                0x0000000020004af8       0x30 obj//Debug/lp3p0_plat_ops.o
                0x0000000020004af8                lp3p0_restore_soc_data
 .text.lp3p0_setup_power_policy
                0x0000000020004b28       0x1c obj//Debug/lp3p0_plat_ops.o
                0x0000000020004b28                lp3p0_setup_power_policy
 .text.lp3p0_enter_hibernate
                0x0000000020004b44       0x12 obj//Debug/lp3p0_plat_ops.o
                0x0000000020004b44                lp3p0_enter_hibernate
 *fill*         0x0000000020004b56        0x2 
 .text.set_wkup_srcs
                0x0000000020004b58      0x11c obj//Debug/lp3p0_plat_ops.o
                0x0000000020004b58                set_wkup_srcs
 .text.disable_system_irq
                0x0000000020004c74       0x24 obj//Debug/lp3p0_plat_ops.o
                0x0000000020004c74                disable_system_irq
 .text.enable_system_irq
                0x0000000020004c98       0x38 obj//Debug/lp3p0_plat_ops.o
                0x0000000020004c98                enable_system_irq
 .text.lp3p0_get_pm_ops
                0x0000000020004cd0       0x8c obj//Debug/lp3p0_plat_ops.o
                0x0000000020004cd0                lp3p0_get_pm_ops
 .text.set_rtc_as_wk_src
                0x0000000020004d5c       0x6c obj//Debug/lp3p0_plat_ops.o
                0x0000000020004d5c                set_rtc_as_wk_src
 .text.set_gpio_as_wk_src
                0x0000000020004dc8       0x6c obj//Debug/lp3p0_plat_ops.o
                0x0000000020004dc8                set_gpio_as_wk_src
 .text.InitTerm
                0x0000000020004e34       0x2c obj//Debug/uart_if.o
                0x0000000020004e34                InitTerm
 .text.Message  0x0000000020004e60       0x34 obj//Debug/uart_if.o
                0x0000000020004e60                Message
 .text.GetCmd   0x0000000020004e94       0xb8 obj//Debug/uart_if.o
                0x0000000020004e94                GetCmd
 .text.Report   0x0000000020004f4c       0x98 obj//Debug/uart_if.o
                0x0000000020004f4c                Report
 .text.DmaSwIntHandler
                0x0000000020004fe4       0x24 obj//Debug/udma_if.o
                0x0000000020004fe4                DmaSwIntHandler
 .text.DmaErrorIntHandler
                0x0000000020005008       0x14 obj//Debug/udma_if.o
                0x0000000020005008                DmaErrorIntHandler
 .text.UDMAInit
                0x000000002000501c       0x80 obj//Debug/udma_if.o
                0x000000002000501c                UDMAInit
 .text.Utils_SpiFlashDeepPowerDown
                0x000000002000509c       0xd0 obj//Debug/utils_if.o
                0x000000002000509c                Utils_SpiFlashDeepPowerDown
 .text.ResetISR
                0x000000002000516c       0x5c obj//Debug/startup_gcc.o
                0x000000002000516c                ResetISR
 .text.NmiSR    0x00000000200051c8        0x6 obj//Debug/startup_gcc.o
 .text.FaultISR
                0x00000000200051ce        0x6 obj//Debug/startup_gcc.o
 .text.BusFaultHandler
                0x00000000200051d4        0x6 obj//Debug/startup_gcc.o
 .text.IntDefaultHandler
                0x00000000200051da        0x6 obj//Debug/startup_gcc.o
 .text._sbrk    0x00000000200051e0       0x54 obj//Debug/startup_gcc.o
                0x00000000200051e0                _sbrk
 .text.spi_Read_CPU
                0x0000000020005234       0x88 ../../../simplelink/gcc/lib/nonos/Debug/libsimplelink.a(cc_pal.o)
 .text.spi_Write_CPU
                0x00000000200052bc       0x84 ../../../simplelink/gcc/lib/nonos/Debug/libsimplelink.a(cc_pal.o)
 .text.DmaSpiSwIntHandler
                0x0000000020005340       0x28 ../../../simplelink/gcc/lib/nonos/Debug/libsimplelink.a(cc_pal.o)
                0x0000000020005340                DmaSpiSwIntHandler
 .text.SetupDMAReceive
                0x0000000020005368       0x94 ../../../simplelink/gcc/lib/nonos/Debug/libsimplelink.a(cc_pal.o)
 .text.SetupDMASend
                0x00000000200053fc       0x94 ../../../simplelink/gcc/lib/nonos/Debug/libsimplelink.a(cc_pal.o)
 .text.spi_Open
                0x0000000020005490      0x154 ../../../simplelink/gcc/lib/nonos/Debug/libsimplelink.a(cc_pal.o)
                0x0000000020005490                spi_Open
 .text.spi_Close
                0x00000000200055e4       0x84 ../../../simplelink/gcc/lib/nonos/Debug/libsimplelink.a(cc_pal.o)
                0x00000000200055e4                spi_Close
 .text.spi_Read
                0x0000000020005668       0xf0 ../../../simplelink/gcc/lib/nonos/Debug/libsimplelink.a(cc_pal.o)
                0x0000000020005668                spi_Read
 .text.spi_Write
                0x0000000020005758       0x9c ../../../simplelink/gcc/lib/nonos/Debug/libsimplelink.a(cc_pal.o)
                0x0000000020005758                spi_Write
 .text.NwpRegisterInterruptHandler
                0x00000000200057f4       0x4a ../../../simplelink/gcc/lib/nonos/Debug/libsimplelink.a(cc_pal.o)
                0x00000000200057f4                NwpRegisterInterruptHandler
 *fill*         0x000000002000583e        0x2 
 .text.NwpMaskInterrupt
                0x0000000020005840       0x18 ../../../simplelink/gcc/lib/nonos/Debug/libsimplelink.a(cc_pal.o)
                0x0000000020005840                NwpMaskInterrupt
 .text.NwpUnMaskInterrupt
                0x0000000020005858       0x18 ../../../simplelink/gcc/lib/nonos/Debug/libsimplelink.a(cc_pal.o)
                0x0000000020005858                NwpUnMaskInterrupt
 .text.NwpPowerOnPreamble
                0x0000000020005870       0x8c ../../../simplelink/gcc/lib/nonos/Debug/libsimplelink.a(cc_pal.o)
                0x0000000020005870                NwpPowerOnPreamble
 .text.NwpPowerOn
                0x00000000200058fc       0x3c ../../../simplelink/gcc/lib/nonos/Debug/libsimplelink.a(cc_pal.o)
                0x00000000200058fc                NwpPowerOn
 .text.NwpPowerOff
                0x0000000020005938       0x40 ../../../simplelink/gcc/lib/nonos/Debug/libsimplelink.a(cc_pal.o)
                0x0000000020005938                NwpPowerOff
 .text.NwpPrePowerOffTimout0
                0x0000000020005978       0x24 ../../../simplelink/gcc/lib/nonos/Debug/libsimplelink.a(cc_pal.o)
                0x0000000020005978                NwpPrePowerOffTimout0
 .text.cc_UDMAChannelSelect
                0x000000002000599c       0x28 ../../../simplelink/gcc/lib/nonos/Debug/libsimplelink.a(cc_pal.o)
 .text.cc_SetupTransfer
                0x00000000200059c4       0x4a ../../../simplelink/gcc/lib/nonos/Debug/libsimplelink.a(cc_pal.o)
 *fill*         0x0000000020005a0e        0x2 
 .text.simplelink_timerA2_start
                0x0000000020005a10       0x40 ../../../simplelink/gcc/lib/nonos/Debug/libsimplelink.a(cc_pal.o)
                0x0000000020005a10                simplelink_timerA2_start
 .text.TimerGetCurrentTimestamp
                0x0000000020005a50       0x28 ../../../simplelink/gcc/lib/nonos/Debug/libsimplelink.a(cc_pal.o)
                0x0000000020005a50                TimerGetCurrentTimestamp
 .text._sl_GetStartResponseConvert
                0x0000000020005a78       0x20 ../../../simplelink/gcc/lib/nonos/Debug/libsimplelink.a(device.o)
 .text.sl_Start
                0x0000000020005a98      0x10c ../../../simplelink/gcc/lib/nonos/Debug/libsimplelink.a(device.o)
                0x0000000020005a98                sl_Start
 .text._sl_HandleAsync_InitComplete
                0x0000000020005ba4       0xb4 ../../../simplelink/gcc/lib/nonos/Debug/libsimplelink.a(device.o)
                0x0000000020005ba4                _sl_HandleAsync_InitComplete
 .text._sl_HandleAsync_Stop
                0x0000000020005c58       0x64 ../../../simplelink/gcc/lib/nonos/Debug/libsimplelink.a(device.o)
                0x0000000020005c58                _sl_HandleAsync_Stop
 .text.sl_Stop  0x0000000020005cbc       0xf4 ../../../simplelink/gcc/lib/nonos/Debug/libsimplelink.a(device.o)
                0x0000000020005cbc                sl_Stop
 .text._SlDrvDeviceEventHandler
                0x0000000020005db0       0xaa ../../../simplelink/gcc/lib/nonos/Debug/libsimplelink.a(device.o)
                0x0000000020005db0                _SlDrvDeviceEventHandler
 *fill*         0x0000000020005e5a        0x2 
 .text._SlDrvHandleWlanEvents
                0x0000000020005e5c       0x40 ../../../simplelink/gcc/lib/nonos/Debug/libsimplelink.a(driver.o)
                0x0000000020005e5c                _SlDrvHandleWlanEvents
 .text._SlDrvHandleNetAppEvents
                0x0000000020005e9c       0x3c ../../../simplelink/gcc/lib/nonos/Debug/libsimplelink.a(driver.o)
                0x0000000020005e9c                _SlDrvHandleNetAppEvents
 .text._SlDrvHandleHttpServerEvents
                0x0000000020005ed8       0x40 ../../../simplelink/gcc/lib/nonos/Debug/libsimplelink.a(driver.o)
                0x0000000020005ed8                _SlDrvHandleHttpServerEvents
 .text._SlDrvProtectAsyncRespSetting
                0x0000000020005f18       0x54 ../../../simplelink/gcc/lib/nonos/Debug/libsimplelink.a(driver.o)
                0x0000000020005f18                _SlDrvProtectAsyncRespSetting
 .text._SlDrvDriverCBInit
                0x0000000020005f6c      0x1d4 ../../../simplelink/gcc/lib/nonos/Debug/libsimplelink.a(driver.o)
                0x0000000020005f6c                _SlDrvDriverCBInit
 .text._SlDrvDriverCBDeinit
                0x0000000020006140      0x14c ../../../simplelink/gcc/lib/nonos/Debug/libsimplelink.a(driver.o)
                0x0000000020006140                _SlDrvDriverCBDeinit
 .text._SlDrvRxIrqHandler
                0x000000002000628c       0x68 ../../../simplelink/gcc/lib/nonos/Debug/libsimplelink.a(driver.o)
                0x000000002000628c                _SlDrvRxIrqHandler
 .text._SlDrvCmdOp
                0x00000000200062f4       0xcc ../../../simplelink/gcc/lib/nonos/Debug/libsimplelink.a(driver.o)
                0x00000000200062f4                _SlDrvCmdOp
 .text._SlDrvDataReadOp
                0x00000000200063c0      0x214 ../../../simplelink/gcc/lib/nonos/Debug/libsimplelink.a(driver.o)
                0x00000000200063c0                _SlDrvDataReadOp
 .text._SlDrvDataWriteOp
                0x00000000200065d4      0x174 ../../../simplelink/gcc/lib/nonos/Debug/libsimplelink.a(driver.o)
                0x00000000200065d4                _SlDrvDataWriteOp
 .text._SlDrvMsgWrite
                0x0000000020006748      0x1d8 ../../../simplelink/gcc/lib/nonos/Debug/libsimplelink.a(driver.o)
 .text._SlDrvMsgRead
                0x0000000020006920      0x5e0 ../../../simplelink/gcc/lib/nonos/Debug/libsimplelink.a(driver.o)
 .text._SlAsyncEventGenericHandler
                0x0000000020006f00       0xd8 ../../../simplelink/gcc/lib/nonos/Debug/libsimplelink.a(driver.o)
 .text._SlDrvMsgReadCmdCtx
                0x0000000020006fd8      0x164 ../../../simplelink/gcc/lib/nonos/Debug/libsimplelink.a(driver.o)
 .text._SlDrvMsgReadSpawnCtx
                0x000000002000713c       0xfc ../../../simplelink/gcc/lib/nonos/Debug/libsimplelink.a(driver.o)
                0x000000002000713c                _SlDrvMsgReadSpawnCtx
 .text._SlDrvClassifyRxMsg
                0x0000000020007238       0xd0 ../../../simplelink/gcc/lib/nonos/Debug/libsimplelink.a(driver.o)
 .text._SlDrvRxHdrRead
                0x0000000020007308      0x2b0 ../../../simplelink/gcc/lib/nonos/Debug/libsimplelink.a(driver.o)
 .text._SlDrvCmdSend
                0x00000000200075b8       0x74 ../../../simplelink/gcc/lib/nonos/Debug/libsimplelink.a(driver.o)
                0x00000000200075b8                _SlDrvCmdSend
 .text._SlDrvWaitForPoolObj
                0x000000002000762c      0x1a8 ../../../simplelink/gcc/lib/nonos/Debug/libsimplelink.a(driver.o)
                0x000000002000762c                _SlDrvWaitForPoolObj
 .text._SlDrvReleasePoolObj
                0x00000000200077d4      0x204 ../../../simplelink/gcc/lib/nonos/Debug/libsimplelink.a(driver.o)
                0x00000000200077d4                _SlDrvReleasePoolObj
 .text._SlRemoveFromList
                0x00000000200079d8       0xd0 ../../../simplelink/gcc/lib/nonos/Debug/libsimplelink.a(driver.o)
 .text._SlFindAndSetActiveObj
                0x0000000020007aa8      0x168 ../../../simplelink/gcc/lib/nonos/Debug/libsimplelink.a(driver.o)
 .text._SlDrvDispatchHttpServerEvents
                0x0000000020007c10       0x1a ../../../simplelink/gcc/lib/nonos/Debug/libsimplelink.a(driver.o)
                0x0000000020007c10                _SlDrvDispatchHttpServerEvents
 .text._SlDrvSyncObjSignal
                0x0000000020007c2a       0x2c ../../../simplelink/gcc/lib/nonos/Debug/libsimplelink.a(driver.o)
                0x0000000020007c2a                _SlDrvSyncObjSignal
 .text._SlDrvObjLockWaitForever
                0x0000000020007c56       0x32 ../../../simplelink/gcc/lib/nonos/Debug/libsimplelink.a(driver.o)
                0x0000000020007c56                _SlDrvObjLockWaitForever
 .text._SlDrvProtectionObjLockWaitForever
                0x0000000020007c88       0x3c ../../../simplelink/gcc/lib/nonos/Debug/libsimplelink.a(driver.o)
                0x0000000020007c88                _SlDrvProtectionObjLockWaitForever
 .text._SlDrvObjUnLock
                0x0000000020007cc4       0x2c ../../../simplelink/gcc/lib/nonos/Debug/libsimplelink.a(driver.o)
                0x0000000020007cc4                _SlDrvObjUnLock
 .text._SlDrvProtectionObjUnLock
                0x0000000020007cf0       0x34 ../../../simplelink/gcc/lib/nonos/Debug/libsimplelink.a(driver.o)
                0x0000000020007cf0                _SlDrvProtectionObjUnLock
 .text._SlDrvObjGlobalLockWaitForever
                0x0000000020007d24       0x38 ../../../simplelink/gcc/lib/nonos/Debug/libsimplelink.a(driver.o)
 .text._SlDrvGlobalObjUnLock
                0x0000000020007d5c       0x34 ../../../simplelink/gcc/lib/nonos/Debug/libsimplelink.a(driver.o)
                0x0000000020007d5c                _SlDrvGlobalObjUnLock
 .text._SlDrvMemZero
                0x0000000020007d90       0x20 ../../../simplelink/gcc/lib/nonos/Debug/libsimplelink.a(driver.o)
                0x0000000020007d90                _SlDrvMemZero
 .text._SlDrvResetCmdExt
                0x0000000020007db0       0x18 ../../../simplelink/gcc/lib/nonos/Debug/libsimplelink.a(driver.o)
                0x0000000020007db0                _SlDrvResetCmdExt
 .text._SlDrvSyncObjWaitForever
                0x0000000020007dc8       0x34 ../../../simplelink/gcc/lib/nonos/Debug/libsimplelink.a(driver.o)
                0x0000000020007dc8                _SlDrvSyncObjWaitForever
 .text._SlDrvSyncObjWaitTimeout
                0x0000000020007dfc       0x54 ../../../simplelink/gcc/lib/nonos/Debug/libsimplelink.a(driver.o)
                0x0000000020007dfc                _SlDrvSyncObjWaitTimeout
 .text._SlDriverHandleError
                0x0000000020007e50       0xa0 ../../../simplelink/gcc/lib/nonos/Debug/libsimplelink.a(driver.o)
                0x0000000020007e50                _SlDriverHandleError
 .text._SlDrvStartMeasureTimeout
                0x0000000020007ef0       0x30 ../../../simplelink/gcc/lib/nonos/Debug/libsimplelink.a(driver.o)
                0x0000000020007ef0                _SlDrvStartMeasureTimeout
 .text._SlDrvIsTimeoutExpired
                0x0000000020007f20       0xa8 ../../../simplelink/gcc/lib/nonos/Debug/libsimplelink.a(driver.o)
                0x0000000020007f20                _SlDrvIsTimeoutExpired
 .text._sl_HandleAsync_DnsGetHostByService
                0x0000000020007fc8       0xd0 ../../../simplelink/gcc/lib/nonos/Debug/libsimplelink.a(netapp.o)
                0x0000000020007fc8                _sl_HandleAsync_DnsGetHostByService
 .text._sl_HandleAsync_DnsGetHostByName
                0x0000000020008098       0xb4 ../../../simplelink/gcc/lib/nonos/Debug/libsimplelink.a(netapp.o)
                0x0000000020008098                _sl_HandleAsync_DnsGetHostByName
 .text.CopyPingResultsToReport
                0x000000002000814c       0x44 ../../../simplelink/gcc/lib/nonos/Debug/libsimplelink.a(netapp.o)
 .text._sl_HandleAsync_PingResponse
                0x0000000020008190       0xb0 ../../../simplelink/gcc/lib/nonos/Debug/libsimplelink.a(netapp.o)
                0x0000000020008190                _sl_HandleAsync_PingResponse
 .text._sl_NetAppSendTokenValue
                0x0000000020008240       0x7c ../../../simplelink/gcc/lib/nonos/Debug/libsimplelink.a(netapp.o)
                0x0000000020008240                _sl_NetAppSendTokenValue
 .text._SlDrvNetAppEventHandler
                0x00000000200082bc      0x188 ../../../simplelink/gcc/lib/nonos/Debug/libsimplelink.a(netapp.o)
                0x00000000200082bc                _SlDrvNetAppEventHandler
 .text._SlNonOsSemSet
                0x0000000020008444       0x1e ../../../simplelink/gcc/lib/nonos/Debug/libsimplelink.a(nonos.o)
                0x0000000020008444                _SlNonOsSemSet
 *fill*         0x0000000020008462        0x2 
 .text._SlNonOsSemGet
                0x0000000020008464       0xc4 ../../../simplelink/gcc/lib/nonos/Debug/libsimplelink.a(nonos.o)
                0x0000000020008464                _SlNonOsSemGet
 .text._SlNonOsSpawn
                0x0000000020008528       0x68 ../../../simplelink/gcc/lib/nonos/Debug/libsimplelink.a(nonos.o)
                0x0000000020008528                _SlNonOsSpawn
 .text._SlNonOsMainLoopTask
                0x0000000020008590       0x70 ../../../simplelink/gcc/lib/nonos/Debug/libsimplelink.a(nonos.o)
                0x0000000020008590                _SlNonOsMainLoopTask
 .text._sl_BuildAddress
                0x0000000020008600       0x56 ../../../simplelink/gcc/lib/nonos/Debug/libsimplelink.a(socket.o)
 *fill*         0x0000000020008656        0x2 
 .text._sl_TruncatePayloadByProtocol
                0x0000000020008658       0x40 ../../../simplelink/gcc/lib/nonos/Debug/libsimplelink.a(socket.o)
 .text.sl_Socket
                0x0000000020008698       0x8c ../../../simplelink/gcc/lib/nonos/Debug/libsimplelink.a(socket.o)
                0x0000000020008698                sl_Socket
 .text.sl_Close
                0x0000000020008724       0x6c ../../../simplelink/gcc/lib/nonos/Debug/libsimplelink.a(socket.o)
                0x0000000020008724                sl_Close
 .text.sl_Bind  0x0000000020008790       0xb8 ../../../simplelink/gcc/lib/nonos/Debug/libsimplelink.a(socket.o)
                0x0000000020008790                sl_Bind
 .text.sl_SendTo
                0x0000000020008848      0x14c ../../../simplelink/gcc/lib/nonos/Debug/libsimplelink.a(socket.o)
                0x0000000020008848                sl_SendTo
 .text.sl_RecvFrom
                0x0000000020008994      0x144 ../../../simplelink/gcc/lib/nonos/Debug/libsimplelink.a(socket.o)
                0x0000000020008994                sl_RecvFrom
 .text._sl_HandleAsync_Connect
                0x0000000020008ad8       0x9c ../../../simplelink/gcc/lib/nonos/Debug/libsimplelink.a(socket.o)
                0x0000000020008ad8                _sl_HandleAsync_Connect
 .text.sl_Htonl
                0x0000000020008b74       0x54 ../../../simplelink/gcc/lib/nonos/Debug/libsimplelink.a(socket.o)
                0x0000000020008b74                sl_Htonl
 .text.sl_Htons
                0x0000000020008bc8       0x46 ../../../simplelink/gcc/lib/nonos/Debug/libsimplelink.a(socket.o)
                0x0000000020008bc8                sl_Htons
 *fill*         0x0000000020008c0e        0x2 
 .text._sl_HandleAsync_Accept
                0x0000000020008c10       0x7c ../../../simplelink/gcc/lib/nonos/Debug/libsimplelink.a(socket.o)
                0x0000000020008c10                _sl_HandleAsync_Accept
 .text._sl_HandleAsync_Select
                0x0000000020008c8c       0x6c ../../../simplelink/gcc/lib/nonos/Debug/libsimplelink.a(socket.o)
                0x0000000020008c8c                _sl_HandleAsync_Select
 .text.sl_SetSockOpt
                0x0000000020008cf8       0xa4 ../../../simplelink/gcc/lib/nonos/Debug/libsimplelink.a(socket.o)
                0x0000000020008cf8                sl_SetSockOpt
 .text.sl_WlanConnect
                0x0000000020008d9c      0x2c4 ../../../simplelink/gcc/lib/nonos/Debug/libsimplelink.a(wlan.o)
                0x0000000020008d9c                sl_WlanConnect
 .text.sl_WlanPolicySet
                0x0000000020009060       0x94 ../../../simplelink/gcc/lib/nonos/Debug/libsimplelink.a(wlan.o)
                0x0000000020009060                sl_WlanPolicySet
 .text.sl_WlanSetMode
                0x00000000200090f4       0x68 ../../../simplelink/gcc/lib/nonos/Debug/libsimplelink.a(wlan.o)
                0x00000000200090f4                sl_WlanSetMode
 .text.push_modules_to_M4_no_irq
                0x000000002000915c       0x5c ../../../middleware/gcc/lib/Debug/middleware.a(cc_pm.o)
 .text.make_modules_to_M0_no_irq
                0x00000000200091b8       0x68 ../../../middleware/gcc/lib/Debug/middleware.a(cc_pm.o)
 .text.do_try_S4_no_irq
                0x0000000020009220       0x94 ../../../middleware/gcc/lib/Debug/middleware.a(cc_pm.o)
 .text.try_S4_no_irq
                0x00000000200092b4       0x38 ../../../middleware/gcc/lib/Debug/middleware.a(cc_pm.o)
                0x00000000200092b4                try_S4_no_irq
 .text.resume_from_S3
                0x00000000200092ec       0x40 ../../../middleware/gcc/lib/Debug/middleware.a(cc_pm.o)
                0x00000000200092ec                resume_from_S3
 .text.enter_into_S3
                0x000000002000932c       0xb8 ../../../middleware/gcc/lib/Debug/middleware.a(cc_pm.o)
 .text.do_try_S3_no_irq
                0x00000000200093e4       0x84 ../../../middleware/gcc/lib/Debug/middleware.a(cc_pm.o)
 .text.try_S3_no_irq
                0x0000000020009468       0x38 ../../../middleware/gcc/lib/Debug/middleware.a(cc_pm.o)
                0x0000000020009468                try_S3_no_irq
 .text.try_S2_no_irq
                0x00000000200094a0       0x58 ../../../middleware/gcc/lib/Debug/middleware.a(cc_pm.o)
                0x00000000200094a0                try_S2_no_irq
 .text.try_S1_no_irq
                0x00000000200094f8       0x40 ../../../middleware/gcc/lib/Debug/middleware.a(cc_pm.o)
                0x00000000200094f8                try_S1_no_irq
 .text.cc_idle_task_pm
                0x0000000020009538       0x78 ../../../middleware/gcc/lib/Debug/middleware.a(cc_pm.o)
                0x0000000020009538                cc_idle_task_pm
 .text.cc_pm_platform_ops_register
                0x00000000200095b0       0xac ../../../middleware/gcc/lib/Debug/middleware.a(cc_pm.o)
                0x00000000200095b0                cc_pm_platform_ops_register
 .text.cc_pm_framework_init
                0x000000002000965c       0x2c ../../../middleware/gcc/lib/Debug/middleware.a(cc_pm.o)
                0x000000002000965c                cc_pm_framework_init
 .text.apply_io_park
                0x0000000020009688       0x5c ../../../middleware/gcc/lib/Debug/middleware.a(cc_io_park.o)
 .text.cc_io_park_safe
                0x00000000200096e4       0xec ../../../middleware/gcc/lib/Debug/middleware.a(cc_io_park.o)
                0x00000000200096e4                cc_io_park_safe
 .text.wake_interrupt_handler
                0x00000000200097d0       0x44 ../../../middleware/gcc/lib/Debug/middleware.a(cc_pm_ops.o)
                0x00000000200097d0                wake_interrupt_handler
 .text.cc_handle_S3_wakeup
                0x0000000020009814       0x10 ../../../middleware/gcc/lib/Debug/middleware.a(cc_pm_ops.o)
                0x0000000020009814                cc_handle_S3_wakeup
 .text.cc_are_irqs_pending
                0x0000000020009824       0x50 ../../../middleware/gcc/lib/Debug/middleware.a(cc_pm_ops.o)
                0x0000000020009824                cc_are_irqs_pending
 .text.cc_enter_S4
                0x0000000020009874        0xe ../../../middleware/gcc/lib/Debug/middleware.a(cc_pm_ops.o)
                0x0000000020009874                cc_enter_S4
 .text.cc_enter_S3
                0x0000000020009882       0x22 ../../../middleware/gcc/lib/Debug/middleware.a(cc_pm_ops.o)
                0x0000000020009882                cc_enter_S3
 .text.cc_enter_S2
                0x00000000200098a4        0xe ../../../middleware/gcc/lib/Debug/middleware.a(cc_pm_ops.o)
                0x00000000200098a4                cc_enter_S2
 .text.cc_enter_S1
                0x00000000200098b2        0xe ../../../middleware/gcc/lib/Debug/middleware.a(cc_pm_ops.o)
                0x00000000200098b2                cc_enter_S1
 .text.back_up_nvic_regs
                0x00000000200098c0      0x114 ../../../middleware/gcc/lib/Debug/middleware.a(cc_pm_ops.o)
                0x00000000200098c0                back_up_nvic_regs
 .text.restore_nvic_regs
                0x00000000200099d4      0x110 ../../../middleware/gcc/lib/Debug/middleware.a(cc_pm_ops.o)
                0x00000000200099d4                restore_nvic_regs
 .text.cc_back_up_soc_data
                0x0000000020009ae4       0x1c ../../../middleware/gcc/lib/Debug/middleware.a(cc_pm_ops.o)
                0x0000000020009ae4                cc_back_up_soc_data
 .text.cc_restore_soc_data
                0x0000000020009b00       0x54 ../../../middleware/gcc/lib/Debug/middleware.a(cc_pm_ops.o)
                0x0000000020009b00                cc_restore_soc_data
 .text.gpio_wake_interrupt_handler
                0x0000000020009b54       0x2c ../../../middleware/gcc/lib/Debug/middleware.a(gpio_hal.o)
                0x0000000020009b54                gpio_wake_interrupt_handler
 .text.CPUcpsid
                0x0000000020009b80       0x16 ../../../driverlib/gcc/lib/Debug/libdriver.a(cpu.o)
                0x0000000020009b80                CPUcpsid
 .text.CPUcpsie
                0x0000000020009b96       0x16 ../../../driverlib/gcc/lib/Debug/libdriver.a(cpu.o)
                0x0000000020009b96                CPUcpsie
 .text.CPUwfi   0x0000000020009bac        0xe ../../../driverlib/gcc/lib/Debug/libdriver.a(cpu.o)
                0x0000000020009bac                CPUwfi
 .text.GPIODirModeSet
                0x0000000020009bba       0x46 ../../../driverlib/gcc/lib/Debug/libdriver.a(gpio.o)
                0x0000000020009bba                GPIODirModeSet
 .text.HwSpinLockTryAcquire
                0x0000000020009c00       0x7c ../../../driverlib/gcc/lib/Debug/libdriver.a(hwspinlock.o)
                0x0000000020009c00                HwSpinLockTryAcquire
 .text.HwSpinLockRelease
                0x0000000020009c7c       0x44 ../../../driverlib/gcc/lib/Debug/libdriver.a(hwspinlock.o)
                0x0000000020009c7c                HwSpinLockRelease
 .text.IntDefaultHandler
                0x0000000020009cc0        0x6 ../../../driverlib/gcc/lib/Debug/libdriver.a(interrupt.o)
 .text.IntMasterEnable
                0x0000000020009cc6       0x10 ../../../driverlib/gcc/lib/Debug/libdriver.a(interrupt.o)
                0x0000000020009cc6                IntMasterEnable
 *fill*         0x0000000020009cd6        0x2 
 .text.IntVTableBaseSet
                0x0000000020009cd8       0x1c ../../../driverlib/gcc/lib/Debug/libdriver.a(interrupt.o)
                0x0000000020009cd8                IntVTableBaseSet
 .text.IntRegister
                0x0000000020009cf4       0x2c ../../../driverlib/gcc/lib/Debug/libdriver.a(interrupt.o)
                0x0000000020009cf4                IntRegister
 .text.IntUnregister
                0x0000000020009d20       0x2c ../../../driverlib/gcc/lib/Debug/libdriver.a(interrupt.o)
                0x0000000020009d20                IntUnregister
 .text.IntPrioritySet
                0x0000000020009d4c       0x68 ../../../driverlib/gcc/lib/Debug/libdriver.a(interrupt.o)
                0x0000000020009d4c                IntPrioritySet
 .text.IntEnable
                0x0000000020009db4       0xbc ../../../driverlib/gcc/lib/Debug/libdriver.a(interrupt.o)
                0x0000000020009db4                IntEnable
 .text.IntDisable
                0x0000000020009e70       0xbc ../../../driverlib/gcc/lib/Debug/libdriver.a(interrupt.o)
                0x0000000020009e70                IntDisable
 .text.IntPendSet
                0x0000000020009f2c       0x9c ../../../driverlib/gcc/lib/Debug/libdriver.a(interrupt.o)
                0x0000000020009f2c                IntPendSet
 .text.IntPendClear
                0x0000000020009fc8       0x68 ../../../driverlib/gcc/lib/Debug/libdriver.a(interrupt.o)
                0x0000000020009fc8                IntPendClear
 .text.PinModeSet
                0x000000002000a030       0x48 ../../../driverlib/gcc/lib/Debug/libdriver.a(pin.o)
                0x000000002000a030                PinModeSet
 .text.PinDirModeSet
                0x000000002000a078       0x44 ../../../driverlib/gcc/lib/Debug/libdriver.a(pin.o)
                0x000000002000a078                PinDirModeSet
 .text.PinConfigGet
                0x000000002000a0bc       0x50 ../../../driverlib/gcc/lib/Debug/libdriver.a(pin.o)
                0x000000002000a0bc                PinConfigGet
 .text.PinConfigSet
                0x000000002000a10c       0x9c ../../../driverlib/gcc/lib/Debug/libdriver.a(pin.o)
                0x000000002000a10c                PinConfigSet
 .text.PinTypeUART
                0x000000002000a1a8       0x24 ../../../driverlib/gcc/lib/Debug/libdriver.a(pin.o)
                0x000000002000a1a8                PinTypeUART
 .text.PinTypeGPIO
                0x000000002000a1cc       0x3a ../../../driverlib/gcc/lib/Debug/libdriver.a(pin.o)
                0x000000002000a1cc                PinTypeGPIO
 *fill*         0x000000002000a206        0x2 
 .text.PRCMSysResetCauseGet
                0x000000002000a208       0x3c ../../../driverlib/gcc/lib/Debug/libdriver.a(prcm.o)
                0x000000002000a208                PRCMSysResetCauseGet
 .text.PRCMPeripheralClkEnable
                0x000000002000a244       0x5c ../../../driverlib/gcc/lib/Debug/libdriver.a(prcm.o)
                0x000000002000a244                PRCMPeripheralClkEnable
 .text.PRCMPeripheralClkDisable
                0x000000002000a2a0       0x48 ../../../driverlib/gcc/lib/Debug/libdriver.a(prcm.o)
                0x000000002000a2a0                PRCMPeripheralClkDisable
 .text.PRCMPeripheralClockGet
                0x000000002000a2e8       0xa8 ../../../driverlib/gcc/lib/Debug/libdriver.a(prcm.o)
                0x000000002000a2e8                PRCMPeripheralClockGet
 .text.PRCMPeripheralReset
                0x000000002000a390       0x8c ../../../driverlib/gcc/lib/Debug/libdriver.a(prcm.o)
                0x000000002000a390                PRCMPeripheralReset
 .text.PRCMPeripheralStatusGet
                0x000000002000a41c       0x40 ../../../driverlib/gcc/lib/Debug/libdriver.a(prcm.o)
                0x000000002000a41c                PRCMPeripheralStatusGet
 .text.PRCMLPDSRestoreInfoSet
                0x000000002000a45c       0x28 ../../../driverlib/gcc/lib/Debug/libdriver.a(prcm.o)
                0x000000002000a45c                PRCMLPDSRestoreInfoSet
 .text.PRCMLPDSEnter
                0x000000002000a484       0x50 ../../../driverlib/gcc/lib/Debug/libdriver.a(prcm.o)
                0x000000002000a484                PRCMLPDSEnter
 .text.PRCMLPDSWakeupSourceEnable
                0x000000002000a4d4       0x30 ../../../driverlib/gcc/lib/Debug/libdriver.a(prcm.o)
                0x000000002000a4d4                PRCMLPDSWakeupSourceEnable
 .text.PRCMLPDSWakeupSourceDisable
                0x000000002000a504       0x24 ../../../driverlib/gcc/lib/Debug/libdriver.a(prcm.o)
                0x000000002000a504                PRCMLPDSWakeupSourceDisable
 .text.PRCMLPDSWakeupCauseGet
                0x000000002000a528       0x14 ../../../driverlib/gcc/lib/Debug/libdriver.a(prcm.o)
                0x000000002000a528                PRCMLPDSWakeupCauseGet
 .text.PRCMLPDSIntervalSet
                0x000000002000a53c       0x34 ../../../driverlib/gcc/lib/Debug/libdriver.a(prcm.o)
                0x000000002000a53c                PRCMLPDSIntervalSet
 .text.PRCMLPDSWakeUpGPIOSelect
                0x000000002000a570       0x2c ../../../driverlib/gcc/lib/Debug/libdriver.a(prcm.o)
                0x000000002000a570                PRCMLPDSWakeUpGPIOSelect
 .text.PRCMSleepEnter
                0x000000002000a59c        0xc ../../../driverlib/gcc/lib/Debug/libdriver.a(prcm.o)
                0x000000002000a59c                PRCMSleepEnter
 .text.PRCMSRAMRetentionEnable
                0x000000002000a5a8       0x2c ../../../driverlib/gcc/lib/Debug/libdriver.a(prcm.o)
                0x000000002000a5a8                PRCMSRAMRetentionEnable
 .text.PRCMHibernateWakeupSourceEnable
                0x000000002000a5d4       0x50 ../../../driverlib/gcc/lib/Debug/libdriver.a(prcm.o)
                0x000000002000a5d4                PRCMHibernateWakeupSourceEnable
 .text.PRCMHibernateIntervalSet
                0x000000002000a624       0xb4 ../../../driverlib/gcc/lib/Debug/libdriver.a(prcm.o)
                0x000000002000a624                PRCMHibernateIntervalSet
 .text.PRCMHibernateWakeUpGPIOSelect
                0x000000002000a6d8       0x74 ../../../driverlib/gcc/lib/Debug/libdriver.a(prcm.o)
                0x000000002000a6d8                PRCMHibernateWakeUpGPIOSelect
 .text.PRCMHibernateEnter
                0x000000002000a74c       0x14 ../../../driverlib/gcc/lib/Debug/libdriver.a(prcm.o)
                0x000000002000a74c                PRCMHibernateEnter
 .text.PRCMIntEnable
                0x000000002000a760       0x48 ../../../driverlib/gcc/lib/Debug/libdriver.a(prcm.o)
                0x000000002000a760                PRCMIntEnable
 .text.PRCMIntStatus
                0x000000002000a7a8       0x14 ../../../driverlib/gcc/lib/Debug/libdriver.a(prcm.o)
                0x000000002000a7a8                PRCMIntStatus
 .text.PRCMCC3200MCUInit
                0x000000002000a7bc      0x1a0 ../../../driverlib/gcc/lib/Debug/libdriver.a(prcm.o)
                0x000000002000a7bc                PRCMCC3200MCUInit
 .text.PRCMHIBRegRead
                0x000000002000a95c       0x20 ../../../driverlib/gcc/lib/Debug/libdriver.a(prcm.o)
                0x000000002000a95c                PRCMHIBRegRead
 .text.PRCMHIBRegWrite
                0x000000002000a97c       0x20 ../../../driverlib/gcc/lib/Debug/libdriver.a(prcm.o)
                0x000000002000a97c                PRCMHIBRegWrite
 .text.SPIIntNumberGet
                0x000000002000a99c       0x58 ../../../driverlib/gcc/lib/Debug/libdriver.a(spi.o)
 .text.SPIDmaMaskGet
                0x000000002000a9f4       0x48 ../../../driverlib/gcc/lib/Debug/libdriver.a(spi.o)
 .text.SPIEnable
                0x000000002000aa3c       0x26 ../../../driverlib/gcc/lib/Debug/libdriver.a(spi.o)
                0x000000002000aa3c                SPIEnable
 .text.SPIDisable
                0x000000002000aa62       0x26 ../../../driverlib/gcc/lib/Debug/libdriver.a(spi.o)
                0x000000002000aa62                SPIDisable
 .text.SPIDmaEnable
                0x000000002000aa88       0x2a ../../../driverlib/gcc/lib/Debug/libdriver.a(spi.o)
                0x000000002000aa88                SPIDmaEnable
 .text.SPIDmaDisable
                0x000000002000aab2       0x2a ../../../driverlib/gcc/lib/Debug/libdriver.a(spi.o)
                0x000000002000aab2                SPIDmaDisable
 .text.SPIReset
                0x000000002000aadc       0x3a ../../../driverlib/gcc/lib/Debug/libdriver.a(spi.o)
                0x000000002000aadc                SPIReset
 *fill*         0x000000002000ab16        0x2 
 .text.SPIConfigSetExpClk
                0x000000002000ab18       0xb4 ../../../driverlib/gcc/lib/Debug/libdriver.a(spi.o)
                0x000000002000ab18                SPIConfigSetExpClk
 .text.SPIDataGet
                0x000000002000abcc       0x32 ../../../driverlib/gcc/lib/Debug/libdriver.a(spi.o)
                0x000000002000abcc                SPIDataGet
 .text.SPIDataPut
                0x000000002000abfe       0x32 ../../../driverlib/gcc/lib/Debug/libdriver.a(spi.o)
                0x000000002000abfe                SPIDataPut
 .text.SPIFIFOEnable
                0x000000002000ac30       0x2a ../../../driverlib/gcc/lib/Debug/libdriver.a(spi.o)
                0x000000002000ac30                SPIFIFOEnable
 .text.SPIFIFODisable
                0x000000002000ac5a       0x2a ../../../driverlib/gcc/lib/Debug/libdriver.a(spi.o)
                0x000000002000ac5a                SPIFIFODisable
 .text.SPIFIFOLevelSet
                0x000000002000ac84       0x42 ../../../driverlib/gcc/lib/Debug/libdriver.a(spi.o)
                0x000000002000ac84                SPIFIFOLevelSet
 .text.SPIWordCountSet
                0x000000002000acc6       0x30 ../../../driverlib/gcc/lib/Debug/libdriver.a(spi.o)
                0x000000002000acc6                SPIWordCountSet
 .text.SPIIntUnregister
                0x000000002000acf6       0x26 ../../../driverlib/gcc/lib/Debug/libdriver.a(spi.o)
                0x000000002000acf6                SPIIntUnregister
 .text.SPIIntEnable
                0x000000002000ad1c       0x68 ../../../driverlib/gcc/lib/Debug/libdriver.a(spi.o)
                0x000000002000ad1c                SPIIntEnable
 .text.SPIIntClear
                0x000000002000ad84       0x60 ../../../driverlib/gcc/lib/Debug/libdriver.a(spi.o)
                0x000000002000ad84                SPIIntClear
 .text.SPICSEnable
                0x000000002000ade4       0x26 ../../../driverlib/gcc/lib/Debug/libdriver.a(spi.o)
                0x000000002000ade4                SPICSEnable
 .text.SPICSDisable
                0x000000002000ae0a       0x26 ../../../driverlib/gcc/lib/Debug/libdriver.a(spi.o)
                0x000000002000ae0a                SPICSDisable
 .text.TimerEnable
                0x000000002000ae30       0x2a ../../../driverlib/gcc/lib/Debug/libdriver.a(timer.o)
                0x000000002000ae30                TimerEnable
 *fill*         0x000000002000ae5a        0x2 
 .text.TimerConfigure
                0x000000002000ae5c       0x54 ../../../driverlib/gcc/lib/Debug/libdriver.a(timer.o)
                0x000000002000ae5c                TimerConfigure
 .text.TimerPrescaleSet
                0x000000002000aeb0       0x3c ../../../driverlib/gcc/lib/Debug/libdriver.a(timer.o)
                0x000000002000aeb0                TimerPrescaleSet
 .text.TimerLoadSet
                0x000000002000aeec       0x3c ../../../driverlib/gcc/lib/Debug/libdriver.a(timer.o)
                0x000000002000aeec                TimerLoadSet
 .text.TimerValueGet
                0x000000002000af28       0x28 ../../../driverlib/gcc/lib/Debug/libdriver.a(timer.o)
                0x000000002000af28                TimerValueGet
 .text.UARTConfigSetExpClk
                0x000000002000af50       0x92 ../../../driverlib/gcc/lib/Debug/libdriver.a(uart.o)
                0x000000002000af50                UARTConfigSetExpClk
 .text.UARTEnable
                0x000000002000afe2       0x36 ../../../driverlib/gcc/lib/Debug/libdriver.a(uart.o)
                0x000000002000afe2                UARTEnable
 .text.UARTDisable
                0x000000002000b018       0x46 ../../../driverlib/gcc/lib/Debug/libdriver.a(uart.o)
                0x000000002000b018                UARTDisable
 .text.UARTCharsAvail
                0x000000002000b05e       0x26 ../../../driverlib/gcc/lib/Debug/libdriver.a(uart.o)
                0x000000002000b05e                UARTCharsAvail
 .text.UARTCharGetNonBlocking
                0x000000002000b084       0x2a ../../../driverlib/gcc/lib/Debug/libdriver.a(uart.o)
                0x000000002000b084                UARTCharGetNonBlocking
 .text.UARTCharPut
                0x000000002000b0ae       0x2c ../../../driverlib/gcc/lib/Debug/libdriver.a(uart.o)
                0x000000002000b0ae                UARTCharPut
 *fill*         0x000000002000b0da        0x2 
 .text.uDMAEnable
                0x000000002000b0dc       0x18 ../../../driverlib/gcc/lib/Debug/libdriver.a(udma.o)
                0x000000002000b0dc                uDMAEnable
 .text.uDMAChannelEnable
                0x000000002000b0f4       0x24 ../../../driverlib/gcc/lib/Debug/libdriver.a(udma.o)
                0x000000002000b0f4                uDMAChannelEnable
 .text.uDMAControlBaseSet
                0x000000002000b118       0x1c ../../../driverlib/gcc/lib/Debug/libdriver.a(udma.o)
                0x000000002000b118                uDMAControlBaseSet
 .text.uDMAChannelAttributeEnable
                0x000000002000b134       0x7c ../../../driverlib/gcc/lib/Debug/libdriver.a(udma.o)
                0x000000002000b134                uDMAChannelAttributeEnable
 .text.uDMAChannelAttributeDisable
                0x000000002000b1b0       0x7c ../../../driverlib/gcc/lib/Debug/libdriver.a(udma.o)
                0x000000002000b1b0                uDMAChannelAttributeDisable
 .text.uDMAChannelControlSet
                0x000000002000b22c       0x48 ../../../driverlib/gcc/lib/Debug/libdriver.a(udma.o)
                0x000000002000b22c                uDMAChannelControlSet
 .text.uDMAChannelTransferSet
                0x000000002000b274      0x104 ../../../driverlib/gcc/lib/Debug/libdriver.a(udma.o)
                0x000000002000b274                uDMAChannelTransferSet
 .text.uDMAIntRegister
                0x000000002000b378       0x20 ../../../driverlib/gcc/lib/Debug/libdriver.a(udma.o)
                0x000000002000b378                uDMAIntRegister
 .text.uDMAIntStatus
                0x000000002000b398       0x14 ../../../driverlib/gcc/lib/Debug/libdriver.a(udma.o)
                0x000000002000b398                uDMAIntStatus
 .text.uDMAIntClear
                0x000000002000b3ac       0x1c ../../../driverlib/gcc/lib/Debug/libdriver.a(udma.o)
                0x000000002000b3ac                uDMAIntClear
 .text.uDMAChannelAssign
                0x000000002000b3c8       0x58 ../../../driverlib/gcc/lib/Debug/libdriver.a(udma.o)
                0x000000002000b3c8                uDMAChannelAssign
 .text.UtilsDelay
                0x000000002000b420        0xa ../../../driverlib/gcc/lib/Debug/libdriver.a(utils.o)
                0x000000002000b420                UtilsDelay
 *fill*         0x000000002000b42a        0x2 
 .text.FlashDisable
                0x000000002000b42c       0x50 ../../../driverlib/gcc/lib/Debug/libdriver.a(flash.o)
                0x000000002000b42c                FlashDisable
 .text.malloc   0x000000002000b47c       0x10 /Applications/ARM/bin/../lib/gcc/arm-none-eabi/10.3.1/../../../../arm-none-eabi/lib/thumb/v7e-m/nofp/libc_nano.a(lib_a-malloc.o)
                0x000000002000b47c                malloc
 .text.free     0x000000002000b48c       0x10 /Applications/ARM/bin/../lib/gcc/arm-none-eabi/10.3.1/../../../../arm-none-eabi/lib/thumb/v7e-m/nofp/libc_nano.a(lib_a-malloc.o)
                0x000000002000b48c                free
 .text.memcpy   0x000000002000b49c       0x1c /Applications/ARM/bin/../lib/gcc/arm-none-eabi/10.3.1/../../../../arm-none-eabi/lib/thumb/v7e-m/nofp/libc_nano.a(lib_a-memcpy-stub.o)
                0x000000002000b49c                memcpy
 .text.memmove  0x000000002000b4b8       0x34 /Applications/ARM/bin/../lib/gcc/arm-none-eabi/10.3.1/../../../../arm-none-eabi/lib/thumb/v7e-m/nofp/libc_nano.a(lib_a-memmove.o)
                0x000000002000b4b8                memmove
 .text.memset   0x000000002000b4ec       0x10 /Applications/ARM/bin/../lib/gcc/arm-none-eabi/10.3.1/../../../../arm-none-eabi/lib/thumb/v7e-m/nofp/libc_nano.a(lib_a-memset.o)
                0x000000002000b4ec                memset
 .text._free_r  0x000000002000b4fc       0x94 /Applications/ARM/bin/../lib/gcc/arm-none-eabi/10.3.1/../../../../arm-none-eabi/lib/thumb/v7e-m/nofp/libc_nano.a(lib_a-nano-freer.o)
                0x000000002000b4fc                _free_r
 .text.sbrk_aligned
                0x000000002000b590       0x40 /Applications/ARM/bin/../lib/gcc/arm-none-eabi/10.3.1/../../../../arm-none-eabi/lib/thumb/v7e-m/nofp/libc_nano.a(lib_a-nano-mallocr.o)
 .text._malloc_r
                0x000000002000b5d0       0xe8 /Applications/ARM/bin/../lib/gcc/arm-none-eabi/10.3.1/../../../../arm-none-eabi/lib/thumb/v7e-m/nofp/libc_nano.a(lib_a-nano-mallocr.o)
                0x000000002000b5d0                _malloc_r
 .text.realloc  0x000000002000b6b8       0x10 /Applications/ARM/bin/../lib/gcc/arm-none-eabi/10.3.1/../../../../arm-none-eabi/lib/thumb/v7e-m/nofp/libc_nano.a(lib_a-realloc.o)
                0x000000002000b6b8                realloc
 .text._sbrk_r  0x000000002000b6c8       0x20 /Applications/ARM/bin/../lib/gcc/arm-none-eabi/10.3.1/../../../../arm-none-eabi/lib/thumb/v7e-m/nofp/libc_nano.a(lib_a-sbrkr.o)
                0x000000002000b6c8                _sbrk_r
 .text          0x000000002000b6e8       0x14 /Applications/ARM/bin/../lib/gcc/arm-none-eabi/10.3.1/../../../../arm-none-eabi/lib/thumb/v7e-m/nofp/libc_nano.a(lib_a-strcmp.o)
                0x000000002000b6e8                strcmp
 .text._vsnprintf_r
                0x000000002000b6fc       0x56 /Applications/ARM/bin/../lib/gcc/arm-none-eabi/10.3.1/../../../../arm-none-eabi/lib/thumb/v7e-m/nofp/libc_nano.a(lib_a-vsnprintf.o)
                0x000000002000b6fc                _vsnprintf_r
                0x000000002000b6fc                _vsniprintf_r
 *fill*         0x000000002000b752        0x2 
 .text.vsnprintf
                0x000000002000b754       0x1c /Applications/ARM/bin/../lib/gcc/arm-none-eabi/10.3.1/../../../../arm-none-eabi/lib/thumb/v7e-m/nofp/libc_nano.a(lib_a-vsnprintf.o)
                0x000000002000b754                vsnprintf
                0x000000002000b754                vsniprintf
 .text.__malloc_lock
                0x000000002000b770        0xc /Applications/ARM/bin/../lib/gcc/arm-none-eabi/10.3.1/../../../../arm-none-eabi/lib/thumb/v7e-m/nofp/libc_nano.a(lib_a-mlock.o)
                0x000000002000b770                __malloc_lock
 .text.__malloc_unlock
                0x000000002000b77c        0xc /Applications/ARM/bin/../lib/gcc/arm-none-eabi/10.3.1/../../../../arm-none-eabi/lib/thumb/v7e-m/nofp/libc_nano.a(lib_a-mlock.o)
                0x000000002000b77c                __malloc_unlock
 .text._realloc_r
                0x000000002000b788       0x5e /Applications/ARM/bin/../lib/gcc/arm-none-eabi/10.3.1/../../../../arm-none-eabi/lib/thumb/v7e-m/nofp/libc_nano.a(lib_a-nano-reallocr.o)
                0x000000002000b788                _realloc_r
 .text.__ssputs_r
                0x000000002000b7e6       0xb6 /Applications/ARM/bin/../lib/gcc/arm-none-eabi/10.3.1/../../../../arm-none-eabi/lib/thumb/v7e-m/nofp/libc_nano.a(lib_a-nano-svfprintf.o)
                0x000000002000b7e6                __ssputs_r
 .text._svfprintf_r
                0x000000002000b89c      0x200 /Applications/ARM/bin/../lib/gcc/arm-none-eabi/10.3.1/../../../../arm-none-eabi/lib/thumb/v7e-m/nofp/libc_nano.a(lib_a-nano-svfprintf.o)
                0x000000002000b89c                _svfprintf_r
                0x000000002000b89c                _svfiprintf_r
 .text._printf_common
                0x000000002000ba9c       0xda /Applications/ARM/bin/../lib/gcc/arm-none-eabi/10.3.1/../../../../arm-none-eabi/lib/thumb/v7e-m/nofp/libc_nano.a(lib_a-nano-vfprintf_i.o)
                0x000000002000ba9c                _printf_common
 *fill*         0x000000002000bb76        0x2 
 .text._printf_i
                0x000000002000bb78      0x24c /Applications/ARM/bin/../lib/gcc/arm-none-eabi/10.3.1/../../../../arm-none-eabi/lib/thumb/v7e-m/nofp/libc_nano.a(lib_a-nano-vfprintf_i.o)
                0x000000002000bb78                _printf_i
 .text.__retarget_lock_acquire_recursive
                0x000000002000bdc4        0x2 /Applications/ARM/bin/../lib/gcc/arm-none-eabi/10.3.1/../../../../arm-none-eabi/lib/thumb/v7e-m/nofp/libc_nano.a(lib_a-lock.o)
                0x000000002000bdc4                __retarget_lock_acquire_recursive
 .text.__retarget_lock_release_recursive
                0x000000002000bdc6        0x2 /Applications/ARM/bin/../lib/gcc/arm-none-eabi/10.3.1/../../../../arm-none-eabi/lib/thumb/v7e-m/nofp/libc_nano.a(lib_a-lock.o)
                0x000000002000bdc6                __retarget_lock_release_recursive
 *fill*         0x000000002000bdc8        0x8 
 .text          0x000000002000bdd0       0xa0 /Applications/ARM/bin/../lib/gcc/arm-none-eabi/10.3.1/../../../../arm-none-eabi/lib/thumb/v7e-m/nofp/libc_nano.a(lib_a-memchr.o)
                0x000000002000bdd0                memchr
 .text._malloc_usable_size_r
                0x000000002000be70       0x10 /Applications/ARM/bin/../lib/gcc/arm-none-eabi/10.3.1/../../../../arm-none-eabi/lib/thumb/v7e-m/nofp/libc_nano.a(lib_a-nano-msizer.o)
                0x000000002000be70                _malloc_usable_size_r
 *(.rodata*)
 .rodata        0x000000002000be80      0x2c3 obj//Debug/main.o
 *fill*         0x000000002000c143        0x1 
 .rodata.__FUNCTION__.1
                0x000000002000c144        0xc obj//Debug/main.o
 .rodata.__FUNCTION__.0
                0x000000002000c150        0x5 obj//Debug/main.o
 *fill*         0x000000002000c155        0x3 
 .rodata        0x000000002000c158      0x120 obj//Debug/lp3p0_plat_ops.o
 .rodata        0x000000002000c278       0x2a obj//Debug/uart_if.o
 *fill*         0x000000002000c2a2        0x2 
 .rodata.StartResponseLUT
                0x000000002000c2a4        0x8 ../../../simplelink/gcc/lib/nonos/Debug/libsimplelink.a(device.o)
 .rodata._SlStopCmdCtrl
                0x000000002000c2ac        0x4 ../../../simplelink/gcc/lib/nonos/Debug/libsimplelink.a(device.o)
 .rodata.g_H2NSyncPattern
                0x000000002000c2b0        0x8 ../../../simplelink/gcc/lib/nonos/Debug/libsimplelink.a(driver.o)
 .rodata.g_H2NCnysPattern
                0x000000002000c2b8        0x8 ../../../simplelink/gcc/lib/nonos/Debug/libsimplelink.a(driver.o)
 .rodata._SlActionLookupTable
                0x000000002000c2c0       0x38 ../../../simplelink/gcc/lib/nonos/Debug/libsimplelink.a(driver.o)
                0x000000002000c2c0                _SlActionLookupTable
 .rodata.OpcodeTranslateTable
                0x000000002000c2f8       0x3c ../../../simplelink/gcc/lib/nonos/Debug/libsimplelink.a(driver.o)
                0x000000002000c2f8                OpcodeTranslateTable
 .rodata.RxMsgClassLUT
                0x000000002000c334       0x20 ../../../simplelink/gcc/lib/nonos/Debug/libsimplelink.a(driver.o)
 .rodata._SlNetAppSendTokenValueCmdCtrl
                0x000000002000c354        0x4 ../../../simplelink/gcc/lib/nonos/Debug/libsimplelink.a(netapp.o)
                0x000000002000c354                _SlNetAppSendTokenValueCmdCtrl
 .rodata._SlPayloadByProtocolLUT
                0x000000002000c358       0x10 ../../../simplelink/gcc/lib/nonos/Debug/libsimplelink.a(socket.o)
 .rodata._SlSockSocketCmdCtrl
                0x000000002000c368        0x4 ../../../simplelink/gcc/lib/nonos/Debug/libsimplelink.a(socket.o)
 .rodata._SlSockCloseCmdCtrl
                0x000000002000c36c        0x4 ../../../simplelink/gcc/lib/nonos/Debug/libsimplelink.a(socket.o)
 .rodata._SlRecvfomCmdCtrl
                0x000000002000c370        0x4 ../../../simplelink/gcc/lib/nonos/Debug/libsimplelink.a(socket.o)
 .rodata._SlSetSockOptCmdCtrl
                0x000000002000c374        0x4 ../../../simplelink/gcc/lib/nonos/Debug/libsimplelink.a(socket.o)
 .rodata._SlPolicySetCmdCtrl
                0x000000002000c378        0x4 ../../../simplelink/gcc/lib/nonos/Debug/libsimplelink.a(wlan.o)
 .rodata._SlWlanSetModeCmdCtrl
                0x000000002000c37c        0x4 ../../../simplelink/gcc/lib/nonos/Debug/libsimplelink.a(wlan.o)
 .rodata        0x000000002000c380        0x5 ../../../middleware/gcc/lib/Debug/middleware.a(cc_pm.o)
 *fill*         0x000000002000c385        0x3 
 .rodata.g_pulRegs
                0x000000002000c388       0xd4 ../../../driverlib/gcc/lib/Debug/libdriver.a(interrupt.o)
 .rodata.g_pulEnRegs
                0x000000002000c45c       0x18 ../../../driverlib/gcc/lib/Debug/libdriver.a(interrupt.o)
 .rodata.g_pulDisRegs
                0x000000002000c474       0x18 ../../../driverlib/gcc/lib/Debug/libdriver.a(interrupt.o)
 .rodata.g_pulPendRegs
                0x000000002000c48c       0x18 ../../../driverlib/gcc/lib/Debug/libdriver.a(interrupt.o)
 .rodata.g_pulUnpendRegs
                0x000000002000c4a4       0x18 ../../../driverlib/gcc/lib/Debug/libdriver.a(interrupt.o)
 .rodata.g_ulPinToPadMap
                0x000000002000c4bc      0x100 ../../../driverlib/gcc/lib/Debug/libdriver.a(pin.o)
 .rodata.PRCM_PeriphRegsList
                0x000000002000c5bc       0xa8 ../../../driverlib/gcc/lib/Debug/libdriver.a(prcm.o)
 .rodata.g_ppulSPIIntMap
                0x000000002000c664       0x24 ../../../driverlib/gcc/lib/Debug/libdriver.a(spi.o)
 .rodata.g_ulSPIDmaMaskMap
                0x000000002000c688       0x18 ../../../driverlib/gcc/lib/Debug/libdriver.a(spi.o)
 .rodata._svfprintf_r.str1.1
                0x000000002000c6a0       0x11 /Applications/ARM/bin/../lib/gcc/arm-none-eabi/10.3.1/../../../../arm-none-eabi/lib/thumb/v7e-m/nofp/libc_nano.a(lib_a-nano-svfprintf.o)
 .rodata._printf_i.str1.1
                0x000000002000c6b1       0x22 /Applications/ARM/bin/../lib/gcc/arm-none-eabi/10.3.1/../../../../arm-none-eabi/lib/thumb/v7e-m/nofp/libc_nano.a(lib_a-nano-vfprintf_i.o)
 *(.ARM.extab* .gnu.linkonce.armextab.*)
                0x000000002000c6d8                . = ALIGN (0x8)
 *fill*         0x000000002000c6d3        0x5 
                0x000000002000c6d8                _etext = .

.glue_7         0x000000002000c6d8        0x0
 .glue_7        0x000000002000c6d8        0x0 linker stubs

.glue_7t        0x000000002000c6d8        0x0
 .glue_7t       0x000000002000c6d8        0x0 linker stubs

.vfp11_veneer   0x000000002000c6d8        0x0
 .vfp11_veneer  0x000000002000c6d8        0x0 linker stubs

.v4_bx          0x000000002000c6d8        0x0
 .v4_bx         0x000000002000c6d8        0x0 linker stubs

.iplt           0x000000002000c6d8        0x0
 .iplt          0x000000002000c6d8        0x0 obj//Debug/main.o

.rel.dyn        0x000000002000c6d8        0x0
 .rel.iplt      0x000000002000c6d8        0x0 obj//Debug/main.o

.ARM            0x000000002000c6d8        0x0
                0x000000002000c6d8                __exidx_start = .
 *(.ARM.exidx*)
                0x000000002000c6d8                __exidx_end = .
                0x000000002000c6d8                __init_data = .

.data           0x000000002000c6d8      0x1e0
                0x000000002000c6d8                _data = .
 *(.data*)
 .data.g_ulDestinationIp
                0x000000002000c6d8        0x4 obj//Debug/main.o
                0x000000002000c6d8                g_ulDestinationIp
 .data.g_ulPacketCount
                0x000000002000c6dc        0x4 obj//Debug/main.o
                0x000000002000c6dc                g_ulPacketCount
 .data.cc32xx_io_park
                0x000000002000c6e0      0x150 obj//Debug/lp3p0_plat_ops.o
                0x000000002000c6e0                cc32xx_io_park
 .data.wlan_callbacks
                0x000000002000c830        0x4 ../../../simplelink/gcc/lib/nonos/Debug/libsimplelink.a(driver.o)
 .data.cc_pm_ctrl
                0x000000002000c834        0x8 ../../../middleware/gcc/lib/Debug/middleware.a(cc_pm_ops.o)
                0x000000002000c834                cc_pm_ctrl
 .data.nvic_int_mask
                0x000000002000c83c       0x18 ../../../middleware/gcc/lib/Debug/middleware.a(cc_pm_ops.o)
                0x000000002000c83c                nvic_int_mask
 .data._impure_ptr
                0x000000002000c854        0x4 /Applications/ARM/bin/../lib/gcc/arm-none-eabi/10.3.1/../../../../arm-none-eabi/lib/thumb/v7e-m/nofp/libc_nano.a(lib_a-impure.o)
                0x000000002000c854                _impure_ptr
 .data.impure_data
                0x000000002000c858       0x60 /Applications/ARM/bin/../lib/gcc/arm-none-eabi/10.3.1/../../../../arm-none-eabi/lib/thumb/v7e-m/nofp/libc_nano.a(lib_a-impure.o)
                0x000000002000c8b8                . = ALIGN (0x8)
                0x000000002000c8b8                _edata = .

.igot.plt       0x000000002000c8b8        0x0
 .igot.plt      0x000000002000c8b8        0x0 obj//Debug/main.o

.bss            0x000000002000cc00     0x2001
                0x000000002000cc00                _bss = .
 *(.bss*)
 .bss.g_ulIpAddr
                0x000000002000cc00        0x4 obj//Debug/main.o
                0x000000002000cc00                g_ulIpAddr
 .bss.g_ulStatus
                0x000000002000cc04        0x4 obj//Debug/main.o
                0x000000002000cc04                g_ulStatus
 .bss.g_cBsdBuf
                0x000000002000cc08      0x578 obj//Debug/main.o
                0x000000002000cc08                g_cBsdBuf
 .bss.sw_simulate_rtc
                0x000000002000d180        0x4 obj//Debug/lp3p0_board.o
                0x000000002000d180                sw_simulate_rtc
 .bss.user_sel_power_mode
                0x000000002000d184        0x4 obj//Debug/lp3p0_plat_ops.o
                0x000000002000d184                user_sel_power_mode
 .bss.lpds_wk_info
                0x000000002000d188       0x14 obj//Debug/lp3p0_plat_ops.o
                0x000000002000d188                lpds_wk_info
 .bss.hib_wk_info
                0x000000002000d19c       0x14 obj//Debug/lp3p0_plat_ops.o
                0x000000002000d19c                hib_wk_info
 .bss.intr_ref_cnt
                0x000000002000d1b0        0x4 obj//Debug/lp3p0_plat_ops.o
                0x000000002000d1b0                intr_ref_cnt
 .bss.__Errorlog
                0x000000002000d1b4        0x4 obj//Debug/uart_if.o
 .bss.iDone     0x000000002000d1b8        0x1 obj//Debug/udma_if.o
                0x000000002000d1b8                iDone
 *fill*         0x000000002000d1b9        0x3 
 .bss.gfpAppCallbackHndl
                0x000000002000d1bc      0x100 obj//Debug/udma_if.o
                0x000000002000d1bc                gfpAppCallbackHndl
 *fill*         0x000000002000d2bc      0x144 
 .bss.gpCtlTbl  0x000000002000d400      0x400 obj//Debug/udma_if.o
                0x000000002000d400                gpCtlTbl
 .bss.heap_end  0x000000002000d800        0x4 obj//Debug/startup_gcc.o
 .bss.pui32Stack
                0x000000002000d804     0x1000 obj//Debug/startup_gcc.o
 .bss.g_SpiFd   0x000000002000e804        0x4 ../../../simplelink/gcc/lib/nonos/Debug/libsimplelink.a(cc_pal.o)
                0x000000002000e804                g_SpiFd
 .bss.g_ucDinDout
                0x000000002000e808       0x50 ../../../simplelink/gcc/lib/nonos/Debug/libsimplelink.a(cc_pal.o)
                0x000000002000e808                g_ucDinDout
 .bss.g_ucDMAEnabled
                0x000000002000e858        0x1 ../../../simplelink/gcc/lib/nonos/Debug/libsimplelink.a(cc_pal.o)
                0x000000002000e858                g_ucDMAEnabled
 .bss.g_cDummy  0x000000002000e859        0x1 ../../../simplelink/gcc/lib/nonos/Debug/libsimplelink.a(cc_pal.o)
                0x000000002000e859                g_cDummy
 .bss.g_SlDeviceStatus
                0x000000002000e85a        0x2 ../../../simplelink/gcc/lib/nonos/Debug/libsimplelink.a(driver.o)
                0x000000002000e85a                g_SlDeviceStatus
 .bss.g_StatMem
                0x000000002000e85c      0x168 ../../../simplelink/gcc/lib/nonos/Debug/libsimplelink.a(driver.o)
 .bss.RxIrqCnt  0x000000002000e9c4        0x1 ../../../simplelink/gcc/lib/nonos/Debug/libsimplelink.a(driver.o)
                0x000000002000e9c4                RxIrqCnt
 .bss.g_bDeviceRestartIsRequired
                0x000000002000e9c5        0x1 ../../../simplelink/gcc/lib/nonos/Debug/libsimplelink.a(driver.o)
                0x000000002000e9c5                g_bDeviceRestartIsRequired
 *fill*         0x000000002000e9c6        0x2 
 .bss.g_pCB     0x000000002000e9c8        0x4 ../../../simplelink/gcc/lib/nonos/Debug/libsimplelink.a(driver.o)
                0x000000002000e9c8                g_pCB
 .bss.pPingCallBackFunc
                0x000000002000e9cc        0x4 ../../../simplelink/gcc/lib/nonos/Debug/libsimplelink.a(driver.o)
                0x000000002000e9cc                pPingCallBackFunc
 .bss.gFirstCmdMode
                0x000000002000e9d0        0x1 ../../../simplelink/gcc/lib/nonos/Debug/libsimplelink.a(driver.o)
 *fill*         0x000000002000e9d1        0x3 
 .bss.g__SlNonOsCB
                0x000000002000e9d4       0x3c ../../../simplelink/gcc/lib/nonos/Debug/libsimplelink.a(nonos.o)
                0x000000002000e9d4                g__SlNonOsCB
 .bss.vault_arm_registers
                0x000000002000ea10       0x1c ../../../middleware/gcc/lib/Debug/middleware.a(cc_pm.o)
                0x000000002000ea10                vault_arm_registers
 .bss.pform_info
                0x000000002000ea2c       0x48 ../../../middleware/gcc/lib/Debug/middleware.a(cc_pm.o)
 .bss.pform     0x000000002000ea74        0x4 ../../../middleware/gcc/lib/Debug/middleware.a(cc_pm.o)
 .bss.nvic_reg_store
                0x000000002000ea78      0x110 ../../../middleware/gcc/lib/Debug/middleware.a(cc_pm_ops.o)
                0x000000002000ea78                nvic_reg_store
 .bss.gpio_control
                0x000000002000eb88       0x6c ../../../middleware/gcc/lib/Debug/middleware.a(gpio_hal.o)
                0x000000002000eb88                gpio_control
 .bss.__malloc_free_list
                0x000000002000ebf4        0x4 /Applications/ARM/bin/../lib/gcc/arm-none-eabi/10.3.1/../../../../arm-none-eabi/lib/thumb/v7e-m/nofp/libc_nano.a(lib_a-nano-mallocr.o)
                0x000000002000ebf4                __malloc_free_list
 .bss.__malloc_sbrk_start
                0x000000002000ebf8        0x4 /Applications/ARM/bin/../lib/gcc/arm-none-eabi/10.3.1/../../../../arm-none-eabi/lib/thumb/v7e-m/nofp/libc_nano.a(lib_a-nano-mallocr.o)
                0x000000002000ebf8                __malloc_sbrk_start
 .bss.errno     0x000000002000ebfc        0x4 /Applications/ARM/bin/../lib/gcc/arm-none-eabi/10.3.1/../../../../arm-none-eabi/lib/thumb/v7e-m/nofp/libc_nano.a(lib_a-reent.o)
                0x000000002000ebfc                errno
 .bss.__lock___malloc_recursive_mutex
                0x000000002000ec00        0x1 /Applications/ARM/bin/../lib/gcc/arm-none-eabi/10.3.1/../../../../arm-none-eabi/lib/thumb/v7e-m/nofp/libc_nano.a(lib_a-lock.o)
                0x000000002000ec00                __lock___malloc_recursive_mutex
 *(COMMON)
                0x000000002000ec01                _ebss = .

.heap           0x000000002000ec01    0x313ff
                0x000000002000ec01                _heap = .
                0x000000002003ff48                . = (((((((. + LENGTH (SRAM)) - SIZEOF (.bss)) - SIZEOF (.data)) - SIZEOF (.ARM)) - SIZEOF (.text)) - SIZEOF (.bootloader)) - 0x400)
 *fill*         0x000000002000ec01    0x31347 
                0x0000000020040000                . = ALIGN (0x400)
 *fill*         0x000000002003ff48       0xb8 
                0x0000000020040000                _eheap = .
LOAD obj//Debug/main.o
LOAD obj//Debug/pinmux.o
LOAD obj//Debug/lp3p0_board.o
LOAD obj//Debug/lp3p0_plat_ops.o
LOAD obj//Debug/uart_if.o
LOAD obj//Debug/udma_if.o
LOAD obj//Debug/utils_if.o
LOAD obj//Debug/startup_gcc.o
LOAD ../../../simplelink/gcc/lib/nonos/Debug/libsimplelink.a
LOAD ../../../middleware/gcc/lib/Debug/middleware.a
LOAD ../../../driverlib/gcc/lib/Debug/libdriver.a
LOAD /Applications/ARM/bin/../lib/gcc/arm-none-eabi/10.3.1/../../../../arm-none-eabi/lib/thumb/v7e-m/nofp/libm.a
LOAD /Applications/ARM/bin/../lib/gcc/arm-none-eabi/10.3.1/../../../../arm-none-eabi/lib/thumb/v7e-m/nofp/libc_nano.a
LOAD /Applications/ARM/bin/../lib/gcc/arm-none-eabi/10.3.1/thumb/v7e-m/nofp/libgcc.a
LOAD /Applications/ARM/bin/../lib/gcc/arm-none-eabi/10.3.1/../../../../arm-none-eabi/lib/thumb/v7e-m/nofp/libnosys.a
OUTPUT(bin//Debug/idle_profile_nonos.elf elf32-littlearm)
LOAD linker stubs

.debug_info     0x0000000000000000    0x10c5c
 .debug_info    0x0000000000000000      0xeac obj//Debug/main.o
 .debug_info    0x0000000000000eac       0x46 obj//Debug/pinmux.o
 .debug_info    0x0000000000000ef2      0x296 obj//Debug/lp3p0_board.o
 .debug_info    0x0000000000001188      0x5bc obj//Debug/lp3p0_plat_ops.o
 .debug_info    0x0000000000001744      0x2c4 obj//Debug/uart_if.o
 .debug_info    0x0000000000001a08      0x39b obj//Debug/udma_if.o
 .debug_info    0x0000000000001da3       0xa4 obj//Debug/utils_if.o
 .debug_info    0x0000000000001e47      0x1f9 obj//Debug/startup_gcc.o
 .debug_info    0x0000000000002040      0x6c6 ../../../simplelink/gcc/lib/nonos/Debug/libsimplelink.a(cc_pal.o)
 .debug_info    0x0000000000002706      0xfe1 ../../../simplelink/gcc/lib/nonos/Debug/libsimplelink.a(device.o)
 .debug_info    0x00000000000036e7     0x23ec ../../../simplelink/gcc/lib/nonos/Debug/libsimplelink.a(driver.o)
 .debug_info    0x0000000000005ad3     0x1a66 ../../../simplelink/gcc/lib/nonos/Debug/libsimplelink.a(netapp.o)
 .debug_info    0x0000000000007539      0x6d3 ../../../simplelink/gcc/lib/nonos/Debug/libsimplelink.a(nonos.o)
 .debug_info    0x0000000000007c0c     0x1bec ../../../simplelink/gcc/lib/nonos/Debug/libsimplelink.a(socket.o)
 .debug_info    0x00000000000097f8     0x1c0e ../../../simplelink/gcc/lib/nonos/Debug/libsimplelink.a(wlan.o)
 .debug_info    0x000000000000b406      0x8cf ../../../middleware/gcc/lib/Debug/middleware.a(cc_pm.o)
 .debug_info    0x000000000000bcd5      0x1fc ../../../middleware/gcc/lib/Debug/middleware.a(cc_io_park.o)
 .debug_info    0x000000000000bed1      0x6c3 ../../../middleware/gcc/lib/Debug/middleware.a(cc_pm_ops.o)
 .debug_info    0x000000000000c594      0xb30 ../../../middleware/gcc/lib/Debug/middleware.a(gpio_hal.o)
 .debug_info    0x000000000000d0c4      0x109 ../../../driverlib/gcc/lib/Debug/libdriver.a(cpu.o)
 .debug_info    0x000000000000d1cd      0x3e6 ../../../driverlib/gcc/lib/Debug/libdriver.a(gpio.o)
 .debug_info    0x000000000000d5b3      0x21f ../../../driverlib/gcc/lib/Debug/libdriver.a(hwspinlock.o)
 .debug_info    0x000000000000d7d2      0x3a2 ../../../driverlib/gcc/lib/Debug/libdriver.a(interrupt.o)
 .debug_info    0x000000000000db74      0x422 ../../../driverlib/gcc/lib/Debug/libdriver.a(pin.o)
 .debug_info    0x000000000000df96      0xac8 ../../../driverlib/gcc/lib/Debug/libdriver.a(prcm.o)
 .debug_info    0x000000000000ea5e      0xa4b ../../../driverlib/gcc/lib/Debug/libdriver.a(spi.o)
 .debug_info    0x000000000000f4a9      0x612 ../../../driverlib/gcc/lib/Debug/libdriver.a(timer.o)
 .debug_info    0x000000000000fabb      0x89d ../../../driverlib/gcc/lib/Debug/libdriver.a(uart.o)
 .debug_info    0x0000000000010358      0x58d ../../../driverlib/gcc/lib/Debug/libdriver.a(udma.o)
 .debug_info    0x00000000000108e5       0x52 ../../../driverlib/gcc/lib/Debug/libdriver.a(utils.o)
 .debug_info    0x0000000000010937      0x325 ../../../driverlib/gcc/lib/Debug/libdriver.a(flash.o)

.debug_abbrev   0x0000000000000000     0x33fd
 .debug_abbrev  0x0000000000000000      0x2e4 obj//Debug/main.o
 .debug_abbrev  0x00000000000002e4       0x39 obj//Debug/pinmux.o
 .debug_abbrev  0x000000000000031d      0x128 obj//Debug/lp3p0_board.o
 .debug_abbrev  0x0000000000000445      0x215 obj//Debug/lp3p0_plat_ops.o
 .debug_abbrev  0x000000000000065a      0x15d obj//Debug/uart_if.o
 .debug_abbrev  0x00000000000007b7      0x188 obj//Debug/udma_if.o
 .debug_abbrev  0x000000000000093f       0x71 obj//Debug/utils_if.o
 .debug_abbrev  0x00000000000009b0      0x135 obj//Debug/startup_gcc.o
 .debug_abbrev  0x0000000000000ae5      0x1fb ../../../simplelink/gcc/lib/nonos/Debug/libsimplelink.a(cc_pal.o)
 .debug_abbrev  0x0000000000000ce0      0x2b0 ../../../simplelink/gcc/lib/nonos/Debug/libsimplelink.a(device.o)
 .debug_abbrev  0x0000000000000f90      0x36e ../../../simplelink/gcc/lib/nonos/Debug/libsimplelink.a(driver.o)
 .debug_abbrev  0x00000000000012fe      0x2f4 ../../../simplelink/gcc/lib/nonos/Debug/libsimplelink.a(netapp.o)
 .debug_abbrev  0x00000000000015f2      0x1ae ../../../simplelink/gcc/lib/nonos/Debug/libsimplelink.a(nonos.o)
 .debug_abbrev  0x00000000000017a0      0x311 ../../../simplelink/gcc/lib/nonos/Debug/libsimplelink.a(socket.o)
 .debug_abbrev  0x0000000000001ab1      0x287 ../../../simplelink/gcc/lib/nonos/Debug/libsimplelink.a(wlan.o)
 .debug_abbrev  0x0000000000001d38      0x333 ../../../middleware/gcc/lib/Debug/middleware.a(cc_pm.o)
 .debug_abbrev  0x000000000000206b       0xe3 ../../../middleware/gcc/lib/Debug/middleware.a(cc_io_park.o)
 .debug_abbrev  0x000000000000214e      0x218 ../../../middleware/gcc/lib/Debug/middleware.a(cc_pm_ops.o)
 .debug_abbrev  0x0000000000002366      0x229 ../../../middleware/gcc/lib/Debug/middleware.a(gpio_hal.o)
 .debug_abbrev  0x000000000000258f       0xe0 ../../../driverlib/gcc/lib/Debug/libdriver.a(cpu.o)
 .debug_abbrev  0x000000000000266f      0x12e ../../../driverlib/gcc/lib/Debug/libdriver.a(gpio.o)
 .debug_abbrev  0x000000000000279d       0xc8 ../../../driverlib/gcc/lib/Debug/libdriver.a(hwspinlock.o)
 .debug_abbrev  0x0000000000002865      0x15d ../../../driverlib/gcc/lib/Debug/libdriver.a(interrupt.o)
 .debug_abbrev  0x00000000000029c2      0x120 ../../../driverlib/gcc/lib/Debug/libdriver.a(pin.o)
 .debug_abbrev  0x0000000000002ae2      0x206 ../../../driverlib/gcc/lib/Debug/libdriver.a(prcm.o)
 .debug_abbrev  0x0000000000002ce8      0x161 ../../../driverlib/gcc/lib/Debug/libdriver.a(spi.o)
 .debug_abbrev  0x0000000000002e49       0xec ../../../driverlib/gcc/lib/Debug/libdriver.a(timer.o)
 .debug_abbrev  0x0000000000002f35      0x145 ../../../driverlib/gcc/lib/Debug/libdriver.a(uart.o)
 .debug_abbrev  0x000000000000307a      0x186 ../../../driverlib/gcc/lib/Debug/libdriver.a(udma.o)
 .debug_abbrev  0x0000000000003200       0x4c ../../../driverlib/gcc/lib/Debug/libdriver.a(utils.o)
 .debug_abbrev  0x000000000000324c      0x1b1 ../../../driverlib/gcc/lib/Debug/libdriver.a(flash.o)

.debug_aranges  0x0000000000000000     0x1220
 .debug_aranges
                0x0000000000000000       0x78 obj//Debug/main.o
 .debug_aranges
                0x0000000000000078       0x20 obj//Debug/pinmux.o
 .debug_aranges
                0x0000000000000098       0x38 obj//Debug/lp3p0_board.o
 .debug_aranges
                0x00000000000000d0       0x88 obj//Debug/lp3p0_plat_ops.o
 .debug_aranges
                0x0000000000000158       0x50 obj//Debug/uart_if.o
 .debug_aranges
                0x00000000000001a8       0x68 obj//Debug/udma_if.o
 .debug_aranges
                0x0000000000000210       0x28 obj//Debug/utils_if.o
 .debug_aranges
                0x0000000000000238       0x48 obj//Debug/startup_gcc.o
 .debug_aranges
                0x0000000000000280       0xc0 ../../../simplelink/gcc/lib/nonos/Debug/libsimplelink.a(cc_pal.o)
 .debug_aranges
                0x0000000000000340       0x78 ../../../simplelink/gcc/lib/nonos/Debug/libsimplelink.a(device.o)
 .debug_aranges
                0x00000000000003b8      0x148 ../../../simplelink/gcc/lib/nonos/Debug/libsimplelink.a(driver.o)
 .debug_aranges
                0x0000000000000500       0xa8 ../../../simplelink/gcc/lib/nonos/Debug/libsimplelink.a(netapp.o)
 .debug_aranges
                0x00000000000005a8       0x38 ../../../simplelink/gcc/lib/nonos/Debug/libsimplelink.a(nonos.o)
 .debug_aranges
                0x00000000000005e0       0xe0 ../../../simplelink/gcc/lib/nonos/Debug/libsimplelink.a(socket.o)
 .debug_aranges
                0x00000000000006c0       0xb0 ../../../simplelink/gcc/lib/nonos/Debug/libsimplelink.a(wlan.o)
 .debug_aranges
                0x0000000000000770       0xb0 ../../../middleware/gcc/lib/Debug/middleware.a(cc_pm.o)
 .debug_aranges
                0x0000000000000820       0x30 ../../../middleware/gcc/lib/Debug/middleware.a(cc_io_park.o)
 .debug_aranges
                0x0000000000000850       0xb8 ../../../middleware/gcc/lib/Debug/middleware.a(cc_pm_ops.o)
 .debug_aranges
                0x0000000000000908       0x90 ../../../middleware/gcc/lib/Debug/middleware.a(gpio_hal.o)
 .debug_aranges
                0x0000000000000998       0x48 ../../../driverlib/gcc/lib/Debug/libdriver.a(cpu.o)
 .debug_aranges
                0x00000000000009e0       0x90 ../../../driverlib/gcc/lib/Debug/libdriver.a(gpio.o)
 .debug_aranges
                0x0000000000000a70       0x38 ../../../driverlib/gcc/lib/Debug/libdriver.a(hwspinlock.o)
 .debug_aranges
                0x0000000000000aa8       0x98 ../../../driverlib/gcc/lib/Debug/libdriver.a(interrupt.o)
 .debug_aranges
                0x0000000000000b40       0x90 ../../../driverlib/gcc/lib/Debug/libdriver.a(pin.o)
 .debug_aranges
                0x0000000000000bd0      0x1b8 ../../../driverlib/gcc/lib/Debug/libdriver.a(prcm.o)
 .debug_aranges
                0x0000000000000d88      0x100 ../../../driverlib/gcc/lib/Debug/libdriver.a(spi.o)
 .debug_aranges
                0x0000000000000e88       0xd8 ../../../driverlib/gcc/lib/Debug/libdriver.a(timer.o)
 .debug_aranges
                0x0000000000000f60      0x140 ../../../driverlib/gcc/lib/Debug/libdriver.a(uart.o)
 .debug_aranges
                0x00000000000010a0       0xd8 ../../../driverlib/gcc/lib/Debug/libdriver.a(udma.o)
 .debug_aranges
                0x0000000000001178       0x20 ../../../driverlib/gcc/lib/Debug/libdriver.a(utils.o)
 .debug_aranges
                0x0000000000001198       0x88 ../../../driverlib/gcc/lib/Debug/libdriver.a(flash.o)

.debug_ranges   0x0000000000000000     0x1090
 .debug_ranges  0x0000000000000000       0x68 obj//Debug/main.o
 .debug_ranges  0x0000000000000068       0x10 obj//Debug/pinmux.o
 .debug_ranges  0x0000000000000078       0x28 obj//Debug/lp3p0_board.o
 .debug_ranges  0x00000000000000a0       0x78 obj//Debug/lp3p0_plat_ops.o
 .debug_ranges  0x0000000000000118       0x40 obj//Debug/uart_if.o
 .debug_ranges  0x0000000000000158       0x58 obj//Debug/udma_if.o
 .debug_ranges  0x00000000000001b0       0x18 obj//Debug/utils_if.o
 .debug_ranges  0x00000000000001c8       0x38 obj//Debug/startup_gcc.o
 .debug_ranges  0x0000000000000200       0xb0 ../../../simplelink/gcc/lib/nonos/Debug/libsimplelink.a(cc_pal.o)
 .debug_ranges  0x00000000000002b0       0x68 ../../../simplelink/gcc/lib/nonos/Debug/libsimplelink.a(device.o)
 .debug_ranges  0x0000000000000318      0x150 ../../../simplelink/gcc/lib/nonos/Debug/libsimplelink.a(driver.o)
 .debug_ranges  0x0000000000000468       0x98 ../../../simplelink/gcc/lib/nonos/Debug/libsimplelink.a(netapp.o)
 .debug_ranges  0x0000000000000500       0x28 ../../../simplelink/gcc/lib/nonos/Debug/libsimplelink.a(nonos.o)
 .debug_ranges  0x0000000000000528       0xd0 ../../../simplelink/gcc/lib/nonos/Debug/libsimplelink.a(socket.o)
 .debug_ranges  0x00000000000005f8       0xa0 ../../../simplelink/gcc/lib/nonos/Debug/libsimplelink.a(wlan.o)
 .debug_ranges  0x0000000000000698       0xe8 ../../../middleware/gcc/lib/Debug/middleware.a(cc_pm.o)
 .debug_ranges  0x0000000000000780       0x20 ../../../middleware/gcc/lib/Debug/middleware.a(cc_io_park.o)
 .debug_ranges  0x00000000000007a0       0xa8 ../../../middleware/gcc/lib/Debug/middleware.a(cc_pm_ops.o)
 .debug_ranges  0x0000000000000848       0x80 ../../../middleware/gcc/lib/Debug/middleware.a(gpio_hal.o)
 .debug_ranges  0x00000000000008c8       0x38 ../../../driverlib/gcc/lib/Debug/libdriver.a(cpu.o)
 .debug_ranges  0x0000000000000900       0x80 ../../../driverlib/gcc/lib/Debug/libdriver.a(gpio.o)
 .debug_ranges  0x0000000000000980       0x28 ../../../driverlib/gcc/lib/Debug/libdriver.a(hwspinlock.o)
 .debug_ranges  0x00000000000009a8       0x88 ../../../driverlib/gcc/lib/Debug/libdriver.a(interrupt.o)
 .debug_ranges  0x0000000000000a30       0x80 ../../../driverlib/gcc/lib/Debug/libdriver.a(pin.o)
 .debug_ranges  0x0000000000000ab0      0x1a8 ../../../driverlib/gcc/lib/Debug/libdriver.a(prcm.o)
 .debug_ranges  0x0000000000000c58       0xf0 ../../../driverlib/gcc/lib/Debug/libdriver.a(spi.o)
 .debug_ranges  0x0000000000000d48       0xc8 ../../../driverlib/gcc/lib/Debug/libdriver.a(timer.o)
 .debug_ranges  0x0000000000000e10      0x130 ../../../driverlib/gcc/lib/Debug/libdriver.a(uart.o)
 .debug_ranges  0x0000000000000f40       0xc8 ../../../driverlib/gcc/lib/Debug/libdriver.a(udma.o)
 .debug_ranges  0x0000000000001008       0x10 ../../../driverlib/gcc/lib/Debug/libdriver.a(utils.o)
 .debug_ranges  0x0000000000001018       0x78 ../../../driverlib/gcc/lib/Debug/libdriver.a(flash.o)

.debug_line     0x0000000000000000     0x8af9
 .debug_line    0x0000000000000000      0x36b obj//Debug/main.o
 .debug_line    0x000000000000036b       0x4d obj//Debug/pinmux.o
 .debug_line    0x00000000000003b8       0xfc obj//Debug/lp3p0_board.o
 .debug_line    0x00000000000004b4      0x335 obj//Debug/lp3p0_plat_ops.o
 .debug_line    0x00000000000007e9      0x263 obj//Debug/uart_if.o
 .debug_line    0x0000000000000a4c      0x1ae obj//Debug/udma_if.o
 .debug_line    0x0000000000000bfa       0xcd obj//Debug/utils_if.o
 .debug_line    0x0000000000000cc7      0x18c obj//Debug/startup_gcc.o
 .debug_line    0x0000000000000e53      0x586 ../../../simplelink/gcc/lib/nonos/Debug/libsimplelink.a(cc_pal.o)
 .debug_line    0x00000000000013d9      0x4b2 ../../../simplelink/gcc/lib/nonos/Debug/libsimplelink.a(device.o)
 .debug_line    0x000000000000188b     0x12a2 ../../../simplelink/gcc/lib/nonos/Debug/libsimplelink.a(driver.o)
 .debug_line    0x0000000000002b2d      0x7cc ../../../simplelink/gcc/lib/nonos/Debug/libsimplelink.a(netapp.o)
 .debug_line    0x00000000000032f9      0x1d7 ../../../simplelink/gcc/lib/nonos/Debug/libsimplelink.a(nonos.o)
 .debug_line    0x00000000000034d0      0xa45 ../../../simplelink/gcc/lib/nonos/Debug/libsimplelink.a(socket.o)
 .debug_line    0x0000000000003f15      0x8cf ../../../simplelink/gcc/lib/nonos/Debug/libsimplelink.a(wlan.o)
 .debug_line    0x00000000000047e4      0x60d ../../../middleware/gcc/lib/Debug/middleware.a(cc_pm.o)
 .debug_line    0x0000000000004df1      0x164 ../../../middleware/gcc/lib/Debug/middleware.a(cc_io_park.o)
 .debug_line    0x0000000000004f55      0x5e8 ../../../middleware/gcc/lib/Debug/middleware.a(cc_pm_ops.o)
 .debug_line    0x000000000000553d      0x62a ../../../middleware/gcc/lib/Debug/middleware.a(gpio_hal.o)
 .debug_line    0x0000000000005b67       0xcc ../../../driverlib/gcc/lib/Debug/libdriver.a(cpu.o)
 .debug_line    0x0000000000005c33      0x381 ../../../driverlib/gcc/lib/Debug/libdriver.a(gpio.o)
 .debug_line    0x0000000000005fb4      0x1e8 ../../../driverlib/gcc/lib/Debug/libdriver.a(hwspinlock.o)
 .debug_line    0x000000000000619c      0x379 ../../../driverlib/gcc/lib/Debug/libdriver.a(interrupt.o)
 .debug_line    0x0000000000006515      0x26f ../../../driverlib/gcc/lib/Debug/libdriver.a(pin.o)
 .debug_line    0x0000000000006784      0x940 ../../../driverlib/gcc/lib/Debug/libdriver.a(prcm.o)
 .debug_line    0x00000000000070c4      0x6de ../../../driverlib/gcc/lib/Debug/libdriver.a(spi.o)
 .debug_line    0x00000000000077a2      0x500 ../../../driverlib/gcc/lib/Debug/libdriver.a(timer.o)
 .debug_line    0x0000000000007ca2      0x5b3 ../../../driverlib/gcc/lib/Debug/libdriver.a(uart.o)
 .debug_line    0x0000000000008255      0x4fa ../../../driverlib/gcc/lib/Debug/libdriver.a(udma.o)
 .debug_line    0x000000000000874f       0x43 ../../../driverlib/gcc/lib/Debug/libdriver.a(utils.o)
 .debug_line    0x0000000000008792      0x367 ../../../driverlib/gcc/lib/Debug/libdriver.a(flash.o)

.debug_str      0x0000000000000000     0x678f
 .debug_str     0x0000000000000000      0xc3c obj//Debug/main.o
                                        0xcf6 (size before relaxing)
 .debug_str     0x0000000000000c3c       0x19 obj//Debug/pinmux.o
                                        0x120 (size before relaxing)
 .debug_str     0x0000000000000c55       0xd7 obj//Debug/lp3p0_board.o
                                        0x2f8 (size before relaxing)
 .debug_str     0x0000000000000d2c      0x2a1 obj//Debug/lp3p0_plat_ops.o
                                        0x57c (size before relaxing)
 .debug_str     0x0000000000000fcd       0xdf obj//Debug/uart_if.o
                                        0x273 (size before relaxing)
 .debug_str     0x00000000000010ac      0x1d8 obj//Debug/udma_if.o
                                        0x35f (size before relaxing)
 .debug_str     0x0000000000001284       0x55 obj//Debug/utils_if.o
                                        0x1c9 (size before relaxing)
 .debug_str     0x00000000000012d9       0xc2 obj//Debug/startup_gcc.o
                                        0x257 (size before relaxing)
 .debug_str     0x000000000000139b      0x34c ../../../simplelink/gcc/lib/nonos/Debug/libsimplelink.a(cc_pal.o)
                                        0x4c4 (size before relaxing)
 .debug_str     0x00000000000016e7      0x83e ../../../simplelink/gcc/lib/nonos/Debug/libsimplelink.a(device.o)
                                        0xdb7 (size before relaxing)
 .debug_str     0x0000000000001f25      0x93b ../../../simplelink/gcc/lib/nonos/Debug/libsimplelink.a(driver.o)
                                       0x17f0 (size before relaxing)
 .debug_str     0x0000000000002860      0x958 ../../../simplelink/gcc/lib/nonos/Debug/libsimplelink.a(netapp.o)
                                       0x12fd (size before relaxing)
 .debug_str     0x00000000000031b8       0x8e ../../../simplelink/gcc/lib/nonos/Debug/libsimplelink.a(nonos.o)
                                        0x5e7 (size before relaxing)
 .debug_str     0x0000000000003246      0x5a9 ../../../simplelink/gcc/lib/nonos/Debug/libsimplelink.a(socket.o)
                                        0xe3d (size before relaxing)
 .debug_str     0x00000000000037ef      0xd32 ../../../simplelink/gcc/lib/nonos/Debug/libsimplelink.a(wlan.o)
                                       0x1095 (size before relaxing)
 .debug_str     0x0000000000004521      0x408 ../../../middleware/gcc/lib/Debug/middleware.a(cc_pm.o)
                                        0x678 (size before relaxing)
 .debug_str     0x0000000000004929       0x82 ../../../middleware/gcc/lib/Debug/middleware.a(cc_io_park.o)
                                        0x279 (size before relaxing)
 .debug_str     0x00000000000049ab      0x355 ../../../middleware/gcc/lib/Debug/middleware.a(cc_pm_ops.o)
                                        0x5a0 (size before relaxing)
 .debug_str     0x0000000000004d00      0x3b3 ../../../middleware/gcc/lib/Debug/middleware.a(gpio_hal.o)
                                        0x599 (size before relaxing)
 .debug_str     0x00000000000050b3       0xa3 ../../../driverlib/gcc/lib/Debug/libdriver.a(cpu.o)
                                        0x144 (size before relaxing)
 .debug_str     0x0000000000005156      0x168 ../../../driverlib/gcc/lib/Debug/libdriver.a(gpio.o)
                                        0x274 (size before relaxing)
 .debug_str     0x00000000000052be       0xba ../../../driverlib/gcc/lib/Debug/libdriver.a(hwspinlock.o)
                                        0x236 (size before relaxing)
 .debug_str     0x0000000000005378      0x17f ../../../driverlib/gcc/lib/Debug/libdriver.a(interrupt.o)
                                        0x2d5 (size before relaxing)
 .debug_str     0x00000000000054f7      0x10d ../../../driverlib/gcc/lib/Debug/libdriver.a(pin.o)
                                        0x239 (size before relaxing)
 .debug_str     0x0000000000005604      0x608 ../../../driverlib/gcc/lib/Debug/libdriver.a(prcm.o)
                                        0x75c (size before relaxing)
 .debug_str     0x0000000000005c0c      0x2bc ../../../driverlib/gcc/lib/Debug/libdriver.a(spi.o)
                                        0x45a (size before relaxing)
 .debug_str     0x0000000000005ec8      0x1b5 ../../../driverlib/gcc/lib/Debug/libdriver.a(timer.o)
                                        0x2ea (size before relaxing)
 .debug_str     0x000000000000607d      0x2ca ../../../driverlib/gcc/lib/Debug/libdriver.a(uart.o)
                                        0x462 (size before relaxing)
 .debug_str     0x0000000000006347      0x2bd ../../../driverlib/gcc/lib/Debug/libdriver.a(udma.o)
                                        0x418 (size before relaxing)
 .debug_str     0x0000000000006604       0x16 ../../../driverlib/gcc/lib/Debug/libdriver.a(utils.o)
                                        0x106 (size before relaxing)
 .debug_str     0x000000000000661a      0x175 ../../../driverlib/gcc/lib/Debug/libdriver.a(flash.o)
                                        0x2b8 (size before relaxing)

.comment        0x0000000000000000       0x49
 .comment       0x0000000000000000       0x49 obj//Debug/main.o
                                         0x4a (size before relaxing)
 .comment       0x0000000000000049       0x4a obj//Debug/pinmux.o
 .comment       0x0000000000000049       0x4a obj//Debug/lp3p0_board.o
 .comment       0x0000000000000049       0x4a obj//Debug/lp3p0_plat_ops.o
 .comment       0x0000000000000049       0x4a obj//Debug/uart_if.o
 .comment       0x0000000000000049       0x4a obj//Debug/udma_if.o
 .comment       0x0000000000000049       0x4a obj//Debug/utils_if.o
 .comment       0x0000000000000049       0x4a obj//Debug/startup_gcc.o
 .comment       0x0000000000000049       0x4a ../../../simplelink/gcc/lib/nonos/Debug/libsimplelink.a(cc_pal.o)
 .comment       0x0000000000000049       0x4a ../../../simplelink/gcc/lib/nonos/Debug/libsimplelink.a(device.o)
 .comment       0x0000000000000049       0x4a ../../../simplelink/gcc/lib/nonos/Debug/libsimplelink.a(driver.o)
 .comment       0x0000000000000049       0x4a ../../../simplelink/gcc/lib/nonos/Debug/libsimplelink.a(netapp.o)
 .comment       0x0000000000000049       0x4a ../../../simplelink/gcc/lib/nonos/Debug/libsimplelink.a(nonos.o)
 .comment       0x0000000000000049       0x4a ../../../simplelink/gcc/lib/nonos/Debug/libsimplelink.a(socket.o)
 .comment       0x0000000000000049       0x4a ../../../simplelink/gcc/lib/nonos/Debug/libsimplelink.a(wlan.o)
 .comment       0x0000000000000049       0x4a ../../../middleware/gcc/lib/Debug/middleware.a(cc_pm.o)
 .comment       0x0000000000000049       0x4a ../../../middleware/gcc/lib/Debug/middleware.a(cc_io_park.o)
 .comment       0x0000000000000049       0x4a ../../../middleware/gcc/lib/Debug/middleware.a(cc_pm_ops.o)
 .comment       0x0000000000000049       0x4a ../../../middleware/gcc/lib/Debug/middleware.a(gpio_hal.o)
 .comment       0x0000000000000049       0x4a ../../../driverlib/gcc/lib/Debug/libdriver.a(cpu.o)
 .comment       0x0000000000000049       0x4a ../../../driverlib/gcc/lib/Debug/libdriver.a(gpio.o)
 .comment       0x0000000000000049       0x4a ../../../driverlib/gcc/lib/Debug/libdriver.a(hwspinlock.o)
 .comment       0x0000000000000049       0x4a ../../../driverlib/gcc/lib/Debug/libdriver.a(interrupt.o)
 .comment       0x0000000000000049       0x4a ../../../driverlib/gcc/lib/Debug/libdriver.a(pin.o)
 .comment       0x0000000000000049       0x4a ../../../driverlib/gcc/lib/Debug/libdriver.a(prcm.o)
 .comment       0x0000000000000049       0x4a ../../../driverlib/gcc/lib/Debug/libdriver.a(spi.o)
 .comment       0x0000000000000049       0x4a ../../../driverlib/gcc/lib/Debug/libdriver.a(timer.o)
 .comment       0x0000000000000049       0x4a ../../../driverlib/gcc/lib/Debug/libdriver.a(uart.o)
 .comment       0x0000000000000049       0x4a ../../../driverlib/gcc/lib/Debug/libdriver.a(udma.o)
 .comment       0x0000000000000049       0x4a ../../../driverlib/gcc/lib/Debug/libdriver.a(utils.o)
 .comment       0x0000000000000049       0x4a ../../../driverlib/gcc/lib/Debug/libdriver.a(flash.o)

.ARM.attributes
                0x0000000000000000       0x2c
 .ARM.attributes
                0x0000000000000000       0x2e obj//Debug/main.o
 .ARM.attributes
                0x000000000000002e       0x2e obj//Debug/pinmux.o
 .ARM.attributes
                0x000000000000005c       0x2e obj//Debug/lp3p0_board.o
 .ARM.attributes
                0x000000000000008a       0x2e obj//Debug/lp3p0_plat_ops.o
 .ARM.attributes
                0x00000000000000b8       0x2e obj//Debug/uart_if.o
 .ARM.attributes
                0x00000000000000e6       0x2e obj//Debug/udma_if.o
 .ARM.attributes
                0x0000000000000114       0x2e obj//Debug/utils_if.o
 .ARM.attributes
                0x0000000000000142       0x2e obj//Debug/startup_gcc.o
 .ARM.attributes
                0x0000000000000170       0x2e ../../../simplelink/gcc/lib/nonos/Debug/libsimplelink.a(cc_pal.o)
 .ARM.attributes
                0x000000000000019e       0x2e ../../../simplelink/gcc/lib/nonos/Debug/libsimplelink.a(device.o)
 .ARM.attributes
                0x00000000000001cc       0x2e ../../../simplelink/gcc/lib/nonos/Debug/libsimplelink.a(driver.o)
 .ARM.attributes
                0x00000000000001fa       0x2e ../../../simplelink/gcc/lib/nonos/Debug/libsimplelink.a(netapp.o)
 .ARM.attributes
                0x0000000000000228       0x2e ../../../simplelink/gcc/lib/nonos/Debug/libsimplelink.a(nonos.o)
 .ARM.attributes
                0x0000000000000256       0x2e ../../../simplelink/gcc/lib/nonos/Debug/libsimplelink.a(socket.o)
 .ARM.attributes
                0x0000000000000284       0x2e ../../../simplelink/gcc/lib/nonos/Debug/libsimplelink.a(wlan.o)
 .ARM.attributes
                0x00000000000002b2       0x2e ../../../middleware/gcc/lib/Debug/middleware.a(cc_pm.o)
 .ARM.attributes
                0x00000000000002e0       0x2e ../../../middleware/gcc/lib/Debug/middleware.a(cc_io_park.o)
 .ARM.attributes
                0x000000000000030e       0x2e ../../../middleware/gcc/lib/Debug/middleware.a(cc_pm_ops.o)
 .ARM.attributes
                0x000000000000033c       0x2e ../../../middleware/gcc/lib/Debug/middleware.a(gpio_hal.o)
 .ARM.attributes
                0x000000000000036a       0x2e ../../../driverlib/gcc/lib/Debug/libdriver.a(cpu.o)
 .ARM.attributes
                0x0000000000000398       0x2e ../../../driverlib/gcc/lib/Debug/libdriver.a(gpio.o)
 .ARM.attributes
                0x00000000000003c6       0x2e ../../../driverlib/gcc/lib/Debug/libdriver.a(hwspinlock.o)
 .ARM.attributes
                0x00000000000003f4       0x2e ../../../driverlib/gcc/lib/Debug/libdriver.a(interrupt.o)
 .ARM.attributes
                0x0000000000000422       0x2e ../../../driverlib/gcc/lib/Debug/libdriver.a(pin.o)
 .ARM.attributes
                0x0000000000000450       0x2e ../../../driverlib/gcc/lib/Debug/libdriver.a(prcm.o)
 .ARM.attributes
                0x000000000000047e       0x2e ../../../driverlib/gcc/lib/Debug/libdriver.a(spi.o)
 .ARM.attributes
                0x00000000000004ac       0x2e ../../../driverlib/gcc/lib/Debug/libdriver.a(timer.o)
 .ARM.attributes
                0x00000000000004da       0x2e ../../../driverlib/gcc/lib/Debug/libdriver.a(uart.o)
 .ARM.attributes
                0x0000000000000508       0x2e ../../../driverlib/gcc/lib/Debug/libdriver.a(udma.o)
 .ARM.attributes
                0x0000000000000536       0x2e ../../../driverlib/gcc/lib/Debug/libdriver.a(utils.o)
 .ARM.attributes
                0x0000000000000564       0x2e ../../../driverlib/gcc/lib/Debug/libdriver.a(flash.o)
 .ARM.attributes
                0x0000000000000592       0x2e /Applications/ARM/bin/../lib/gcc/arm-none-eabi/10.3.1/../../../../arm-none-eabi/lib/thumb/v7e-m/nofp/libc_nano.a(lib_a-malloc.o)