Archive member included to satisfy reference by file (symbol)

../../../driverlib/gcc/lib/Debug/libdriver.a(interrupt.o)
                              obj//Debug/main.o (IntMasterEnable)
../../../driverlib/gcc/lib/Debug/libdriver.a(pin.o)
                              obj//Debug/main.o (PinConfigSet)
../../../driverlib/gcc/lib/Debug/libdriver.a(prcm.o)
                              obj//Debug/pinmux.o (PRCMPeripheralClkEnable)
../../../driverlib/gcc/lib/Debug/libdriver.a(timer.o)
                              obj//Debug/main.o (TimerEnable)
../../../driverlib/gcc/lib/Debug/libdriver.a(uart.o)
                              obj//Debug/uart_if.o (UARTConfigSetExpClk)
../../../driverlib/gcc/lib/Debug/libdriver.a(utils.o)
                              obj//Debug/main.o (UtilsDelay)
../../../driverlib/gcc/lib/Debug/libdriver.a(cpu.o)
                              ../../../driverlib/gcc/lib/Debug/libdriver.a(interrupt.o) (CPUcpsid)
../../../driverlib/gcc/lib/Debug/libdriver.a(flash.o)
                              ../../../driverlib/gcc/lib/Debug/libdriver.a(prcm.o) (FlashDisable)
/Applications/ARM/bin/../lib/gcc/arm-none-eabi/10.3.1/../../../../arm-none-eabi/lib/thumb/v7e-m/nofp/libc_nano.a(lib_a-malloc.o)
                              obj//Debug/uart_if.o (malloc)
/Applications/ARM/bin/../lib/gcc/arm-none-eabi/10.3.1/../../../../arm-none-eabi/lib/thumb/v7e-m/nofp/libc_nano.a(lib_a-memmove.o)
                              obj//Debug/uart_if.o (memmove)
/Applications/ARM/bin/../lib/gcc/arm-none-eabi/10.3.1/../../../../arm-none-eabi/lib/thumb/v7e-m/nofp/libc_nano.a(lib_a-nano-freer.o)
                              /Applications/ARM/bin/../lib/gcc/arm-none-eabi/10.3.1/../../../../arm-none-eabi/lib/thumb/v7e-m/nofp/libc_nano.a(lib_a-malloc.o) (_free_r)
/Applications/ARM/bin/../lib/gcc/arm-none-eabi/10.3.1/../../../../arm-none-eabi/lib/thumb/v7e-m/nofp/libc_nano.a(lib_a-nano-mallocr.o)
                              /Applications/ARM/bin/../lib/gcc/arm-none-eabi/10.3.1/../../../../arm-none-eabi/lib/thumb/v7e-m/nofp/libc_nano.a(lib_a-malloc.o) (_malloc_r)
/Applications/ARM/bin/../lib/gcc/arm-none-eabi/10.3.1/../../../../arm-none-eabi/lib/thumb/v7e-m/nofp/libc_nano.a(lib_a-realloc.o)
                              obj//Debug/uart_if.o (realloc)
/Applications/ARM/bin/../lib/gcc/arm-none-eabi/10.3.1/../../../../arm-none-eabi/lib/thumb/v7e-m/nofp/libc_nano.a(lib_a-sbrkr.o)
                              /Applications/ARM/bin/../lib/gcc/arm-none-eabi/10.3.1/../../../../arm-none-eabi/lib/thumb/v7e-m/nofp/libc_nano.a(lib_a-nano-mallocr.o) (_sbrk_r)
/Applications/ARM/bin/../lib/gcc/arm-none-eabi/10.3.1/../../../../arm-none-eabi/lib/thumb/v7e-m/nofp/libc_nano.a(lib_a-strlen.o)
                              obj//Debug/uart_if.o (strlen)
/Applications/ARM/bin/../lib/gcc/arm-none-eabi/10.3.1/../../../../arm-none-eabi/lib/thumb/v7e-m/nofp/libc_nano.a(lib_a-vsnprintf.o)
                              obj//Debug/uart_if.o (vsnprintf)
/Applications/ARM/bin/../lib/gcc/arm-none-eabi/10.3.1/../../../../arm-none-eabi/lib/thumb/v7e-m/nofp/libc_nano.a(lib_a-impure.o)
                              /Applications/ARM/bin/../lib/gcc/arm-none-eabi/10.3.1/../../../../arm-none-eabi/lib/thumb/v7e-m/nofp/libc_nano.a(lib_a-malloc.o) (_impure_ptr)
/Applications/ARM/bin/../lib/gcc/arm-none-eabi/10.3.1/../../../../arm-none-eabi/lib/thumb/v7e-m/nofp/libc_nano.a(lib_a-mlock.o)
                              /Applications/ARM/bin/../lib/gcc/arm-none-eabi/10.3.1/../../../../arm-none-eabi/lib/thumb/v7e-m/nofp/libc_nano.a(lib_a-nano-freer.o) (__malloc_lock)
/Applications/ARM/bin/../lib/gcc/arm-none-eabi/10.3.1/../../../../arm-none-eabi/lib/thumb/v7e-m/nofp/libc_nano.a(lib_a-nano-reallocr.o)
                              /Applications/ARM/bin/../lib/gcc/arm-none-eabi/10.3.1/../../../../arm-none-eabi/lib/thumb/v7e-m/nofp/libc_nano.a(lib_a-realloc.o) (_realloc_r)
/Applications/ARM/bin/../lib/gcc/arm-none-eabi/10.3.1/../../../../arm-none-eabi/lib/thumb/v7e-m/nofp/libc_nano.a(lib_a-nano-svfprintf.o)
                              /Applications/ARM/bin/../lib/gcc/arm-none-eabi/10.3.1/../../../../arm-none-eabi/lib/thumb/v7e-m/nofp/libc_nano.a(lib_a-vsnprintf.o) (_svfprintf_r)
/Applications/ARM/bin/../lib/gcc/arm-none-eabi/10.3.1/../../../../arm-none-eabi/lib/thumb/v7e-m/nofp/libc_nano.a(lib_a-nano-vfprintf_i.o)
                              /Applications/ARM/bin/../lib/gcc/arm-none-eabi/10.3.1/../../../../arm-none-eabi/lib/thumb/v7e-m/nofp/libc_nano.a(lib_a-nano-svfprintf.o) (_printf_i)
/Applications/ARM/bin/../lib/gcc/arm-none-eabi/10.3.1/../../../../arm-none-eabi/lib/thumb/v7e-m/nofp/libc_nano.a(lib_a-reent.o)
                              /Applications/ARM/bin/../lib/gcc/arm-none-eabi/10.3.1/../../../../arm-none-eabi/lib/thumb/v7e-m/nofp/libc_nano.a(lib_a-sbrkr.o) (errno)
/Applications/ARM/bin/../lib/gcc/arm-none-eabi/10.3.1/../../../../arm-none-eabi/lib/thumb/v7e-m/nofp/libc_nano.a(lib_a-lock.o)
                              /Applications/ARM/bin/../lib/gcc/arm-none-eabi/10.3.1/../../../../arm-none-eabi/lib/thumb/v7e-m/nofp/libc_nano.a(lib_a-mlock.o) (__retarget_lock_acquire_recursive)
/Applications/ARM/bin/../lib/gcc/arm-none-eabi/10.3.1/../../../../arm-none-eabi/lib/thumb/v7e-m/nofp/libc_nano.a(lib_a-memchr.o)
                              /Applications/ARM/bin/../lib/gcc/arm-none-eabi/10.3.1/../../../../arm-none-eabi/lib/thumb/v7e-m/nofp/libc_nano.a(lib_a-nano-svfprintf.o) (memchr)
/Applications/ARM/bin/../lib/gcc/arm-none-eabi/10.3.1/../../../../arm-none-eabi/lib/thumb/v7e-m/nofp/libc_nano.a(lib_a-memcpy-stub.o)
                              /Applications/ARM/bin/../lib/gcc/arm-none-eabi/10.3.1/../../../../arm-none-eabi/lib/thumb/v7e-m/nofp/libc_nano.a(lib_a-nano-reallocr.o) (memcpy)
/Applications/ARM/bin/../lib/gcc/arm-none-eabi/10.3.1/../../../../arm-none-eabi/lib/thumb/v7e-m/nofp/libc_nano.a(lib_a-nano-msizer.o)
                              /Applications/ARM/bin/../lib/gcc/arm-none-eabi/10.3.1/../../../../arm-none-eabi/lib/thumb/v7e-m/nofp/libc_nano.a(lib_a-nano-reallocr.o) (_malloc_usable_size_r)
/Applications/ARM/bin/../lib/gcc/arm-none-eabi/10.3.1/thumb/v7e-m/nofp/libgcc.a(_aeabi_uldivmod.o)
                              ../../../driverlib/gcc/lib/Debug/libdriver.a(prcm.o) (__aeabi_uldivmod)
/Applications/ARM/bin/../lib/gcc/arm-none-eabi/10.3.1/thumb/v7e-m/nofp/libgcc.a(_udivmoddi4.o)
                              /Applications/ARM/bin/../lib/gcc/arm-none-eabi/10.3.1/thumb/v7e-m/nofp/libgcc.a(_aeabi_uldivmod.o) (__udivmoddi4)
/Applications/ARM/bin/../lib/gcc/arm-none-eabi/10.3.1/thumb/v7e-m/nofp/libgcc.a(_dvmd_tls.o)
                              /Applications/ARM/bin/../lib/gcc/arm-none-eabi/10.3.1/thumb/v7e-m/nofp/libgcc.a(_aeabi_uldivmod.o) (__aeabi_ldiv0)

Discarded input sections

 .text          0x0000000000000000        0x0 obj//Debug/main.o
 .data          0x0000000000000000        0x0 obj//Debug/main.o
 .bss           0x0000000000000000        0x0 obj//Debug/main.o
 .text          0x0000000000000000        0x0 obj//Debug/pinmux.o
 .data          0x0000000000000000        0x0 obj//Debug/pinmux.o
 .bss           0x0000000000000000        0x0 obj//Debug/pinmux.o
 .text          0x0000000000000000        0x0 obj//Debug/uart_if.o
 .data          0x0000000000000000        0x0 obj//Debug/uart_if.o
 .bss           0x0000000000000000        0x0 obj//Debug/uart_if.o
 .data.ilen     0x0000000000000000        0x4 obj//Debug/uart_if.o
 .text.ClearTerm
                0x0000000000000000       0x14 obj//Debug/uart_if.o
 .text.Error    0x0000000000000000       0x58 obj//Debug/uart_if.o
 .text.GetCmd   0x0000000000000000       0xb8 obj//Debug/uart_if.o
 .text.TrimSpace
                0x0000000000000000       0x8e obj//Debug/uart_if.o
 .text          0x0000000000000000        0x0 obj//Debug/startup_gcc.o
 .data          0x0000000000000000        0x0 obj//Debug/startup_gcc.o
 .bss           0x0000000000000000        0x0 obj//Debug/startup_gcc.o
 .text          0x0000000000000000        0x0 ../../../driverlib/gcc/lib/Debug/libdriver.a(interrupt.o)
 .data          0x0000000000000000        0x0 ../../../driverlib/gcc/lib/Debug/libdriver.a(interrupt.o)
 .bss           0x0000000000000000        0x0 ../../../driverlib/gcc/lib/Debug/libdriver.a(interrupt.o)
 .rodata.g_pulPriority
                0x0000000000000000       0x20 ../../../driverlib/gcc/lib/Debug/libdriver.a(interrupt.o)
 .rodata.g_pulRegs
                0x0000000000000000       0xd4 ../../../driverlib/gcc/lib/Debug/libdriver.a(interrupt.o)
 .rodata.g_pulDisRegs
                0x0000000000000000       0x18 ../../../driverlib/gcc/lib/Debug/libdriver.a(interrupt.o)
 .rodata.g_pulPendRegs
                0x0000000000000000       0x18 ../../../driverlib/gcc/lib/Debug/libdriver.a(interrupt.o)
 .rodata.g_pulUnpendRegs
                0x0000000000000000       0x18 ../../../driverlib/gcc/lib/Debug/libdriver.a(interrupt.o)
 .text.IntDefaultHandler
                0x0000000000000000        0x6 ../../../driverlib/gcc/lib/Debug/libdriver.a(interrupt.o)
 .text.IntMasterDisable
                0x0000000000000000       0x10 ../../../driverlib/gcc/lib/Debug/libdriver.a(interrupt.o)
 .text.IntUnregister
                0x0000000000000000       0x2c ../../../driverlib/gcc/lib/Debug/libdriver.a(interrupt.o)
 .text.IntPriorityGroupingSet
                0x0000000000000000       0x30 ../../../driverlib/gcc/lib/Debug/libdriver.a(interrupt.o)
 .text.IntPriorityGroupingGet
                0x0000000000000000       0x48 ../../../driverlib/gcc/lib/Debug/libdriver.a(interrupt.o)
 .text.IntPrioritySet
                0x0000000000000000       0x68 ../../../driverlib/gcc/lib/Debug/libdriver.a(interrupt.o)
 .text.IntPriorityGet
                0x0000000000000000       0x30 ../../../driverlib/gcc/lib/Debug/libdriver.a(interrupt.o)
 .text.IntDisable
                0x0000000000000000       0xbc ../../../driverlib/gcc/lib/Debug/libdriver.a(interrupt.o)
 .text.IntPendSet
                0x0000000000000000       0x9c ../../../driverlib/gcc/lib/Debug/libdriver.a(interrupt.o)
 .text.IntPendClear
                0x0000000000000000       0x68 ../../../driverlib/gcc/lib/Debug/libdriver.a(interrupt.o)
 .text.IntPriorityMaskSet
                0x0000000000000000       0x16 ../../../driverlib/gcc/lib/Debug/libdriver.a(interrupt.o)
 .text.IntPriorityMaskGet
                0x0000000000000000        0xe ../../../driverlib/gcc/lib/Debug/libdriver.a(interrupt.o)
 .text          0x0000000000000000        0x0 ../../../driverlib/gcc/lib/Debug/libdriver.a(pin.o)
 .data          0x0000000000000000        0x0 ../../../driverlib/gcc/lib/Debug/libdriver.a(pin.o)
 .bss           0x0000000000000000        0x0 ../../../driverlib/gcc/lib/Debug/libdriver.a(pin.o)
 .text.PinModeGet
                0x0000000000000000       0x3c ../../../driverlib/gcc/lib/Debug/libdriver.a(pin.o)
 .text.PinDirModeSet
                0x0000000000000000       0x44 ../../../driverlib/gcc/lib/Debug/libdriver.a(pin.o)
 .text.PinDirModeGet
                0x0000000000000000       0x3c ../../../driverlib/gcc/lib/Debug/libdriver.a(pin.o)
 .text.PinConfigGet
                0x0000000000000000       0x50 ../../../driverlib/gcc/lib/Debug/libdriver.a(pin.o)
 .text.PinTypeI2C
                0x0000000000000000       0x26 ../../../driverlib/gcc/lib/Debug/libdriver.a(pin.o)
 .text.PinTypeSPI
                0x0000000000000000       0x24 ../../../driverlib/gcc/lib/Debug/libdriver.a(pin.o)
 .text.PinTypeI2S
                0x0000000000000000       0x24 ../../../driverlib/gcc/lib/Debug/libdriver.a(pin.o)
 .text.PinTypeCamera
                0x0000000000000000       0x24 ../../../driverlib/gcc/lib/Debug/libdriver.a(pin.o)
 .text.PinTypeGPIO
                0x0000000000000000       0x3a ../../../driverlib/gcc/lib/Debug/libdriver.a(pin.o)
 .text.PinTypeADC
                0x0000000000000000       0x1e ../../../driverlib/gcc/lib/Debug/libdriver.a(pin.o)
 .text.PinTypeSDHost
                0x0000000000000000       0x24 ../../../driverlib/gcc/lib/Debug/libdriver.a(pin.o)
 .text          0x0000000000000000        0x0 ../../../driverlib/gcc/lib/Debug/libdriver.a(prcm.o)
 .data          0x0000000000000000        0x0 ../../../driverlib/gcc/lib/Debug/libdriver.a(prcm.o)
 .bss           0x0000000000000000        0x0 ../../../driverlib/gcc/lib/Debug/libdriver.a(prcm.o)
 .text.RTCUseSet
                0x0000000000000000       0x30 ../../../driverlib/gcc/lib/Debug/libdriver.a(prcm.o)
 .text.IsRTCUsed
                0x0000000000000000       0x30 ../../../driverlib/gcc/lib/Debug/libdriver.a(prcm.o)
 .text.RTCU16MSecRegRead
                0x0000000000000000       0x28 ../../../driverlib/gcc/lib/Debug/libdriver.a(prcm.o)
 .text.RTCU16MSecRegWrite
                0x0000000000000000       0x40 ../../../driverlib/gcc/lib/Debug/libdriver.a(prcm.o)
 .text.RTCU32SecRegRead
                0x0000000000000000       0x14 ../../../driverlib/gcc/lib/Debug/libdriver.a(prcm.o)
 .text.RTCU32SecRegWrite
                0x0000000000000000       0x1c ../../../driverlib/gcc/lib/Debug/libdriver.a(prcm.o)
 .text.PRCMMCUReset
                0x0000000000000000       0x28 ../../../driverlib/gcc/lib/Debug/libdriver.a(prcm.o)
 .text.PRCMPeripheralStatusGet
                0x0000000000000000       0x40 ../../../driverlib/gcc/lib/Debug/libdriver.a(prcm.o)
 .text.PRCMI2SClockFreqSet
                0x0000000000000000       0x60 ../../../driverlib/gcc/lib/Debug/libdriver.a(prcm.o)
 .text.PRCMLPDSRestoreInfoSet
                0x0000000000000000       0x28 ../../../driverlib/gcc/lib/Debug/libdriver.a(prcm.o)
 .text.PRCMLPDSEnter
                0x0000000000000000       0x50 ../../../driverlib/gcc/lib/Debug/libdriver.a(prcm.o)
 .text.PRCMLPDSEnterKeepDebugIf
                0x0000000000000000       0x40 ../../../driverlib/gcc/lib/Debug/libdriver.a(prcm.o)
 .text.PRCMLPDSWakeupSourceEnable
                0x0000000000000000       0x30 ../../../driverlib/gcc/lib/Debug/libdriver.a(prcm.o)
 .text.PRCMLPDSWakeupSourceDisable
                0x0000000000000000       0x24 ../../../driverlib/gcc/lib/Debug/libdriver.a(prcm.o)
 .text.PRCMLPDSWakeupCauseGet
                0x0000000000000000       0x14 ../../../driverlib/gcc/lib/Debug/libdriver.a(prcm.o)
 .text.PRCMLPDSIntervalSet
                0x0000000000000000       0x34 ../../../driverlib/gcc/lib/Debug/libdriver.a(prcm.o)
 .text.PRCMLPDSWakeUpGPIOSelect
                0x0000000000000000       0x2c ../../../driverlib/gcc/lib/Debug/libdriver.a(prcm.o)
 .text.PRCMSleepEnter
                0x0000000000000000        0xc ../../../driverlib/gcc/lib/Debug/libdriver.a(prcm.o)
 .text.PRCMSRAMRetentionEnable
                0x0000000000000000       0x2c ../../../driverlib/gcc/lib/Debug/libdriver.a(prcm.o)
 .text.PRCMSRAMRetentionDisable
                0x0000000000000000       0x34 ../../../driverlib/gcc/lib/Debug/libdriver.a(prcm.o)
 .text.PRCMHibernateWakeupSourceEnable
                0x0000000000000000       0x50 ../../../driverlib/gcc/lib/Debug/libdriver.a(prcm.o)
 .text.PRCMHibernateWakeupSourceDisable
                0x0000000000000000       0x54 ../../../driverlib/gcc/lib/Debug/libdriver.a(prcm.o)
 .text.PRCMHibernateWakeupCauseGet
                0x0000000000000000       0x1c ../../../driverlib/gcc/lib/Debug/libdriver.a(prcm.o)
 .text.PRCMHibernateIntervalSet
                0x0000000000000000       0xb4 ../../../driverlib/gcc/lib/Debug/libdriver.a(prcm.o)
 .text.PRCMHibernateWakeUpGPIOSelect
                0x0000000000000000       0x74 ../../../driverlib/gcc/lib/Debug/libdriver.a(prcm.o)
 .text.PRCMHibernateEnter
                0x0000000000000000       0x14 ../../../driverlib/gcc/lib/Debug/libdriver.a(prcm.o)
 .text.PRCMSlowClkCtrGet
                0x0000000000000000       0x70 ../../../driverlib/gcc/lib/Debug/libdriver.a(prcm.o)
 .text.PRCMSlowClkCtrFastGet
                0x0000000000000000       0x60 ../../../driverlib/gcc/lib/Debug/libdriver.a(prcm.o)
 .text.PRCMSlowClkCtrMatchSet
                0x0000000000000000       0x40 ../../../driverlib/gcc/lib/Debug/libdriver.a(prcm.o)
 .text.PRCMSlowClkCtrMatchGet
                0x0000000000000000       0x64 ../../../driverlib/gcc/lib/Debug/libdriver.a(prcm.o)
 .text.PRCMOCRRegisterWrite
                0x0000000000000000       0x28 ../../../driverlib/gcc/lib/Debug/libdriver.a(prcm.o)
 .text.PRCMOCRRegisterRead
                0x0000000000000000       0x28 ../../../driverlib/gcc/lib/Debug/libdriver.a(prcm.o)
 .text.PRCMIntRegister
                0x0000000000000000       0x1e ../../../driverlib/gcc/lib/Debug/libdriver.a(prcm.o)
 .text.PRCMIntUnregister
                0x0000000000000000       0x14 ../../../driverlib/gcc/lib/Debug/libdriver.a(prcm.o)
 .text.PRCMIntEnable
                0x0000000000000000       0x48 ../../../driverlib/gcc/lib/Debug/libdriver.a(prcm.o)
 .text.PRCMIntDisable
                0x0000000000000000       0x48 ../../../driverlib/gcc/lib/Debug/libdriver.a(prcm.o)
 .text.PRCMIntStatus
                0x0000000000000000       0x14 ../../../driverlib/gcc/lib/Debug/libdriver.a(prcm.o)
 .text.PRCMRTCInUseSet
                0x0000000000000000        0xc ../../../driverlib/gcc/lib/Debug/libdriver.a(prcm.o)
 .text.PRCMRTCInUseGet
                0x0000000000000000       0x18 ../../../driverlib/gcc/lib/Debug/libdriver.a(prcm.o)
 .text.PRCMRTCSet
                0x0000000000000000       0xb2 ../../../driverlib/gcc/lib/Debug/libdriver.a(prcm.o)
 .text.PRCMRTCGet
                0x0000000000000000       0xba ../../../driverlib/gcc/lib/Debug/libdriver.a(prcm.o)
 .text.PRCMRTCMatchSet
                0x0000000000000000       0xf8 ../../../driverlib/gcc/lib/Debug/libdriver.a(prcm.o)
 .text.PRCMRTCMatchGet
                0x0000000000000000       0xbc ../../../driverlib/gcc/lib/Debug/libdriver.a(prcm.o)
 .text.PRCMCameraFreqSet
                0x0000000000000000       0x50 ../../../driverlib/gcc/lib/Debug/libdriver.a(prcm.o)
 .text          0x0000000000000000        0x0 ../../../driverlib/gcc/lib/Debug/libdriver.a(timer.o)
 .data          0x0000000000000000        0x0 ../../../driverlib/gcc/lib/Debug/libdriver.a(timer.o)
 .bss           0x0000000000000000        0x0 ../../../driverlib/gcc/lib/Debug/libdriver.a(timer.o)
 .text.TimerDisable
                0x0000000000000000       0x2c ../../../driverlib/gcc/lib/Debug/libdriver.a(timer.o)
 .text.TimerControlLevel
                0x0000000000000000       0x46 ../../../driverlib/gcc/lib/Debug/libdriver.a(timer.o)
 .text.TimerControlStall
                0x0000000000000000       0x46 ../../../driverlib/gcc/lib/Debug/libdriver.a(timer.o)
 .text.TimerPrescaleSet
                0x0000000000000000       0x3c ../../../driverlib/gcc/lib/Debug/libdriver.a(timer.o)
 .text.TimerPrescaleGet
                0x0000000000000000       0x28 ../../../driverlib/gcc/lib/Debug/libdriver.a(timer.o)
 .text.TimerPrescaleMatchSet
                0x0000000000000000       0x3c ../../../driverlib/gcc/lib/Debug/libdriver.a(timer.o)
 .text.TimerPrescaleMatchGet
                0x0000000000000000       0x28 ../../../driverlib/gcc/lib/Debug/libdriver.a(timer.o)
 .text.TimerLoadGet
                0x0000000000000000       0x28 ../../../driverlib/gcc/lib/Debug/libdriver.a(timer.o)
 .text.TimerValueSet
                0x0000000000000000       0x32 ../../../driverlib/gcc/lib/Debug/libdriver.a(timer.o)
 .text.TimerMatchSet
                0x0000000000000000       0x3c ../../../driverlib/gcc/lib/Debug/libdriver.a(timer.o)
 .text.TimerMatchGet
                0x0000000000000000       0x28 ../../../driverlib/gcc/lib/Debug/libdriver.a(timer.o)
 .text.TimerIntUnregister
                0x0000000000000000       0x78 ../../../driverlib/gcc/lib/Debug/libdriver.a(timer.o)
 .text.TimerIntDisable
                0x0000000000000000       0x26 ../../../driverlib/gcc/lib/Debug/libdriver.a(timer.o)
 .text.TimerIntStatus
                0x0000000000000000       0x2a ../../../driverlib/gcc/lib/Debug/libdriver.a(timer.o)
 .text.TimerDMAEventSet
                0x0000000000000000       0x1e ../../../driverlib/gcc/lib/Debug/libdriver.a(timer.o)
 .text.TimerDMAEventGet
                0x0000000000000000       0x18 ../../../driverlib/gcc/lib/Debug/libdriver.a(timer.o)
 .text          0x0000000000000000        0x0 ../../../driverlib/gcc/lib/Debug/libdriver.a(uart.o)
 .data          0x0000000000000000        0x0 ../../../driverlib/gcc/lib/Debug/libdriver.a(uart.o)
 .bss           0x0000000000000000        0x0 ../../../driverlib/gcc/lib/Debug/libdriver.a(uart.o)
 .rodata.g_ppulUARTIntMap
                0x0000000000000000       0x10 ../../../driverlib/gcc/lib/Debug/libdriver.a(uart.o)
 .text.UARTIntNumberGet
                0x0000000000000000       0x48 ../../../driverlib/gcc/lib/Debug/libdriver.a(uart.o)
 .text.UARTParityModeSet
                0x0000000000000000       0x2a ../../../driverlib/gcc/lib/Debug/libdriver.a(uart.o)
 .text.UARTParityModeGet
                0x0000000000000000       0x1c ../../../driverlib/gcc/lib/Debug/libdriver.a(uart.o)
 .text.UARTFIFOLevelSet
                0x0000000000000000       0x24 ../../../driverlib/gcc/lib/Debug/libdriver.a(uart.o)
 .text.UARTFIFOLevelGet
                0x0000000000000000       0x32 ../../../driverlib/gcc/lib/Debug/libdriver.a(uart.o)
 .text.UARTConfigGetExpClk
                0x0000000000000000       0x62 ../../../driverlib/gcc/lib/Debug/libdriver.a(uart.o)
 .text.UARTFIFOEnable
                0x0000000000000000       0x22 ../../../driverlib/gcc/lib/Debug/libdriver.a(uart.o)
 .text.UARTFIFODisable
                0x0000000000000000       0x22 ../../../driverlib/gcc/lib/Debug/libdriver.a(uart.o)
 .text.UARTModemControlSet
                0x0000000000000000       0x32 ../../../driverlib/gcc/lib/Debug/libdriver.a(uart.o)
 .text.UARTModemControlClear
                0x0000000000000000       0x34 ../../../driverlib/gcc/lib/Debug/libdriver.a(uart.o)
 .text.UARTModemControlGet
                0x0000000000000000       0x1c ../../../driverlib/gcc/lib/Debug/libdriver.a(uart.o)
 .text.UARTModemStatusGet
                0x0000000000000000       0x1c ../../../driverlib/gcc/lib/Debug/libdriver.a(uart.o)
 .text.UARTFlowControlSet
                0x0000000000000000       0x2a ../../../driverlib/gcc/lib/Debug/libdriver.a(uart.o)
 .text.UARTFlowControlGet
                0x0000000000000000       0x1c ../../../driverlib/gcc/lib/Debug/libdriver.a(uart.o)
 .text.UARTTxIntModeSet
                0x0000000000000000       0x2a ../../../driverlib/gcc/lib/Debug/libdriver.a(uart.o)
 .text.UARTTxIntModeGet
                0x0000000000000000       0x1c ../../../driverlib/gcc/lib/Debug/libdriver.a(uart.o)
 .text.UARTCharsAvail
                0x0000000000000000       0x26 ../../../driverlib/gcc/lib/Debug/libdriver.a(uart.o)
 .text.UARTSpaceAvail
                0x0000000000000000       0x26 ../../../driverlib/gcc/lib/Debug/libdriver.a(uart.o)
 .text.UARTCharGetNonBlocking
                0x0000000000000000       0x2a ../../../driverlib/gcc/lib/Debug/libdriver.a(uart.o)
 .text.UARTCharGet
                0x0000000000000000       0x26 ../../../driverlib/gcc/lib/Debug/libdriver.a(uart.o)
 .text.UARTCharPutNonBlocking
                0x0000000000000000       0x30 ../../../driverlib/gcc/lib/Debug/libdriver.a(uart.o)
 .text.UARTBreakCtl
                0x0000000000000000       0x38 ../../../driverlib/gcc/lib/Debug/libdriver.a(uart.o)
 .text.UARTBusy
                0x0000000000000000       0x26 ../../../driverlib/gcc/lib/Debug/libdriver.a(uart.o)
 .text.UARTIntRegister
                0x0000000000000000       0x2a ../../../driverlib/gcc/lib/Debug/libdriver.a(uart.o)
 .text.UARTIntUnregister
                0x0000000000000000       0x26 ../../../driverlib/gcc/lib/Debug/libdriver.a(uart.o)
 .text.UARTIntEnable
                0x0000000000000000       0x26 ../../../driverlib/gcc/lib/Debug/libdriver.a(uart.o)
 .text.UARTIntDisable
                0x0000000000000000       0x26 ../../../driverlib/gcc/lib/Debug/libdriver.a(uart.o)
 .text.UARTIntStatus
                0x0000000000000000       0x2a ../../../driverlib/gcc/lib/Debug/libdriver.a(uart.o)
 .text.UARTIntClear
                0x0000000000000000       0x1e ../../../driverlib/gcc/lib/Debug/libdriver.a(uart.o)
 .text.UARTDMAEnable
                0x0000000000000000       0x26 ../../../driverlib/gcc/lib/Debug/libdriver.a(uart.o)
 .text.UARTDMADisable
                0x0000000000000000       0x26 ../../../driverlib/gcc/lib/Debug/libdriver.a(uart.o)
 .text.UARTRxErrorGet
                0x0000000000000000       0x1c ../../../driverlib/gcc/lib/Debug/libdriver.a(uart.o)
 .text.UARTRxErrorClear
                0x0000000000000000       0x1c ../../../driverlib/gcc/lib/Debug/libdriver.a(uart.o)
 .text          0x0000000000000000        0x0 ../../../driverlib/gcc/lib/Debug/libdriver.a(utils.o)
 .data          0x0000000000000000        0x0 ../../../driverlib/gcc/lib/Debug/libdriver.a(utils.o)
 .bss           0x0000000000000000        0x0 ../../../driverlib/gcc/lib/Debug/libdriver.a(utils.o)
 .text          0x0000000000000000        0x0 ../../../driverlib/gcc/lib/Debug/libdriver.a(cpu.o)
 .data          0x0000000000000000        0x0 ../../../driverlib/gcc/lib/Debug/libdriver.a(cpu.o)
 .bss           0x0000000000000000        0x0 ../../../driverlib/gcc/lib/Debug/libdriver.a(cpu.o)
 .text.CPUcpsid
                0x0000000000000000       0x16 ../../../driverlib/gcc/lib/Debug/libdriver.a(cpu.o)
 .text.CPUprimask
                0x0000000000000000        0xc ../../../driverlib/gcc/lib/Debug/libdriver.a(cpu.o)
 .text.CPUwfi   0x0000000000000000        0xe ../../../driverlib/gcc/lib/Debug/libdriver.a(cpu.o)
 .text.CPUbasepriSet
                0x0000000000000000       0x10 ../../../driverlib/gcc/lib/Debug/libdriver.a(cpu.o)
 .text.CPUbasepriGet
                0x0000000000000000        0xc ../../../driverlib/gcc/lib/Debug/libdriver.a(cpu.o)
 .text          0x0000000000000000        0x0 ../../../driverlib/gcc/lib/Debug/libdriver.a(flash.o)
 .data          0x0000000000000000        0x0 ../../../driverlib/gcc/lib/Debug/libdriver.a(flash.o)
 .bss           0x0000000000000000        0x0 ../../../driverlib/gcc/lib/Debug/libdriver.a(flash.o)
 .rodata.g_pulFMPPERegs
                0x0000000000000000       0x40 ../../../driverlib/gcc/lib/Debug/libdriver.a(flash.o)
 .rodata.g_pulFMPRERegs
                0x0000000000000000       0x40 ../../../driverlib/gcc/lib/Debug/libdriver.a(flash.o)
 .text.FlashDisable
                0x0000000000000000       0x50 ../../../driverlib/gcc/lib/Debug/libdriver.a(flash.o)
 .text.FlashErase
                0x0000000000000000       0x60 ../../../driverlib/gcc/lib/Debug/libdriver.a(flash.o)
 .text.FlashEraseNonBlocking
                0x0000000000000000       0x38 ../../../driverlib/gcc/lib/Debug/libdriver.a(flash.o)
 .text.FlashMassErase
                0x0000000000000000       0x50 ../../../driverlib/gcc/lib/Debug/libdriver.a(flash.o)
 .text.FlashMassEraseNonBlocking
                0x0000000000000000       0x28 ../../../driverlib/gcc/lib/Debug/libdriver.a(flash.o)
 .text.FlashProgram
                0x0000000000000000       0xb4 ../../../driverlib/gcc/lib/Debug/libdriver.a(flash.o)
 .text.FlashProgramNonBlocking
                0x0000000000000000       0xa4 ../../../driverlib/gcc/lib/Debug/libdriver.a(flash.o)
 .text.FlashProtectGet
                0x0000000000000000       0x78 ../../../driverlib/gcc/lib/Debug/libdriver.a(flash.o)
 .text.FlashIntRegister
                0x0000000000000000       0x1e ../../../driverlib/gcc/lib/Debug/libdriver.a(flash.o)
 .text.FlashIntUnregister
                0x0000000000000000       0x14 ../../../driverlib/gcc/lib/Debug/libdriver.a(flash.o)
 .text.FlashIntEnable
                0x0000000000000000       0x24 ../../../driverlib/gcc/lib/Debug/libdriver.a(flash.o)
 .text.FlashIntDisable
                0x0000000000000000       0x24 ../../../driverlib/gcc/lib/Debug/libdriver.a(flash.o)
 .text.FlashIntStatus
                0x0000000000000000       0x2c ../../../driverlib/gcc/lib/Debug/libdriver.a(flash.o)
 .text.FlashIntClear
                0x0000000000000000       0x1c ../../../driverlib/gcc/lib/Debug/libdriver.a(flash.o)
 .debug_info    0x0000000000000000      0x325 ../../../driverlib/gcc/lib/Debug/libdriver.a(flash.o)
 .debug_abbrev  0x0000000000000000      0x1b1 ../../../driverlib/gcc/lib/Debug/libdriver.a(flash.o)
 .debug_aranges
                0x0000000000000000       0x88 ../../../driverlib/gcc/lib/Debug/libdriver.a(flash.o)
 .debug_ranges  0x0000000000000000       0x78 ../../../driverlib/gcc/lib/Debug/libdriver.a(flash.o)
 .debug_line    0x0000000000000000      0x367 ../../../driverlib/gcc/lib/Debug/libdriver.a(flash.o)
 .debug_str     0x0000000000000000      0x2b8 ../../../driverlib/gcc/lib/Debug/libdriver.a(flash.o)
 .comment       0x0000000000000000       0x4a ../../../driverlib/gcc/lib/Debug/libdriver.a(flash.o)
 .debug_frame   0x0000000000000000      0x214 ../../../driverlib/gcc/lib/Debug/libdriver.a(flash.o)
 .ARM.attributes
                0x0000000000000000       0x2e ../../../driverlib/gcc/lib/Debug/libdriver.a(flash.o)
 .text          0x0000000000000000        0x0 /Applications/ARM/bin/../lib/gcc/arm-none-eabi/10.3.1/../../../../arm-none-eabi/lib/thumb/v7e-m/nofp/libc_nano.a(lib_a-malloc.o)
 .data          0x0000000000000000        0x0 /Applications/ARM/bin/../lib/gcc/arm-none-eabi/10.3.1/../../../../arm-none-eabi/lib/thumb/v7e-m/nofp/libc_nano.a(lib_a-malloc.o)
 .bss           0x0000000000000000        0x0 /Applications/ARM/bin/../lib/gcc/arm-none-eabi/10.3.1/../../../../arm-none-eabi/lib/thumb/v7e-m/nofp/libc_nano.a(lib_a-malloc.o)
 .text          0x0000000000000000        0x0 /Applications/ARM/bin/../lib/gcc/arm-none-eabi/10.3.1/../../../../arm-none-eabi/lib/thumb/v7e-m/nofp/libc_nano.a(lib_a-memmove.o)
 .data          0x0000000000000000        0x0 /Applications/ARM/bin/../lib/gcc/arm-none-eabi/10.3.1/../../../../arm-none-eabi/lib/thumb/v7e-m/nofp/libc_nano.a(lib_a-memmove.o)
 .bss           0x0000000000000000        0x0 /Applications/ARM/bin/../lib/gcc/arm-none-eabi/10.3.1/../../../../arm-none-eabi/lib/thumb/v7e-m/nofp/libc_nano.a(lib_a-memmove.o)
 .text          0x0000000000000000        0x0 /Applications/ARM/bin/../lib/gcc/arm-none-eabi/10.3.1/../../../../arm-none-eabi/lib/thumb/v7e-m/nofp/libc_nano.a(lib_a-nano-freer.o)
 .data          0x0000000000000000        0x0 /Applications/ARM/bin/../lib/gcc/arm-none-eabi/10.3.1/../../../../arm-none-eabi/lib/thumb/v7e-m/nofp/libc_nano.a(lib_a-nano-freer.o)
 .bss           0x0000000000000000        0x0 /Applications/ARM/bin/../lib/gcc/arm-none-eabi/10.3.1/../../../../arm-none-eabi/lib/thumb/v7e-m/nofp/libc_nano.a(lib_a-nano-freer.o)
 .text          0x0000000000000000        0x0 /Applications/ARM/bin/../lib/gcc/arm-none-eabi/10.3.1/../../../../arm-none-eabi/lib/thumb/v7e-m/nofp/libc_nano.a(lib_a-nano-mallocr.o)
 .data          0x0000000000000000        0x0 /Applications/ARM/bin/../lib/gcc/arm-none-eabi/10.3.1/../../../../arm-none-eabi/lib/thumb/v7e-m/nofp/libc_nano.a(lib_a-nano-mallocr.o)
 .bss           0x0000000000000000        0x0 /Applications/ARM/bin/../lib/gcc/arm-none-eabi/10.3.1/../../../../arm-none-eabi/lib/thumb/v7e-m/nofp/libc_nano.a(lib_a-nano-mallocr.o)
 .text          0x0000000000000000        0x0 /Applications/ARM/bin/../lib/gcc/arm-none-eabi/10.3.1/../../../../arm-none-eabi/lib/thumb/v7e-m/nofp/libc_nano.a(lib_a-realloc.o)
 .data          0x0000000000000000        0x0 /Applications/ARM/bin/../lib/gcc/arm-none-eabi/10.3.1/../../../../arm-none-eabi/lib/thumb/v7e-m/nofp/libc_nano.a(lib_a-realloc.o)
 .bss           0x0000000000000000        0x0 /Applications/ARM/bin/../lib/gcc/arm-none-eabi/10.3.1/../../../../arm-none-eabi/lib/thumb/v7e-m/nofp/libc_nano.a(lib_a-realloc.o)
 .text          0x0000000000000000        0x0 /Applications/ARM/bin/../lib/gcc/arm-none-eabi/10.3.1/../../../../arm-none-eabi/lib/thumb/v7e-m/nofp/libc_nano.a(lib_a-sbrkr.o)
 .data          0x0000000000000000        0x0 /Applications/ARM/bin/../lib/gcc/arm-none-eabi/10.3.1/../../../../arm-none-eabi/lib/thumb/v7e-m/nofp/libc_nano.a(lib_a-sbrkr.o)
 .bss           0x0000000000000000        0x0 /Applications/ARM/bin/../lib/gcc/arm-none-eabi/10.3.1/../../../../arm-none-eabi/lib/thumb/v7e-m/nofp/libc_nano.a(lib_a-sbrkr.o)
 .text          0x0000000000000000       0x10 /Applications/ARM/bin/../lib/gcc/arm-none-eabi/10.3.1/../../../../arm-none-eabi/lib/thumb/v7e-m/nofp/libc_nano.a(lib_a-strlen.o)
 .data          0x0000000000000000        0x0 /Applications/ARM/bin/../lib/gcc/arm-none-eabi/10.3.1/../../../../arm-none-eabi/lib/thumb/v7e-m/nofp/libc_nano.a(lib_a-strlen.o)
 .bss           0x0000000000000000        0x0 /Applications/ARM/bin/../lib/gcc/arm-none-eabi/10.3.1/../../../../arm-none-eabi/lib/thumb/v7e-m/nofp/libc_nano.a(lib_a-strlen.o)
 .ARM.attributes
                0x0000000000000000       0x17 /Applications/ARM/bin/../lib/gcc/arm-none-eabi/10.3.1/../../../../arm-none-eabi/lib/thumb/v7e-m/nofp/libc_nano.a(lib_a-strlen.o)
 .text          0x0000000000000000        0x0 /Applications/ARM/bin/../lib/gcc/arm-none-eabi/10.3.1/../../../../arm-none-eabi/lib/thumb/v7e-m/nofp/libc_nano.a(lib_a-vsnprintf.o)
 .data          0x0000000000000000        0x0 /Applications/ARM/bin/../lib/gcc/arm-none-eabi/10.3.1/../../../../arm-none-eabi/lib/thumb/v7e-m/nofp/libc_nano.a(lib_a-vsnprintf.o)
 .bss           0x0000000000000000        0x0 /Applications/ARM/bin/../lib/gcc/arm-none-eabi/10.3.1/../../../../arm-none-eabi/lib/thumb/v7e-m/nofp/libc_nano.a(lib_a-vsnprintf.o)
 .text          0x0000000000000000        0x0 /Applications/ARM/bin/../lib/gcc/arm-none-eabi/10.3.1/../../../../arm-none-eabi/lib/thumb/v7e-m/nofp/libc_nano.a(lib_a-impure.o)
 .data          0x0000000000000000        0x0 /Applications/ARM/bin/../lib/gcc/arm-none-eabi/10.3.1/../../../../arm-none-eabi/lib/thumb/v7e-m/nofp/libc_nano.a(lib_a-impure.o)
 .bss           0x0000000000000000        0x0 /Applications/ARM/bin/../lib/gcc/arm-none-eabi/10.3.1/../../../../arm-none-eabi/lib/thumb/v7e-m/nofp/libc_nano.a(lib_a-impure.o)
 .rodata._global_impure_ptr
                0x0000000000000000        0x4 /Applications/ARM/bin/../lib/gcc/arm-none-eabi/10.3.1/../../../../arm-none-eabi/lib/thumb/v7e-m/nofp/libc_nano.a(lib_a-impure.o)
 .text          0x0000000000000000        0x0 /Applications/ARM/bin/../lib/gcc/arm-none-eabi/10.3.1/../../../../arm-none-eabi/lib/thumb/v7e-m/nofp/libc_nano.a(lib_a-mlock.o)
 .data          0x0000000000000000        0x0 /Applications/ARM/bin/../lib/gcc/arm-none-eabi/10.3.1/../../../../arm-none-eabi/lib/thumb/v7e-m/nofp/libc_nano.a(lib_a-mlock.o)
 .bss           0x0000000000000000        0x0 /Applications/ARM/bin/../lib/gcc/arm-none-eabi/10.3.1/../../../../arm-none-eabi/lib/thumb/v7e-m/nofp/libc_nano.a(lib_a-mlock.o)
 .text          0x0000000000000000        0x0 /Applications/ARM/bin/../lib/gcc/arm-none-eabi/10.3.1/../../../../arm-none-eabi/lib/thumb/v7e-m/nofp/libc_nano.a(lib_a-nano-reallocr.o)
 .data          0x0000000000000000        0x0 /Applications/ARM/bin/../lib/gcc/arm-none-eabi/10.3.1/../../../../arm-none-eabi/lib/thumb/v7e-m/nofp/libc_nano.a(lib_a-nano-reallocr.o)
 .bss           0x0000000000000000        0x0 /Applications/ARM/bin/../lib/gcc/arm-none-eabi/10.3.1/../../../../arm-none-eabi/lib/thumb/v7e-m/nofp/libc_nano.a(lib_a-nano-reallocr.o)
 .text          0x0000000000000000        0x0 /Applications/ARM/bin/../lib/gcc/arm-none-eabi/10.3.1/../../../../arm-none-eabi/lib/thumb/v7e-m/nofp/libc_nano.a(lib_a-nano-svfprintf.o)
 .data          0x0000000000000000        0x0 /Applications/ARM/bin/../lib/gcc/arm-none-eabi/10.3.1/../../../../arm-none-eabi/lib/thumb/v7e-m/nofp/libc_nano.a(lib_a-nano-svfprintf.o)
 .bss           0x0000000000000000        0x0 /Applications/ARM/bin/../lib/gcc/arm-none-eabi/10.3.1/../../../../arm-none-eabi/lib/thumb/v7e-m/nofp/libc_nano.a(lib_a-nano-svfprintf.o)
 .text.__ssprint_r
                0x0000000000000000       0xf6 /Applications/ARM/bin/../lib/gcc/arm-none-eabi/10.3.1/../../../../arm-none-eabi/lib/thumb/v7e-m/nofp/libc_nano.a(lib_a-nano-svfprintf.o)
 .text          0x0000000000000000        0x0 /Applications/ARM/bin/../lib/gcc/arm-none-eabi/10.3.1/../../../../arm-none-eabi/lib/thumb/v7e-m/nofp/libc_nano.a(lib_a-nano-vfprintf_i.o)
 .data          0x0000000000000000        0x0 /Applications/ARM/bin/../lib/gcc/arm-none-eabi/10.3.1/../../../../arm-none-eabi/lib/thumb/v7e-m/nofp/libc_nano.a(lib_a-nano-vfprintf_i.o)
 .bss           0x0000000000000000        0x0 /Applications/ARM/bin/../lib/gcc/arm-none-eabi/10.3.1/../../../../arm-none-eabi/lib/thumb/v7e-m/nofp/libc_nano.a(lib_a-nano-vfprintf_i.o)
 .text          0x0000000000000000        0x0 /Applications/ARM/bin/../lib/gcc/arm-none-eabi/10.3.1/../../../../arm-none-eabi/lib/thumb/v7e-m/nofp/libc_nano.a(lib_a-reent.o)
 .data          0x0000000000000000        0x0 /Applications/ARM/bin/../lib/gcc/arm-none-eabi/10.3.1/../../../../arm-none-eabi/lib/thumb/v7e-m/nofp/libc_nano.a(lib_a-reent.o)
 .bss           0x0000000000000000        0x0 /Applications/ARM/bin/../lib/gcc/arm-none-eabi/10.3.1/../../../../arm-none-eabi/lib/thumb/v7e-m/nofp/libc_nano.a(lib_a-reent.o)
 .text.cleanup_glue
                0x0000000000000000       0x1a /Applications/ARM/bin/../lib/gcc/arm-none-eabi/10.3.1/../../../../arm-none-eabi/lib/thumb/v7e-m/nofp/libc_nano.a(lib_a-reent.o)
 .text._reclaim_reent
                0x0000000000000000       0xb8 /Applications/ARM/bin/../lib/gcc/arm-none-eabi/10.3.1/../../../../arm-none-eabi/lib/thumb/v7e-m/nofp/libc_nano.a(lib_a-reent.o)
 .text          0x0000000000000000        0x0 /Applications/ARM/bin/../lib/gcc/arm-none-eabi/10.3.1/../../../../arm-none-eabi/lib/thumb/v7e-m/nofp/libc_nano.a(lib_a-lock.o)
 .data          0x0000000000000000        0x0 /Applications/ARM/bin/../lib/gcc/arm-none-eabi/10.3.1/../../../../arm-none-eabi/lib/thumb/v7e-m/nofp/libc_nano.a(lib_a-lock.o)
 .bss           0x0000000000000000        0x0 /Applications/ARM/bin/../lib/gcc/arm-none-eabi/10.3.1/../../../../arm-none-eabi/lib/thumb/v7e-m/nofp/libc_nano.a(lib_a-lock.o)
 .text.__retarget_lock_init
                0x0000000000000000        0x2 /Applications/ARM/bin/../lib/gcc/arm-none-eabi/10.3.1/../../../../arm-none-eabi/lib/thumb/v7e-m/nofp/libc_nano.a(lib_a-lock.o)
 .text.__retarget_lock_init_recursive
                0x0000000000000000        0x2 /Applications/ARM/bin/../lib/gcc/arm-none-eabi/10.3.1/../../../../arm-none-eabi/lib/thumb/v7e-m/nofp/libc_nano.a(lib_a-lock.o)
 .text.__retarget_lock_close
                0x0000000000000000        0x2 /Applications/ARM/bin/../lib/gcc/arm-none-eabi/10.3.1/../../../../arm-none-eabi/lib/thumb/v7e-m/nofp/libc_nano.a(lib_a-lock.o)
 .text.__retarget_lock_close_recursive
                0x0000000000000000        0x2 /Applications/ARM/bin/../lib/gcc/arm-none-eabi/10.3.1/../../../../arm-none-eabi/lib/thumb/v7e-m/nofp/libc_nano.a(lib_a-lock.o)
 .text.__retarget_lock_acquire
                0x0000000000000000        0x2 /Applications/ARM/bin/../lib/gcc/arm-none-eabi/10.3.1/../../../../arm-none-eabi/lib/thumb/v7e-m/nofp/libc_nano.a(lib_a-lock.o)
 .text.__retarget_lock_try_acquire
                0x0000000000000000        0x4 /Applications/ARM/bin/../lib/gcc/arm-none-eabi/10.3.1/../../../../arm-none-eabi/lib/thumb/v7e-m/nofp/libc_nano.a(lib_a-lock.o)
 .text.__retarget_lock_try_acquire_recursive
                0x0000000000000000        0x4 /Applications/ARM/bin/../lib/gcc/arm-none-eabi/10.3.1/../../../../arm-none-eabi/lib/thumb/v7e-m/nofp/libc_nano.a(lib_a-lock.o)
 .text.__retarget_lock_release
                0x0000000000000000        0x2 /Applications/ARM/bin/../lib/gcc/arm-none-eabi/10.3.1/../../../../arm-none-eabi/lib/thumb/v7e-m/nofp/libc_nano.a(lib_a-lock.o)
 .bss.__lock___arc4random_mutex
                0x0000000000000000        0x1 /Applications/ARM/bin/../lib/gcc/arm-none-eabi/10.3.1/../../../../arm-none-eabi/lib/thumb/v7e-m/nofp/libc_nano.a(lib_a-lock.o)
 .bss.__lock___at_quick_exit_mutex
                0x0000000000000000        0x1 /Applications/ARM/bin/../lib/gcc/arm-none-eabi/10.3.1/../../../../arm-none-eabi/lib/thumb/v7e-m/nofp/libc_nano.a(lib_a-lock.o)
 .bss.__lock___atexit_recursive_mutex
                0x0000000000000000        0x1 /Applications/ARM/bin/../lib/gcc/arm-none-eabi/10.3.1/../../../../arm-none-eabi/lib/thumb/v7e-m/nofp/libc_nano.a(lib_a-lock.o)
 .bss.__lock___dd_hash_mutex
                0x0000000000000000        0x1 /Applications/ARM/bin/../lib/gcc/arm-none-eabi/10.3.1/../../../../arm-none-eabi/lib/thumb/v7e-m/nofp/libc_nano.a(lib_a-lock.o)
 .bss.__lock___env_recursive_mutex
                0x0000000000000000        0x1 /Applications/ARM/bin/../lib/gcc/arm-none-eabi/10.3.1/../../../../arm-none-eabi/lib/thumb/v7e-m/nofp/libc_nano.a(lib_a-lock.o)
 .bss.__lock___sfp_recursive_mutex
                0x0000000000000000        0x1 /Applications/ARM/bin/../lib/gcc/arm-none-eabi/10.3.1/../../../../arm-none-eabi/lib/thumb/v7e-m/nofp/libc_nano.a(lib_a-lock.o)
 .bss.__lock___sinit_recursive_mutex
                0x0000000000000000        0x1 /Applications/ARM/bin/../lib/gcc/arm-none-eabi/10.3.1/../../../../arm-none-eabi/lib/thumb/v7e-m/nofp/libc_nano.a(lib_a-lock.o)
 .bss.__lock___tz_mutex
                0x0000000000000000        0x1 /Applications/ARM/bin/../lib/gcc/arm-none-eabi/10.3.1/../../../../arm-none-eabi/lib/thumb/v7e-m/nofp/libc_nano.a(lib_a-lock.o)
 .data          0x0000000000000000        0x0 /Applications/ARM/bin/../lib/gcc/arm-none-eabi/10.3.1/../../../../arm-none-eabi/lib/thumb/v7e-m/nofp/libc_nano.a(lib_a-memchr.o)
 .bss           0x0000000000000000        0x0 /Applications/ARM/bin/../lib/gcc/arm-none-eabi/10.3.1/../../../../arm-none-eabi/lib/thumb/v7e-m/nofp/libc_nano.a(lib_a-memchr.o)
 .text          0x0000000000000000        0x0 /Applications/ARM/bin/../lib/gcc/arm-none-eabi/10.3.1/../../../../arm-none-eabi/lib/thumb/v7e-m/nofp/libc_nano.a(lib_a-memcpy-stub.o)
 .data          0x0000000000000000        0x0 /Applications/ARM/bin/../lib/gcc/arm-none-eabi/10.3.1/../../../../arm-none-eabi/lib/thumb/v7e-m/nofp/libc_nano.a(lib_a-memcpy-stub.o)
 .bss           0x0000000000000000        0x0 /Applications/ARM/bin/../lib/gcc/arm-none-eabi/10.3.1/../../../../arm-none-eabi/lib/thumb/v7e-m/nofp/libc_nano.a(lib_a-memcpy-stub.o)
 .text          0x0000000000000000        0x0 /Applications/ARM/bin/../lib/gcc/arm-none-eabi/10.3.1/../../../../arm-none-eabi/lib/thumb/v7e-m/nofp/libc_nano.a(lib_a-nano-msizer.o)
 .data          0x0000000000000000        0x0 /Applications/ARM/bin/../lib/gcc/arm-none-eabi/10.3.1/../../../../arm-none-eabi/lib/thumb/v7e-m/nofp/libc_nano.a(lib_a-nano-msizer.o)
 .bss           0x0000000000000000        0x0 /Applications/ARM/bin/../lib/gcc/arm-none-eabi/10.3.1/../../../../arm-none-eabi/lib/thumb/v7e-m/nofp/libc_nano.a(lib_a-nano-msizer.o)
 .text          0x0000000000000000       0x30 /Applications/ARM/bin/../lib/gcc/arm-none-eabi/10.3.1/thumb/v7e-m/nofp/libgcc.a(_aeabi_uldivmod.o)
 .data          0x0000000000000000        0x0 /Applications/ARM/bin/../lib/gcc/arm-none-eabi/10.3.1/thumb/v7e-m/nofp/libgcc.a(_aeabi_uldivmod.o)
 .bss           0x0000000000000000        0x0 /Applications/ARM/bin/../lib/gcc/arm-none-eabi/10.3.1/thumb/v7e-m/nofp/libgcc.a(_aeabi_uldivmod.o)
 .debug_frame   0x0000000000000000       0x2c /Applications/ARM/bin/../lib/gcc/arm-none-eabi/10.3.1/thumb/v7e-m/nofp/libgcc.a(_aeabi_uldivmod.o)
 .ARM.attributes
                0x0000000000000000       0x1e /Applications/ARM/bin/../lib/gcc/arm-none-eabi/10.3.1/thumb/v7e-m/nofp/libgcc.a(_aeabi_uldivmod.o)
 .text          0x0000000000000000      0x2d0 /Applications/ARM/bin/../lib/gcc/arm-none-eabi/10.3.1/thumb/v7e-m/nofp/libgcc.a(_udivmoddi4.o)
 .data          0x0000000000000000        0x0 /Applications/ARM/bin/../lib/gcc/arm-none-eabi/10.3.1/thumb/v7e-m/nofp/libgcc.a(_udivmoddi4.o)
 .bss           0x0000000000000000        0x0 /Applications/ARM/bin/../lib/gcc/arm-none-eabi/10.3.1/thumb/v7e-m/nofp/libgcc.a(_udivmoddi4.o)
 .ARM.extab     0x0000000000000000        0x0 /Applications/ARM/bin/../lib/gcc/arm-none-eabi/10.3.1/thumb/v7e-m/nofp/libgcc.a(_udivmoddi4.o)
 .ARM.exidx     0x0000000000000000        0x8 /Applications/ARM/bin/../lib/gcc/arm-none-eabi/10.3.1/thumb/v7e-m/nofp/libgcc.a(_udivmoddi4.o)
 .debug_frame   0x0000000000000000       0x34 /Applications/ARM/bin/../lib/gcc/arm-none-eabi/10.3.1/thumb/v7e-m/nofp/libgcc.a(_udivmoddi4.o)
 .ARM.attributes
                0x0000000000000000       0x2e /Applications/ARM/bin/../lib/gcc/arm-none-eabi/10.3.1/thumb/v7e-m/nofp/libgcc.a(_udivmoddi4.o)
 .text          0x0000000000000000        0x4 /Applications/ARM/bin/../lib/gcc/arm-none-eabi/10.3.1/thumb/v7e-m/nofp/libgcc.a(_dvmd_tls.o)
 .data          0x0000000000000000        0x0 /Applications/ARM/bin/../lib/gcc/arm-none-eabi/10.3.1/thumb/v7e-m/nofp/libgcc.a(_dvmd_tls.o)
 .bss           0x0000000000000000        0x0 /Applications/ARM/bin/../lib/gcc/arm-none-eabi/10.3.1/thumb/v7e-m/nofp/libgcc.a(_dvmd_tls.o)
 .ARM.attributes
                0x0000000000000000       0x1e /Applications/ARM/bin/../lib/gcc/arm-none-eabi/10.3.1/thumb/v7e-m/nofp/libgcc.a(_dvmd_tls.o)

Memory Configuration

Name             Origin             Length             Attributes
SRAM             0x0000000020000000 0x0000000000040000 xrw
*default*        0x0000000000000000 0xffffffffffffffff

Linker script and memory map

                0x0000000000004000                BOOTLOADER_SIZE = 0x4000

.bootloader     0x0000000020000000     0x4000
                0x0000000020000000                _heap2 = .
                0x0000000020004000                . = (. + BOOTLOADER_SIZE)
 *fill*         0x0000000020000000     0x4000 
                0x0000000020004000                . = ALIGN (0x8)
                0x0000000020004000                _eheap2 = .

.text           0x0000000020004000     0x1d50
                0x0000000020004000                _text = .
 *(.intvecs)
 .intvecs       0x0000000020004000      0x400 obj//Debug/startup_gcc.o
                0x0000000020004000                g_pfnVectors
 *(.text*)
 .text.TimerIntHandler
                0x0000000020004400       0x70 obj//Debug/main.o
 .text.DisplayBanner
                0x0000000020004470       0x3c obj//Debug/main.o
                0x0000000020004470                DisplayBanner
 .text.BoardInit
                0x00000000200044ac       0x24 obj//Debug/main.o
                0x00000000200044ac                BoardInit
 .text.main     0x00000000200044d0       0x8c obj//Debug/main.o
                0x00000000200044d0                main
 .text.PinMuxConfig
                0x000000002000455c       0x30 obj//Debug/pinmux.o
                0x000000002000455c                PinMuxConfig
 .text.InitTerm
                0x000000002000458c       0x2c obj//Debug/uart_if.o
                0x000000002000458c                InitTerm
 .text.Message  0x00000000200045b8       0x34 obj//Debug/uart_if.o
                0x00000000200045b8                Message
 .text.Report   0x00000000200045ec       0x98 obj//Debug/uart_if.o
                0x00000000200045ec                Report
 .text.ResetISR
                0x0000000020004684       0x5c obj//Debug/startup_gcc.o
                0x0000000020004684                ResetISR
 .text.NmiSR    0x00000000200046e0        0x6 obj//Debug/startup_gcc.o
 .text.FaultISR
                0x00000000200046e6        0x6 obj//Debug/startup_gcc.o
 .text.BusFaultHandler
                0x00000000200046ec        0x6 obj//Debug/startup_gcc.o
 .text.IntDefaultHandler
                0x00000000200046f2        0x6 obj//Debug/startup_gcc.o
 .text._sbrk    0x00000000200046f8       0x54 obj//Debug/startup_gcc.o
                0x00000000200046f8                _sbrk
 .text.IntMasterEnable
                0x000000002000474c       0x10 ../../../driverlib/gcc/lib/Debug/libdriver.a(interrupt.o)
                0x000000002000474c                IntMasterEnable
 .text.IntVTableBaseSet
                0x000000002000475c       0x1c ../../../driverlib/gcc/lib/Debug/libdriver.a(interrupt.o)
                0x000000002000475c                IntVTableBaseSet
 .text.IntRegister
                0x0000000020004778       0x2c ../../../driverlib/gcc/lib/Debug/libdriver.a(interrupt.o)
                0x0000000020004778                IntRegister
 .text.IntEnable
                0x00000000200047a4       0xbc ../../../driverlib/gcc/lib/Debug/libdriver.a(interrupt.o)
                0x00000000200047a4                IntEnable
 .text.PinModeSet
                0x0000000020004860       0x48 ../../../driverlib/gcc/lib/Debug/libdriver.a(pin.o)
                0x0000000020004860                PinModeSet
 .text.PinConfigSet
                0x00000000200048a8       0x9c ../../../driverlib/gcc/lib/Debug/libdriver.a(pin.o)
                0x00000000200048a8                PinConfigSet
 .text.PinTypeUART
                0x0000000020004944       0x24 ../../../driverlib/gcc/lib/Debug/libdriver.a(pin.o)
                0x0000000020004944                PinTypeUART
 .text.PinTypeTimer
                0x0000000020004968       0x24 ../../../driverlib/gcc/lib/Debug/libdriver.a(pin.o)
                0x0000000020004968                PinTypeTimer
 .text.PRCMSysResetCauseGet
                0x000000002000498c       0x3c ../../../driverlib/gcc/lib/Debug/libdriver.a(prcm.o)
                0x000000002000498c                PRCMSysResetCauseGet
 .text.PRCMPeripheralClkEnable
                0x00000000200049c8       0x5c ../../../driverlib/gcc/lib/Debug/libdriver.a(prcm.o)
                0x00000000200049c8                PRCMPeripheralClkEnable
 .text.PRCMPeripheralClkDisable
                0x0000000020004a24       0x48 ../../../driverlib/gcc/lib/Debug/libdriver.a(prcm.o)
                0x0000000020004a24                PRCMPeripheralClkDisable
 .text.PRCMPeripheralClockGet
                0x0000000020004a6c       0xa8 ../../../driverlib/gcc/lib/Debug/libdriver.a(prcm.o)
                0x0000000020004a6c                PRCMPeripheralClockGet
 .text.PRCMPeripheralReset
                0x0000000020004b14       0x8c ../../../driverlib/gcc/lib/Debug/libdriver.a(prcm.o)
                0x0000000020004b14                PRCMPeripheralReset
 .text.PRCMCC3200MCUInit
                0x0000000020004ba0      0x1a0 ../../../driverlib/gcc/lib/Debug/libdriver.a(prcm.o)
                0x0000000020004ba0                PRCMCC3200MCUInit
 .text.PRCMHIBRegRead
                0x0000000020004d40       0x20 ../../../driverlib/gcc/lib/Debug/libdriver.a(prcm.o)
                0x0000000020004d40                PRCMHIBRegRead
 .text.PRCMHIBRegWrite
                0x0000000020004d60       0x20 ../../../driverlib/gcc/lib/Debug/libdriver.a(prcm.o)
                0x0000000020004d60                PRCMHIBRegWrite
 .text.TimerEnable
                0x0000000020004d80       0x2a ../../../driverlib/gcc/lib/Debug/libdriver.a(timer.o)
                0x0000000020004d80                TimerEnable
 *fill*         0x0000000020004daa        0x2 
 .text.TimerConfigure
                0x0000000020004dac       0x54 ../../../driverlib/gcc/lib/Debug/libdriver.a(timer.o)
                0x0000000020004dac                TimerConfigure
 .text.TimerControlEvent
                0x0000000020004e00       0x3e ../../../driverlib/gcc/lib/Debug/libdriver.a(timer.o)
                0x0000000020004e00                TimerControlEvent
 .text.TimerLoadSet
                0x0000000020004e3e       0x3c ../../../driverlib/gcc/lib/Debug/libdriver.a(timer.o)
                0x0000000020004e3e                TimerLoadSet
 .text.TimerValueGet
                0x0000000020004e7a       0x28 ../../../driverlib/gcc/lib/Debug/libdriver.a(timer.o)
                0x0000000020004e7a                TimerValueGet
 *fill*         0x0000000020004ea2        0x2 
 .text.TimerIntRegister
                0x0000000020004ea4       0x80 ../../../driverlib/gcc/lib/Debug/libdriver.a(timer.o)
                0x0000000020004ea4                TimerIntRegister
 .text.TimerIntEnable
                0x0000000020004f24       0x26 ../../../driverlib/gcc/lib/Debug/libdriver.a(timer.o)
                0x0000000020004f24                TimerIntEnable
 .text.TimerIntClear
                0x0000000020004f4a       0x1e ../../../driverlib/gcc/lib/Debug/libdriver.a(timer.o)
                0x0000000020004f4a                TimerIntClear
 .text.UARTConfigSetExpClk
                0x0000000020004f68       0x92 ../../../driverlib/gcc/lib/Debug/libdriver.a(uart.o)
                0x0000000020004f68                UARTConfigSetExpClk
 .text.UARTEnable
                0x0000000020004ffa       0x36 ../../../driverlib/gcc/lib/Debug/libdriver.a(uart.o)
                0x0000000020004ffa                UARTEnable
 .text.UARTDisable
                0x0000000020005030       0x46 ../../../driverlib/gcc/lib/Debug/libdriver.a(uart.o)
                0x0000000020005030                UARTDisable
 .text.UARTCharPut
                0x0000000020005076       0x2c ../../../driverlib/gcc/lib/Debug/libdriver.a(uart.o)
                0x0000000020005076                UARTCharPut
 .text.UtilsDelay
                0x00000000200050a2        0xa ../../../driverlib/gcc/lib/Debug/libdriver.a(utils.o)
                0x00000000200050a2                UtilsDelay
 .text.CPUcpsie
                0x00000000200050ac       0x16 ../../../driverlib/gcc/lib/Debug/libdriver.a(cpu.o)
                0x00000000200050ac                CPUcpsie
 *fill*         0x00000000200050c2        0x2 
 .text.malloc   0x00000000200050c4       0x10 /Applications/ARM/bin/../lib/gcc/arm-none-eabi/10.3.1/../../../../arm-none-eabi/lib/thumb/v7e-m/nofp/libc_nano.a(lib_a-malloc.o)
                0x00000000200050c4                malloc
 .text.free     0x00000000200050d4       0x10 /Applications/ARM/bin/../lib/gcc/arm-none-eabi/10.3.1/../../../../arm-none-eabi/lib/thumb/v7e-m/nofp/libc_nano.a(lib_a-malloc.o)
                0x00000000200050d4                free
 .text.memmove  0x00000000200050e4       0x34 /Applications/ARM/bin/../lib/gcc/arm-none-eabi/10.3.1/../../../../arm-none-eabi/lib/thumb/v7e-m/nofp/libc_nano.a(lib_a-memmove.o)
                0x00000000200050e4                memmove
 .text._free_r  0x0000000020005118       0x94 /Applications/ARM/bin/../lib/gcc/arm-none-eabi/10.3.1/../../../../arm-none-eabi/lib/thumb/v7e-m/nofp/libc_nano.a(lib_a-nano-freer.o)
                0x0000000020005118                _free_r
 .text.sbrk_aligned
                0x00000000200051ac       0x40 /Applications/ARM/bin/../lib/gcc/arm-none-eabi/10.3.1/../../../../arm-none-eabi/lib/thumb/v7e-m/nofp/libc_nano.a(lib_a-nano-mallocr.o)
 .text._malloc_r
                0x00000000200051ec       0xe8 /Applications/ARM/bin/../lib/gcc/arm-none-eabi/10.3.1/../../../../arm-none-eabi/lib/thumb/v7e-m/nofp/libc_nano.a(lib_a-nano-mallocr.o)
                0x00000000200051ec                _malloc_r
 .text.realloc  0x00000000200052d4       0x10 /Applications/ARM/bin/../lib/gcc/arm-none-eabi/10.3.1/../../../../arm-none-eabi/lib/thumb/v7e-m/nofp/libc_nano.a(lib_a-realloc.o)
                0x00000000200052d4                realloc
 .text._sbrk_r  0x00000000200052e4       0x20 /Applications/ARM/bin/../lib/gcc/arm-none-eabi/10.3.1/../../../../arm-none-eabi/lib/thumb/v7e-m/nofp/libc_nano.a(lib_a-sbrkr.o)
                0x00000000200052e4                _sbrk_r
 .text._vsnprintf_r
                0x0000000020005304       0x56 /Applications/ARM/bin/../lib/gcc/arm-none-eabi/10.3.1/../../../../arm-none-eabi/lib/thumb/v7e-m/nofp/libc_nano.a(lib_a-vsnprintf.o)
                0x0000000020005304                _vsnprintf_r
                0x0000000020005304                _vsniprintf_r
 *fill*         0x000000002000535a        0x2 
 .text.vsnprintf
                0x000000002000535c       0x1c /Applications/ARM/bin/../lib/gcc/arm-none-eabi/10.3.1/../../../../arm-none-eabi/lib/thumb/v7e-m/nofp/libc_nano.a(lib_a-vsnprintf.o)
                0x000000002000535c                vsnprintf
                0x000000002000535c                vsniprintf
 .text.__malloc_lock
                0x0000000020005378        0xc /Applications/ARM/bin/../lib/gcc/arm-none-eabi/10.3.1/../../../../arm-none-eabi/lib/thumb/v7e-m/nofp/libc_nano.a(lib_a-mlock.o)
                0x0000000020005378                __malloc_lock
 .text.__malloc_unlock
                0x0000000020005384        0xc /Applications/ARM/bin/../lib/gcc/arm-none-eabi/10.3.1/../../../../arm-none-eabi/lib/thumb/v7e-m/nofp/libc_nano.a(lib_a-mlock.o)
                0x0000000020005384                __malloc_unlock
 .text._realloc_r
                0x0000000020005390       0x5e /Applications/ARM/bin/../lib/gcc/arm-none-eabi/10.3.1/../../../../arm-none-eabi/lib/thumb/v7e-m/nofp/libc_nano.a(lib_a-nano-reallocr.o)
                0x0000000020005390                _realloc_r
 .text.__ssputs_r
                0x00000000200053ee       0xb6 /Applications/ARM/bin/../lib/gcc/arm-none-eabi/10.3.1/../../../../arm-none-eabi/lib/thumb/v7e-m/nofp/libc_nano.a(lib_a-nano-svfprintf.o)
                0x00000000200053ee                __ssputs_r
 .text._svfprintf_r
                0x00000000200054a4      0x200 /Applications/ARM/bin/../lib/gcc/arm-none-eabi/10.3.1/../../../../arm-none-eabi/lib/thumb/v7e-m/nofp/libc_nano.a(lib_a-nano-svfprintf.o)
                0x00000000200054a4                _svfprintf_r
                0x00000000200054a4                _svfiprintf_r
 .text._printf_common
                0x00000000200056a4       0xda /Applications/ARM/bin/../lib/gcc/arm-none-eabi/10.3.1/../../../../arm-none-eabi/lib/thumb/v7e-m/nofp/libc_nano.a(lib_a-nano-vfprintf_i.o)
                0x00000000200056a4                _printf_common
 *fill*         0x000000002000577e        0x2 
 .text._printf_i
                0x0000000020005780      0x24c /Applications/ARM/bin/../lib/gcc/arm-none-eabi/10.3.1/../../../../arm-none-eabi/lib/thumb/v7e-m/nofp/libc_nano.a(lib_a-nano-vfprintf_i.o)
                0x0000000020005780                _printf_i
 .text.__retarget_lock_acquire_recursive
                0x00000000200059cc        0x2 /Applications/ARM/bin/../lib/gcc/arm-none-eabi/10.3.1/../../../../arm-none-eabi/lib/thumb/v7e-m/nofp/libc_nano.a(lib_a-lock.o)
                0x00000000200059cc                __retarget_lock_acquire_recursive
 .text.__retarget_lock_release_recursive
                0x00000000200059ce        0x2 /Applications/ARM/bin/../lib/gcc/arm-none-eabi/10.3.1/../../../../arm-none-eabi/lib/thumb/v7e-m/nofp/libc_nano.a(lib_a-lock.o)
                0x00000000200059ce                __retarget_lock_release_recursive
 .text          0x00000000200059d0       0xa0 /Applications/ARM/bin/../lib/gcc/arm-none-eabi/10.3.1/../../../../arm-none-eabi/lib/thumb/v7e-m/nofp/libc_nano.a(lib_a-memchr.o)
                0x00000000200059d0                memchr
 .text.memcpy   0x0000000020005a70       0x1c /Applications/ARM/bin/../lib/gcc/arm-none-eabi/10.3.1/../../../../arm-none-eabi/lib/thumb/v7e-m/nofp/libc_nano.a(lib_a-memcpy-stub.o)
                0x0000000020005a70                memcpy
 .text._malloc_usable_size_r
                0x0000000020005a8c       0x10 /Applications/ARM/bin/../lib/gcc/arm-none-eabi/10.3.1/../../../../arm-none-eabi/lib/thumb/v7e-m/nofp/libc_nano.a(lib_a-nano-msizer.o)
                0x0000000020005a8c                _malloc_usable_size_r
 *(.rodata*)
 .rodata        0x0000000020005a9c       0x8d obj//Debug/main.o
 *fill*         0x0000000020005b29        0x3 
 .rodata        0x0000000020005b2c       0x2a obj//Debug/uart_if.o
 *fill*         0x0000000020005b56        0x2 
 .rodata.g_pulEnRegs
                0x0000000020005b58       0x18 ../../../driverlib/gcc/lib/Debug/libdriver.a(interrupt.o)
 .rodata.g_ulPinToPadMap
                0x0000000020005b70      0x100 ../../../driverlib/gcc/lib/Debug/libdriver.a(pin.o)
 .rodata.PRCM_PeriphRegsList
                0x0000000020005c70       0xa8 ../../../driverlib/gcc/lib/Debug/libdriver.a(prcm.o)
 .rodata._svfprintf_r.str1.1
                0x0000000020005d18       0x11 /Applications/ARM/bin/../lib/gcc/arm-none-eabi/10.3.1/../../../../arm-none-eabi/lib/thumb/v7e-m/nofp/libc_nano.a(lib_a-nano-svfprintf.o)
 .rodata._printf_i.str1.1
                0x0000000020005d29       0x22 /Applications/ARM/bin/../lib/gcc/arm-none-eabi/10.3.1/../../../../arm-none-eabi/lib/thumb/v7e-m/nofp/libc_nano.a(lib_a-nano-vfprintf_i.o)
 *(.ARM.extab* .gnu.linkonce.armextab.*)
                0x0000000020005d50                . = ALIGN (0x8)
 *fill*         0x0000000020005d4b        0x5 
                0x0000000020005d50                _etext = .

.glue_7         0x0000000020005d50        0x0
 .glue_7        0x0000000020005d50        0x0 linker stubs

.glue_7t        0x0000000020005d50        0x0
 .glue_7t       0x0000000020005d50        0x0 linker stubs

.vfp11_veneer   0x0000000020005d50        0x0
 .vfp11_veneer  0x0000000020005d50        0x0 linker stubs

.v4_bx          0x0000000020005d50        0x0
 .v4_bx         0x0000000020005d50        0x0 linker stubs

.iplt           0x0000000020005d50        0x0
 .iplt          0x0000000020005d50        0x0 obj//Debug/main.o

.rel.dyn        0x0000000020005d50        0x0
 .rel.iplt      0x0000000020005d50        0x0 obj//Debug/main.o

.ARM            0x0000000020005d50        0x0
                0x0000000020005d50                __exidx_start = .
 *(.ARM.exidx*)
                0x0000000020005d50                __exidx_end = .
                0x0000000020005d50                __init_data = .

.data           0x0000000020005d50       0x68
                0x0000000020005d50                _data = .
 *(.data*)
 .data._impure_ptr
                0x0000000020005d50        0x4 /Applications/ARM/bin/../lib/gcc/arm-none-eabi/10.3.1/../../../../arm-none-eabi/lib/thumb/v7e-m/nofp/libc_nano.a(lib_a-impure.o)
                0x0000000020005d50                _impure_ptr
 .data.impure_data
                0x0000000020005d54       0x60 /Applications/ARM/bin/../lib/gcc/arm-none-eabi/10.3.1/../../../../arm-none-eabi/lib/thumb/v7e-m/nofp/libc_nano.a(lib_a-impure.o)
                0x0000000020005db8                . = ALIGN (0x8)
 *fill*         0x0000000020005db4        0x4 
                0x0000000020005db8                _edata = .

.igot.plt       0x0000000020005db8        0x0
 .igot.plt      0x0000000020005db8        0x0 obj//Debug/main.o

.bss            0x0000000020005db8     0x1021
                0x0000000020005db8                _bss = .
 *(.bss*)
 .bss.g_ulSamples
                0x0000000020005db8        0x8 obj//Debug/main.o
 .bss.g_ulFreq  0x0000000020005dc0        0x4 obj//Debug/main.o
 .bss.__Errorlog
                0x0000000020005dc4        0x4 obj//Debug/uart_if.o
 .bss.heap_end  0x0000000020005dc8        0x4 obj//Debug/startup_gcc.o
 .bss.pui32Stack
                0x0000000020005dcc     0x1000 obj//Debug/startup_gcc.o
 .bss.__malloc_free_list
                0x0000000020006dcc        0x4 /Applications/ARM/bin/../lib/gcc/arm-none-eabi/10.3.1/../../../../arm-none-eabi/lib/thumb/v7e-m/nofp/libc_nano.a(lib_a-nano-mallocr.o)
                0x0000000020006dcc                __malloc_free_list
 .bss.__malloc_sbrk_start
                0x0000000020006dd0        0x4 /Applications/ARM/bin/../lib/gcc/arm-none-eabi/10.3.1/../../../../arm-none-eabi/lib/thumb/v7e-m/nofp/libc_nano.a(lib_a-nano-mallocr.o)
                0x0000000020006dd0                __malloc_sbrk_start
 .bss.errno     0x0000000020006dd4        0x4 /Applications/ARM/bin/../lib/gcc/arm-none-eabi/10.3.1/../../../../arm-none-eabi/lib/thumb/v7e-m/nofp/libc_nano.a(lib_a-reent.o)
                0x0000000020006dd4                errno
 .bss.__lock___malloc_recursive_mutex
                0x0000000020006dd8        0x1 /Applications/ARM/bin/../lib/gcc/arm-none-eabi/10.3.1/../../../../arm-none-eabi/lib/thumb/v7e-m/nofp/libc_nano.a(lib_a-lock.o)
                0x0000000020006dd8                __lock___malloc_recursive_mutex
 *(COMMON)
                0x0000000020006dd9                _ebss = .

.heap           0x0000000020006dd9    0x38e27
                0x0000000020006dd9                _heap = .
                0x000000002003fc00                . = (((((((. + LENGTH (SRAM)) - SIZEOF (.bss)) - SIZEOF (.data)) - SIZEOF (.ARM)) - SIZEOF (.text)) - SIZEOF (.bootloader)) - 0x400)
 *fill*         0x0000000020006dd9    0x38e27 
                0x000000002003fc00                . = ALIGN (0x400)
                0x000000002003fc00                _eheap = .
LOAD obj//Debug/main.o
LOAD obj//Debug/pinmux.o
LOAD obj//Debug/uart_if.o
LOAD obj//Debug/startup_gcc.o
LOAD ../../../driverlib/gcc/lib/Debug/libdriver.a
LOAD /Applications/ARM/bin/../lib/gcc/arm-none-eabi/10.3.1/../../../../arm-none-eabi/lib/thumb/v7e-m/nofp/libm.a
LOAD /Applications/ARM/bin/../lib/gcc/arm-none-eabi/10.3.1/../../../../arm-none-eabi/lib/thumb/v7e-m/nofp/libc_nano.a
LOAD /Applications/ARM/bin/../lib/gcc/arm-none-eabi/10.3.1/thumb/v7e-m/nofp/libgcc.a
LOAD /Applications/ARM/bin/../lib/gcc/arm-none-eabi/10.3.1/../../../../arm-none-eabi/lib/thumb/v7e-m/nofp/libnosys.a
OUTPUT(bin//Debug/timer_cc.elf elf32-littlearm)
LOAD linker stubs

.debug_info     0x0000000000000000     0x28a4
 .debug_info    0x0000000000000000      0x10b obj//Debug/main.o
 .debug_info    0x000000000000010b       0x46 obj//Debug/pinmux.o
 .debug_info    0x0000000000000151      0x2c4 obj//Debug/uart_if.o
 .debug_info    0x0000000000000415      0x1f9 obj//Debug/startup_gcc.o
 .debug_info    0x000000000000060e      0x3a2 ../../../driverlib/gcc/lib/Debug/libdriver.a(interrupt.o)
 .debug_info    0x00000000000009b0      0x422 ../../../driverlib/gcc/lib/Debug/libdriver.a(pin.o)
 .debug_info    0x0000000000000dd2      0xac8 ../../../driverlib/gcc/lib/Debug/libdriver.a(prcm.o)
 .debug_info    0x000000000000189a      0x612 ../../../driverlib/gcc/lib/Debug/libdriver.a(timer.o)
 .debug_info    0x0000000000001eac      0x89d ../../../driverlib/gcc/lib/Debug/libdriver.a(uart.o)
 .debug_info    0x0000000000002749       0x52 ../../../driverlib/gcc/lib/Debug/libdriver.a(utils.o)
 .debug_info    0x000000000000279b      0x109 ../../../driverlib/gcc/lib/Debug/libdriver.a(cpu.o)

.debug_abbrev   0x0000000000000000      0xb9e
 .debug_abbrev  0x0000000000000000       0xf3 obj//Debug/main.o
 .debug_abbrev  0x00000000000000f3       0x39 obj//Debug/pinmux.o
 .debug_abbrev  0x000000000000012c      0x15d obj//Debug/uart_if.o
 .debug_abbrev  0x0000000000000289      0x135 obj//Debug/startup_gcc.o
 .debug_abbrev  0x00000000000003be      0x15d ../../../driverlib/gcc/lib/Debug/libdriver.a(interrupt.o)
 .debug_abbrev  0x000000000000051b      0x120 ../../../driverlib/gcc/lib/Debug/libdriver.a(pin.o)
 .debug_abbrev  0x000000000000063b      0x206 ../../../driverlib/gcc/lib/Debug/libdriver.a(prcm.o)
 .debug_abbrev  0x0000000000000841       0xec ../../../driverlib/gcc/lib/Debug/libdriver.a(timer.o)
 .debug_abbrev  0x000000000000092d      0x145 ../../../driverlib/gcc/lib/Debug/libdriver.a(uart.o)
 .debug_abbrev  0x0000000000000a72       0x4c ../../../driverlib/gcc/lib/Debug/libdriver.a(utils.o)
 .debug_abbrev  0x0000000000000abe       0xe0 ../../../driverlib/gcc/lib/Debug/libdriver.a(cpu.o)

.debug_aranges  0x0000000000000000      0x650
 .debug_aranges
                0x0000000000000000       0x38 obj//Debug/main.o
 .debug_aranges
                0x0000000000000038       0x20 obj//Debug/pinmux.o
 .debug_aranges
                0x0000000000000058       0x50 obj//Debug/uart_if.o
 .debug_aranges
                0x00000000000000a8       0x48 obj//Debug/startup_gcc.o
 .debug_aranges
                0x00000000000000f0       0x98 ../../../driverlib/gcc/lib/Debug/libdriver.a(interrupt.o)
 .debug_aranges
                0x0000000000000188       0x90 ../../../driverlib/gcc/lib/Debug/libdriver.a(pin.o)
 .debug_aranges
                0x0000000000000218      0x1b8 ../../../driverlib/gcc/lib/Debug/libdriver.a(prcm.o)
 .debug_aranges
                0x00000000000003d0       0xd8 ../../../driverlib/gcc/lib/Debug/libdriver.a(timer.o)
 .debug_aranges
                0x00000000000004a8      0x140 ../../../driverlib/gcc/lib/Debug/libdriver.a(uart.o)
 .debug_aranges
                0x00000000000005e8       0x20 ../../../driverlib/gcc/lib/Debug/libdriver.a(utils.o)
 .debug_aranges
                0x0000000000000608       0x48 ../../../driverlib/gcc/lib/Debug/libdriver.a(cpu.o)

.debug_ranges   0x0000000000000000      0x5a0
 .debug_ranges  0x0000000000000000       0x28 obj//Debug/main.o
 .debug_ranges  0x0000000000000028       0x10 obj//Debug/pinmux.o
 .debug_ranges  0x0000000000000038       0x40 obj//Debug/uart_if.o
 .debug_ranges  0x0000000000000078       0x38 obj//Debug/startup_gcc.o
 .debug_ranges  0x00000000000000b0       0x88 ../../../driverlib/gcc/lib/Debug/libdriver.a(interrupt.o)
 .debug_ranges  0x0000000000000138       0x80 ../../../driverlib/gcc/lib/Debug/libdriver.a(pin.o)
 .debug_ranges  0x00000000000001b8      0x1a8 ../../../driverlib/gcc/lib/Debug/libdriver.a(prcm.o)
 .debug_ranges  0x0000000000000360       0xc8 ../../../driverlib/gcc/lib/Debug/libdriver.a(timer.o)
 .debug_ranges  0x0000000000000428      0x130 ../../../driverlib/gcc/lib/Debug/libdriver.a(uart.o)
 .debug_ranges  0x0000000000000558       0x10 ../../../driverlib/gcc/lib/Debug/libdriver.a(utils.o)
 .debug_ranges  0x0000000000000568       0x38 ../../../driverlib/gcc/lib/Debug/libdriver.a(cpu.o)

.debug_line     0x0000000000000000     0x201b
 .debug_line    0x0000000000000000       0xfb obj//Debug/main.o
 .debug_line    0x00000000000000fb       0x47 obj//Debug/pinmux.o
 .debug_line    0x0000000000000142      0x263 obj//Debug/uart_if.o
 .debug_line    0x00000000000003a5      0x18c obj//Debug/startup_gcc.o
 .debug_line    0x0000000000000531      0x379 ../../../driverlib/gcc/lib/Debug/libdriver.a(interrupt.o)
 .debug_line    0x00000000000008aa      0x26f ../../../driverlib/gcc/lib/Debug/libdriver.a(pin.o)
 .debug_line    0x0000000000000b19      0x940 ../../../driverlib/gcc/lib/Debug/libdriver.a(prcm.o)
 .debug_line    0x0000000000001459      0x500 ../../../driverlib/gcc/lib/Debug/libdriver.a(timer.o)
 .debug_line    0x0000000000001959      0x5b3 ../../../driverlib/gcc/lib/Debug/libdriver.a(uart.o)
 .debug_line    0x0000000000001f0c       0x43 ../../../driverlib/gcc/lib/Debug/libdriver.a(utils.o)
 .debug_line    0x0000000000001f4f       0xcc ../../../driverlib/gcc/lib/Debug/libdriver.a(cpu.o)

.debug_str      0x0000000000000000     0x1191
 .debug_str     0x0000000000000000      0x14c obj//Debug/main.o
                                        0x170 (size before relaxing)
 .debug_str     0x000000000000014c       0x19 obj//Debug/pinmux.o
                                        0x116 (size before relaxing)
 .debug_str     0x0000000000000165      0x138 obj//Debug/uart_if.o
                                        0x269 (size before relaxing)
 .debug_str     0x000000000000029d       0xc2 obj//Debug/startup_gcc.o
                                        0x24d (size before relaxing)
 .debug_str     0x000000000000035f      0x1cf ../../../driverlib/gcc/lib/Debug/libdriver.a(interrupt.o)
                                        0x2d5 (size before relaxing)
 .debug_str     0x000000000000052e      0x115 ../../../driverlib/gcc/lib/Debug/libdriver.a(pin.o)
                                        0x239 (size before relaxing)
 .debug_str     0x0000000000000643      0x613 ../../../driverlib/gcc/lib/Debug/libdriver.a(prcm.o)
                                        0x75c (size before relaxing)
 .debug_str     0x0000000000000c56      0x1c4 ../../../driverlib/gcc/lib/Debug/libdriver.a(timer.o)
                                        0x2ea (size before relaxing)
 .debug_str     0x0000000000000e1a      0x2fd ../../../driverlib/gcc/lib/Debug/libdriver.a(uart.o)
                                        0x462 (size before relaxing)
 .debug_str     0x0000000000001117       0x1e ../../../driverlib/gcc/lib/Debug/libdriver.a(utils.o)
                                        0x106 (size before relaxing)
 .debug_str     0x0000000000001135       0x5c ../../../driverlib/gcc/lib/Debug/libdriver.a(cpu.o)
                                        0x144 (size before relaxing)

.comment        0x0000000000000000       0x49
 .comment       0x0000000000000000       0x49 obj//Debug/main.o
                                         0x4a (size before relaxing)
 .comment       0x0000000000000049       0x4a obj//Debug/pinmux.o
 .comment       0x0000000000000049       0x4a obj//Debug/uart_if.o
 .comment       0x0000000000000049       0x4a obj//Debug/startup_gcc.o
 .comment       0x0000000000000049       0x4a ../../../driverlib/gcc/lib/Debug/libdriver.a(interrupt.o)
 .comment       0x0000000000000049       0x4a ../../../driverlib/gcc/lib/Debug/libdriver.a(pin.o)
 .comment       0x0000000000000049       0x4a ../../../driverlib/gcc/lib/Debug/libdriver.a(prcm.o)
 .comment       0x0000000000000049       0x4a ../../../driverlib/gcc/lib/Debug/libdriver.a(timer.o)
 .comment       0x0000000000000049       0x4a ../../../driverlib/gcc/lib/Debug/libdriver.a(uart.o)
 .comment       0x0000000000000049       0x4a ../../../driverlib/gcc/lib/Debug/libdriver.a(utils.o)
 .comment       0x0000000000000049       0x4a ../../../driverlib/gcc/lib/Debug/libdriver.a(cpu.o)

.ARM.attributes
                0x0000000000000000       0x2c
 .ARM.attributes
                0x0000000000000000       0x2e obj//Debug/main.o
 .ARM.attributes
                0x000000000000002e       0x2e obj//Debug/pinmux.o
 .ARM.attributes
                0x000000000000005c       0x2e obj//Debug/uart_if.o
 .ARM.attributes
                0x000000000000008a       0x2e obj//Debug/startup_gcc.o
 .ARM.attributes
                0x00000000000000b8       0x2e ../../../driverlib/gcc/lib/Debug/libdriver.a(interrupt.o)
 .ARM.attributes
                0x00000000000000e6       0x2e ../../../driverlib/gcc/lib/Debug/libdriver.a(pin.o)
 .ARM.attributes
                0x0000000000000114       0x2e ../../../driverlib/gcc/lib/Debug/libdriver.a(prcm.o)
 .ARM.attributes
                0x0000000000000142       0x2e ../../../driverlib/gcc/lib/Debug/libdriver.a(timer.o)
 .ARM.attributes
                0x0000000000000170       0x2e ../../../driverlib/gcc/lib/Debug/libdriver.a(uart.o)
 .ARM.attributes
                0x000000000000019e       0x2e ../../../driverlib/gcc/lib/Debug/libdriver.a(utils.o)
 .ARM.attributes
                0x00000000000001cc       0x2e ../../../driverlib/gcc/lib/Debug/libdriver.a(cpu.o)
 .ARM.attributes
                0x00000000000001fa       0x2e /Applications/ARM/bin/../lib/gcc/arm-none-eabi/10.3.1/../../../../arm-none-eabi/lib/thumb/v7e-m/nofp/libc_nano.a(lib_a-malloc.o)
 .ARM.attributes
                0x0000000000000228       0x2e /Applications/ARM/bin/../lib/gcc/arm-none-eabi/10.3.1/../../../../arm-none-eabi/lib/thumb/v7e-m/nofp/libc_nano.a(lib_a-memmove.o)
 .ARM.attributes
                0x0000000000000256       0x2e /Applications/ARM/bin/../lib/gcc/arm-none-eabi/10.3.1/../../../../arm-none-eabi/lib/thumb/v7e-m/nofp/libc_nano.a(lib_a-nano-freer.o)
 .ARM.attributes
                0x0000000000000284       0x2e /Applications/ARM/bin/../lib/gcc/arm-none-eabi/10.3.1/../../../../arm-none-eabi/lib/thumb/v7e-m/nofp/libc_nano.a(lib_a-nano-mallocr.o)
 .ARM.attributes
                0x00000000000002b2       0x2e /Applications/ARM/bin/../lib/gcc/arm-none-eabi/10.3.1/../../../../arm-none-eabi/lib/thumb/v7e-m/nofp/libc_nano.a(lib_a-realloc.o)
 .ARM.attributes
                0x00000000000002e0       0x2e /Applications/ARM/bin/../lib/gcc/arm-none-eabi/10.3.1/../../../../arm-none-eabi/lib/thumb/v7e-m/nofp/libc_nano.a(lib_a-sbrkr.o)
 .ARM.attributes
                0x000000000000030e       0x2e /Applications/ARM/bin/../lib/gcc/arm-none-eabi/10.3.1/../../../../arm-none-eabi/lib/thumb/v7e-m/nofp/libc_nano.a(lib_a-vsnprintf.o)
 .ARM.attributes
                0x000000000000033c       0x2e /Applications/ARM/bin/../lib/gcc/arm-none-eabi/10.3.1/../../../../arm-none-eabi/lib/thumb/v7e-m/nofp/libc_nano.a(lib_a-impure.o)
 .ARM.attributes
                0x000000000000036a       0x2e /Applications/ARM/bin/../lib/gcc/arm-none-eabi/10.3.1/../../../../arm-none-eabi/lib/thumb/v7e-m/nofp/libc_nano.a(lib_a-mlock.o)
 .ARM.attributes
                0x0000000000000398       0x2e /Applications/ARM/bin/../lib/gcc/arm-none-eabi/10.3.1/../../../../arm-none-eabi/lib/thumb/v7e-m/nofp/libc_nano.a(lib_a-nano-reallocr.o)
 .ARM.attributes
                0x00000000000003c6       0x2e /Applications/ARM/bin/../lib/gcc/arm-none-eabi/10.3.1/../../../../arm-none-eabi/lib/thumb/v7e-m/nofp/libc_nano.a(lib_a-nano-svfprintf.o)
 .ARM.attributes
                0x00000000000003f4       0x2e /Applications/ARM/bin/../lib/gcc/arm-none-eabi/10.3.1/../../../../arm-none-eabi/lib/thumb/v7e-m/nofp/libc_nano.a(lib_a-nano-vfprintf_i.o)
 .ARM.attributes
                0x0000000000000422       0x2e /Applications/ARM/bin/../lib/gcc/arm-none-eabi/10.3.1/../../../../arm-none-eabi/lib/thumb/v7e-m/nofp/libc_nano.a(lib_a-reent.o)
 .ARM.attributes
                0x0000000000000450       0x2e /Applications/ARM/bin/../lib/gcc/arm-none-eabi/10.3.1/../../../../arm-none-eabi/lib/thumb/v7e-m/nofp/libc_nano.a(lib_a-lock.o)
 .ARM.attributes
                0x000000000000047e       0x1c /Applications/ARM/bin/../lib/gcc/arm-none-eabi/10.3.1/../../../../arm-none-eabi/lib/thumb/v7e-m/nofp/libc_nano.a(lib_a-memchr.o)
 .ARM.attributes
                0x000000000000049a       0x2e /Applications/ARM/bin/../lib/gcc/arm-none-eabi/10.3.1/../../../../arm-none-eabi/lib/thumb/v7e-m/nofp/libc_nano.a(lib_a-memcpy-stub.o)
 .ARM.attributes
                0x00000000000004c8       0x2e /Applications/ARM/bin/../lib/gcc/arm-none-eabi/10.3.1/../../../../arm-none-eabi/lib/thumb/v7e-m/nofp/libc_nano.a(lib_a-nano-msizer.o)

.debug_frame    0x0000000000000000     0x1d24
 .debug_frame   0x0000000000000000       0x88 obj//Debug/main.o
 .debug_frame   0x0000000000000088       0x2c obj//Debug/pinmux.o
 .debug_frame   0x00000000000000b4      0x12c obj//Debug/uart_if.o
 .debug_frame   0x00000000000001e0       0xbc obj//Debug/startup_gcc.o
 .debug_frame   0x000000000000029c      0x258 ../../../driverlib/gcc/lib/Debug/libdriver.a(interrupt.o)
 .debug_frame   0x00000000000004f4      0x244 ../../../driverlib/gcc/lib/Debug/libdriver.a(pin.o)
 .debug_frame   0x0000000000000738      0x7a4 ../../../driverlib/gcc/lib/Debug/libdriver.a(prcm.o)
 .debug_frame   0x0000000000000edc      0x3c8 ../../../driverlib/gcc/lib/Debug/libdriver.a(timer.o)
 .debug_frame   0x00000000000012a4      0x5cc ../../../driverlib/gcc/lib/Debug/libdriver.a(uart.o)
 .debug_frame   0x0000000000001870       0x20 ../../../driverlib/gcc/lib/Debug/libdriver.a(utils.o)
 .debug_frame   0x0000000000001890       0x70 ../../../driverlib/gcc/lib/Debug/libdriver.a(cpu.o)
 .debug_frame   0x0000000000001900       0x30 /Applications/ARM/bin/../lib/gcc/arm-none-eabi/10.3.1/../../../../arm-none-eabi/lib/thumb/v7e-m/nofp/libc_nano.a(lib_a-malloc.o)
 .debug_frame   0x0000000000001930       0x28 /Applications/ARM/bin/../lib/gcc/arm-none-eabi/10.3.1/../../../../arm-none-eabi/lib/thumb/v7e-m/nofp/libc_nano.a(lib_a-memmove.o)
 .debug_frame   0x0000000000001958       0x38 /Applications/ARM/bin/../lib/gcc/arm-none-eabi/10.3.1/../../../../arm-none-eabi/lib/thumb/v7e-m/nofp/libc_nano.a(lib_a-nano-freer.o)
 .debug_frame   0x0000000000001990       0x4c /Applications/ARM/bin/../lib/gcc/arm-none-eabi/10.3.1/../../../../arm-none-eabi/lib/thumb/v7e-m/nofp/libc_nano.a(lib_a-nano-mallocr.o)
 .debug_frame   0x00000000000019dc       0x20 /Applications/ARM/bin/../lib/gcc/arm-none-eabi/10.3.1/../../../../arm-none-eabi/lib/thumb/v7e-m/nofp/libc_nano.a(lib_a-realloc.o)
 .debug_frame   0x00000000000019fc       0x2c /Applications/ARM/bin/../lib/gcc/arm-none-eabi/10.3.1/../../../../arm-none-eabi/lib/thumb/v7e-m/nofp/libc_nano.a(lib_a-sbrkr.o)
 .debug_frame   0x0000000000001a28       0x4c /Applications/ARM/bin/../lib/gcc/arm-none-eabi/10.3.1/../../../../arm-none-eabi/lib/thumb/v7e-m/nofp/libc_nano.a(lib_a-vsnprintf.o)
 .debug_frame   0x0000000000001a74       0x30 /Applications/ARM/bin/../lib/gcc/arm-none-eabi/10.3.1/../../../../arm-none-eabi/lib/thumb/v7e-m/nofp/libc_nano.a(lib_a-mlock.o)
 .debug_frame   0x0000000000001aa4       0x3c /Applications/ARM/bin/../lib/gcc/arm-none-eabi/10.3.1/../../../../arm-none-eabi/lib/thumb/v7e-m/nofp/libc_nano.a(lib_a-nano-reallocr.o)
 .debug_frame   0x0000000000001ae0       0x90 /Applications/ARM/bin/../lib/gcc/arm-none-eabi/10.3.1/../../../../arm-none-eabi/lib/thumb/v7e-m/nofp/libc_nano.a(lib_a-nano-svfprintf.o)
 .debug_frame   0x0000000000001b70       0x60 /Applications/ARM/bin/../lib/gcc/arm-none-eabi/10.3.1/../../../../arm-none-eabi/lib/thumb/v7e-m/nofp/libc_nano.a(lib_a-nano-vfprintf_i.o)
 .debug_frame   0x0000000000001bd0       0x5c /Applications/ARM/bin/../lib/gcc/arm-none-eabi/10.3.1/../../../../arm-none-eabi/lib/thumb/v7e-m/nofp/libc_nano.a(lib_a-reent.o)
 .debug_frame   0x0000000000001c2c       0xb0 /Applications/ARM/bin/../lib/gcc/arm-none-eabi/10.3.1/../../../../arm-none-eabi/lib/thumb/v7e-m/nofp/libc_nano.a(lib_a-lock.o)
 .debug_frame   0x0000000000001cdc       0x28 /Applications/ARM/bin/../lib/gcc/arm-none-eabi/10.3.1/../../../../arm-none-eabi/lib/thumb/v7e-m/nofp/libc_nano.a(lib_a-memcpy-stub.o)
 .debug_frame   0x0000000000001d04       0x20 /Applications/ARM/bin/../lib/gcc/arm-none-eabi/10.3.1/../../../../arm-none-eabi/lib/thumb/v7e-m/nofp/libc_nano.a(lib_a-nano-msizer.o)
