Archive member included to satisfy reference by file (symbol)

../../../simplelink_extlib/provisioninglib/gcc/lib/Debug/provisioninglib.a(provisioning_logic.o)
                              obj//Debug/main.o (sl_extlib_ProvisioningStart)
../../../simplelink_extlib/provisioninglib/gcc/lib/Debug/provisioninglib.a(cfg_confirm.o)
                              ../../../simplelink_extlib/provisioninglib/gcc/lib/Debug/provisioninglib.a(provisioning_logic.o) (g_cfgConfirmState)
../../../simplelink_extlib/provisioninglib/gcc/lib/Debug/provisioninglib.a(networkListHndl.o)
                              ../../../simplelink_extlib/provisioninglib/gcc/lib/Debug/provisioninglib.a(provisioning_logic.o) (g_NetListHandlingState)
../../../simplelink/gcc/lib/nonos/Debug/libsimplelink.a(device.o)
                              obj//Debug/main.o (sl_Start)
../../../simplelink/gcc/lib/nonos/Debug/libsimplelink.a(driver.o)
                              ../../../simplelink/gcc/lib/nonos/Debug/libsimplelink.a(device.o) (g_SlDeviceStatus)
../../../simplelink/gcc/lib/nonos/Debug/libsimplelink.a(netapp.o)
                              obj//Debug/main.o (sl_NetAppMDNSUnRegisterService)
../../../simplelink/gcc/lib/nonos/Debug/libsimplelink.a(netcfg.o)
                              obj//Debug/main.o (sl_NetCfgSet)
../../../simplelink/gcc/lib/nonos/Debug/libsimplelink.a(nonos.o)
                              ../../../simplelink/gcc/lib/nonos/Debug/libsimplelink.a(driver.o) (g__SlNonOsCB)
../../../simplelink/gcc/lib/nonos/Debug/libsimplelink.a(fs.o)
                              obj//Debug/main.o (_sl_GetCreateFsMode)
../../../simplelink/gcc/lib/nonos/Debug/libsimplelink.a(socket.o)
                              ../../../simplelink_extlib/provisioninglib/gcc/lib/Debug/provisioninglib.a(provisioning_logic.o) (sl_Socket)
../../../simplelink/gcc/lib/nonos/Debug/libsimplelink.a(wlan.o)
                              obj//Debug/main.o (sl_WlanDisconnect)
../../../simplelink/gcc/lib/nonos/Debug/libsimplelink.a(cc_pal.o)
                              ../../../simplelink/gcc/lib/nonos/Debug/libsimplelink.a(device.o) (spi_Open)
../../../driverlib/gcc/lib/Debug/libdriver.a(gpio.o)
                              obj//Debug/pinmux.o (GPIODirModeSet)
../../../driverlib/gcc/lib/Debug/libdriver.a(interrupt.o)
                              obj//Debug/main.o (IntMasterEnable)
../../../driverlib/gcc/lib/Debug/libdriver.a(pin.o)
                              obj//Debug/pinmux.o (PinTypeUART)
../../../driverlib/gcc/lib/Debug/libdriver.a(prcm.o)
                              obj//Debug/pinmux.o (PRCMPeripheralClkEnable)
../../../driverlib/gcc/lib/Debug/libdriver.a(spi.o)
                              ../../../simplelink/gcc/lib/nonos/Debug/libsimplelink.a(cc_pal.o) (SPIEnable)
../../../driverlib/gcc/lib/Debug/libdriver.a(timer.o)
                              obj//Debug/timer_if.o (TimerEnable)
../../../driverlib/gcc/lib/Debug/libdriver.a(uart.o)
                              obj//Debug/uart_if.o (UARTConfigSetExpClk)
../../../driverlib/gcc/lib/Debug/libdriver.a(udma.o)
                              ../../../simplelink/gcc/lib/nonos/Debug/libsimplelink.a(cc_pal.o) (uDMAChannelEnable)
../../../driverlib/gcc/lib/Debug/libdriver.a(utils.o)
                              obj//Debug/main.o (UtilsDelay)
../../../driverlib/gcc/lib/Debug/libdriver.a(cpu.o)
                              ../../../driverlib/gcc/lib/Debug/libdriver.a(interrupt.o) (CPUcpsid)
../../../driverlib/gcc/lib/Debug/libdriver.a(flash.o)
                              ../../../driverlib/gcc/lib/Debug/libdriver.a(prcm.o) (FlashDisable)
/Applications/ARM/bin/../lib/gcc/arm-none-eabi/10.3.1/../../../../arm-none-eabi/lib/thumb/v7e-m/nofp/libc_nano.a(lib_a-malloc.o)
                              obj//Debug/uart_if.o (malloc)
/Applications/ARM/bin/../lib/gcc/arm-none-eabi/10.3.1/../../../../arm-none-eabi/lib/thumb/v7e-m/nofp/libc_nano.a(lib_a-memcmp.o)
                              ../../../simplelink_extlib/provisioninglib/gcc/lib/Debug/provisioninglib.a(provisioning_logic.o) (memcmp)
/Applications/ARM/bin/../lib/gcc/arm-none-eabi/10.3.1/../../../../arm-none-eabi/lib/thumb/v7e-m/nofp/libc_nano.a(lib_a-memcpy-stub.o)
                              obj//Debug/main.o (memcpy)
/Applications/ARM/bin/../lib/gcc/arm-none-eabi/10.3.1/../../../../arm-none-eabi/lib/thumb/v7e-m/nofp/libc_nano.a(lib_a-memmove.o)
                              obj//Debug/uart_if.o (memmove)
/Applications/ARM/bin/../lib/gcc/arm-none-eabi/10.3.1/../../../../arm-none-eabi/lib/thumb/v7e-m/nofp/libc_nano.a(lib_a-memset.o)
                              obj//Debug/main.o (memset)
/Applications/ARM/bin/../lib/gcc/arm-none-eabi/10.3.1/../../../../arm-none-eabi/lib/thumb/v7e-m/nofp/libc_nano.a(lib_a-nano-freer.o)
                              /Applications/ARM/bin/../lib/gcc/arm-none-eabi/10.3.1/../../../../arm-none-eabi/lib/thumb/v7e-m/nofp/libc_nano.a(lib_a-malloc.o) (_free_r)
[...]
Memory Configuration

Name             Origin             Length             Attributes
SRAM             0x0000000020000000 0x0000000000040000 xrw
*default*        0x0000000000000000 0xffffffffffffffff

Linker script and memory map

                0x0000000000004000                BOOTLOADER_SIZE = 0x4000

.bootloader     0x0000000020000000     0x4000
                0x0000000020000000                _heap2 = .
                0x0000000020004000                . = (. + BOOTLOADER_SIZE)
 *fill*         0x0000000020000000     0x4000 
                0x0000000020004000                . = ALIGN (0x8)
                0x0000000020004000                _eheap2 = .

.text           0x0000000020004000     0x90a8
                0x0000000020004000                _text = .
 *(.intvecs)
 .intvecs       0x0000000020004000      0x400 obj//Debug/startup_gcc.o
                0x0000000020004000                g_pfnVectors
 *(.text*)
 .text.SimpleLinkWlanEventHandler
                0x0000000020004400      0x1b8 obj//Debug/main.o
                0x0000000020004400                SimpleLinkWlanEventHandler
 .text.SimpleLinkNetAppEventHandler
                0x00000000200045b8      0x144 obj//Debug/main.o
                0x00000000200045b8                SimpleLinkNetAppEventHandler
 .text.SimpleLinkHttpServerCallback
                0x00000000200046fc       0x14 obj//Debug/main.o
                0x00000000200046fc                SimpleLinkHttpServerCallback
 .text.SimpleLinkGeneralEventHandler
                0x0000000020004710       0x30 obj//Debug/main.o
                0x0000000020004710                SimpleLinkGeneralEventHandler
 .text.SimpleLinkSockEventHandler
                0x0000000020004740       0x6c obj//Debug/main.o
                0x0000000020004740                SimpleLinkSockEventHandler
 .text.generalTimeoutHandler
                0x00000000200047ac       0x24 obj//Debug/main.o
                0x00000000200047ac                generalTimeoutHandler
 .text.waitmSec
                0x00000000200047d0       0x68 obj//Debug/main.o
                0x00000000200047d0                waitmSec
 .text.sl_extlib_ProvWaitHdl
                0x0000000020004838       0x16 obj//Debug/main.o
                0x0000000020004838                sl_extlib_ProvWaitHdl
 *fill*         0x000000002000484e        0x2 
 .text.InitializeAppVariables
                0x0000000020004850       0x44 obj//Debug/main.o
 .text.ConfigureSimpleLinkToDefaultState
                0x0000000020004894      0x358 obj//Debug/main.o
 .text.DisplayBanner
                0x0000000020004bec       0x3c obj//Debug/main.o
 .text.BoardInit
                0x0000000020004c28       0x16 obj//Debug/main.o
 *fill*         0x0000000020004c3e        0x2 
 .text.startProvisioning
                0x0000000020004c40      0x1d0 obj//Debug/main.o
                0x0000000020004c40                startProvisioning
 .text.main     0x0000000020004e10       0xc8 obj//Debug/main.o
                0x0000000020004e10                main
 .text.PinMuxConfig
                0x0000000020004ed8       0x48 obj//Debug/pinmux.o
                0x0000000020004ed8                PinMuxConfig
 .text.GPIO_IF_LedConfigure
                0x0000000020004f20       0x68 obj//Debug/gpio_if.o
                0x0000000020004f20                GPIO_IF_LedConfigure
 .text.GPIO_IF_LedOn
                0x0000000020004f88       0xd4 obj//Debug/gpio_if.o
                0x0000000020004f88                GPIO_IF_LedOn
 .text.GPIO_IF_LedOff
                0x000000002000505c       0xd4 obj//Debug/gpio_if.o
                0x000000002000505c                GPIO_IF_LedOff
 .text.GPIO_IF_GetPortNPin
                0x0000000020005130       0x48 obj//Debug/gpio_if.o
                0x0000000020005130                GPIO_IF_GetPortNPin
 .text.GPIO_IF_Set
                0x0000000020005178       0x3a obj//Debug/gpio_if.o
                0x0000000020005178                GPIO_IF_Set
 *fill*         0x00000000200051b2        0x2 
 .text.InitTerm
                0x00000000200051b4       0x2c obj//Debug/uart_if.o
                0x00000000200051b4                InitTerm
 .text.Message  0x00000000200051e0       0x34 obj//Debug/uart_if.o
                0x00000000200051e0                Message
 .text.Report   0x0000000020005214       0x98 obj//Debug/uart_if.o
                0x0000000020005214                Report
 .text.GetPeripheralIntNum
                0x00000000200052ac       0xc0 obj//Debug/timer_if.o
 .text.Timer_IF_Init
                0x000000002000536c       0x36 obj//Debug/timer_if.o
                0x000000002000536c                Timer_IF_Init
 .text.Timer_IF_IntSetup
                0x00000000200053a2       0x5c obj//Debug/timer_if.o
                0x00000000200053a2                Timer_IF_IntSetup
 .text.Timer_IF_InterruptClear
                0x00000000200053fe       0x22 obj//Debug/timer_if.o
                0x00000000200053fe                Timer_IF_InterruptClear
 .text.Timer_IF_Start
                0x0000000020005420       0x34 obj//Debug/timer_if.o
                0x0000000020005420                Timer_IF_Start
 .text.Timer_IF_Stop
                0x0000000020005454       0x1a obj//Debug/timer_if.o
                0x0000000020005454                Timer_IF_Stop
 .text.Timer_IF_DeInit
                0x000000002000546e       0x24 obj//Debug/timer_if.o
                0x000000002000546e                Timer_IF_DeInit
 *fill*         0x0000000020005492        0x2 
 .text.ResetISR
                0x0000000020005494       0x5c obj//Debug/startup_gcc.o
                0x0000000020005494                ResetISR
 .text.NmiSR    0x00000000200054f0        0x6 obj//Debug/startup_gcc.o
 .text.FaultISR
                0x00000000200054f6        0x6 obj//Debug/startup_gcc.o
 .text.BusFaultHandler
                0x00000000200054fc        0x6 obj//Debug/startup_gcc.o
 .text.IntDefaultHandler
                0x0000000020005502        0x6 obj//Debug/startup_gcc.o
 .text._sbrk    0x0000000020005508       0x54 obj//Debug/startup_gcc.o
                0x0000000020005508                _sbrk
 .text.mac_addr_to_string
                0x000000002000555c       0x88 ../../../simplelink_extlib/provisioninglib/gcc/lib/Debug/provisioninglib.a(provisioning_logic.o)
 .text.sl_extlib_ProvisioningStart
                0x00000000200055e4       0xbc ../../../simplelink_extlib/provisioninglib/gcc/lib/Debug/provisioninglib.a(provisioning_logic.o)
                0x00000000200055e4                sl_extlib_ProvisioningStart
 .text.ProvisioningRun
                0x00000000200056a0       0x50 ../../../simplelink_extlib/provisioninglib/gcc/lib/Debug/provisioninglib.a(provisioning_logic.o)
                0x00000000200056a0                ProvisioningRun
 .text.startApProvisioning
                0x00000000200056f0       0xc8 ../../../simplelink_extlib/provisioninglib/gcc/lib/Debug/provisioninglib.a(provisioning_logic.o)
 .text.continueApProvisioning
                0x00000000200057b8       0x50 ../../../simplelink_extlib/provisioninglib/gcc/lib/Debug/provisioninglib.a(provisioning_logic.o)
 .text.SetDeviceMode
                0x0000000020005808       0xb8 ../../../simplelink_extlib/provisioninglib/gcc/lib/Debug/provisioninglib.a(provisioning_logic.o)
                0x0000000020005808                SetDeviceMode
 .text.handleTimeout
                0x00000000200058c0       0xf4 ../../../simplelink_extlib/provisioninglib/gcc/lib/Debug/provisioninglib.a(provisioning_logic.o)
 .text.handleHttpEvents
                0x00000000200059b4      0x154 ../../../simplelink_extlib/provisioninglib/gcc/lib/Debug/provisioninglib.a(provisioning_logic.o)
 .text.SendUdpBCast
                0x0000000020005b08      0x13c ../../../simplelink_extlib/provisioninglib/gcc/lib/Debug/provisioninglib.a(provisioning_logic.o)
 .text.handleWlanEvents
                0x0000000020005c44       0xd8 ../../../simplelink_extlib/provisioninglib/gcc/lib/Debug/provisioninglib.a(provisioning_logic.o)
 .text.cfgNotifyStaConnected
                0x0000000020005d1c       0x2c ../../../simplelink_extlib/provisioninglib/gcc/lib/Debug/provisioninglib.a(cfg_confirm.o)
                0x0000000020005d1c                cfgNotifyStaConnected
 .text.cfgNotifyStaIpAcquired
                0x0000000020005d48       0x3c ../../../simplelink_extlib/provisioninglib/gcc/lib/Debug/provisioninglib.a(cfg_confirm.o)
                0x0000000020005d48                cfgNotifyStaIpAcquired
 .text.cfgNotifyTimeout
                0x0000000020005d84      0x104 ../../../simplelink_extlib/provisioninglib/gcc/lib/Debug/provisioninglib.a(cfg_confirm.o)
                0x0000000020005d84                cfgNotifyTimeout
 .text.cfgNotifyResultTaken
                0x0000000020005e88       0x24 ../../../simplelink_extlib/provisioninglib/gcc/lib/Debug/provisioninglib.a(cfg_confirm.o)
                0x0000000020005e88                cfgNotifyResultTaken
 .text.cfgConfirmStart
                0x0000000020005eac       0x94 ../../../simplelink_extlib/provisioninglib/gcc/lib/Debug/provisioninglib.a(cfg_confirm.o)
                0x0000000020005eac                cfgConfirmStart
 .text.networksListHandleCfgResult
                0x0000000020005f40       0x34 ../../../simplelink_extlib/provisioninglib/gcc/lib/Debug/provisioninglib.a(networkListHndl.o)
                0x0000000020005f40                networksListHandleCfgResult
 .text.networksListScan
                0x0000000020005f74       0xc8 ../../../simplelink_extlib/provisioninglib/gcc/lib/Debug/provisioninglib.a(networkListHndl.o)
                0x0000000020005f74                networksListScan
 .text.compressScanResults
                0x000000002000603c      0x1e8 ../../../simplelink_extlib/provisioninglib/gcc/lib/Debug/provisioninglib.a(networkListHndl.o)
                0x000000002000603c                compressScanResults
 .text.networksListReadScanResults
                0x0000000020006224       0x78 ../../../simplelink_extlib/provisioninglib/gcc/lib/Debug/provisioninglib.a(networkListHndl.o)
                0x0000000020006224                networksListReadScanResults
 .text.getSlTimeSec
                0x000000002000629c       0x32 ../../../simplelink_extlib/provisioninglib/gcc/lib/Debug/provisioninglib.a(networkListHndl.o)
 *fill*         0x00000000200062ce        0x2 
 .text._sl_GetStartResponseConvert
                0x00000000200062d0       0x20 ../../../simplelink/gcc/lib/nonos/Debug/libsimplelink.a(device.o)
 .text.sl_Start
                0x00000000200062f0      0x10c ../../../simplelink/gcc/lib/nonos/Debug/libsimplelink.a(device.o)
                0x00000000200062f0                sl_Start
 .text._sl_HandleAsync_InitComplete
                0x00000000200063fc       0xb4 ../../../simplelink/gcc/lib/nonos/Debug/libsimplelink.a(device.o)
                0x00000000200063fc                _sl_HandleAsync_InitComplete
 .text._sl_HandleAsync_Stop
                0x00000000200064b0       0x64 ../../../simplelink/gcc/lib/nonos/Debug/libsimplelink.a(device.o)
                0x00000000200064b0                _sl_HandleAsync_Stop
 .text.sl_Stop  0x0000000020006514       0xf4 ../../../simplelink/gcc/lib/nonos/Debug/libsimplelink.a(device.o)
                0x0000000020006514                sl_Stop
 .text.sl_DevGet
                0x0000000020006608       0xe0 ../../../simplelink/gcc/lib/nonos/Debug/libsimplelink.a(device.o)
                0x0000000020006608                sl_DevGet
 .text._SlDrvDeviceEventHandler
                0x00000000200066e8       0xaa ../../../simplelink/gcc/lib/nonos/Debug/libsimplelink.a(device.o)
                0x00000000200066e8                _SlDrvDeviceEventHandler
 *fill*         0x0000000020006792        0x2 
 .text._SlDrvHandleWlanEvents
                0x0000000020006794       0x40 ../../../simplelink/gcc/lib/nonos/Debug/libsimplelink.a(driver.o)
                0x0000000020006794                _SlDrvHandleWlanEvents
 .text._SlDrvHandleNetAppEvents
                0x00000000200067d4       0x3c ../../../simplelink/gcc/lib/nonos/Debug/libsimplelink.a(driver.o)
                0x00000000200067d4                _SlDrvHandleNetAppEvents
 .text._SlDrvHandleHttpServerEvents
                0x0000000020006810       0x40 ../../../simplelink/gcc/lib/nonos/Debug/libsimplelink.a(driver.o)
                0x0000000020006810                _SlDrvHandleHttpServerEvents
 .text._SlDrvProtectAsyncRespSetting
                0x0000000020006850       0x54 ../../../simplelink/gcc/lib/nonos/Debug/libsimplelink.a(driver.o)
                0x0000000020006850                _SlDrvProtectAsyncRespSetting
 .text._SlDrvDriverCBInit
                0x00000000200068a4      0x1d4 ../../../simplelink/gcc/lib/nonos/Debug/libsimplelink.a(driver.o)
                0x00000000200068a4                _SlDrvDriverCBInit
 .text._SlDrvDriverCBDeinit
                0x0000000020006a78      0x14c ../../../simplelink/gcc/lib/nonos/Debug/libsimplelink.a(driver.o)
                0x0000000020006a78                _SlDrvDriverCBDeinit
 .text._SlDrvRxIrqHandler
                0x0000000020006bc4       0x68 ../../../simplelink/gcc/lib/nonos/Debug/libsimplelink.a(driver.o)
                0x0000000020006bc4                _SlDrvRxIrqHandler
 .text._SlDrvCmdOp
                0x0000000020006c2c       0xcc ../../../simplelink/gcc/lib/nonos/Debug/libsimplelink.a(driver.o)
                0x0000000020006c2c                _SlDrvCmdOp
 .text._SlDrvDataWriteOp
                0x0000000020006cf8      0x174 ../../../simplelink/gcc/lib/nonos/Debug/libsimplelink.a(driver.o)
                0x0000000020006cf8                _SlDrvDataWriteOp
 .text._SlDrvMsgWrite
                0x0000000020006e6c      0x1d8 ../../../simplelink/gcc/lib/nonos/Debug/libsimplelink.a(driver.o)
 .text._SlDrvMsgRead
                0x0000000020007044      0x5e0 ../../../simplelink/gcc/lib/nonos/Debug/libsimplelink.a(driver.o)
 .text._SlAsyncEventGenericHandler
                0x0000000020007624       0xd8 ../../../simplelink/gcc/lib/nonos/Debug/libsimplelink.a(driver.o)
 .text._SlDrvMsgReadCmdCtx
                0x00000000200076fc      0x164 ../../../simplelink/gcc/lib/nonos/Debug/libsimplelink.a(driver.o)
 .text._SlDrvMsgReadSpawnCtx
                0x0000000020007860       0xfc ../../../simplelink/gcc/lib/nonos/Debug/libsimplelink.a(driver.o)
                0x0000000020007860                _SlDrvMsgReadSpawnCtx
 .text._SlDrvClassifyRxMsg
                0x000000002000795c       0xd0 ../../../simplelink/gcc/lib/nonos/Debug/libsimplelink.a(driver.o)
 .text._SlDrvRxHdrRead
                0x0000000020007a2c      0x2b0 ../../../simplelink/gcc/lib/nonos/Debug/libsimplelink.a(driver.o)
 .text._SlDrvBasicCmd
                0x0000000020007cdc       0x50 ../../../simplelink/gcc/lib/nonos/Debug/libsimplelink.a(driver.o)
                0x0000000020007cdc                _SlDrvBasicCmd
 .text._SlDrvCmdSend
                0x0000000020007d2c       0x74 ../../../simplelink/gcc/lib/nonos/Debug/libsimplelink.a(driver.o)
                0x0000000020007d2c                _SlDrvCmdSend
 .text._SlDrvWaitForPoolObj
                0x0000000020007da0      0x1a8 ../../../simplelink/gcc/lib/nonos/Debug/libsimplelink.a(driver.o)
                0x0000000020007da0                _SlDrvWaitForPoolObj
 .text._SlDrvReleasePoolObj
                0x0000000020007f48      0x204 ../../../simplelink/gcc/lib/nonos/Debug/libsimplelink.a(driver.o)
                0x0000000020007f48                _SlDrvReleasePoolObj
 .text._SlRemoveFromList
                0x000000002000814c       0xd0 ../../../simplelink/gcc/lib/nonos/Debug/libsimplelink.a(driver.o)
 .text._SlFindAndSetActiveObj
                0x000000002000821c      0x168 ../../../simplelink/gcc/lib/nonos/Debug/libsimplelink.a(driver.o)
 .text._SlDrvDispatchHttpServerEvents
                0x0000000020008384       0x1a ../../../simplelink/gcc/lib/nonos/Debug/libsimplelink.a(driver.o)
                0x0000000020008384                _SlDrvDispatchHttpServerEvents
 .text._SlDrvSyncObjSignal
                0x000000002000839e       0x2c ../../../simplelink/gcc/lib/nonos/Debug/libsimplelink.a(driver.o)
                0x000000002000839e                _SlDrvSyncObjSignal
 .text._SlDrvObjLockWaitForever
                0x00000000200083ca       0x32 ../../../simplelink/gcc/lib/nonos/Debug/libsimplelink.a(driver.o)
                0x00000000200083ca                _SlDrvObjLockWaitForever
 .text._SlDrvProtectionObjLockWaitForever
                0x00000000200083fc       0x3c ../../../simplelink/gcc/lib/nonos/Debug/libsimplelink.a(driver.o)
                0x00000000200083fc                _SlDrvProtectionObjLockWaitForever
 .text._SlDrvObjUnLock
                0x0000000020008438       0x2c ../../../simplelink/gcc/lib/nonos/Debug/libsimplelink.a(driver.o)
                0x0000000020008438                _SlDrvObjUnLock
 .text._SlDrvProtectionObjUnLock
                0x0000000020008464       0x34 ../../../simplelink/gcc/lib/nonos/Debug/libsimplelink.a(driver.o)
                0x0000000020008464                _SlDrvProtectionObjUnLock
 .text._SlDrvObjGlobalLockWaitForever
                0x0000000020008498       0x38 ../../../simplelink/gcc/lib/nonos/Debug/libsimplelink.a(driver.o)
 .text._SlDrvGlobalObjUnLock
                0x00000000200084d0       0x34 ../../../simplelink/gcc/lib/nonos/Debug/libsimplelink.a(driver.o)
                0x00000000200084d0                _SlDrvGlobalObjUnLock
 .text._SlDrvMemZero
                0x0000000020008504       0x20 ../../../simplelink/gcc/lib/nonos/Debug/libsimplelink.a(driver.o)
                0x0000000020008504                _SlDrvMemZero
 .text._SlDrvResetCmdExt
                0x0000000020008524       0x18 ../../../simplelink/gcc/lib/nonos/Debug/libsimplelink.a(driver.o)
                0x0000000020008524                _SlDrvResetCmdExt
 .text._SlDrvSyncObjWaitForever
                0x000000002000853c       0x34 ../../../simplelink/gcc/lib/nonos/Debug/libsimplelink.a(driver.o)
                0x000000002000853c                _SlDrvSyncObjWaitForever
 .text._SlDrvSyncObjWaitTimeout
                0x0000000020008570       0x54 ../../../simplelink/gcc/lib/nonos/Debug/libsimplelink.a(driver.o)
                0x0000000020008570                _SlDrvSyncObjWaitTimeout
 .text._SlDriverHandleError
                0x00000000200085c4       0xa0 ../../../simplelink/gcc/lib/nonos/Debug/libsimplelink.a(driver.o)
                0x00000000200085c4                _SlDriverHandleError
 .text._SlDrvStartMeasureTimeout
                0x0000000020008664       0x30 ../../../simplelink/gcc/lib/nonos/Debug/libsimplelink.a(driver.o)
                0x0000000020008664                _SlDrvStartMeasureTimeout
 .text._SlDrvIsTimeoutExpired
                0x0000000020008694       0xa8 ../../../simplelink/gcc/lib/nonos/Debug/libsimplelink.a(driver.o)
                0x0000000020008694                _SlDrvIsTimeoutExpired
 .text.sl_NetAppMDNSRegisterUnregisterService
                0x000000002000873c      0x184 ../../../simplelink/gcc/lib/nonos/Debug/libsimplelink.a(netapp.o)
                0x000000002000873c                sl_NetAppMDNSRegisterUnregisterService
 .text.sl_NetAppMDNSUnRegisterService
                0x00000000200088c0       0x64 ../../../simplelink/gcc/lib/nonos/Debug/libsimplelink.a(netapp.o)
                0x00000000200088c0                sl_NetAppMDNSUnRegisterService
 .text._sl_HandleAsync_DnsGetHostByService
                0x0000000020008924       0xd0 ../../../simplelink/gcc/lib/nonos/Debug/libsimplelink.a(netapp.o)
                0x0000000020008924                _sl_HandleAsync_DnsGetHostByService
 .text._sl_HandleAsync_DnsGetHostByName
                0x00000000200089f4       0xb4 ../../../simplelink/gcc/lib/nonos/Debug/libsimplelink.a(netapp.o)
                0x00000000200089f4                _sl_HandleAsync_DnsGetHostByName
 .text.CopyPingResultsToReport
                0x0000000020008aa8       0x44 ../../../simplelink/gcc/lib/nonos/Debug/libsimplelink.a(netapp.o)
 .text._sl_HandleAsync_PingResponse
                0x0000000020008aec       0xb0 ../../../simplelink/gcc/lib/nonos/Debug/libsimplelink.a(netapp.o)
                0x0000000020008aec                _sl_HandleAsync_PingResponse
 .text._sl_NetAppSendTokenValue
                0x0000000020008b9c       0x7c ../../../simplelink/gcc/lib/nonos/Debug/libsimplelink.a(netapp.o)
                0x0000000020008b9c                _sl_NetAppSendTokenValue
 .text.sl_NetAppGet
                0x0000000020008c18       0xc8 ../../../simplelink/gcc/lib/nonos/Debug/libsimplelink.a(netapp.o)
                0x0000000020008c18                sl_NetAppGet
 .text._SlDrvNetAppEventHandler
                0x0000000020008ce0      0x188 ../../../simplelink/gcc/lib/nonos/Debug/libsimplelink.a(netapp.o)
                0x0000000020008ce0                _SlDrvNetAppEventHandler
 .text.sl_NetCfgSet
                0x0000000020008e68       0xa0 ../../../simplelink/gcc/lib/nonos/Debug/libsimplelink.a(netcfg.o)
                0x0000000020008e68                sl_NetCfgSet
 .text.sl_NetCfgGet
                0x0000000020008f08       0xec ../../../simplelink/gcc/lib/nonos/Debug/libsimplelink.a(netcfg.o)
                0x0000000020008f08                sl_NetCfgGet
 .text._SlNonOsSemSet
                0x0000000020008ff4       0x1e ../../../simplelink/gcc/lib/nonos/Debug/libsimplelink.a(nonos.o)
                0x0000000020008ff4                _SlNonOsSemSet
 *fill*         0x0000000020009012        0x2 
 .text._SlNonOsSemGet
                0x0000000020009014       0xc4 ../../../simplelink/gcc/lib/nonos/Debug/libsimplelink.a(nonos.o)
                0x0000000020009014                _SlNonOsSemGet
 .text._SlNonOsSpawn
                0x00000000200090d8       0x68 ../../../simplelink/gcc/lib/nonos/Debug/libsimplelink.a(nonos.o)
                0x00000000200090d8                _SlNonOsSpawn
 .text._SlNonOsMainLoopTask
                0x0000000020009140       0x70 ../../../simplelink/gcc/lib/nonos/Debug/libsimplelink.a(nonos.o)
                0x0000000020009140                _SlNonOsMainLoopTask
 .text._sl_Strlen
                0x00000000200091b0       0x32 ../../../simplelink/gcc/lib/nonos/Debug/libsimplelink.a(fs.o)
 *fill*         0x00000000200091e2        0x2 
 .text._sl_GetCreateFsMode
                0x00000000200091e4       0xb0 ../../../simplelink/gcc/lib/nonos/Debug/libsimplelink.a(fs.o)
                0x00000000200091e4                _sl_GetCreateFsMode
 .text.sl_FsOpen
                0x0000000020009294       0xb4 ../../../simplelink/gcc/lib/nonos/Debug/libsimplelink.a(fs.o)
                0x0000000020009294                sl_FsOpen
 .text.sl_FsClose
                0x0000000020009348       0xd0 ../../../simplelink/gcc/lib/nonos/Debug/libsimplelink.a(fs.o)
                0x0000000020009348                sl_FsClose
 .text.sl_FsWrite
                0x0000000020009418      0x108 ../../../simplelink/gcc/lib/nonos/Debug/libsimplelink.a(fs.o)
                0x0000000020009418                sl_FsWrite
 .text.sl_FsGetInfo
                0x0000000020009520       0xb8 ../../../simplelink/gcc/lib/nonos/Debug/libsimplelink.a(fs.o)
                0x0000000020009520                sl_FsGetInfo
 .text._sl_BuildAddress
                0x00000000200095d8       0x56 ../../../simplelink/gcc/lib/nonos/Debug/libsimplelink.a(socket.o)
 *fill*         0x000000002000962e        0x2 
 .text._sl_TruncatePayloadByProtocol
                0x0000000020009630       0x40 ../../../simplelink/gcc/lib/nonos/Debug/libsimplelink.a(socket.o)
 .text.sl_Socket
                0x0000000020009670       0x8c ../../../simplelink/gcc/lib/nonos/Debug/libsimplelink.a(socket.o)
                0x0000000020009670                sl_Socket
 .text.sl_Close
                0x00000000200096fc       0x6c ../../../simplelink/gcc/lib/nonos/Debug/libsimplelink.a(socket.o)
                0x00000000200096fc                sl_Close
 .text.sl_SendTo
                0x0000000020009768      0x14c ../../../simplelink/gcc/lib/nonos/Debug/libsimplelink.a(socket.o)
                0x0000000020009768                sl_SendTo
 .text._sl_HandleAsync_Connect
                0x00000000200098b4       0x9c ../../../simplelink/gcc/lib/nonos/Debug/libsimplelink.a(socket.o)
                0x00000000200098b4                _sl_HandleAsync_Connect
 .text.sl_Htonl
                0x0000000020009950       0x54 ../../../simplelink/gcc/lib/nonos/Debug/libsimplelink.a(socket.o)
                0x0000000020009950                sl_Htonl
 .text.sl_Htons
                0x00000000200099a4       0x46 ../../../simplelink/gcc/lib/nonos/Debug/libsimplelink.a(socket.o)
                0x00000000200099a4                sl_Htons
 *fill*         0x00000000200099ea        0x2 
 .text._sl_HandleAsync_Accept
                0x00000000200099ec       0x7c ../../../simplelink/gcc/lib/nonos/Debug/libsimplelink.a(socket.o)
                0x00000000200099ec                _sl_HandleAsync_Accept
 .text._sl_HandleAsync_Select
                0x0000000020009a68       0x6c ../../../simplelink/gcc/lib/nonos/Debug/libsimplelink.a(socket.o)
                0x0000000020009a68                _sl_HandleAsync_Select
 .text.sl_WlanDisconnect
                0x0000000020009ad4       0x3c ../../../simplelink/gcc/lib/nonos/Debug/libsimplelink.a(wlan.o)
                0x0000000020009ad4                sl_WlanDisconnect
 .text.sl_WlanPolicySet
                0x0000000020009b10       0x94 ../../../simplelink/gcc/lib/nonos/Debug/libsimplelink.a(wlan.o)
                0x0000000020009b10                sl_WlanPolicySet
 .text.sl_WlanProfileDel
                0x0000000020009ba4       0x6c ../../../simplelink/gcc/lib/nonos/Debug/libsimplelink.a(wlan.o)
                0x0000000020009ba4                sl_WlanProfileDel
 .text.sl_WlanGetNetworkList
                0x0000000020009c10       0xb0 ../../../simplelink/gcc/lib/nonos/Debug/libsimplelink.a(wlan.o)
                0x0000000020009c10                sl_WlanGetNetworkList
 .text.sl_WlanRxFilterSet
                0x0000000020009cc0       0x88 ../../../simplelink/gcc/lib/nonos/Debug/libsimplelink.a(wlan.o)
                0x0000000020009cc0                sl_WlanRxFilterSet
 .text.sl_WlanRxStatStart
                0x0000000020009d48       0x3c ../../../simplelink/gcc/lib/nonos/Debug/libsimplelink.a(wlan.o)
                0x0000000020009d48                sl_WlanRxStatStart
 .text.sl_WlanSetMode
                0x0000000020009d84       0x68 ../../../simplelink/gcc/lib/nonos/Debug/libsimplelink.a(wlan.o)
                0x0000000020009d84                sl_WlanSetMode
 .text.sl_WlanSet
                0x0000000020009dec       0x98 ../../../simplelink/gcc/lib/nonos/Debug/libsimplelink.a(wlan.o)
                0x0000000020009dec                sl_WlanSet
 .text.spi_Read_CPU
                0x0000000020009e84       0x88 ../../../simplelink/gcc/lib/nonos/Debug/libsimplelink.a(cc_pal.o)
 .text.spi_Write_CPU
                0x0000000020009f0c       0x84 ../../../simplelink/gcc/lib/nonos/Debug/libsimplelink.a(cc_pal.o)
 .text.DmaSpiSwIntHandler
                0x0000000020009f90       0x28 ../../../simplelink/gcc/lib/nonos/Debug/libsimplelink.a(cc_pal.o)
                0x0000000020009f90                DmaSpiSwIntHandler
 .text.SetupDMAReceive
                0x0000000020009fb8       0x94 ../../../simplelink/gcc/lib/nonos/Debug/libsimplelink.a(cc_pal.o)
 .text.SetupDMASend
                0x000000002000a04c       0x94 ../../../simplelink/gcc/lib/nonos/Debug/libsimplelink.a(cc_pal.o)
 .text.spi_Open
                0x000000002000a0e0      0x154 ../../../simplelink/gcc/lib/nonos/Debug/libsimplelink.a(cc_pal.o)
                0x000000002000a0e0                spi_Open
 .text.spi_Close
                0x000000002000a234       0x84 ../../../simplelink/gcc/lib/nonos/Debug/libsimplelink.a(cc_pal.o)
                0x000000002000a234                spi_Close
 .text.spi_Read
                0x000000002000a2b8       0xf0 ../../../simplelink/gcc/lib/nonos/Debug/libsimplelink.a(cc_pal.o)
                0x000000002000a2b8                spi_Read
 .text.spi_Write
                0x000000002000a3a8       0x9c ../../../simplelink/gcc/lib/nonos/Debug/libsimplelink.a(cc_pal.o)
                0x000000002000a3a8                spi_Write
 .text.NwpRegisterInterruptHandler
                0x000000002000a444       0x4a ../../../simplelink/gcc/lib/nonos/Debug/libsimplelink.a(cc_pal.o)
                0x000000002000a444                NwpRegisterInterruptHandler
 *fill*         0x000000002000a48e        0x2 
 .text.NwpMaskInterrupt
                0x000000002000a490       0x18 ../../../simplelink/gcc/lib/nonos/Debug/libsimplelink.a(cc_pal.o)
                0x000000002000a490                NwpMaskInterrupt
 .text.NwpUnMaskInterrupt
                0x000000002000a4a8       0x18 ../../../simplelink/gcc/lib/nonos/Debug/libsimplelink.a(cc_pal.o)
                0x000000002000a4a8                NwpUnMaskInterrupt
 .text.NwpPowerOnPreamble
                0x000000002000a4c0       0x8c ../../../simplelink/gcc/lib/nonos/Debug/libsimplelink.a(cc_pal.o)
                0x000000002000a4c0                NwpPowerOnPreamble
 .text.NwpPowerOn
                0x000000002000a54c       0x3c ../../../simplelink/gcc/lib/nonos/Debug/libsimplelink.a(cc_pal.o)
                0x000000002000a54c                NwpPowerOn
 .text.NwpPowerOff
                0x000000002000a588       0x40 ../../../simplelink/gcc/lib/nonos/Debug/libsimplelink.a(cc_pal.o)
                0x000000002000a588                NwpPowerOff
 .text.NwpPrePowerOffTimout0
                0x000000002000a5c8       0x24 ../../../simplelink/gcc/lib/nonos/Debug/libsimplelink.a(cc_pal.o)
                0x000000002000a5c8                NwpPrePowerOffTimout0
 .text.cc_UDMAChannelSelect
                0x000000002000a5ec       0x28 ../../../simplelink/gcc/lib/nonos/Debug/libsimplelink.a(cc_pal.o)
 .text.cc_SetupTransfer
                0x000000002000a614       0x4a ../../../simplelink/gcc/lib/nonos/Debug/libsimplelink.a(cc_pal.o)
 *fill*         0x000000002000a65e        0x2 
 .text.simplelink_timerA2_start
                0x000000002000a660       0x40 ../../../simplelink/gcc/lib/nonos/Debug/libsimplelink.a(cc_pal.o)
                0x000000002000a660                simplelink_timerA2_start
 .text.TimerGetCurrentTimestamp
                0x000000002000a6a0       0x28 ../../../simplelink/gcc/lib/nonos/Debug/libsimplelink.a(cc_pal.o)
                0x000000002000a6a0                TimerGetCurrentTimestamp
 .text.GPIODirModeSet
                0x000000002000a6c8       0x46 ../../../driverlib/gcc/lib/Debug/libdriver.a(gpio.o)
                0x000000002000a6c8                GPIODirModeSet
 .text.GPIOPinWrite
                0x000000002000a70e       0x2a ../../../driverlib/gcc/lib/Debug/libdriver.a(gpio.o)
                0x000000002000a70e                GPIOPinWrite
 .text.IntDefaultHandler
                0x000000002000a738        0x6 ../../../driverlib/gcc/lib/Debug/libdriver.a(interrupt.o)
 .text.IntMasterEnable
                0x000000002000a73e       0x10 ../../../driverlib/gcc/lib/Debug/libdriver.a(interrupt.o)
                0x000000002000a73e                IntMasterEnable
 *fill*         0x000000002000a74e        0x2 
 .text.IntRegister
                0x000000002000a750       0x2c ../../../driverlib/gcc/lib/Debug/libdriver.a(interrupt.o)
                0x000000002000a750                IntRegister
 .text.IntUnregister
                0x000000002000a77c       0x2c ../../../driverlib/gcc/lib/Debug/libdriver.a(interrupt.o)
                0x000000002000a77c                IntUnregister
 .text.IntPrioritySet
                0x000000002000a7a8       0x68 ../../../driverlib/gcc/lib/Debug/libdriver.a(interrupt.o)
                0x000000002000a7a8                IntPrioritySet
 .text.IntEnable
                0x000000002000a810       0xbc ../../../driverlib/gcc/lib/Debug/libdriver.a(interrupt.o)
                0x000000002000a810                IntEnable
 .text.IntDisable
                0x000000002000a8cc       0xbc ../../../driverlib/gcc/lib/Debug/libdriver.a(interrupt.o)
                0x000000002000a8cc                IntDisable
 .text.IntPendClear
                0x000000002000a988       0x68 ../../../driverlib/gcc/lib/Debug/libdriver.a(interrupt.o)
                0x000000002000a988                IntPendClear
 .text.PinModeSet
                0x000000002000a9f0       0x48 ../../../driverlib/gcc/lib/Debug/libdriver.a(pin.o)
                0x000000002000a9f0                PinModeSet
 .text.PinConfigSet
                0x000000002000aa38       0x9c ../../../driverlib/gcc/lib/Debug/libdriver.a(pin.o)
                0x000000002000aa38                PinConfigSet
 .text.PinTypeUART
                0x000000002000aad4       0x24 ../../../driverlib/gcc/lib/Debug/libdriver.a(pin.o)
                0x000000002000aad4                PinTypeUART
 .text.PinTypeGPIO
                0x000000002000aaf8       0x3a ../../../driverlib/gcc/lib/Debug/libdriver.a(pin.o)
                0x000000002000aaf8                PinTypeGPIO
 *fill*         0x000000002000ab32        0x2 
 .text.PRCMSysResetCauseGet
                0x000000002000ab34       0x3c ../../../driverlib/gcc/lib/Debug/libdriver.a(prcm.o)
                0x000000002000ab34                PRCMSysResetCauseGet
 .text.PRCMPeripheralClkEnable
                0x000000002000ab70       0x5c ../../../driverlib/gcc/lib/Debug/libdriver.a(prcm.o)
                0x000000002000ab70                PRCMPeripheralClkEnable
 .text.PRCMPeripheralClkDisable
                0x000000002000abcc       0x48 ../../../driverlib/gcc/lib/Debug/libdriver.a(prcm.o)
                0x000000002000abcc                PRCMPeripheralClkDisable
 .text.PRCMPeripheralClockGet
                0x000000002000ac14       0xa8 ../../../driverlib/gcc/lib/Debug/libdriver.a(prcm.o)
                0x000000002000ac14                PRCMPeripheralClockGet
 .text.PRCMPeripheralReset
                0x000000002000acbc       0x8c ../../../driverlib/gcc/lib/Debug/libdriver.a(prcm.o)
                0x000000002000acbc                PRCMPeripheralReset
 .text.PRCMPeripheralStatusGet
                0x000000002000ad48       0x40 ../../../driverlib/gcc/lib/Debug/libdriver.a(prcm.o)
                0x000000002000ad48                PRCMPeripheralStatusGet
 .text.PRCMCC3200MCUInit
                0x000000002000ad88      0x1a0 ../../../driverlib/gcc/lib/Debug/libdriver.a(prcm.o)
                0x000000002000ad88                PRCMCC3200MCUInit
 .text.PRCMHIBRegRead
                0x000000002000af28       0x20 ../../../driverlib/gcc/lib/Debug/libdriver.a(prcm.o)
                0x000000002000af28                PRCMHIBRegRead
 .text.PRCMHIBRegWrite
                0x000000002000af48       0x20 ../../../driverlib/gcc/lib/Debug/libdriver.a(prcm.o)
                0x000000002000af48                PRCMHIBRegWrite
 .text.SPIIntNumberGet
                0x000000002000af68       0x58 ../../../driverlib/gcc/lib/Debug/libdriver.a(spi.o)
 .text.SPIDmaMaskGet
                0x000000002000afc0       0x48 ../../../driverlib/gcc/lib/Debug/libdriver.a(spi.o)
 .text.SPIEnable
                0x000000002000b008       0x26 ../../../driverlib/gcc/lib/Debug/libdriver.a(spi.o)
                0x000000002000b008                SPIEnable
 .text.SPIDisable
                0x000000002000b02e       0x26 ../../../driverlib/gcc/lib/Debug/libdriver.a(spi.o)
                0x000000002000b02e                SPIDisable
 .text.SPIDmaEnable
                0x000000002000b054       0x2a ../../../driverlib/gcc/lib/Debug/libdriver.a(spi.o)
                0x000000002000b054                SPIDmaEnable
 .text.SPIDmaDisable
                0x000000002000b07e       0x2a ../../../driverlib/gcc/lib/Debug/libdriver.a(spi.o)
                0x000000002000b07e                SPIDmaDisable
 .text.SPIReset
                0x000000002000b0a8       0x3a ../../../driverlib/gcc/lib/Debug/libdriver.a(spi.o)
                0x000000002000b0a8                SPIReset
 *fill*         0x000000002000b0e2        0x2 
 .text.SPIConfigSetExpClk
                0x000000002000b0e4       0xb4 ../../../driverlib/gcc/lib/Debug/libdriver.a(spi.o)
                0x000000002000b0e4                SPIConfigSetExpClk
 .text.SPIFIFOEnable
                0x000000002000b198       0x2a ../../../driverlib/gcc/lib/Debug/libdriver.a(spi.o)
                0x000000002000b198                SPIFIFOEnable
 .text.SPIFIFODisable
                0x000000002000b1c2       0x2a ../../../driverlib/gcc/lib/Debug/libdriver.a(spi.o)
                0x000000002000b1c2                SPIFIFODisable
 .text.SPIFIFOLevelSet
                0x000000002000b1ec       0x42 ../../../driverlib/gcc/lib/Debug/libdriver.a(spi.o)
                0x000000002000b1ec                SPIFIFOLevelSet
 .text.SPIWordCountSet
                0x000000002000b22e       0x30 ../../../driverlib/gcc/lib/Debug/libdriver.a(spi.o)
                0x000000002000b22e                SPIWordCountSet
 .text.SPIIntUnregister
                0x000000002000b25e       0x26 ../../../driverlib/gcc/lib/Debug/libdriver.a(spi.o)
                0x000000002000b25e                SPIIntUnregister
 .text.SPIIntEnable
                0x000000002000b284       0x68 ../../../driverlib/gcc/lib/Debug/libdriver.a(spi.o)
                0x000000002000b284                SPIIntEnable
 .text.SPIIntClear
                0x000000002000b2ec       0x60 ../../../driverlib/gcc/lib/Debug/libdriver.a(spi.o)
                0x000000002000b2ec                SPIIntClear
 .text.SPICSEnable
                0x000000002000b34c       0x26 ../../../driverlib/gcc/lib/Debug/libdriver.a(spi.o)
                0x000000002000b34c                SPICSEnable
 .text.SPICSDisable
                0x000000002000b372       0x26 ../../../driverlib/gcc/lib/Debug/libdriver.a(spi.o)
                0x000000002000b372                SPICSDisable
 .text.TimerEnable
                0x000000002000b398       0x2a ../../../driverlib/gcc/lib/Debug/libdriver.a(timer.o)
                0x000000002000b398                TimerEnable
 .text.TimerDisable
                0x000000002000b3c2       0x2c ../../../driverlib/gcc/lib/Debug/libdriver.a(timer.o)
                0x000000002000b3c2                TimerDisable
 *fill*         0x000000002000b3ee        0x2 
 .text.TimerConfigure
                0x000000002000b3f0       0x54 ../../../driverlib/gcc/lib/Debug/libdriver.a(timer.o)
                0x000000002000b3f0                TimerConfigure
 .text.TimerPrescaleSet
                0x000000002000b444       0x3c ../../../driverlib/gcc/lib/Debug/libdriver.a(timer.o)
                0x000000002000b444                TimerPrescaleSet
 .text.TimerLoadSet
                0x000000002000b480       0x3c ../../../driverlib/gcc/lib/Debug/libdriver.a(timer.o)
                0x000000002000b480                TimerLoadSet
 .text.TimerValueGet
                0x000000002000b4bc       0x28 ../../../driverlib/gcc/lib/Debug/libdriver.a(timer.o)
                0x000000002000b4bc                TimerValueGet
 .text.TimerIntRegister
                0x000000002000b4e4       0x80 ../../../driverlib/gcc/lib/Debug/libdriver.a(timer.o)
                0x000000002000b4e4                TimerIntRegister
 .text.TimerIntUnregister
                0x000000002000b564       0x78 ../../../driverlib/gcc/lib/Debug/libdriver.a(timer.o)
                0x000000002000b564                TimerIntUnregister
 .text.TimerIntEnable
                0x000000002000b5dc       0x26 ../../../driverlib/gcc/lib/Debug/libdriver.a(timer.o)
                0x000000002000b5dc                TimerIntEnable
 .text.TimerIntDisable
                0x000000002000b602       0x26 ../../../driverlib/gcc/lib/Debug/libdriver.a(timer.o)
                0x000000002000b602                TimerIntDisable
 .text.TimerIntStatus
                0x000000002000b628       0x2a ../../../driverlib/gcc/lib/Debug/libdriver.a(timer.o)
                0x000000002000b628                TimerIntStatus
 .text.TimerIntClear
                0x000000002000b652       0x1e ../../../driverlib/gcc/lib/Debug/libdriver.a(timer.o)
                0x000000002000b652                TimerIntClear
 .text.UARTConfigSetExpClk
                0x000000002000b670       0x92 ../../../driverlib/gcc/lib/Debug/libdriver.a(uart.o)
                0x000000002000b670                UARTConfigSetExpClk
 .text.UARTEnable
                0x000000002000b702       0x36 ../../../driverlib/gcc/lib/Debug/libdriver.a(uart.o)
                0x000000002000b702                UARTEnable
 .text.UARTDisable
                0x000000002000b738       0x46 ../../../driverlib/gcc/lib/Debug/libdriver.a(uart.o)
                0x000000002000b738                UARTDisable
 .text.UARTCharPut
                0x000000002000b77e       0x2c ../../../driverlib/gcc/lib/Debug/libdriver.a(uart.o)
                0x000000002000b77e                UARTCharPut
 *fill*         0x000000002000b7aa        0x2 
 .text.uDMAChannelEnable
                0x000000002000b7ac       0x24 ../../../driverlib/gcc/lib/Debug/libdriver.a(udma.o)
                0x000000002000b7ac                uDMAChannelEnable
 .text.uDMAChannelAttributeEnable
                0x000000002000b7d0       0x7c ../../../driverlib/gcc/lib/Debug/libdriver.a(udma.o)
                0x000000002000b7d0                uDMAChannelAttributeEnable
 .text.uDMAChannelAttributeDisable
                0x000000002000b84c       0x7c ../../../driverlib/gcc/lib/Debug/libdriver.a(udma.o)
                0x000000002000b84c                uDMAChannelAttributeDisable
 .text.uDMAChannelControlSet
                0x000000002000b8c8       0x48 ../../../driverlib/gcc/lib/Debug/libdriver.a(udma.o)
                0x000000002000b8c8                uDMAChannelControlSet
 .text.uDMAChannelTransferSet
                0x000000002000b910      0x104 ../../../driverlib/gcc/lib/Debug/libdriver.a(udma.o)
                0x000000002000b910                uDMAChannelTransferSet
 .text.uDMAChannelAssign
                0x000000002000ba14       0x58 ../../../driverlib/gcc/lib/Debug/libdriver.a(udma.o)
                0x000000002000ba14                uDMAChannelAssign
 .text.UtilsDelay
                0x000000002000ba6c        0xa ../../../driverlib/gcc/lib/Debug/libdriver.a(utils.o)
                0x000000002000ba6c                UtilsDelay
 .text.CPUcpsie
                0x000000002000ba76       0x16 ../../../driverlib/gcc/lib/Debug/libdriver.a(cpu.o)
                0x000000002000ba76                CPUcpsie
 .text.malloc   0x000000002000ba8c       0x10 /Applications/ARM/bin/../lib/gcc/arm-none-eabi/10.3.1/../../../../arm-none-eabi/lib/thumb/v7e-m/nofp/libc_nano.a(lib_a-malloc.o)
                0x000000002000ba8c                malloc
 .text.free     0x000000002000ba9c       0x10 /Applications/ARM/bin/../lib/gcc/arm-none-eabi/10.3.1/../../../../arm-none-eabi/lib/thumb/v7e-m/nofp/libc_nano.a(lib_a-malloc.o)
                0x000000002000ba9c                free
 .text.memcmp   0x000000002000baac       0x20 /Applications/ARM/bin/../lib/gcc/arm-none-eabi/10.3.1/../../../../arm-none-eabi/lib/thumb/v7e-m/nofp/libc_nano.a(lib_a-memcmp.o)
                0x000000002000baac                memcmp
 .text.memcpy   0x000000002000bacc       0x1c /Applications/ARM/bin/../lib/gcc/arm-none-eabi/10.3.1/../../../../arm-none-eabi/lib/thumb/v7e-m/nofp/libc_nano.a(lib_a-memcpy-stub.o)
                0x000000002000bacc                memcpy
 .text.memmove  0x000000002000bae8       0x34 /Applications/ARM/bin/../lib/gcc/arm-none-eabi/10.3.1/../../../../arm-none-eabi/lib/thumb/v7e-m/nofp/libc_nano.a(lib_a-memmove.o)
                0x000000002000bae8                memmove
 .text.memset   0x000000002000bb1c       0x10 /Applications/ARM/bin/../lib/gcc/arm-none-eabi/10.3.1/../../../../arm-none-eabi/lib/thumb/v7e-m/nofp/libc_nano.a(lib_a-memset.o)
                0x000000002000bb1c                memset
 .text._free_r  0x000000002000bb2c       0x94 /Applications/ARM/bin/../lib/gcc/arm-none-eabi/10.3.1/../../../../arm-none-eabi/lib/thumb/v7e-m/nofp/libc_nano.a(lib_a-nano-freer.o)
                0x000000002000bb2c                _free_r
 .text.sbrk_aligned
                0x000000002000bbc0       0x40 /Applications/ARM/bin/../lib/gcc/arm-none-eabi/10.3.1/../../../../arm-none-eabi/lib/thumb/v7e-m/nofp/libc_nano.a(lib_a-nano-mallocr.o)
 .text._malloc_r
                0x000000002000bc00       0xe8 /Applications/ARM/bin/../lib/gcc/arm-none-eabi/10.3.1/../../../../arm-none-eabi/lib/thumb/v7e-m/nofp/libc_nano.a(lib_a-nano-mallocr.o)
                0x000000002000bc00                _malloc_r
 .text.realloc  0x000000002000bce8       0x10 /Applications/ARM/bin/../lib/gcc/arm-none-eabi/10.3.1/../../../../arm-none-eabi/lib/thumb/v7e-m/nofp/libc_nano.a(lib_a-realloc.o)
                0x000000002000bce8                realloc
 .text._sbrk_r  0x000000002000bcf8       0x20 /Applications/ARM/bin/../lib/gcc/arm-none-eabi/10.3.1/../../../../arm-none-eabi/lib/thumb/v7e-m/nofp/libc_nano.a(lib_a-sbrkr.o)
                0x000000002000bcf8                _sbrk_r
 .text.sprintf  0x000000002000bd18       0x40 /Applications/ARM/bin/../lib/gcc/arm-none-eabi/10.3.1/../../../../arm-none-eabi/lib/thumb/v7e-m/nofp/libc_nano.a(lib_a-sprintf.o)
                0x000000002000bd18                sprintf
                0x000000002000bd18                siprintf
 .text          0x000000002000bd58       0x10 /Applications/ARM/bin/../lib/gcc/arm-none-eabi/10.3.1/../../../../arm-none-eabi/lib/thumb/v7e-m/nofp/libc_nano.a(lib_a-strlen.o)
                0x000000002000bd58                strlen
 .text.strncmp  0x000000002000bd68       0x28 /Applications/ARM/bin/../lib/gcc/arm-none-eabi/10.3.1/../../../../arm-none-eabi/lib/thumb/v7e-m/nofp/libc_nano.a(lib_a-strncmp.o)
                0x000000002000bd68                strncmp
 .text._vsnprintf_r
                0x000000002000bd90       0x56 /Applications/ARM/bin/../lib/gcc/arm-none-eabi/10.3.1/../../../../arm-none-eabi/lib/thumb/v7e-m/nofp/libc_nano.a(lib_a-vsnprintf.o)
                0x000000002000bd90                _vsnprintf_r
                0x000000002000bd90                _vsniprintf_r
 *fill*         0x000000002000bde6        0x2 
 .text.vsnprintf
                0x000000002000bde8       0x1c /Applications/ARM/bin/../lib/gcc/arm-none-eabi/10.3.1/../../../../arm-none-eabi/lib/thumb/v7e-m/nofp/libc_nano.a(lib_a-vsnprintf.o)
                0x000000002000bde8                vsnprintf
                0x000000002000bde8                vsniprintf
 .text.__malloc_lock
                0x000000002000be04        0xc /Applications/ARM/bin/../lib/gcc/arm-none-eabi/10.3.1/../../../../arm-none-eabi/lib/thumb/v7e-m/nofp/libc_nano.a(lib_a-mlock.o)
                0x000000002000be04                __malloc_lock
 .text.__malloc_unlock
                0x000000002000be10        0xc /Applications/ARM/bin/../lib/gcc/arm-none-eabi/10.3.1/../../../../arm-none-eabi/lib/thumb/v7e-m/nofp/libc_nano.a(lib_a-mlock.o)
                0x000000002000be10                __malloc_unlock
 .text._realloc_r
                0x000000002000be1c       0x5e /Applications/ARM/bin/../lib/gcc/arm-none-eabi/10.3.1/../../../../arm-none-eabi/lib/thumb/v7e-m/nofp/libc_nano.a(lib_a-nano-reallocr.o)
                0x000000002000be1c                _realloc_r
 .text.__ssputs_r
                0x000000002000be7a       0xb6 /Applications/ARM/bin/../lib/gcc/arm-none-eabi/10.3.1/../../../../arm-none-eabi/lib/thumb/v7e-m/nofp/libc_nano.a(lib_a-nano-svfprintf.o)
                0x000000002000be7a                __ssputs_r
 .text._svfprintf_r
                0x000000002000bf30      0x200 /Applications/ARM/bin/../lib/gcc/arm-none-eabi/10.3.1/../../../../arm-none-eabi/lib/thumb/v7e-m/nofp/libc_nano.a(lib_a-nano-svfprintf.o)
                0x000000002000bf30                _svfprintf_r
                0x000000002000bf30                _svfiprintf_r
 .text._printf_common
                0x000000002000c130       0xda /Applications/ARM/bin/../lib/gcc/arm-none-eabi/10.3.1/../../../../arm-none-eabi/lib/thumb/v7e-m/nofp/libc_nano.a(lib_a-nano-vfprintf_i.o)
                0x000000002000c130                _printf_common
 *fill*         0x000000002000c20a        0x2 
 .text._printf_i
                0x000000002000c20c      0x24c /Applications/ARM/bin/../lib/gcc/arm-none-eabi/10.3.1/../../../../arm-none-eabi/lib/thumb/v7e-m/nofp/libc_nano.a(lib_a-nano-vfprintf_i.o)
                0x000000002000c20c                _printf_i
 .text.__retarget_lock_acquire_recursive
                0x000000002000c458        0x2 /Applications/ARM/bin/../lib/gcc/arm-none-eabi/10.3.1/../../../../arm-none-eabi/lib/thumb/v7e-m/nofp/libc_nano.a(lib_a-lock.o)
                0x000000002000c458                __retarget_lock_acquire_recursive
 .text.__retarget_lock_release_recursive
                0x000000002000c45a        0x2 /Applications/ARM/bin/../lib/gcc/arm-none-eabi/10.3.1/../../../../arm-none-eabi/lib/thumb/v7e-m/nofp/libc_nano.a(lib_a-lock.o)
                0x000000002000c45a                __retarget_lock_release_recursive
 *fill*         0x000000002000c45c        0x4 
 .text          0x000000002000c460       0xa0 /Applications/ARM/bin/../lib/gcc/arm-none-eabi/10.3.1/../../../../arm-none-eabi/lib/thumb/v7e-m/nofp/libc_nano.a(lib_a-memchr.o)
                0x000000002000c460                memchr
 .text._malloc_usable_size_r
                0x000000002000c500       0x10 /Applications/ARM/bin/../lib/gcc/arm-none-eabi/10.3.1/../../../../arm-none-eabi/lib/thumb/v7e-m/nofp/libc_nano.a(lib_a-nano-msizer.o)
                0x000000002000c500                _malloc_usable_size_r
 *(.rodata*)
 .rodata        0x000000002000c510      0x69a obj//Debug/main.o
 *fill*         0x000000002000cbaa        0x2 
 .rodata.__FUNCTION__.2
                0x000000002000cbac       0x22 obj//Debug/main.o
 *fill*         0x000000002000cbce        0x2 
 .rodata.__FUNCTION__.1
                0x000000002000cbd0       0x12 obj//Debug/main.o
 *fill*         0x000000002000cbe2        0x2 
 .rodata.__FUNCTION__.0
                0x000000002000cbe4        0x5 obj//Debug/main.o
 *fill*         0x000000002000cbe9        0x3 
 .rodata        0x000000002000cbec       0x2a obj//Debug/uart_if.o
 *fill*         0x000000002000cc16        0x2 
 .rodata        0x000000002000cc18       0x3f ../../../simplelink_extlib/provisioninglib/gcc/lib/Debug/provisioninglib.a(provisioning_logic.o)
 *fill*         0x000000002000cc57        0x1 
 .rodata.StartResponseLUT
                0x000000002000cc58        0x8 ../../../simplelink/gcc/lib/nonos/Debug/libsimplelink.a(device.o)
 .rodata._SlStopCmdCtrl
                0x000000002000cc60        0x4 ../../../simplelink/gcc/lib/nonos/Debug/libsimplelink.a(device.o)
 .rodata._SlDeviceGetCmdCtrl
                0x000000002000cc64        0x4 ../../../simplelink/gcc/lib/nonos/Debug/libsimplelink.a(device.o)
 .rodata.g_H2NSyncPattern
                0x000000002000cc68        0x8 ../../../simplelink/gcc/lib/nonos/Debug/libsimplelink.a(driver.o)
 .rodata.g_H2NCnysPattern
                0x000000002000cc70        0x8 ../../../simplelink/gcc/lib/nonos/Debug/libsimplelink.a(driver.o)
 .rodata._SlActionLookupTable
                0x000000002000cc78       0x38 ../../../simplelink/gcc/lib/nonos/Debug/libsimplelink.a(driver.o)
                0x000000002000cc78                _SlActionLookupTable
 .rodata.OpcodeTranslateTable
                0x000000002000ccb0       0x3c ../../../simplelink/gcc/lib/nonos/Debug/libsimplelink.a(driver.o)
                0x000000002000ccb0                OpcodeTranslateTable
 .rodata.RxMsgClassLUT
                0x000000002000ccec       0x20 ../../../simplelink/gcc/lib/nonos/Debug/libsimplelink.a(driver.o)
 .rodata._SlRegisterServiceCtrl
                0x000000002000cd0c        0x4 ../../../simplelink/gcc/lib/nonos/Debug/libsimplelink.a(netapp.o)
 .rodata._SlNetAppSendTokenValueCmdCtrl
                0x000000002000cd10        0x4 ../../../simplelink/gcc/lib/nonos/Debug/libsimplelink.a(netapp.o)
                0x000000002000cd10                _SlNetAppSendTokenValueCmdCtrl
 .rodata._SlNetAppGetCmdCtrl
                0x000000002000cd14        0x4 ../../../simplelink/gcc/lib/nonos/Debug/libsimplelink.a(netapp.o)
 .rodata._SlNetCfgSetCmdCtrl
                0x000000002000cd18        0x4 ../../../simplelink/gcc/lib/nonos/Debug/libsimplelink.a(netcfg.o)
 .rodata._SlNetCfgGetCmdCtrl
                0x000000002000cd1c        0x4 ../../../simplelink/gcc/lib/nonos/Debug/libsimplelink.a(netcfg.o)
 .rodata        0x000000002000cd20       0x14 ../../../simplelink/gcc/lib/nonos/Debug/libsimplelink.a(fs.o)
 .rodata._SlFsOpenCmdCtrl
                0x000000002000cd34        0x4 ../../../simplelink/gcc/lib/nonos/Debug/libsimplelink.a(fs.o)
 .rodata._SlFsCloseCmdCtrl
                0x000000002000cd38        0x4 ../../../simplelink/gcc/lib/nonos/Debug/libsimplelink.a(fs.o)
 .rodata._SlFsWriteCmdCtrl
                0x000000002000cd3c        0x4 ../../../simplelink/gcc/lib/nonos/Debug/libsimplelink.a(fs.o)
 .rodata._SlFsGetInfoCmdCtrl
                0x000000002000cd40        0x4 ../../../simplelink/gcc/lib/nonos/Debug/libsimplelink.a(fs.o)
 .rodata._SlPayloadByProtocolLUT
                0x000000002000cd44       0x10 ../../../simplelink/gcc/lib/nonos/Debug/libsimplelink.a(socket.o)
 .rodata._SlSockSocketCmdCtrl
                0x000000002000cd54        0x4 ../../../simplelink/gcc/lib/nonos/Debug/libsimplelink.a(socket.o)
 .rodata._SlSockCloseCmdCtrl
                0x000000002000cd58        0x4 ../../../simplelink/gcc/lib/nonos/Debug/libsimplelink.a(socket.o)
 .rodata._SlPolicySetCmdCtrl
                0x000000002000cd5c        0x4 ../../../simplelink/gcc/lib/nonos/Debug/libsimplelink.a(wlan.o)
 .rodata._SlProfileDelCmdCtrl
                0x000000002000cd60        0x4 ../../../simplelink/gcc/lib/nonos/Debug/libsimplelink.a(wlan.o)
 .rodata._SlWlanGetNetworkListCtrl
                0x000000002000cd64        0x4 ../../../simplelink/gcc/lib/nonos/Debug/libsimplelink.a(wlan.o)
 .rodata._SlRxFilterSetCmdCtrl
                0x000000002000cd68        0x4 ../../../simplelink/gcc/lib/nonos/Debug/libsimplelink.a(wlan.o)
 .rodata._SlWlanSetModeCmdCtrl
                0x000000002000cd6c        0x4 ../../../simplelink/gcc/lib/nonos/Debug/libsimplelink.a(wlan.o)
 .rodata._SlWlanCfgSetCmdCtrl
                0x000000002000cd70        0x4 ../../../simplelink/gcc/lib/nonos/Debug/libsimplelink.a(wlan.o)
 .rodata.g_pulRegs
                0x000000002000cd74       0xd4 ../../../driverlib/gcc/lib/Debug/libdriver.a(interrupt.o)
 .rodata.g_pulEnRegs
                0x000000002000ce48       0x18 ../../../driverlib/gcc/lib/Debug/libdriver.a(interrupt.o)
 .rodata.g_pulDisRegs
                0x000000002000ce60       0x18 ../../../driverlib/gcc/lib/Debug/libdriver.a(interrupt.o)
 .rodata.g_pulUnpendRegs
                0x000000002000ce78       0x18 ../../../driverlib/gcc/lib/Debug/libdriver.a(interrupt.o)
 .rodata.g_ulPinToPadMap
                0x000000002000ce90      0x100 ../../../driverlib/gcc/lib/Debug/libdriver.a(pin.o)
 .rodata.PRCM_PeriphRegsList
                0x000000002000cf90       0xa8 ../../../driverlib/gcc/lib/Debug/libdriver.a(prcm.o)
 .rodata.g_ppulSPIIntMap
                0x000000002000d038       0x24 ../../../driverlib/gcc/lib/Debug/libdriver.a(spi.o)
 .rodata.g_ulSPIDmaMaskMap
                0x000000002000d05c       0x18 ../../../driverlib/gcc/lib/Debug/libdriver.a(spi.o)
 .rodata._svfprintf_r.str1.1
                0x000000002000d074       0x11 /Applications/ARM/bin/../lib/gcc/arm-none-eabi/10.3.1/../../../../arm-none-eabi/lib/thumb/v7e-m/nofp/libc_nano.a(lib_a-nano-svfprintf.o)
 .rodata._printf_i.str1.1
                0x000000002000d085       0x22 /Applications/ARM/bin/../lib/gcc/arm-none-eabi/10.3.1/../../../../arm-none-eabi/lib/thumb/v7e-m/nofp/libc_nano.a(lib_a-nano-vfprintf_i.o)
 *(.ARM.extab* .gnu.linkonce.armextab.*)
                0x000000002000d0a8                . = ALIGN (0x8)
 *fill*         0x000000002000d0a7        0x1 
                0x000000002000d0a8                _etext = .

.glue_7         0x000000002000d0a8        0x0
 .glue_7        0x000000002000d0a8        0x0 linker stubs

.glue_7t        0x000000002000d0a8        0x0
 .glue_7t       0x000000002000d0a8        0x0 linker stubs

.vfp11_veneer   0x000000002000d0a8        0x0
 .vfp11_veneer  0x000000002000d0a8        0x0 linker stubs

.v4_bx          0x000000002000d0a8        0x0
 .v4_bx         0x000000002000d0a8        0x0 linker stubs

.iplt           0x000000002000d0a8        0x0
 .iplt          0x000000002000d0a8        0x0 obj//Debug/main.o

.rel.dyn        0x000000002000d0a8        0x0
 .rel.iplt      0x000000002000d0a8        0x0 obj//Debug/main.o

.ARM            0x000000002000d0a8        0x0
                0x000000002000d0a8                __exidx_start = .
 *(.ARM.exidx*)
                0x000000002000d0a8                __exidx_end = .
                0x000000002000d0a8                __init_data = .

.data           0x000000002000d0a8       0x88
                0x000000002000d0a8                _data = .
 *(.data*)
 .data.ulReg    0x000000002000d0a8       0x14 obj//Debug/gpio_if.o
 .data.g_libraryTimeout
                0x000000002000d0bc        0x4 ../../../simplelink_extlib/provisioninglib/gcc/lib/Debug/provisioninglib.a(provisioning_logic.o)
                0x000000002000d0bc                g_libraryTimeout
 .data.g_cScanTimestampSecs
                0x000000002000d0c0        0x4 ../../../simplelink_extlib/provisioninglib/gcc/lib/Debug/provisioninglib.a(networkListHndl.o)
 .data.wlan_callbacks
                0x000000002000d0c4        0x4 ../../../simplelink/gcc/lib/nonos/Debug/libsimplelink.a(driver.o)
 .data._impure_ptr
                0x000000002000d0c8        0x4 /Applications/ARM/bin/../lib/gcc/arm-none-eabi/10.3.1/../../../../arm-none-eabi/lib/thumb/v7e-m/nofp/libc_nano.a(lib_a-impure.o)
                0x000000002000d0c8                _impure_ptr
 .data.impure_data
                0x000000002000d0cc       0x60 /Applications/ARM/bin/../lib/gcc/arm-none-eabi/10.3.1/../../../../arm-none-eabi/lib/thumb/v7e-m/nofp/libc_nano.a(lib_a-impure.o)
                0x000000002000d130                . = ALIGN (0x8)
 *fill*         0x000000002000d12c        0x4 
                0x000000002000d130                _edata = .

.igot.plt       0x000000002000d130        0x0
 .igot.plt      0x000000002000d130        0x0 obj//Debug/main.o

.bss            0x000000002000d130     0x155d
                0x000000002000d130                _bss = .
 *(.bss*)
 .bss.g_ulStatus
                0x000000002000d130        0x4 obj//Debug/main.o
                0x000000002000d130                g_ulStatus
 .bss.g_ulGatewayIP
                0x000000002000d134        0x4 obj//Debug/main.o
                0x000000002000d134                g_ulGatewayIP
 .bss.g_ulStaIp
                0x000000002000d138        0x4 obj//Debug/main.o
                0x000000002000d138                g_ulStaIp
 .bss.g_ucConnectionSSID
                0x000000002000d13c       0x21 obj//Debug/main.o
                0x000000002000d13c                g_ucConnectionSSID
 *fill*         0x000000002000d15d        0x3 
 .bss.g_ucConnectionBSSID
                0x000000002000d160        0x6 obj//Debug/main.o
                0x000000002000d160                g_ucConnectionBSSID
 .bss.g_TimerBTimedOut
                0x000000002000d166        0x1 obj//Debug/main.o
                0x000000002000d166                g_TimerBTimedOut
 *fill*         0x000000002000d167        0x1 
 .bss.g_uiLED1Port
                0x000000002000d168        0x4 obj//Debug/gpio_if.o
                0x000000002000d168                g_uiLED1Port
 .bss.g_uiLED2Port
                0x000000002000d16c        0x4 obj//Debug/gpio_if.o
                0x000000002000d16c                g_uiLED2Port
 .bss.g_uiLED3Port
                0x000000002000d170        0x4 obj//Debug/gpio_if.o
                0x000000002000d170                g_uiLED3Port
 .bss.g_ucLED1Pin
                0x000000002000d174        0x1 obj//Debug/gpio_if.o
                0x000000002000d174                g_ucLED1Pin
 .bss.g_ucLED2Pin
                0x000000002000d175        0x1 obj//Debug/gpio_if.o
                0x000000002000d175                g_ucLED2Pin
 .bss.g_ucLED3Pin
                0x000000002000d176        0x1 obj//Debug/gpio_if.o
                0x000000002000d176                g_ucLED3Pin
 *fill*         0x000000002000d177        0x1 
 .bss.__Errorlog
                0x000000002000d178        0x4 obj//Debug/uart_if.o
 .bss.heap_end  0x000000002000d17c        0x4 obj//Debug/startup_gcc.o
 .bss.pui32Stack
                0x000000002000d180     0x1000 obj//Debug/startup_gcc.o
 .bss.g_StopUDPBcast
                0x000000002000e180        0x1 ../../../simplelink_extlib/provisioninglib/gcc/lib/Debug/provisioninglib.a(provisioning_logic.o)
                0x000000002000e180                g_StopUDPBcast
 .bss.g_UseProvisioningLibHandlers
                0x000000002000e181        0x1 ../../../simplelink_extlib/provisioninglib/gcc/lib/Debug/provisioninglib.a(provisioning_logic.o)
                0x000000002000e181                g_UseProvisioningLibHandlers
 .bss.g_iCurrentSlMode
                0x000000002000e182        0x1 ../../../simplelink_extlib/provisioninglib/gcc/lib/Debug/provisioninglib.a(provisioning_logic.o)
                0x000000002000e182                g_iCurrentSlMode
 .bss.g_ucSlEventBitMask
                0x000000002000e183        0x1 ../../../simplelink_extlib/provisioninglib/gcc/lib/Debug/provisioninglib.a(provisioning_logic.o)
                0x000000002000e183                g_ucSlEventBitMask
 .bss.g_ucRxTokensBitMask
                0x000000002000e184        0x1 ../../../simplelink_extlib/provisioninglib/gcc/lib/Debug/provisioninglib.a(provisioning_logic.o)
                0x000000002000e184                g_ucRxTokensBitMask
 .bss.g_cNewProfileSsidLen
                0x000000002000e185        0x1 ../../../simplelink_extlib/provisioninglib/gcc/lib/Debug/provisioninglib.a(provisioning_logic.o)
                0x000000002000e185                g_cNewProfileSsidLen
 *fill*         0x000000002000e186        0x2 
 .bss.g_cNewProfileSsid
                0x000000002000e188       0x20 ../../../simplelink_extlib/provisioninglib/gcc/lib/Debug/provisioninglib.a(provisioning_logic.o)
                0x000000002000e188                g_cNewProfileSsid
 .bss.g_ProvisioningCfg
                0x000000002000e1a8        0x5 ../../../simplelink_extlib/provisioninglib/gcc/lib/Debug/provisioninglib.a(provisioning_logic.o)
                0x000000002000e1a8                g_ProvisioningCfg
 .bss.g_IpObtainState
                0x000000002000e1ad        0x1 ../../../simplelink_extlib/provisioninglib/gcc/lib/Debug/provisioninglib.a(provisioning_logic.o)
                0x000000002000e1ad                g_IpObtainState
 .bss.g_EventRecvSyncObj
                0x000000002000e1ae        0x1 ../../../simplelink_extlib/provisioninglib/gcc/lib/Debug/provisioninglib.a(provisioning_logic.o)
                0x000000002000e1ae                g_EventRecvSyncObj
 .bss.g_ucProvisioningState
                0x000000002000e1af        0x1 ../../../simplelink_extlib/provisioninglib/gcc/lib/Debug/provisioninglib.a(provisioning_logic.o)
 .bss.g_ucAutoSwitchedProvisioning
                0x000000002000e1b0        0x1 ../../../simplelink_extlib/provisioninglib/gcc/lib/Debug/provisioninglib.a(provisioning_logic.o)
 *fill*         0x000000002000e1b1        0x3 
 .bss.gDefaultDeviceName
                0x000000002000e1b4       0x23 ../../../simplelink_extlib/provisioninglib/gcc/lib/Debug/provisioninglib.a(provisioning_logic.o)
                0x000000002000e1b4                gDefaultDeviceName
 .bss.g_cfgConfirmState
                0x000000002000e1d7        0x1 ../../../simplelink_extlib/provisioninglib/gcc/lib/Debug/provisioninglib.a(cfg_confirm.o)
                0x000000002000e1d7                g_cfgConfirmState
 .bss.g_ConfigResult
                0x000000002000e1d8        0x1 ../../../simplelink_extlib/provisioninglib/gcc/lib/Debug/provisioninglib.a(cfg_confirm.o)
                0x000000002000e1d8                g_ConfigResult
 .bss.g_NetListHandlingState
                0x000000002000e1d9        0x1 ../../../simplelink_extlib/provisioninglib/gcc/lib/Debug/provisioninglib.a(networkListHndl.o)
                0x000000002000e1d9                g_NetListHandlingState
 *fill*         0x000000002000e1da        0x2 
 .bss.g_Networks
                0x000000002000e1dc      0x294 ../../../simplelink_extlib/provisioninglib/gcc/lib/Debug/provisioninglib.a(networkListHndl.o)
                0x000000002000e1dc                g_Networks
 .bss.g_ucNumNetworksInList
                0x000000002000e470        0x1 ../../../simplelink_extlib/provisioninglib/gcc/lib/Debug/provisioninglib.a(networkListHndl.o)
                0x000000002000e470                g_ucNumNetworksInList
 .bss.g_ucNextNetworkToGet
                0x000000002000e471        0x1 ../../../simplelink_extlib/provisioninglib/gcc/lib/Debug/provisioninglib.a(networkListHndl.o)
 .bss.g_SlDeviceStatus
                0x000000002000e472        0x2 ../../../simplelink/gcc/lib/nonos/Debug/libsimplelink.a(driver.o)
                0x000000002000e472                g_SlDeviceStatus
 .bss.g_StatMem
                0x000000002000e474      0x168 ../../../simplelink/gcc/lib/nonos/Debug/libsimplelink.a(driver.o)
 .bss.RxIrqCnt  0x000000002000e5dc        0x1 ../../../simplelink/gcc/lib/nonos/Debug/libsimplelink.a(driver.o)
                0x000000002000e5dc                RxIrqCnt
 .bss.g_bDeviceRestartIsRequired
                0x000000002000e5dd        0x1 ../../../simplelink/gcc/lib/nonos/Debug/libsimplelink.a(driver.o)
                0x000000002000e5dd                g_bDeviceRestartIsRequired
 *fill*         0x000000002000e5de        0x2 
 .bss.g_pCB     0x000000002000e5e0        0x4 ../../../simplelink/gcc/lib/nonos/Debug/libsimplelink.a(driver.o)
                0x000000002000e5e0                g_pCB
 .bss.pPingCallBackFunc
                0x000000002000e5e4        0x4 ../../../simplelink/gcc/lib/nonos/Debug/libsimplelink.a(driver.o)
                0x000000002000e5e4                pPingCallBackFunc
 .bss.gFirstCmdMode
                0x000000002000e5e8        0x1 ../../../simplelink/gcc/lib/nonos/Debug/libsimplelink.a(driver.o)
 *fill*         0x000000002000e5e9        0x3 
 .bss.g__SlNonOsCB
                0x000000002000e5ec       0x3c ../../../simplelink/gcc/lib/nonos/Debug/libsimplelink.a(nonos.o)
                0x000000002000e5ec                g__SlNonOsCB
 .bss.g_SpiFd   0x000000002000e628        0x4 ../../../simplelink/gcc/lib/nonos/Debug/libsimplelink.a(cc_pal.o)
                0x000000002000e628                g_SpiFd
 .bss.g_ucDinDout
                0x000000002000e62c       0x50 ../../../simplelink/gcc/lib/nonos/Debug/libsimplelink.a(cc_pal.o)
                0x000000002000e62c                g_ucDinDout
 .bss.g_ucDMAEnabled
                0x000000002000e67c        0x1 ../../../simplelink/gcc/lib/nonos/Debug/libsimplelink.a(cc_pal.o)
                0x000000002000e67c                g_ucDMAEnabled
 .bss.g_cDummy  0x000000002000e67d        0x1 ../../../simplelink/gcc/lib/nonos/Debug/libsimplelink.a(cc_pal.o)
                0x000000002000e67d                g_cDummy
 *fill*         0x000000002000e67e        0x2 
 .bss.__malloc_free_list
                0x000000002000e680        0x4 /Applications/ARM/bin/../lib/gcc/arm-none-eabi/10.3.1/../../../../arm-none-eabi/lib/thumb/v7e-m/nofp/libc_nano.a(lib_a-nano-mallocr.o)
                0x000000002000e680                __malloc_free_list
 .bss.__malloc_sbrk_start
                0x000000002000e684        0x4 /Applications/ARM/bin/../lib/gcc/arm-none-eabi/10.3.1/../../../../arm-none-eabi/lib/thumb/v7e-m/nofp/libc_nano.a(lib_a-nano-mallocr.o)
                0x000000002000e684                __malloc_sbrk_start
 .bss.errno     0x000000002000e688        0x4 /Applications/ARM/bin/../lib/gcc/arm-none-eabi/10.3.1/../../../../arm-none-eabi/lib/thumb/v7e-m/nofp/libc_nano.a(lib_a-reent.o)
                0x000000002000e688                errno
 .bss.__lock___malloc_recursive_mutex
                0x000000002000e68c        0x1 /Applications/ARM/bin/../lib/gcc/arm-none-eabi/10.3.1/../../../../arm-none-eabi/lib/thumb/v7e-m/nofp/libc_nano.a(lib_a-lock.o)
                0x000000002000e68c                __lock___malloc_recursive_mutex
 *(COMMON)
                0x000000002000e68d                _ebss = .

.heap           0x000000002000e68d    0x31573
                0x000000002000e68d                _heap = .
                0x000000002003fc00                . = (((((((. + LENGTH (SRAM)) - SIZEOF (.bss)) - SIZEOF (.data)) - SIZEOF (.ARM)) - SIZEOF (.text)) - SIZEOF (.bootloader)) - 0x400)
 *fill*         0x000000002000e68d    0x31573 
                0x000000002003fc00                . = ALIGN (0x400)
                0x000000002003fc00                _eheap = .
LOAD obj//Debug/main.o
LOAD obj//Debug/pinmux.o
LOAD obj//Debug/gpio_if.o
LOAD obj//Debug/uart_if.o
LOAD obj//Debug/timer_if.o
LOAD obj//Debug/startup_gcc.o
LOAD ../../../simplelink_extlib/provisioninglib/gcc/lib/Debug/provisioninglib.a
LOAD ../../../simplelink/gcc/lib/nonos/Debug/libsimplelink.a
LOAD ../../../driverlib/gcc/lib/Debug/libdriver.a
LOAD /Applications/ARM/bin/../lib/gcc/arm-none-eabi/10.3.1/../../../../arm-none-eabi/lib/thumb/v7e-m/nofp/libm.a
LOAD /Applications/ARM/bin/../lib/gcc/arm-none-eabi/10.3.1/../../../../arm-none-eabi/lib/thumb/v7e-m/nofp/libc_nano.a
LOAD /Applications/ARM/bin/../lib/gcc/arm-none-eabi/10.3.1/thumb/v7e-m/nofp/libgcc.a
LOAD /Applications/ARM/bin/../lib/gcc/arm-none-eabi/10.3.1/../../../../arm-none-eabi/lib/thumb/v7e-m/nofp/libnosys.a
OUTPUT(bin//Debug/provisioning_ap.elf elf32-littlearm)
LOAD linker stubs

.debug_info     0x0000000000000000    0x10894
 .debug_info    0x0000000000000000     0x1100 obj//Debug/main.o
 .debug_info    0x0000000000001100       0x46 obj//Debug/pinmux.o
 .debug_info    0x0000000000001146      0x408 obj//Debug/gpio_if.o
 .debug_info    0x000000000000154e      0x2c4 obj//Debug/uart_if.o
 .debug_info    0x0000000000001812      0x297 obj//Debug/timer_if.o
 .debug_info    0x0000000000001aa9      0x1f9 obj//Debug/startup_gcc.o
 .debug_info    0x0000000000001ca2      0x9cc ../../../simplelink_extlib/provisioninglib/gcc/lib/Debug/provisioninglib.a(provisioning_logic.o)
 .debug_info    0x000000000000266e      0x423 ../../../simplelink_extlib/provisioninglib/gcc/lib/Debug/provisioninglib.a(cfg_confirm.o)
 .debug_info    0x0000000000002a91      0x611 ../../../simplelink_extlib/provisioninglib/gcc/lib/Debug/provisioninglib.a(networkListHndl.o)
 .debug_info    0x00000000000030a2      0xfe1 ../../../simplelink/gcc/lib/nonos/Debug/libsimplelink.a(device.o)
 .debug_info    0x0000000000004083     0x23ec ../../../simplelink/gcc/lib/nonos/Debug/libsimplelink.a(driver.o)
 .debug_info    0x000000000000646f     0x1a66 ../../../simplelink/gcc/lib/nonos/Debug/libsimplelink.a(netapp.o)
 .debug_info    0x0000000000007ed5      0x3d9 ../../../simplelink/gcc/lib/nonos/Debug/libsimplelink.a(netcfg.o)
 .debug_info    0x00000000000082ae      0x6d3 ../../../simplelink/gcc/lib/nonos/Debug/libsimplelink.a(nonos.o)
 .debug_info    0x0000000000008981      0x9ff ../../../simplelink/gcc/lib/nonos/Debug/libsimplelink.a(fs.o)
 .debug_info    0x0000000000009380     0x1bec ../../../simplelink/gcc/lib/nonos/Debug/libsimplelink.a(socket.o)
 .debug_info    0x000000000000af6c     0x1c0e ../../../simplelink/gcc/lib/nonos/Debug/libsimplelink.a(wlan.o)
 .debug_info    0x000000000000cb7a      0x6c6 ../../../simplelink/gcc/lib/nonos/Debug/libsimplelink.a(cc_pal.o)
 .debug_info    0x000000000000d240      0x3e6 ../../../driverlib/gcc/lib/Debug/libdriver.a(gpio.o)
 .debug_info    0x000000000000d626      0x3a2 ../../../driverlib/gcc/lib/Debug/libdriver.a(interrupt.o)
 .debug_info    0x000000000000d9c8      0x422 ../../../driverlib/gcc/lib/Debug/libdriver.a(pin.o)
 .debug_info    0x000000000000ddea      0xac8 ../../../driverlib/gcc/lib/Debug/libdriver.a(prcm.o)
 .debug_info    0x000000000000e8b2      0xa4b ../../../driverlib/gcc/lib/Debug/libdriver.a(spi.o)
 .debug_info    0x000000000000f2fd      0x612 ../../../driverlib/gcc/lib/Debug/libdriver.a(timer.o)
 .debug_info    0x000000000000f90f      0x89d ../../../driverlib/gcc/lib/Debug/libdriver.a(uart.o)
 .debug_info    0x00000000000101ac      0x58d ../../../driverlib/gcc/lib/Debug/libdriver.a(udma.o)
 .debug_info    0x0000000000010739       0x52 ../../../driverlib/gcc/lib/Debug/libdriver.a(utils.o)
 .debug_info    0x000000000001078b      0x109 ../../../driverlib/gcc/lib/Debug/libdriver.a(cpu.o)

.debug_abbrev   0x0000000000000000     0x304a
 .debug_abbrev  0x0000000000000000      0x2ef obj//Debug/main.o
 .debug_abbrev  0x00000000000002ef       0x39 obj//Debug/pinmux.o
 .debug_abbrev  0x0000000000000328      0x14b obj//Debug/gpio_if.o
 .debug_abbrev  0x0000000000000473      0x15d obj//Debug/uart_if.o
 .debug_abbrev  0x00000000000005d0       0xe3 obj//Debug/timer_if.o
 .debug_abbrev  0x00000000000006b3      0x135 obj//Debug/startup_gcc.o
 .debug_abbrev  0x00000000000007e8      0x25a ../../../simplelink_extlib/provisioninglib/gcc/lib/Debug/provisioninglib.a(provisioning_logic.o)
 .debug_abbrev  0x0000000000000a42      0x1e8 ../../../simplelink_extlib/provisioninglib/gcc/lib/Debug/provisioninglib.a(cfg_confirm.o)
 .debug_abbrev  0x0000000000000c2a      0x23a ../../../simplelink_extlib/provisioninglib/gcc/lib/Debug/provisioninglib.a(networkListHndl.o)
 .debug_abbrev  0x0000000000000e64      0x2b0 ../../../simplelink/gcc/lib/nonos/Debug/libsimplelink.a(device.o)
 .debug_abbrev  0x0000000000001114      0x36e ../../../simplelink/gcc/lib/nonos/Debug/libsimplelink.a(driver.o)
 .debug_abbrev  0x0000000000001482      0x2f4 ../../../simplelink/gcc/lib/nonos/Debug/libsimplelink.a(netapp.o)
 .debug_abbrev  0x0000000000001776      0x159 ../../../simplelink/gcc/lib/nonos/Debug/libsimplelink.a(netcfg.o)
 .debug_abbrev  0x00000000000018cf      0x1ae ../../../simplelink/gcc/lib/nonos/Debug/libsimplelink.a(nonos.o)
 .debug_abbrev  0x0000000000001a7d      0x245 ../../../simplelink/gcc/lib/nonos/Debug/libsimplelink.a(fs.o)
 .debug_abbrev  0x0000000000001cc2      0x311 ../../../simplelink/gcc/lib/nonos/Debug/libsimplelink.a(socket.o)
 .debug_abbrev  0x0000000000001fd3      0x287 ../../../simplelink/gcc/lib/nonos/Debug/libsimplelink.a(wlan.o)
 .debug_abbrev  0x000000000000225a      0x1fb ../../../simplelink/gcc/lib/nonos/Debug/libsimplelink.a(cc_pal.o)
 .debug_abbrev  0x0000000000002455      0x12e ../../../driverlib/gcc/lib/Debug/libdriver.a(gpio.o)
 .debug_abbrev  0x0000000000002583      0x15d ../../../driverlib/gcc/lib/Debug/libdriver.a(interrupt.o)
 .debug_abbrev  0x00000000000026e0      0x120 ../../../driverlib/gcc/lib/Debug/libdriver.a(pin.o)
 .debug_abbrev  0x0000000000002800      0x206 ../../../driverlib/gcc/lib/Debug/libdriver.a(prcm.o)
 .debug_abbrev  0x0000000000002a06      0x161 ../../../driverlib/gcc/lib/Debug/libdriver.a(spi.o)
 .debug_abbrev  0x0000000000002b67       0xec ../../../driverlib/gcc/lib/Debug/libdriver.a(timer.o)
 .debug_abbrev  0x0000000000002c53      0x145 ../../../driverlib/gcc/lib/Debug/libdriver.a(uart.o)
 .debug_abbrev  0x0000000000002d98      0x186 ../../../driverlib/gcc/lib/Debug/libdriver.a(udma.o)
 .debug_abbrev  0x0000000000002f1e       0x4c ../../../driverlib/gcc/lib/Debug/libdriver.a(utils.o)
 .debug_abbrev  0x0000000000002f6a       0xe0 ../../../driverlib/gcc/lib/Debug/libdriver.a(cpu.o)

.debug_aranges  0x0000000000000000     0x1050
 .debug_aranges
                0x0000000000000000       0x98 obj//Debug/main.o
 .debug_aranges
                0x0000000000000098       0x20 obj//Debug/pinmux.o
 .debug_aranges
                0x00000000000000b8       0x68 obj//Debug/gpio_if.o
 .debug_aranges
                0x0000000000000120       0x50 obj//Debug/uart_if.o
 .debug_aranges
                0x0000000000000170       0x60 obj//Debug/timer_if.o
 .debug_aranges
                0x00000000000001d0       0x48 obj//Debug/startup_gcc.o
 .debug_aranges
                0x0000000000000218       0x68 ../../../simplelink_extlib/provisioninglib/gcc/lib/Debug/provisioninglib.a(provisioning_logic.o)
 .debug_aranges
                0x0000000000000280       0x48 ../../../simplelink_extlib/provisioninglib/gcc/lib/Debug/provisioninglib.a(cfg_confirm.o)
 .debug_aranges
                0x00000000000002c8       0x50 ../../../simplelink_extlib/provisioninglib/gcc/lib/Debug/provisioninglib.a(networkListHndl.o)
 .debug_aranges
                0x0000000000000318       0x78 ../../../simplelink/gcc/lib/nonos/Debug/libsimplelink.a(device.o)
 .debug_aranges
                0x0000000000000390      0x148 ../../../simplelink/gcc/lib/nonos/Debug/libsimplelink.a(driver.o)
 .debug_aranges
                0x00000000000004d8       0xa8 ../../../simplelink/gcc/lib/nonos/Debug/libsimplelink.a(netapp.o)
 .debug_aranges
                0x0000000000000580       0x28 ../../../simplelink/gcc/lib/nonos/Debug/libsimplelink.a(netcfg.o)
 .debug_aranges
                0x00000000000005a8       0x38 ../../../simplelink/gcc/lib/nonos/Debug/libsimplelink.a(nonos.o)
 .debug_aranges
                0x00000000000005e0       0x58 ../../../simplelink/gcc/lib/nonos/Debug/libsimplelink.a(fs.o)
 .debug_aranges
                0x0000000000000638       0xe0 ../../../simplelink/gcc/lib/nonos/Debug/libsimplelink.a(socket.o)
 .debug_aranges
                0x0000000000000718       0xb0 ../../../simplelink/gcc/lib/nonos/Debug/libsimplelink.a(wlan.o)
 .debug_aranges
                0x00000000000007c8       0xc0 ../../../simplelink/gcc/lib/nonos/Debug/libsimplelink.a(cc_pal.o)
 .debug_aranges
                0x0000000000000888       0x90 ../../../driverlib/gcc/lib/Debug/libdriver.a(gpio.o)
 .debug_aranges
                0x0000000000000918       0x98 ../../../driverlib/gcc/lib/Debug/libdriver.a(interrupt.o)
 .debug_aranges
                0x00000000000009b0       0x90 ../../../driverlib/gcc/lib/Debug/libdriver.a(pin.o)
 .debug_aranges
                0x0000000000000a40      0x1b8 ../../../driverlib/gcc/lib/Debug/libdriver.a(prcm.o)
 .debug_aranges
                0x0000000000000bf8      0x100 ../../../driverlib/gcc/lib/Debug/libdriver.a(spi.o)
 .debug_aranges
                0x0000000000000cf8       0xd8 ../../../driverlib/gcc/lib/Debug/libdriver.a(timer.o)
 .debug_aranges
                0x0000000000000dd0      0x140 ../../../driverlib/gcc/lib/Debug/libdriver.a(uart.o)
 .debug_aranges
                0x0000000000000f10       0xd8 ../../../driverlib/gcc/lib/Debug/libdriver.a(udma.o)
 .debug_aranges
                0x0000000000000fe8       0x20 ../../../driverlib/gcc/lib/Debug/libdriver.a(utils.o)
 .debug_aranges
                0x0000000000001008       0x48 ../../../driverlib/gcc/lib/Debug/libdriver.a(cpu.o)

.debug_ranges   0x0000000000000000      0xea8
 .debug_ranges  0x0000000000000000       0x88 obj//Debug/main.o
 .debug_ranges  0x0000000000000088       0x10 obj//Debug/pinmux.o
 .debug_ranges  0x0000000000000098       0x58 obj//Debug/gpio_if.o
 .debug_ranges  0x00000000000000f0       0x40 obj//Debug/uart_if.o
 .debug_ranges  0x0000000000000130       0x50 obj//Debug/timer_if.o
 .debug_ranges  0x0000000000000180       0x38 obj//Debug/startup_gcc.o
 .debug_ranges  0x00000000000001b8       0x58 ../../../simplelink_extlib/provisioninglib/gcc/lib/Debug/provisioninglib.a(provisioning_logic.o)
 .debug_ranges  0x0000000000000210       0x38 ../../../simplelink_extlib/provisioninglib/gcc/lib/Debug/provisioninglib.a(cfg_confirm.o)
 .debug_ranges  0x0000000000000248       0x40 ../../../simplelink_extlib/provisioninglib/gcc/lib/Debug/provisioninglib.a(networkListHndl.o)
 .debug_ranges  0x0000000000000288       0x68 ../../../simplelink/gcc/lib/nonos/Debug/libsimplelink.a(device.o)
 .debug_ranges  0x00000000000002f0      0x150 ../../../simplelink/gcc/lib/nonos/Debug/libsimplelink.a(driver.o)
 .debug_ranges  0x0000000000000440       0x98 ../../../simplelink/gcc/lib/nonos/Debug/libsimplelink.a(netapp.o)
 .debug_ranges  0x00000000000004d8       0x18 ../../../simplelink/gcc/lib/nonos/Debug/libsimplelink.a(netcfg.o)
 .debug_ranges  0x00000000000004f0       0x28 ../../../simplelink/gcc/lib/nonos/Debug/libsimplelink.a(nonos.o)
 .debug_ranges  0x0000000000000518       0x48 ../../../simplelink/gcc/lib/nonos/Debug/libsimplelink.a(fs.o)
 .debug_ranges  0x0000000000000560       0xd0 ../../../simplelink/gcc/lib/nonos/Debug/libsimplelink.a(socket.o)
 .debug_ranges  0x0000000000000630       0xa0 ../../../simplelink/gcc/lib/nonos/Debug/libsimplelink.a(wlan.o)
 .debug_ranges  0x00000000000006d0       0xb0 ../../../simplelink/gcc/lib/nonos/Debug/libsimplelink.a(cc_pal.o)
 .debug_ranges  0x0000000000000780       0x80 ../../../driverlib/gcc/lib/Debug/libdriver.a(gpio.o)
 .debug_ranges  0x0000000000000800       0x88 ../../../driverlib/gcc/lib/Debug/libdriver.a(interrupt.o)
 .debug_ranges  0x0000000000000888       0x80 ../../../driverlib/gcc/lib/Debug/libdriver.a(pin.o)
 .debug_ranges  0x0000000000000908      0x1a8 ../../../driverlib/gcc/lib/Debug/libdriver.a(prcm.o)
 .debug_ranges  0x0000000000000ab0       0xf0 ../../../driverlib/gcc/lib/Debug/libdriver.a(spi.o)
 .debug_ranges  0x0000000000000ba0       0xc8 ../../../driverlib/gcc/lib/Debug/libdriver.a(timer.o)
 .debug_ranges  0x0000000000000c68      0x130 ../../../driverlib/gcc/lib/Debug/libdriver.a(uart.o)
 .debug_ranges  0x0000000000000d98       0xc8 ../../../driverlib/gcc/lib/Debug/libdriver.a(udma.o)
 .debug_ranges  0x0000000000000e60       0x10 ../../../driverlib/gcc/lib/Debug/libdriver.a(utils.o)
 .debug_ranges  0x0000000000000e70       0x38 ../../../driverlib/gcc/lib/Debug/libdriver.a(cpu.o)

.debug_line     0x0000000000000000     0x823c
 .debug_line    0x0000000000000000      0x689 obj//Debug/main.o
 .debug_line    0x0000000000000689       0x4b obj//Debug/pinmux.o
 .debug_line    0x00000000000006d4      0x1d3 obj//Debug/gpio_if.o
 .debug_line    0x00000000000008a7      0x263 obj//Debug/uart_if.o
 .debug_line    0x0000000000000b0a      0x164 obj//Debug/timer_if.o
 .debug_line    0x0000000000000c6e      0x18c obj//Debug/startup_gcc.o
 .debug_line    0x0000000000000dfa      0x52a ../../../simplelink_extlib/provisioninglib/gcc/lib/Debug/provisioninglib.a(provisioning_logic.o)
 .debug_line    0x0000000000001324      0x224 ../../../simplelink_extlib/provisioninglib/gcc/lib/Debug/provisioninglib.a(cfg_confirm.o)
 .debug_line    0x0000000000001548      0x378 ../../../simplelink_extlib/provisioninglib/gcc/lib/Debug/provisioninglib.a(networkListHndl.o)
 .debug_line    0x00000000000018c0      0x4b2 ../../../simplelink/gcc/lib/nonos/Debug/libsimplelink.a(device.o)
 .debug_line    0x0000000000001d72     0x12a2 ../../../simplelink/gcc/lib/nonos/Debug/libsimplelink.a(driver.o)
 .debug_line    0x0000000000003014      0x7cc ../../../simplelink/gcc/lib/nonos/Debug/libsimplelink.a(netapp.o)
 .debug_line    0x00000000000037e0      0x156 ../../../simplelink/gcc/lib/nonos/Debug/libsimplelink.a(netcfg.o)
 .debug_line    0x0000000000003936      0x1d7 ../../../simplelink/gcc/lib/nonos/Debug/libsimplelink.a(nonos.o)
 .debug_line    0x0000000000003b0d      0x452 ../../../simplelink/gcc/lib/nonos/Debug/libsimplelink.a(fs.o)
 .debug_line    0x0000000000003f5f      0xa45 ../../../simplelink/gcc/lib/nonos/Debug/libsimplelink.a(socket.o)
 .debug_line    0x00000000000049a4      0x8cf ../../../simplelink/gcc/lib/nonos/Debug/libsimplelink.a(wlan.o)
 .debug_line    0x0000000000005273      0x586 ../../../simplelink/gcc/lib/nonos/Debug/libsimplelink.a(cc_pal.o)
 .debug_line    0x00000000000057f9      0x381 ../../../driverlib/gcc/lib/Debug/libdriver.a(gpio.o)
 .debug_line    0x0000000000005b7a      0x379 ../../../driverlib/gcc/lib/Debug/libdriver.a(interrupt.o)
 .debug_line    0x0000000000005ef3      0x26f ../../../driverlib/gcc/lib/Debug/libdriver.a(pin.o)
 .debug_line    0x0000000000006162      0x940 ../../../driverlib/gcc/lib/Debug/libdriver.a(prcm.o)
 .debug_line    0x0000000000006aa2      0x6de ../../../driverlib/gcc/lib/Debug/libdriver.a(spi.o)
 .debug_line    0x0000000000007180      0x500 ../../../driverlib/gcc/lib/Debug/libdriver.a(timer.o)
 .debug_line    0x0000000000007680      0x5b3 ../../../driverlib/gcc/lib/Debug/libdriver.a(uart.o)
 .debug_line    0x0000000000007c33      0x4fa ../../../driverlib/gcc/lib/Debug/libdriver.a(udma.o)
 .debug_line    0x000000000000812d       0x43 ../../../driverlib/gcc/lib/Debug/libdriver.a(utils.o)
 .debug_line    0x0000000000008170       0xcc ../../../driverlib/gcc/lib/Debug/libdriver.a(cpu.o)

.debug_str      0x0000000000000000     0x6bb4
 .debug_str     0x0000000000000000     0x1088 obj//Debug/main.o
                                       0x117c (size before relaxing)
 .debug_str     0x0000000000001088       0x19 obj//Debug/pinmux.o
                                        0x11d (size before relaxing)
 .debug_str     0x00000000000010a1      0x19f obj//Debug/gpio_if.o
                                        0x428 (size before relaxing)
 .debug_str     0x0000000000001240       0xdf obj//Debug/uart_if.o
                                        0x270 (size before relaxing)
 .debug_str     0x000000000000131f       0xf2 obj//Debug/timer_if.o
                                        0x220 (size before relaxing)
 .debug_str     0x0000000000001411       0xcf obj//Debug/startup_gcc.o
                                        0x254 (size before relaxing)
 .debug_str     0x00000000000014e0      0x8fb ../../../simplelink_extlib/provisioninglib/gcc/lib/Debug/provisioninglib.a(provisioning_logic.o)
                                        0xbf4 (size before relaxing)
 .debug_str     0x0000000000001ddb      0x106 ../../../simplelink_extlib/provisioninglib/gcc/lib/Debug/provisioninglib.a(cfg_confirm.o)
                                        0x633 (size before relaxing)
 .debug_str     0x0000000000001ee1      0x21c ../../../simplelink_extlib/provisioninglib/gcc/lib/Debug/provisioninglib.a(networkListHndl.o)
                                        0x6be (size before relaxing)
 .debug_str     0x00000000000020fd      0x871 ../../../simplelink/gcc/lib/nonos/Debug/libsimplelink.a(device.o)
                                        0xdb7 (size before relaxing)
 .debug_str     0x000000000000296e      0x93c ../../../simplelink/gcc/lib/nonos/Debug/libsimplelink.a(driver.o)
                                       0x17f0 (size before relaxing)
 .debug_str     0x00000000000032aa      0x958 ../../../simplelink/gcc/lib/nonos/Debug/libsimplelink.a(netapp.o)
                                       0x12fd (size before relaxing)
 .debug_str     0x0000000000003c02       0x9d ../../../simplelink/gcc/lib/nonos/Debug/libsimplelink.a(netcfg.o)
                                        0x43c (size before relaxing)
 .debug_str     0x0000000000003c9f       0x8e ../../../simplelink/gcc/lib/nonos/Debug/libsimplelink.a(nonos.o)
                                        0x5e7 (size before relaxing)
 .debug_str     0x0000000000003d2d      0x3cc ../../../simplelink/gcc/lib/nonos/Debug/libsimplelink.a(fs.o)
                                        0x698 (size before relaxing)
 .debug_str     0x00000000000040f9      0x5d4 ../../../simplelink/gcc/lib/nonos/Debug/libsimplelink.a(socket.o)
                                        0xe3d (size before relaxing)
 .debug_str     0x00000000000046cd      0xcf6 ../../../simplelink/gcc/lib/nonos/Debug/libsimplelink.a(wlan.o)
                                       0x1095 (size before relaxing)
 .debug_str     0x00000000000053c3      0x338 ../../../simplelink/gcc/lib/nonos/Debug/libsimplelink.a(cc_pal.o)
                                        0x4c4 (size before relaxing)
 .debug_str     0x00000000000056fb      0x18e ../../../driverlib/gcc/lib/Debug/libdriver.a(gpio.o)
                                        0x274 (size before relaxing)
 .debug_str     0x0000000000005889      0x177 ../../../driverlib/gcc/lib/Debug/libdriver.a(interrupt.o)
                                        0x2d5 (size before relaxing)
 .debug_str     0x0000000000005a00      0x10d ../../../driverlib/gcc/lib/Debug/libdriver.a(pin.o)
                                        0x239 (size before relaxing)
 .debug_str     0x0000000000005b0d      0x608 ../../../driverlib/gcc/lib/Debug/libdriver.a(prcm.o)
                                        0x75c (size before relaxing)
 .debug_str     0x0000000000006115      0x2bc ../../../driverlib/gcc/lib/Debug/libdriver.a(spi.o)
                                        0x45a (size before relaxing)
 .debug_str     0x00000000000063d1      0x1ad ../../../driverlib/gcc/lib/Debug/libdriver.a(timer.o)
                                        0x2ea (size before relaxing)
 .debug_str     0x000000000000657e      0x2d4 ../../../driverlib/gcc/lib/Debug/libdriver.a(uart.o)
                                        0x462 (size before relaxing)
 .debug_str     0x0000000000006852      0x2f0 ../../../driverlib/gcc/lib/Debug/libdriver.a(udma.o)
                                        0x418 (size before relaxing)
 .debug_str     0x0000000000006b42       0x16 ../../../driverlib/gcc/lib/Debug/libdriver.a(utils.o)
                                        0x106 (size before relaxing)
 .debug_str     0x0000000000006b58       0x5c ../../../driverlib/gcc/lib/Debug/libdriver.a(cpu.o)
                                        0x144 (size before relaxing)

.comment        0x0000000000000000       0x49
 .comment       0x0000000000000000       0x49 obj//Debug/main.o
                                         0x4a (size before relaxing)
 .comment       0x0000000000000049       0x4a obj//Debug/pinmux.o
 .comment       0x0000000000000049       0x4a obj//Debug/gpio_if.o
 .comment       0x0000000000000049       0x4a obj//Debug/uart_if.o
 .comment       0x0000000000000049       0x4a obj//Debug/timer_if.o
 .comment       0x0000000000000049       0x4a obj//Debug/startup_gcc.o
 .comment       0x0000000000000049       0x4a ../../../simplelink_extlib/provisioninglib/gcc/lib/Debug/provisioninglib.a(provisioning_logic.o)
 .comment       0x0000000000000049       0x4a ../../../simplelink_extlib/provisioninglib/gcc/lib/Debug/provisioninglib.a(cfg_confirm.o)
 .comment       0x0000000000000049       0x4a ../../../simplelink_extlib/provisioninglib/gcc/lib/Debug/provisioninglib.a(networkListHndl.o)
 .comment       0x0000000000000049       0x4a ../../../simplelink/gcc/lib/nonos/Debug/libsimplelink.a(device.o)
 .comment       0x0000000000000049       0x4a ../../../simplelink/gcc/lib/nonos/Debug/libsimplelink.a(driver.o)
 .comment       0x0000000000000049       0x4a ../../../simplelink/gcc/lib/nonos/Debug/libsimplelink.a(netapp.o)
 .comment       0x0000000000000049       0x4a ../../../simplelink/gcc/lib/nonos/Debug/libsimplelink.a(netcfg.o)
 .comment       0x0000000000000049       0x4a ../../../simplelink/gcc/lib/nonos/Debug/libsimplelink.a(nonos.o)
 .comment       0x0000000000000049       0x4a ../../../simplelink/gcc/lib/nonos/Debug/libsimplelink.a(fs.o)
 .comment       0x0000000000000049       0x4a ../../../simplelink/gcc/lib/nonos/Debug/libsimplelink.a(socket.o)
 .comment       0x0000000000000049       0x4a ../../../simplelink/gcc/lib/nonos/Debug/libsimplelink.a(wlan.o)
 .comment       0x0000000000000049       0x4a ../../../simplelink/gcc/lib/nonos/Debug/libsimplelink.a(cc_pal.o)
 .comment       0x0000000000000049       0x4a ../../../driverlib/gcc/lib/Debug/libdriver.a(gpio.o)
 .comment       0x0000000000000049       0x4a ../../../driverlib/gcc/lib/Debug/libdriver.a(interrupt.o)
 .comment       0x0000000000000049       0x4a ../../../driverlib/gcc/lib/Debug/libdriver.a(pin.o)
 .comment       0x0000000000000049       0x4a ../../../driverlib/gcc/lib/Debug/libdriver.a(prcm.o)
 .comment       0x0000000000000049       0x4a ../../../driverlib/gcc/lib/Debug/libdriver.a(spi.o)
 .comment       0x0000000000000049       0x4a ../../../driverlib/gcc/lib/Debug/libdriver.a(timer.o)
 .comment       0x0000000000000049       0x4a ../../../driverlib/gcc/lib/Debug/libdriver.a(uart.o)
 .comment       0x0000000000000049       0x4a ../../../driverlib/gcc/lib/Debug/libdriver.a(udma.o)
 .comment       0x0000000000000049       0x4a ../../../driverlib/gcc/lib/Debug/libdriver.a(utils.o)
 .comment       0x0000000000000049       0x4a ../../../driverlib/gcc/lib/Debug/libdriver.a(cpu.o)

.ARM.attributes
                0x0000000000000000       0x2c
 .ARM.attributes
                0x0000000000000000       0x2e obj//Debug/main.o
 .ARM.attributes
                0x000000000000002e       0x2e obj//Debug/pinmux.o
 .ARM.attributes
                0x000000000000005c       0x2e obj//Debug/gpio_if.o
 .ARM.attributes
                0x000000000000008a       0x2e obj//Debug/uart_if.o
 .ARM.attributes
                0x00000000000000b8       0x2e obj//Debug/timer_if.o
 .ARM.attributes
                0x00000000000000e6       0x2e obj//Debug/startup_gcc.o
 .ARM.attributes
                0x0000000000000114       0x2e ../../../simplelink_extlib/provisioninglib/gcc/lib/Debug/provisioninglib.a(provisioning_logic.o)
 .ARM.attributes
                0x0000000000000142       0x2e ../../../simplelink_extlib/provisioninglib/gcc/lib/Debug/provisioninglib.a(cfg_confirm.o)
 .ARM.attributes
                0x0000000000000170       0x2e ../../../simplelink_extlib/provisioninglib/gcc/lib/Debug/provisioninglib.a(networkListHndl.o)
 .ARM.attributes
                0x000000000000019e       0x2e ../../../simplelink/gcc/lib/nonos/Debug/libsimplelink.a(device.o)
 .ARM.attributes
                0x00000000000001cc       0x2e ../../../simplelink/gcc/lib/nonos/Debug/libsimplelink.a(driver.o)
 .ARM.attributes
                0x00000000000001fa       0x2e ../../../simplelink/gcc/lib/nonos/Debug/libsimplelink.a(netapp.o)
 .ARM.attributes
                0x0000000000000228       0x2e ../../../simplelink/gcc/lib/nonos/Debug/libsimplelink.a(netcfg.o)
 .ARM.attributes
                0x0000000000000256       0x2e ../../../simplelink/gcc/lib/nonos/Debug/libsimplelink.a(nonos.o)
 .ARM.attributes
                0x0000000000000284       0x2e ../../../simplelink/gcc/lib/nonos/Debug/libsimplelink.a(fs.o)
 .ARM.attributes
                0x00000000000002b2       0x2e ../../../simplelink/gcc/lib/nonos/Debug/libsimplelink.a(socket.o)
 .ARM.attributes
                0x00000000000002e0       0x2e ../../../simplelink/gcc/lib/nonos/Debug/libsimplelink.a(wlan.o)
 .ARM.attributes
                0x000000000000030e       0x2e ../../../simplelink/gcc/lib/nonos/Debug/libsimplelink.a(cc_pal.o)
 .ARM.attributes
                0x000000000000033c       0x2e ../../../driverlib/gcc/lib/Debug/libdriver.a(gpio.o)
 .ARM.attributes
                0x000000000000036a       0x2e ../../../driverlib/gcc/lib/Debug/libdriver.a(interrupt.o)
 .ARM.attributes